Reading OpenROAD database at '/home/bala/git_stuff/summer_internship/syn/librelane/runs/full_flow/42-odb-heuristicdiodeinsertion/1-odb-fuzzydiodeplacement/mt_cpu.odb'…
Reading library file at '/home/bala/OpenRAM/ciel/sky130/versions/0fe599b2afb6708d281543108caf8310912f54af/sky130A/libs.ref/sky130_fd_sc_hd/lib/sky130_fd_sc_hd__tt_025C_1v80.lib'…
Reading library file at '/home/bala/git_stuff/summer_internship/syn/RAM128_1RW1R/lib/nom_tt_025C_1v80/RAM128_1RW1R__nom_tt_025C_1v80.lib'…
Reading macro library file at '/home/bala/git_stuff/summer_internship/syn/RAM128_1RW1R/lib/nom_tt_025C_1v80/RAM128_1RW1R__nom_tt_025C_1v80.lib'…
[WARNING STA-1140] /home/bala/git_stuff/summer_internship/syn/RAM128_1RW1R/lib/nom_tt_025C_1v80/RAM128_1RW1R__nom_tt_025C_1v80.lib line 1, library RAM128_1RW1R already exists.
Reading design constraints file at '/home/bala/git_stuff/summer_internship/syn/librelane/cons.sdc'…
[INFO] No information on clock propagation in input SDC file-- propagating all clocks.
Placement Analysis
---------------------------------
total displacement      48154.2 u
average displacement        1.4 u
max displacement           24.3 u
original HPWL          489997.8 u
legalized HPWL         501436.0 u
delta HPWL                    2 %

[INFO DPL-0020] Mirrored 4731 instances
[INFO DPL-0021] HPWL before          501436.0 u
[INFO DPL-0022] HPWL after           492571.5 u
[INFO DPL-0023] HPWL delta               -1.8 %
Setting global connections for newly added cells…
[INFO] Setting global connections...
Updating metrics…
Cell type report:                       Count       Area
  Macro                                     2  516115.00
  Fill cell                              1682    6313.56
  Tap cell                              10489   13123.84
  Antenna cell                          12441   31132.36
  Buffer                                    2      10.01
  Clock buffer                            244    3350.71
  Timing Repair Buffer                    258    2751.39
  Inverter                                116     563.04
  Clock inverter                          127    1797.97
  Sequential cell                        2794   56370.31
  Multi-Input combinational cell         7478   73170.18
  Total                                 35633  704698.36
Writing OpenROAD database to '/home/bala/git_stuff/summer_internship/syn/librelane/runs/full_flow/42-odb-heuristicdiodeinsertion/2-openroad-detailedplacement/mt_cpu.odb'…
Writing netlist to '/home/bala/git_stuff/summer_internship/syn/librelane/runs/full_flow/42-odb-heuristicdiodeinsertion/2-openroad-detailedplacement/mt_cpu.nl.v'…
Writing powered netlist to '/home/bala/git_stuff/summer_internship/syn/librelane/runs/full_flow/42-odb-heuristicdiodeinsertion/2-openroad-detailedplacement/mt_cpu.pnl.v'…
Writing layout to '/home/bala/git_stuff/summer_internship/syn/librelane/runs/full_flow/42-odb-heuristicdiodeinsertion/2-openroad-detailedplacement/mt_cpu.def'…
Writing timing constraints to '/home/bala/git_stuff/summer_internship/syn/librelane/runs/full_flow/42-odb-heuristicdiodeinsertion/2-openroad-detailedplacement/mt_cpu.sdc'…
