
===========================================================================
report_checks -unconstrained
===========================================================================
======================= nom_ff_n40C_1v95 Corner ===================================

Startpoint: _16822_ (rising edge-triggered flip-flop clocked by clk)
Endpoint: _17010_ (rising edge-triggered flip-flop clocked by clk)
Path Group: clk
Path Type: max

Fanout         Cap        Slew       Delay        Time   Description
---------------------------------------------------------------------------------------------
                                  0.000000    0.000000   clock clk (rise edge)
                                  0.000000    0.000000   clock source latency
     4    0.345599    0.000000    0.000000    0.000000 ^ clk (in)
                                                         clk (net)
                      0.220806    0.110403    0.110403 ^ clkbuf_regs_0_clk/A (sky130_fd_sc_hd__clkbuf_16)
     1    0.008381    0.028793    0.113889    0.224292 ^ clkbuf_regs_0_clk/X (sky130_fd_sc_hd__clkbuf_16)
                                                         delaynet_0_clk (net)
                      0.028794    0.000251    0.224543 ^ delaybuf_0_clk/A (sky130_fd_sc_hd__clkbuf_16)
     1    0.008667    0.023622    0.076088    0.300631 ^ delaybuf_0_clk/X (sky130_fd_sc_hd__clkbuf_16)
                                                         delaynet_1_clk (net)
                      0.023623    0.000198    0.300829 ^ delaybuf_1_clk/A (sky130_fd_sc_hd__clkbuf_16)
     1    0.008550    0.023527    0.074500    0.375329 ^ delaybuf_1_clk/X (sky130_fd_sc_hd__clkbuf_16)
                                                         delaynet_2_clk (net)
                      0.023528    0.000266    0.375594 ^ delaybuf_2_clk/A (sky130_fd_sc_hd__clkbuf_16)
     1    0.009831    0.024386    0.075357    0.450951 ^ delaybuf_2_clk/X (sky130_fd_sc_hd__clkbuf_16)
                                                         delaynet_3_clk (net)
                      0.024387    0.000262    0.451213 ^ delaybuf_3_clk/A (sky130_fd_sc_hd__clkbuf_16)
     1    0.009434    0.024125    0.075321    0.526534 ^ delaybuf_3_clk/X (sky130_fd_sc_hd__clkbuf_16)
                                                         delaynet_4_clk (net)
                      0.024125    0.000312    0.526846 ^ delaybuf_4_clk/A (sky130_fd_sc_hd__clkbuf_16)
     3    0.046933    0.049802    0.096599    0.623445 ^ delaybuf_4_clk/X (sky130_fd_sc_hd__clkbuf_16)
                                                         clk_regs (net)
                      0.051607    0.007300    0.630745 ^ clkbuf_0_clk_regs/A (sky130_fd_sc_hd__clkbuf_16)
     9    0.081991    0.075639    0.122984    0.753729 ^ clkbuf_0_clk_regs/X (sky130_fd_sc_hd__clkbuf_16)
                                                         clknet_0_clk_regs (net)
                      0.076663    0.006960    0.760689 ^ clkbuf_2_3_0_clk_regs/A (sky130_fd_sc_hd__clkbuf_8)
     9    0.109968    0.147879    0.177823    0.938512 ^ clkbuf_2_3_0_clk_regs/X (sky130_fd_sc_hd__clkbuf_8)
                                                         clknet_2_3_0_clk_regs (net)
                      0.148432    0.007338    0.945850 ^ clkbuf_4_13_0_clk_regs/A (sky130_fd_sc_hd__clkbuf_8)
    29    0.186863    0.244654    0.260336    1.206185 ^ clkbuf_4_13_0_clk_regs/X (sky130_fd_sc_hd__clkbuf_8)
                                                         clknet_4_13_0_clk_regs (net)
                      0.244708    0.003048    1.209234 ^ clkbuf_leaf_181_clk_regs/A (sky130_fd_sc_hd__clkbuf_8)
    13    0.061503    0.089798    0.168136    1.377370 ^ clkbuf_leaf_181_clk_regs/X (sky130_fd_sc_hd__clkbuf_8)
                                                         clknet_leaf_181_clk_regs (net)
                      0.089841    0.001826    1.379196 ^ _16822_/CLK (sky130_fd_sc_hd__dfxtp_4)
    45    0.226767    0.475186    0.520755    1.899951 ^ _16822_/Q (sky130_fd_sc_hd__dfxtp_4)
                                                         decode_stage.rf.rf1_index1[6] (net)
                      0.475559    0.011279    1.911229 ^ max_cap226/A (sky130_fd_sc_hd__buf_12)
    43    0.262119    0.226223    0.192620    2.103850 ^ max_cap226/X (sky130_fd_sc_hd__buf_12)
                                                         net226 (net)
                      0.242103    0.046491    2.150341 ^ _07505_/A (sky130_fd_sc_hd__clkinv_16)
    51    0.202843    0.131959    0.132890    2.283231 v _07505_/Y (sky130_fd_sc_hd__clkinv_16)
                                                         _04783_ (net)
                      0.133703    0.010587    2.293818 v _09184_/S1 (sky130_fd_sc_hd__mux4_2)
    11    0.041860    0.136181    0.275638    2.569456 v _09184_/X (sky130_fd_sc_hd__mux4_2)
                                                         _05671_ (net)
                      0.136204    0.001680    2.571135 v _09251_/A (sky130_fd_sc_hd__nor2_2)
     3    0.024958    0.205499    0.217847    2.788982 ^ _09251_/Y (sky130_fd_sc_hd__nor2_2)
                                                         _05736_ (net)
                      0.205502    0.000640    2.789622 ^ _09379_/D_N (sky130_fd_sc_hd__or4b_2)
     4    0.017237    0.100425    0.378867    3.168489 v _09379_/X (sky130_fd_sc_hd__or4b_2)
                                                         _05860_ (net)
                      0.100426    0.000736    3.169225 v _09498_/A (sky130_fd_sc_hd__or3_2)
     4    0.016126    0.079676    0.328078    3.497303 v _09498_/X (sky130_fd_sc_hd__or3_2)
                                                         _05975_ (net)
                      0.079677    0.000500    3.497802 v _09615_/A (sky130_fd_sc_hd__or3_4)
     4    0.028705    0.070939    0.282729    3.780532 v _09615_/X (sky130_fd_sc_hd__or3_4)
                                                         _06087_ (net)
                      0.070946    0.000768    3.781299 v _09725_/A (sky130_fd_sc_hd__or3_2)
     4    0.020339    0.086338    0.328793    4.110092 v _09725_/X (sky130_fd_sc_hd__or3_2)
                                                         _06193_ (net)
                      0.086347    0.000871    4.110964 v _09832_/A (sky130_fd_sc_hd__or3_2)
     4    0.017881    0.082327    0.327779    4.438743 v _09832_/X (sky130_fd_sc_hd__or3_2)
                                                         _06296_ (net)
                      0.082351    0.000848    4.439591 v _09933_/A (sky130_fd_sc_hd__or3_2)
     4    0.015428    0.078548    0.321341    4.760932 v _09933_/X (sky130_fd_sc_hd__or3_2)
                                                         _06393_ (net)
                      0.078569    0.000570    4.761502 v _10038_/A (sky130_fd_sc_hd__or3_2)
     4    0.022771    0.090696    0.335926    5.097427 v _10038_/X (sky130_fd_sc_hd__or3_2)
                                                         _06494_ (net)
                      0.090736    0.001747    5.099174 v _10210_/A_N (sky130_fd_sc_hd__and3b_2)
     3    0.031565    0.125554    0.234337    5.333512 ^ _10210_/X (sky130_fd_sc_hd__and3b_2)
                                                         _06659_ (net)
                      0.125565    0.001239    5.334751 ^ _10417_/C (sky130_fd_sc_hd__and4bb_4)
     5    0.045542    0.129009    0.216815    5.551567 ^ _10417_/X (sky130_fd_sc_hd__and4bb_4)
                                                         _06858_ (net)
                      0.129045    0.002068    5.553634 ^ _10599_/A (sky130_fd_sc_hd__and3_2)
     4    0.032901    0.130222    0.197416    5.751050 ^ _10599_/X (sky130_fd_sc_hd__and3_2)
                                                         _07034_ (net)
                      0.130244    0.001723    5.752774 ^ _10690_/C_N (sky130_fd_sc_hd__or3b_4)
     7    0.041137    0.087239    0.289867    6.042641 v _10690_/X (sky130_fd_sc_hd__or3b_4)
                                                         _07120_ (net)
                      0.087263    0.001397    6.044038 v _10760_/A (sky130_fd_sc_hd__xnor2_4)
     8    0.027431    0.071560    0.141065    6.185103 v _10760_/Y (sky130_fd_sc_hd__xnor2_4)
                                                         _07186_ (net)
                      0.071585    0.001022    6.186125 v _13971_/A1 (sky130_fd_sc_hd__a221o_1)
     1    0.004253    0.038715    0.179766    6.365891 v _13971_/X (sky130_fd_sc_hd__a221o_1)
                                                         _01913_ (net)
                      0.038715    0.000147    6.366039 v _17010_/D (sky130_fd_sc_hd__dfxtp_1)
                                              6.366039   data arrival time

                                 24.000000   24.000000   clock clk (rise edge)
                                  0.000000   24.000000   clock source latency
     4    0.345599    0.000000    0.000000   24.000000 ^ clk (in)
                                                         clk (net)
                      0.220806    0.110402   24.110401 ^ clkbuf_regs_0_clk/A (sky130_fd_sc_hd__clkbuf_16)
     1    0.008381    0.028793    0.113889   24.224291 ^ clkbuf_regs_0_clk/X (sky130_fd_sc_hd__clkbuf_16)
                                                         delaynet_0_clk (net)
                      0.028794    0.000250   24.224541 ^ delaybuf_0_clk/A (sky130_fd_sc_hd__clkbuf_16)
     1    0.008667    0.023622    0.076088   24.300631 ^ delaybuf_0_clk/X (sky130_fd_sc_hd__clkbuf_16)
                                                         delaynet_1_clk (net)
                      0.023623    0.000197   24.300827 ^ delaybuf_1_clk/A (sky130_fd_sc_hd__clkbuf_16)
     1    0.008550    0.023527    0.074500   24.375328 ^ delaybuf_1_clk/X (sky130_fd_sc_hd__clkbuf_16)
                                                         delaynet_2_clk (net)
                      0.023528    0.000266   24.375593 ^ delaybuf_2_clk/A (sky130_fd_sc_hd__clkbuf_16)
     1    0.009831    0.024386    0.075357   24.450951 ^ delaybuf_2_clk/X (sky130_fd_sc_hd__clkbuf_16)
                                                         delaynet_3_clk (net)
                      0.024387    0.000261   24.451212 ^ delaybuf_3_clk/A (sky130_fd_sc_hd__clkbuf_16)
     1    0.009434    0.024125    0.075321   24.526533 ^ delaybuf_3_clk/X (sky130_fd_sc_hd__clkbuf_16)
                                                         delaynet_4_clk (net)
                      0.024125    0.000313   24.526846 ^ delaybuf_4_clk/A (sky130_fd_sc_hd__clkbuf_16)
     3    0.046933    0.049802    0.096598   24.623444 ^ delaybuf_4_clk/X (sky130_fd_sc_hd__clkbuf_16)
                                                         clk_regs (net)
                      0.051607    0.007301   24.630745 ^ clkbuf_0_clk_regs/A (sky130_fd_sc_hd__clkbuf_16)
     9    0.081991    0.075639    0.122984   24.753729 ^ clkbuf_0_clk_regs/X (sky130_fd_sc_hd__clkbuf_16)
                                                         clknet_0_clk_regs (net)
                      0.076663    0.006960   24.760689 ^ clkbuf_2_3_0_clk_regs/A (sky130_fd_sc_hd__clkbuf_8)
     9    0.109968    0.147879    0.177822   24.938511 ^ clkbuf_2_3_0_clk_regs/X (sky130_fd_sc_hd__clkbuf_8)
                                                         clknet_2_3_0_clk_regs (net)
                      0.148266    0.006182   24.944693 ^ clkbuf_4_14_0_clk_regs/A (sky130_fd_sc_hd__clkbuf_8)
    21    0.142057    0.188081    0.223240   25.167933 ^ clkbuf_4_14_0_clk_regs/X (sky130_fd_sc_hd__clkbuf_8)
                                                         clknet_4_14_0_clk_regs (net)
                      0.188356    0.005887   25.173819 ^ clkbuf_leaf_160_clk_regs/A (sky130_fd_sc_hd__clkbuf_8)
     9    0.045124    0.069399    0.145594   25.319412 ^ clkbuf_leaf_160_clk_regs/X (sky130_fd_sc_hd__clkbuf_8)
                                                         clknet_leaf_160_clk_regs (net)
                      0.069408    0.000819   25.320232 ^ _17010_/CLK (sky130_fd_sc_hd__dfxtp_1)
                                  0.000000   25.320232   clock reconvergence pessimism
                                 -0.068798   25.251434   library setup time
                                             25.251434   data required time
---------------------------------------------------------------------------------------------
                                             25.251434   data required time
                                             -6.366039   data arrival time
---------------------------------------------------------------------------------------------
                                             18.885395   slack (MET)




===========================================================================
report_checks --slack_max -0.01
============================================================================
======================= nom_ff_n40C_1v95 Corner ===================================

No paths found.


===========================================================================
 report_check_types -max_slew -max_cap -max_fanout -violators
============================================================================
======================= nom_ff_n40C_1v95 Corner ===================================



===========================================================================
report_parasitic_annotation -report_unannotated
============================================================================
Found 274 unannotated drivers.
 clkload0/X
 clkload1/Y
 clkload10/Y
 clkload100/Y
 clkload101/Y
 clkload102/Y
 clkload103/X
 clkload104/Y
 clkload105/X
 clkload106/Y
 clkload107/X
 clkload108/X
 clkload109/X
 clkload11/Y
 clkload110/Y
 clkload111/X
 clkload112/X
 clkload113/X
 clkload114/X
 clkload115/X
 clkload116/X
 clkload117/X
 clkload118/Y
 clkload119/Y
 clkload12/Y
 clkload120/Y
 clkload121/Y
 clkload122/X
 clkload123/Y
 clkload124/Y
 clkload125/Y
 clkload126/Y
 clkload127/Y
 clkload128/Y
 clkload129/X
 clkload13/Y
 clkload130/Y
 clkload131/Y
 clkload132/Y
 clkload133/Y
 clkload134/Y
 clkload135/Y
 clkload136/Y
 clkload137/Y
 clkload138/Y
 clkload139/Y
 clkload14/Y
 clkload140/Y
 clkload141/Y
 clkload142/Y
 clkload143/Y
 clkload144/X
 clkload145/Y
 clkload146/Y
 clkload147/Y
 clkload148/Y
 clkload149/X
 clkload15/Y
 clkload150/Y
 clkload151/Y
 clkload152/Y
 clkload153/Y
 clkload154/Y
 clkload155/Y
 clkload156/Y
 clkload157/Y
 clkload16/Y
 clkload17/Y
 clkload18/Y
 clkload19/X
 clkload2/Y
 clkload20/X
 clkload21/Y
 clkload22/Y
 clkload23/Y
 clkload24/Y
 clkload25/Y
 clkload26/Y
 clkload27/Y
 clkload28/Y
 clkload29/Y
 clkload3/X
 clkload30/Y
 clkload31/X
 clkload32/X
 clkload33/Y
 clkload34/Y
 clkload35/Y
 clkload36/Y
 clkload37/Y
 clkload38/Y
 clkload39/Y
 clkload4/Y
 clkload40/Y
 clkload41/Y
 clkload42/Y
 clkload43/Y
 clkload44/Y
 clkload45/Y
 clkload46/Y
 clkload47/Y
 clkload48/Y
 clkload49/Y
 clkload5/Y
 clkload50/X
 clkload51/Y
 clkload52/Y
 clkload53/X
 clkload54/Y
 clkload55/Y
 clkload56/X
 clkload57/Y
 clkload58/Y
 clkload59/Y
 clkload6/Y
 clkload60/Y
 clkload61/Y
 clkload62/Y
 clkload63/X
 clkload64/X
 clkload65/Y
 clkload66/Y
 clkload67/Y
 clkload68/Y
 clkload69/Y
 clkload7/Y
 clkload70/Y
 clkload71/Y
 clkload72/Y
 clkload73/Y
 clkload74/Y
 clkload75/Y
 clkload76/Y
 clkload77/Y
 clkload78/Y
 clkload79/Y
 clkload8/X
 clkload80/Y
 clkload81/Y
 clkload82/Y
 clkload83/X
 clkload84/X
 clkload85/Y
 clkload86/Y
 clkload87/Y
 clkload88/Y
 clkload89/Y
 clkload9/X
 clkload90/Y
 clkload91/Y
 clkload92/Y
 clkload93/Y
 clkload94/Y
 clkload95/Y
 clkload96/Y
 clkload97/Y
 clkload98/Y
 clkload99/Y
 decode_stage.rf.tgrp_rf1/BLOCK\[0\].RAM32.A1BUF\[0\].__cell__/X
 decode_stage.rf.tgrp_rf1/BLOCK\[0\].RAM32.A1BUF\[1\].__cell__/X
 decode_stage.rf.tgrp_rf1/BLOCK\[0\].RAM32.A1BUF\[2\].__cell__/X
 decode_stage.rf.tgrp_rf1/BLOCK\[0\].RAM32.A1BUF\[3\].__cell__/X
 decode_stage.rf.tgrp_rf1/BLOCK\[0\].RAM32.DEC1.AND0/X
 decode_stage.rf.tgrp_rf1/BLOCK\[0\].RAM32.DEC1.AND1/X
 decode_stage.rf.tgrp_rf1/BLOCK\[0\].RAM32.SLICE_16\[0\].RAM16.TIE0\[0\].__cell__/HI
 decode_stage.rf.tgrp_rf1/BLOCK\[0\].RAM32.SLICE_16\[0\].RAM16.TIE0\[1\].__cell__/HI
 decode_stage.rf.tgrp_rf1/BLOCK\[0\].RAM32.SLICE_16\[0\].RAM16.TIE0\[2\].__cell__/HI
 decode_stage.rf.tgrp_rf1/BLOCK\[0\].RAM32.SLICE_16\[0\].RAM16.TIE0\[3\].__cell__/HI
 decode_stage.rf.tgrp_rf1/BLOCK\[0\].RAM32.SLICE_16\[1\].RAM16.TIE0\[0\].__cell__/HI
 decode_stage.rf.tgrp_rf1/BLOCK\[0\].RAM32.SLICE_16\[1\].RAM16.TIE0\[1\].__cell__/HI
 decode_stage.rf.tgrp_rf1/BLOCK\[0\].RAM32.SLICE_16\[1\].RAM16.TIE0\[2\].__cell__/HI
 decode_stage.rf.tgrp_rf1/BLOCK\[0\].RAM32.SLICE_16\[1\].RAM16.TIE0\[3\].__cell__/HI
 decode_stage.rf.tgrp_rf1/BLOCK\[1\].RAM32.A1BUF\[0\].__cell__/X
 decode_stage.rf.tgrp_rf1/BLOCK\[1\].RAM32.A1BUF\[1\].__cell__/X
 decode_stage.rf.tgrp_rf1/BLOCK\[1\].RAM32.A1BUF\[2\].__cell__/X
 decode_stage.rf.tgrp_rf1/BLOCK\[1\].RAM32.A1BUF\[3\].__cell__/X
 decode_stage.rf.tgrp_rf1/BLOCK\[1\].RAM32.DEC1.AND0/X
 decode_stage.rf.tgrp_rf1/BLOCK\[1\].RAM32.DEC1.AND1/X
 decode_stage.rf.tgrp_rf1/BLOCK\[1\].RAM32.SLICE_16\[0\].RAM16.TIE0\[0\].__cell__/HI
 decode_stage.rf.tgrp_rf1/BLOCK\[1\].RAM32.SLICE_16\[0\].RAM16.TIE0\[1\].__cell__/HI
 decode_stage.rf.tgrp_rf1/BLOCK\[1\].RAM32.SLICE_16\[0\].RAM16.TIE0\[2\].__cell__/HI
 decode_stage.rf.tgrp_rf1/BLOCK\[1\].RAM32.SLICE_16\[0\].RAM16.TIE0\[3\].__cell__/HI
 decode_stage.rf.tgrp_rf1/BLOCK\[1\].RAM32.SLICE_16\[1\].RAM16.TIE0\[0\].__cell__/HI
 decode_stage.rf.tgrp_rf1/BLOCK\[1\].RAM32.SLICE_16\[1\].RAM16.TIE0\[1\].__cell__/HI
 decode_stage.rf.tgrp_rf1/BLOCK\[1\].RAM32.SLICE_16\[1\].RAM16.TIE0\[2\].__cell__/HI
 decode_stage.rf.tgrp_rf1/BLOCK\[1\].RAM32.SLICE_16\[1\].RAM16.TIE0\[3\].__cell__/HI
 decode_stage.rf.tgrp_rf1/BLOCK\[2\].RAM32.A1BUF\[0\].__cell__/X
 decode_stage.rf.tgrp_rf1/BLOCK\[2\].RAM32.A1BUF\[1\].__cell__/X
 decode_stage.rf.tgrp_rf1/BLOCK\[2\].RAM32.A1BUF\[2\].__cell__/X
 decode_stage.rf.tgrp_rf1/BLOCK\[2\].RAM32.A1BUF\[3\].__cell__/X
 decode_stage.rf.tgrp_rf1/BLOCK\[2\].RAM32.DEC1.AND0/X
 decode_stage.rf.tgrp_rf1/BLOCK\[2\].RAM32.DEC1.AND1/X
 decode_stage.rf.tgrp_rf1/BLOCK\[2\].RAM32.SLICE_16\[0\].RAM16.TIE0\[0\].__cell__/HI
 decode_stage.rf.tgrp_rf1/BLOCK\[2\].RAM32.SLICE_16\[0\].RAM16.TIE0\[1\].__cell__/HI
 decode_stage.rf.tgrp_rf1/BLOCK\[2\].RAM32.SLICE_16\[0\].RAM16.TIE0\[2\].__cell__/HI
 decode_stage.rf.tgrp_rf1/BLOCK\[2\].RAM32.SLICE_16\[0\].RAM16.TIE0\[3\].__cell__/HI
 decode_stage.rf.tgrp_rf1/BLOCK\[2\].RAM32.SLICE_16\[1\].RAM16.TIE0\[0\].__cell__/HI
 decode_stage.rf.tgrp_rf1/BLOCK\[2\].RAM32.SLICE_16\[1\].RAM16.TIE0\[1\].__cell__/HI
 decode_stage.rf.tgrp_rf1/BLOCK\[2\].RAM32.SLICE_16\[1\].RAM16.TIE0\[2\].__cell__/HI
 decode_stage.rf.tgrp_rf1/BLOCK\[2\].RAM32.SLICE_16\[1\].RAM16.TIE0\[3\].__cell__/HI
 decode_stage.rf.tgrp_rf1/BLOCK\[3\].RAM32.A1BUF\[0\].__cell__/X
 decode_stage.rf.tgrp_rf1/BLOCK\[3\].RAM32.A1BUF\[1\].__cell__/X
 decode_stage.rf.tgrp_rf1/BLOCK\[3\].RAM32.A1BUF\[2\].__cell__/X
 decode_stage.rf.tgrp_rf1/BLOCK\[3\].RAM32.A1BUF\[3\].__cell__/X
 decode_stage.rf.tgrp_rf1/BLOCK\[3\].RAM32.DEC1.AND0/X
 decode_stage.rf.tgrp_rf1/BLOCK\[3\].RAM32.DEC1.AND1/X
 decode_stage.rf.tgrp_rf1/BLOCK\[3\].RAM32.SLICE_16\[0\].RAM16.TIE0\[0\].__cell__/HI
 decode_stage.rf.tgrp_rf1/BLOCK\[3\].RAM32.SLICE_16\[0\].RAM16.TIE0\[1\].__cell__/HI
 decode_stage.rf.tgrp_rf1/BLOCK\[3\].RAM32.SLICE_16\[0\].RAM16.TIE0\[2\].__cell__/HI
 decode_stage.rf.tgrp_rf1/BLOCK\[3\].RAM32.SLICE_16\[0\].RAM16.TIE0\[3\].__cell__/HI
 decode_stage.rf.tgrp_rf1/BLOCK\[3\].RAM32.SLICE_16\[1\].RAM16.TIE0\[0\].__cell__/HI
 decode_stage.rf.tgrp_rf1/BLOCK\[3\].RAM32.SLICE_16\[1\].RAM16.TIE0\[1\].__cell__/HI
 decode_stage.rf.tgrp_rf1/BLOCK\[3\].RAM32.SLICE_16\[1\].RAM16.TIE0\[2\].__cell__/HI
 decode_stage.rf.tgrp_rf1/BLOCK\[3\].RAM32.SLICE_16\[1\].RAM16.TIE0\[3\].__cell__/HI
 decode_stage.rf.tgrp_rf1/TIE_ZERO_zero_/HI
 decode_stage.rf.tgrp_rf1_259/LO
 decode_stage.rf.tgrp_rf2/BLOCK\[0\].RAM32.A1BUF\[0\].__cell__/X
 decode_stage.rf.tgrp_rf2/BLOCK\[0\].RAM32.A1BUF\[1\].__cell__/X
 decode_stage.rf.tgrp_rf2/BLOCK\[0\].RAM32.A1BUF\[2\].__cell__/X
 decode_stage.rf.tgrp_rf2/BLOCK\[0\].RAM32.A1BUF\[3\].__cell__/X
 decode_stage.rf.tgrp_rf2/BLOCK\[0\].RAM32.DEC1.AND0/X
 decode_stage.rf.tgrp_rf2/BLOCK\[0\].RAM32.DEC1.AND1/X
 decode_stage.rf.tgrp_rf2/BLOCK\[0\].RAM32.SLICE_16\[0\].RAM16.TIE0\[0\].__cell__/HI
 decode_stage.rf.tgrp_rf2/BLOCK\[0\].RAM32.SLICE_16\[0\].RAM16.TIE0\[1\].__cell__/HI
 decode_stage.rf.tgrp_rf2/BLOCK\[0\].RAM32.SLICE_16\[0\].RAM16.TIE0\[2\].__cell__/HI
 decode_stage.rf.tgrp_rf2/BLOCK\[0\].RAM32.SLICE_16\[0\].RAM16.TIE0\[3\].__cell__/HI
 decode_stage.rf.tgrp_rf2/BLOCK\[0\].RAM32.SLICE_16\[1\].RAM16.TIE0\[0\].__cell__/HI
 decode_stage.rf.tgrp_rf2/BLOCK\[0\].RAM32.SLICE_16\[1\].RAM16.TIE0\[1\].__cell__/HI
 decode_stage.rf.tgrp_rf2/BLOCK\[0\].RAM32.SLICE_16\[1\].RAM16.TIE0\[2\].__cell__/HI
 decode_stage.rf.tgrp_rf2/BLOCK\[0\].RAM32.SLICE_16\[1\].RAM16.TIE0\[3\].__cell__/HI
 decode_stage.rf.tgrp_rf2/BLOCK\[1\].RAM32.A1BUF\[0\].__cell__/X
 decode_stage.rf.tgrp_rf2/BLOCK\[1\].RAM32.A1BUF\[1\].__cell__/X
 decode_stage.rf.tgrp_rf2/BLOCK\[1\].RAM32.A1BUF\[2\].__cell__/X
 decode_stage.rf.tgrp_rf2/BLOCK\[1\].RAM32.A1BUF\[3\].__cell__/X
 decode_stage.rf.tgrp_rf2/BLOCK\[1\].RAM32.DEC1.AND0/X
 decode_stage.rf.tgrp_rf2/BLOCK\[1\].RAM32.DEC1.AND1/X
 decode_stage.rf.tgrp_rf2/BLOCK\[1\].RAM32.SLICE_16\[0\].RAM16.TIE0\[0\].__cell__/HI
 decode_stage.rf.tgrp_rf2/BLOCK\[1\].RAM32.SLICE_16\[0\].RAM16.TIE0\[1\].__cell__/HI
 decode_stage.rf.tgrp_rf2/BLOCK\[1\].RAM32.SLICE_16\[0\].RAM16.TIE0\[2\].__cell__/HI
 decode_stage.rf.tgrp_rf2/BLOCK\[1\].RAM32.SLICE_16\[0\].RAM16.TIE0\[3\].__cell__/HI
 decode_stage.rf.tgrp_rf2/BLOCK\[1\].RAM32.SLICE_16\[1\].RAM16.TIE0\[0\].__cell__/HI
 decode_stage.rf.tgrp_rf2/BLOCK\[1\].RAM32.SLICE_16\[1\].RAM16.TIE0\[1\].__cell__/HI
 decode_stage.rf.tgrp_rf2/BLOCK\[1\].RAM32.SLICE_16\[1\].RAM16.TIE0\[2\].__cell__/HI
 decode_stage.rf.tgrp_rf2/BLOCK\[1\].RAM32.SLICE_16\[1\].RAM16.TIE0\[3\].__cell__/HI
 decode_stage.rf.tgrp_rf2/BLOCK\[2\].RAM32.A1BUF\[0\].__cell__/X
 decode_stage.rf.tgrp_rf2/BLOCK\[2\].RAM32.A1BUF\[1\].__cell__/X
 decode_stage.rf.tgrp_rf2/BLOCK\[2\].RAM32.A1BUF\[2\].__cell__/X
 decode_stage.rf.tgrp_rf2/BLOCK\[2\].RAM32.A1BUF\[3\].__cell__/X
 decode_stage.rf.tgrp_rf2/BLOCK\[2\].RAM32.DEC1.AND0/X
 decode_stage.rf.tgrp_rf2/BLOCK\[2\].RAM32.DEC1.AND1/X
 decode_stage.rf.tgrp_rf2/BLOCK\[2\].RAM32.SLICE_16\[0\].RAM16.TIE0\[0\].__cell__/HI
 decode_stage.rf.tgrp_rf2/BLOCK\[2\].RAM32.SLICE_16\[0\].RAM16.TIE0\[1\].__cell__/HI
 decode_stage.rf.tgrp_rf2/BLOCK\[2\].RAM32.SLICE_16\[0\].RAM16.TIE0\[2\].__cell__/HI
 decode_stage.rf.tgrp_rf2/BLOCK\[2\].RAM32.SLICE_16\[0\].RAM16.TIE0\[3\].__cell__/HI
 decode_stage.rf.tgrp_rf2/BLOCK\[2\].RAM32.SLICE_16\[1\].RAM16.TIE0\[0\].__cell__/HI
 decode_stage.rf.tgrp_rf2/BLOCK\[2\].RAM32.SLICE_16\[1\].RAM16.TIE0\[1\].__cell__/HI
 decode_stage.rf.tgrp_rf2/BLOCK\[2\].RAM32.SLICE_16\[1\].RAM16.TIE0\[2\].__cell__/HI
 decode_stage.rf.tgrp_rf2/BLOCK\[2\].RAM32.SLICE_16\[1\].RAM16.TIE0\[3\].__cell__/HI
 decode_stage.rf.tgrp_rf2/BLOCK\[3\].RAM32.A1BUF\[0\].__cell__/X
 decode_stage.rf.tgrp_rf2/BLOCK\[3\].RAM32.A1BUF\[1\].__cell__/X
 decode_stage.rf.tgrp_rf2/BLOCK\[3\].RAM32.A1BUF\[2\].__cell__/X
 decode_stage.rf.tgrp_rf2/BLOCK\[3\].RAM32.A1BUF\[3\].__cell__/X
 decode_stage.rf.tgrp_rf2/BLOCK\[3\].RAM32.DEC1.AND0/X
 decode_stage.rf.tgrp_rf2/BLOCK\[3\].RAM32.DEC1.AND1/X
 decode_stage.rf.tgrp_rf2/BLOCK\[3\].RAM32.SLICE_16\[0\].RAM16.TIE0\[0\].__cell__/HI
 decode_stage.rf.tgrp_rf2/BLOCK\[3\].RAM32.SLICE_16\[0\].RAM16.TIE0\[1\].__cell__/HI
 decode_stage.rf.tgrp_rf2/BLOCK\[3\].RAM32.SLICE_16\[0\].RAM16.TIE0\[2\].__cell__/HI
 decode_stage.rf.tgrp_rf2/BLOCK\[3\].RAM32.SLICE_16\[0\].RAM16.TIE0\[3\].__cell__/HI
 decode_stage.rf.tgrp_rf2/BLOCK\[3\].RAM32.SLICE_16\[1\].RAM16.TIE0\[0\].__cell__/HI
 decode_stage.rf.tgrp_rf2/BLOCK\[3\].RAM32.SLICE_16\[1\].RAM16.TIE0\[1\].__cell__/HI
 decode_stage.rf.tgrp_rf2/BLOCK\[3\].RAM32.SLICE_16\[1\].RAM16.TIE0\[2\].__cell__/HI
 decode_stage.rf.tgrp_rf2/BLOCK\[3\].RAM32.SLICE_16\[1\].RAM16.TIE0\[3\].__cell__/HI
 decode_stage.rf.tgrp_rf2/TIE_ZERO_zero_/HI
 decode_stage.rf.tgrp_rf2_260/LO
Found 0 partially unannotated drivers.

===========================================================================
max slew violation count 0
max fanout violation count 0
max cap violation count 0
============================================================================

===========================================================================
check_setup -verbose -unconstrained_endpoints -multiple_clock -no_clock -no_input_delay -loops -generated_clocks
===========================================================================
Warning: There are 2 input ports missing set_input_delay.
  rst
  swap_tgrp
Warning: There are 65 unconstrained endpoints.
  pcw[0]
  pcw[10]
  pcw[11]
  pcw[12]
  pcw[13]
  pcw[14]
  pcw[15]
  pcw[16]
  pcw[17]
  pcw[18]
  pcw[19]
  pcw[1]
  pcw[20]
  pcw[21]
  pcw[22]
  pcw[23]
  pcw[24]
  pcw[25]
  pcw[26]
  pcw[27]
  pcw[28]
  pcw[29]
  pcw[2]
  pcw[30]
  pcw[31]
  pcw[3]
  pcw[4]
  pcw[5]
  pcw[6]
  pcw[7]
  pcw[8]
  pcw[9]
  result[0]
  result[10]
  result[11]
  result[12]
  result[13]
  result[14]
  result[15]
  result[16]
  result[17]
  result[18]
  result[19]
  result[1]
  result[20]
  result[21]
  result[22]
  result[23]
  result[24]
  result[25]
  result[26]
  result[27]
  result[28]
  result[29]
  result[2]
  result[30]
  result[31]
  result[3]
  result[4]
  result[5]
  result[6]
  result[7]
  result[8]
  result[9]
  _16770_/D
