
===========================================================================
 report_power
============================================================================
======================= max_tt_025C_1v80 Corner ===================================

Group                    Internal    Switching      Leakage        Total
                            Power        Power        Power        Power (Watts)
------------------------------------------------------------------------
Sequential           5.691673e-03 6.173470e-05 9.407577e-08 5.753501e-03  40.1%
Combinational        5.643284e-04 1.492648e-03 7.311808e-08 2.057049e-03  14.3%
Clock                1.878296e-03 4.669803e-03 4.755095e-08 6.548146e-03  45.6%
Macro                0.000000e+00 0.000000e+00 0.000000e+00 0.000000e+00   0.0%
Pad                  0.000000e+00 0.000000e+00 0.000000e+00 0.000000e+00   0.0%
------------------------------------------------------------------------
Total                8.134630e-03 6.224216e-03 2.147612e-07 1.435906e-02 100.0%
                            56.7%        43.3%         0.0%

