┏━━━━━━━┳━━━━━━━━━┳━━━━━━━━━━┳━━━━━━━━━━━━━━━━━━━━━━━━━━━━━━━━┳━━━━━━━━━━━━━━━━━━━━━━━━━━━━━━━━┳━━━━━━━┓
┃ P / R ┃ Partial ┃ Required ┃ Net                            ┃ Pin                            ┃ Layer ┃
┡━━━━━━━╇━━━━━━━━━╇━━━━━━━━━━╇━━━━━━━━━━━━━━━━━━━━━━━━━━━━━━━━╇━━━━━━━━━━━━━━━━━━━━━━━━━━━━━━━━╇━━━━━━━┩
│ 10.32 │ 4127.05 │ 400.00   │ _01395_                        │ _16492_/D                      │ met3  │
│ 9.78  │ 3911.59 │ 400.00   │ decode_stage.rf.rf1_index2[2\] │ decode_stage.rf.tgrp_rf1/A1[2] │ met3  │
│ 9.66  │ 3862.08 │ 400.00   │ decode_stage.rf.rf1_index2[3\] │ decode_stage.rf.tgrp_rf1/A1[3] │ met3  │
│ 9.16  │ 3662.27 │ 400.00   │ decode_stage.rf.rf1_index2[4\] │ decode_stage.rf.tgrp_rf1/A1[4] │ met3  │
│ 9.11  │ 3645.45 │ 400.00   │ decode_stage.rf.rf1_index2[1\] │ decode_stage.rf.tgrp_rf1/A1[1] │ met3  │
│ 5.72  │ 2287.05 │ 400.00   │ _01510_                        │ _16607_/D                      │ met3  │
│ 5.71  │ 2284.81 │ 400.00   │ _01348_                        │ _16445_/D                      │ met1  │
│ 5.50  │ 2200.36 │ 400.00   │ _01352_                        │ _16449_/D                      │ met1  │
│ 5.31  │ 2124.47 │ 400.00   │ _01354_                        │ _16451_/D                      │ met1  │
│ 5.31  │ 2123.81 │ 400.00   │ de.rd1_e[19\]                  │ _08606_/A                      │ met1  │
│ 5.23  │ 2093.14 │ 400.00   │ _01349_                        │ _16446_/D                      │ met1  │
│ 5.06  │ 2024.19 │ 400.00   │ _01511_                        │ _16608_/D                      │ met3  │
│ 5.02  │ 2006.72 │ 400.00   │ decode_stage.rf.rf2rd1[20\]    │ _11724_/B                      │ met1  │
│ 4.86  │ 1944.86 │ 400.00   │ _01394_                        │ _16491_/D                      │ met1  │
│ 4.33  │ 1731.14 │ 400.00   │ _01361_                        │ _16458_/D                      │ met1  │
│ 3.97  │ 1586.10 │ 400.00   │ net250                         │ _11865_/A                      │ met3  │
│ 3.67  │ 1466.50 │ 400.00   │ net35                          │ output35/A                     │ met3  │
│ 3.53  │ 1410.32 │ 400.00   │ net33                          │ output33/A                     │ met3  │
│ 3.48  │ 1393.83 │ 400.00   │ net239                         │ _07593_/A                      │ met1  │
│ 3.39  │ 1357.46 │ 400.00   │ decode_stage.rf.rf2rd1[15\]    │ _11714_/B                      │ met1  │
│ 3.19  │ 1276.58 │ 400.00   │ mw.pc_plus4_w[27\]             │ _07738_/A                      │ met1  │
│ 3.10  │ 1241.04 │ 400.00   │ decode_stage.rf.rf1rd1[0\]     │ _11685_/A2                     │ met1  │
│ 3.09  │ 1235.61 │ 400.00   │ decode_stage.rf.rf1rd1[25\]    │ _11735_/A2                     │ met1  │
│ 2.95  │ 1180.61 │ 400.00   │ de.rd1_e[4\]                   │ _08616_/B1                     │ met1  │
│ 2.93  │ 1173.94 │ 400.00   │ decode_stage.rf.rf1rd1[27\]    │ _11739_/A2                     │ met1  │
│ 2.87  │ 1146.72 │ 400.00   │ net52                          │ output52/A                     │ met1  │
│ 2.86  │ 1144.07 │ 400.00   │ decode_stage.rf.rf2rd1[4\]     │ _11692_/B                      │ met1  │
│ 2.83  │ 1131.72 │ 400.00   │ de.rd2_e[31\]                  │ _08642_/B                      │ met3  │
│ 2.83  │ 1131.72 │ 400.00   │ de.rd2_e[31\]                  │ _08643_/A_N                    │ met3  │
│ 2.83  │ 1131.72 │ 400.00   │ de.rd2_e[31\]                  │ _11886_/A                      │ met3  │
│ 2.83  │ 1131.12 │ 400.00   │ de.rd1_e[5\]                   │ _08616_/A1                     │ met1  │
│ 2.80  │ 1120.00 │ 400.00   │ net56                          │ output56/A                     │ met1  │
│ 2.76  │ 1103.98 │ 400.00   │ decode_stage.rf.rf1rd1[19\]    │ _11723_/A2                     │ met1  │
│ 2.75  │ 1100.62 │ 400.00   │ net48                          │ output48/A                     │ met1  │
│ 2.71  │ 1082.10 │ 400.00   │ decode_stage.rf.rf1rd1[14\]    │ _11713_/A2                     │ met1  │
│ 2.67  │ 1069.49 │ 400.00   │ net54                          │ output54/A                     │ met1  │
│ 2.65  │ 1061.04 │ 400.00   │ decode_stage.rf.rf1rd1[30\]    │ _11745_/A2                     │ met1  │
│ 2.63  │ 1051.89 │ 400.00   │ net4                           │ output4/A                      │ met1  │
│ 2.62  │ 1048.24 │ 400.00   │ decode_stage.rf.rf2rd1[6\]     │ _11696_/B                      │ met1  │
│ 2.60  │ 1040.85 │ 400.00   │ _07474_                        │ _11643_/C1                     │ met1  │
│ 2.58  │ 1030.50 │ 400.00   │ _06018_                        │ _11890_/B                      │ met3  │
│ 2.56  │ 1025.46 │ 400.00   │ net53                          │ output53/A                     │ met1  │
│ 2.55  │ 1018.17 │ 400.00   │ decode_stage.rf.rf2rd1[7\]     │ _11698_/B                      │ met1  │
│ 2.52  │ 7456.38 │ 2964.40  │ _01395_                        │ _16492_/D                      │ met4  │
│ 2.44  │ 976.08  │ 400.00   │ mw.pc_plus4_w[28\]             │ _07738_/B                      │ met1  │
│ 2.42  │ 966.16  │ 400.00   │ decode_stage.rf.rf1rd2[28\]    │ _11675_/A2                     │ met1  │
│ 2.37  │ 948.59  │ 400.00   │ decode_stage.rf.rf1rd1[8\]     │ _11701_/A2                     │ met1  │
│ 2.36  │ 945.40  │ 400.00   │ decode_stage.rf.rf1rd2[27\]    │ _11673_/A2                     │ met1  │
│ 2.36  │ 944.56  │ 400.00   │ decode_stage.rf.rf1rd2[25\]    │ _11669_/A2                     │ met1  │
│ 2.36  │ 942.08  │ 400.00   │ de.rd1_e[24\]                  │ _08605_/A1                     │ met1  │
│ 2.35  │ 941.56  │ 400.00   │ decode_stage.rf.rf1rd2[16\]    │ _11651_/A2                     │ met1  │
│ 2.34  │ 934.32  │ 400.00   │ de.rd1_e[26\]                  │ _08602_/A1                     │ met1  │
│ 2.32  │ 927.44  │ 400.00   │ decode_stage.rf.rf1rd1[31\]    │ _11747_/A2                     │ met1  │
│ 2.30  │ 920.31  │ 400.00   │ _07479_                        │ _11653_/C1                     │ met1  │
│ 2.27  │ 909.74  │ 400.00   │ _06560_                        │ _10119_/A0                     │ met3  │
│ 2.26  │ 905.01  │ 400.00   │ decode_stage.rf.rf1rd2[23\]    │ _11665_/A2                     │ met1  │
│ 2.26  │ 902.11  │ 400.00   │ _05144_                        │ _08669_/B                      │ met1  │
│ 2.25  │ 901.47  │ 400.00   │ _07472_                        │ _11639_/C1                     │ met1  │
│ 2.21  │ 885.14  │ 400.00   │ _06514_                        │ _11900_/B                      │ met3  │
│ 2.17  │ 866.88  │ 400.00   │ decode_stage.rf.rf1rd1[26\]    │ _11737_/A2                     │ met1  │
│ 2.16  │ 862.56  │ 400.00   │ de.rd1_e[3\]                   │ _08625_/A1                     │ met1  │
│ 2.16  │ 862.56  │ 400.00   │ de.rd1_e[3\]                   │ _08626_/A                      │ met1  │
│ 2.14  │ 855.14  │ 400.00   │ de.rd1_e[1\]                   │ _08622_/A_N                    │ met1  │
│ 2.14  │ 855.14  │ 400.00   │ de.rd1_e[1\]                   │ _08624_/B                      │ met1  │
│ 2.12  │ 848.36  │ 400.00   │ decode_stage.rf.rf1rd1[5\]     │ _11695_/A2                     │ met1  │
│ 2.12  │ 847.86  │ 400.00   │ net62                          │ _07628_/A1                     │ met3  │
│ 2.12  │ 847.86  │ 400.00   │ net62                          │ output62/A                     │ met3  │
│ 2.11  │ 845.83  │ 400.00   │ de.rd1_e[25\]                  │ _07529_/A                      │ met3  │
│ 2.11  │ 845.83  │ 400.00   │ de.rd1_e[25\]                  │ _08899_/A0                     │ met3  │
│ 2.11  │ 844.47  │ 400.00   │ decode_stage.rf.rf1rd2[30\]    │ _11679_/A2                     │ met1  │
│ 2.11  │ 842.14  │ 400.00   │ mw.pc_plus4_w[12\]             │ _07702_/A                      │ met3  │
│ 2.11  │ 842.14  │ 400.00   │ mw.pc_plus4_w[12\]             │ _07703_/A                      │ met3  │
│ 2.11  │ 842.14  │ 400.00   │ mw.pc_plus4_w[12\]             │ _07706_/A                      │ met3  │
│ 2.10  │ 838.24  │ 400.00   │ decode_stage.rf.rf2rd1[1\]     │ _11686_/B                      │ met1  │
│ 2.08  │ 832.41  │ 400.00   │ _07484_                        │ _11663_/C1                     │ met1  │
│ 2.07  │ 828.90  │ 400.00   │ decode_stage.rf.rf1rd1[7\]     │ _11699_/A2                     │ met1  │
│ 2.07  │ 827.47  │ 400.00   │ decode_stage.rf.rf1rd1[3\]     │ _11691_/A2                     │ met1  │
│ 2.03  │ 812.09  │ 400.00   │ _06619_                        │ _11902_/B                      │ met3  │
│ 1.99  │ 794.25  │ 400.00   │ decode_stage.rf.rf1rd1[1\]     │ _11687_/A2                     │ met1  │
│ 1.98  │ 793.04  │ 400.00   │ decode_stage.rf.rf1rd2[26\]    │ _11671_/A2                     │ met1  │
│ 1.97  │ 789.24  │ 400.00   │ decode_stage.rf.rf2rd1[5\]     │ _11694_/B                      │ met1  │
│ 1.96  │ 785.71  │ 400.00   │ decode_stage.rf.rf1rd1[4\]     │ _11693_/A2                     │ met1  │
│ 1.93  │ 771.24  │ 400.00   │ decode_stage.rf.rf1rd2[29\]    │ _11677_/A2                     │ met1  │
│ 1.92  │ 767.60  │ 400.00   │ decode_stage.rf.rf1rd1[29\]    │ _11743_/A2                     │ met1  │
│ 1.89  │ 755.56  │ 400.00   │ de.rd1_e[18\]                  │ _08613_/B1                     │ met1  │
│ 1.89  │ 755.56  │ 400.00   │ de.rd1_e[18\]                  │ _08880_/A0                     │ met1  │
│ 1.89  │ 755.02  │ 400.00   │ decode_stage.rf.rf1rd1[18\]    │ _11721_/A2                     │ met1  │
│ 1.87  │ 746.41  │ 400.00   │ decode_stage.rf.rf1rd1[24\]    │ _11733_/A2                     │ met1  │
│ 1.85  │ 740.39  │ 400.00   │ net249                         │ _08611_/A_N                    │ met1  │
│ 1.83  │ 730.98  │ 400.00   │ decode_stage.rf.rf1rd1[9\]     │ _11703_/A2                     │ met1  │
│ 1.78  │ 713.18  │ 400.00   │ decode_stage.rf.rf1rd1[6\]     │ _11697_/A2                     │ met1  │
│ 1.77  │ 709.90  │ 400.00   │ _01513_                        │ _16610_/D                      │ met3  │
│ 1.74  │ 695.11  │ 400.00   │ decode_stage.rf.tid_write[1\]  │ _09642_/B                      │ met1  │
│ 1.72  │ 689.64  │ 400.00   │ net258                         │ _12244_/A_N                    │ met1  │
│ 1.72  │ 689.64  │ 400.00   │ net258                         │ _12247_/A_N                    │ met1  │
│ 1.69  │ 675.15  │ 400.00   │ decode_stage.rf.rf1rd2[9\]     │ _11637_/A2                     │ met1  │
│ 1.69  │ 674.02  │ 400.00   │ _07466_                        │ _11627_/C1                     │ met1  │
│ 1.68  │ 672.57  │ 400.00   │ decode_stage.rf.rf2rd2[3\]     │ _11624_/B                      │ met1  │
│ 1.65  │ 661.74  │ 400.00   │ net45                          │ output45/A                     │ met1  │
│ 1.64  │ 656.32  │ 400.00   │ decode_stage.rf.rf1rd2[3\]     │ _11625_/A2                     │ met1  │
│ 1.56  │ 622.29  │ 400.00   │ _04341_                        │ _13619_/D                      │ met3  │
│ 1.50  │ 600.22  │ 400.00   │ _04542_                        │ _14027_/A2_N                   │ met3  │
│ 1.50  │ 600.22  │ 400.00   │ _04542_                        │ _14036_/B                      │ met3  │
│ 1.50  │ 598.65  │ 400.00   │ clk                            │ clkbuf_regs_0_clk/A            │ met4  │
│ 1.50  │ 598.65  │ 400.00   │ clk                            │ clkbuf_0_clk/A                 │ met4  │
│ 1.49  │ 595.51  │ 400.00   │ decode_stage.rf.rf1rd1[28\]    │ _11741_/A2                     │ met1  │
│ 1.49  │ 595.28  │ 400.00   │ de.rd1_e[6\]                   │ _08619_/A1                     │ met1  │
│ 1.49  │ 595.28  │ 400.00   │ de.rd1_e[6\]                   │ _08620_/B1                     │ met1  │
│ 1.46  │ 585.01  │ 400.00   │ net41                          │ output41/A                     │ met1  │
│ 1.45  │ 579.02  │ 400.00   │ net3                           │ output3/A                      │ met1  │
│ 1.44  │ 576.50  │ 400.00   │ _07480_                        │ _11655_/C1                     │ met1  │
│ 1.38  │ 551.32  │ 400.00   │ decode_stage.rf.rf1rd2[4\]     │ _11627_/A2                     │ met1  │
│ 1.35  │ 541.06  │ 400.00   │ de.rd2_e[22\]                  │ _07532_/A                      │ met1  │
│ 1.35  │ 539.83  │ 400.00   │ _04791_                        │ _11859_/A                      │ met3  │
│ 1.35  │ 538.77  │ 400.00   │ _07491_                        │ _11677_/C1                     │ met1  │
│ 1.34  │ 536.21  │ 400.00   │ _07495_                        │ wire80/A                       │ met2  │
│ 1.34  │ 535.24  │ 400.00   │ _07346_                        │ _11080_/B                      │ met3  │
│ 1.34  │ 534.67  │ 400.00   │ _03429_                        │ _12684_/A_N                    │ met3  │
│ 1.33  │ 533.50  │ 400.00   │ mw.pc_plus4_w[23\]             │ _07663_/B2                     │ met1  │
│ 1.33  │ 533.07  │ 400.00   │ decode_stage.rf.rf2_index2[6\] │ decode_stage.rf.tgrp_rf2/A1[6] │ met4  │
│ 1.33  │ 531.98  │ 400.00   │ _07469_                        │ _11633_/C1                     │ met1  │
│ 1.32  │ 527.76  │ 400.00   │ net39                          │ output39/A                     │ met1  │
│ 1.29  │ 514.76  │ 400.00   │ net31                          │ output31/A                     │ met1  │
│ 1.28  │ 513.94  │ 400.00   │ _04978_                        │ _13712_/A1                     │ met1  │
│ 1.28  │ 512.30  │ 400.00   │ _07471_                        │ _11637_/C1                     │ met1  │
│ 1.27  │ 509.56  │ 400.00   │ _04982_                        │ _14895_/A1                     │ met1  │
│ 1.24  │ 494.26  │ 400.00   │ _07462_                        │ _11619_/C1                     │ met1  │
│ 1.19  │ 474.87  │ 400.00   │ decode_stage.rf.rf1rd1[15\]    │ _11715_/A2                     │ met1  │
│ 1.18  │ 471.22  │ 400.00   │ _04979_                        │ _13713_/A1                     │ met1  │
│ 1.18  │ 470.75  │ 400.00   │ clknet_4_3_0_clk_regs          │ clkbuf_leaf_43_clk_regs/A      │ met1  │
│ 1.17  │ 467.36  │ 400.00   │ _01326_                        │ _16423_/D                      │ met2  │
│ 1.16  │ 3233.61 │ 2778.20  │ decode_stage.rd_w[4\]          │ _07588_/A0                     │ met3  │
│ 1.16  │ 464.96  │ 400.00   │ net43                          │ output43/A                     │ met1  │
│ 1.15  │ 461.49  │ 400.00   │ _06560_                        │ _10119_/A0                     │ met2  │
│ 1.15  │ 460.39  │ 400.00   │ net50                          │ _07664_/A1                     │ met1  │
│ 1.14  │ 457.91  │ 400.00   │ decode_stage.rf.rf1rd2[22\]    │ _11663_/A2                     │ met1  │
│ 1.14  │ 3383.67 │ 2964.40  │ _01354_                        │ _16451_/D                      │ met2  │
│ 1.14  │ 455.69  │ 400.00   │ decode_stage.imex.instr[18\]   │ _11682_/C                      │ met1  │
│ 1.14  │ 454.85  │ 400.00   │ clk                            │ clkbuf_0_clk/A                 │ met3  │
│ 1.13  │ 452.49  │ 400.00   │ de.rd2_e[19\]                  │ _07535_/A                      │ met1  │
│ 1.13  │ 452.49  │ 400.00   │ de.rd2_e[19\]                  │ _08875_/A0                     │ met1  │
│ 1.13  │ 450.62  │ 400.00   │ _06103_                        │ _10504_/A2                     │ met3  │
│ 1.12  │ 3310.89 │ 2964.40  │ _01349_                        │ _16446_/D                      │ met2  │
│ 1.12  │ 3307.00 │ 2964.40  │ _01352_                        │ _16449_/D                      │ met2  │
│ 1.11  │ 444.42  │ 400.00   │ _06434_                        │ _11898_/B                      │ met1  │
│ 1.10  │ 3272.56 │ 2964.40  │ _01394_                        │ _16491_/D                      │ met2  │
│ 1.10  │ 3268.67 │ 2964.40  │ _01348_                        │ _16445_/D                      │ met2  │
│ 1.10  │ 3268.67 │ 2964.40  │ _01361_                        │ _16458_/D                      │ met2  │
│ 1.09  │ 436.90  │ 400.00   │ _02798_                        │ _11707_/C1                     │ met1  │
│ 1.09  │ 436.38  │ 400.00   │ _06466_                        │ _10016_/A0                     │ met4  │
│ 1.09  │ 435.84  │ 400.00   │ decode_stage.rf.rf1rd2[6\]     │ _11631_/A2                     │ met1  │
│ 1.09  │ 435.69  │ 400.00   │ _06357_                        │ _10705_/A                      │ met1  │
│ 1.09  │ 435.06  │ 400.00   │ _04983_                        │ _11758_/A1                     │ met1  │
│ 1.08  │ 432.91  │ 400.00   │ net59                          │ _07680_/A1                     │ met1  │
│ 1.08  │ 432.40  │ 400.00   │ de.pc_e[0\]                    │ _11818_/A                      │ met1  │
│ 1.08  │ 432.36  │ 400.00   │ decode_stage.rf.rf1rd2[17\]    │ _11653_/A2                     │ met1  │
│ 1.08  │ 432.25  │ 400.00   │ _01303_                        │ _16400_/D                      │ met1  │
│ 1.08  │ 432.11  │ 400.00   │ net248                         │ _08901_/A0                     │ met1  │
│ 1.08  │ 431.16  │ 400.00   │ _07485_                        │ _11665_/C1                     │ met1  │
│ 1.07  │ 426.22  │ 400.00   │ _04611_                        │ _14152_/B                      │ met1  │
│ 1.06  │ 424.70  │ 400.00   │ de.rd1_e[23\]                  │ _07531_/A                      │ met1  │
│ 1.06  │ 424.70  │ 400.00   │ de.rd1_e[23\]                  │ _08595_/A_N                    │ met1  │
│ 1.06  │ 422.90  │ 400.00   │ decode_stage.rf.rf1rd1[2\]     │ _11689_/A2                     │ met1  │
│ 1.06  │ 422.70  │ 400.00   │ decode_stage.rf.rf1rd2[20\]    │ _11659_/A2                     │ met1  │
│ 1.04  │ 415.71  │ 400.00   │ net58                          │ _07678_/A1                     │ met1  │
│ 1.03  │ 413.96  │ 400.00   │ _05036_                        │ _13485_/B2                     │ met2  │
│ 1.03  │ 412.03  │ 400.00   │ net247                         │ _08647_/B2                     │ met3  │
│ 1.03  │ 412.03  │ 400.00   │ net247                         │ _08648_/B                      │ met3  │
│ 1.03  │ 412.03  │ 400.00   │ net247                         │ _08943_/A0                     │ met3  │
│ 1.03  │ 412.03  │ 400.00   │ net247                         │ _11883_/A                      │ met3  │
│ 1.02  │ 406.14  │ 400.00   │ _07271_                        │ _11038_/A2                     │ met3  │
│ 1.01  │ 405.70  │ 400.00   │ net51                          │ _07666_/A1                     │ met1  │
│ 1.01  │ 405.41  │ 400.00   │ decode_stage.rf.rf2rd1[9\]     │ _11702_/B                      │ met1  │
│ 1.01  │ 405.36  │ 400.00   │ de.alu_control_e[6\]           │ _10094_/B2                     │ met1  │
│ 1.01  │ 403.58  │ 400.00   │ _07499_                        │ _11691_/C1                     │ met1  │
│ 1.01  │ 403.56  │ 400.00   │ _04978_                        │ _08187_/A1                     │ met1  │
│ 1.01  │ 402.49  │ 400.00   │ clknet_4_3_0_clk_regs          │ clkbuf_leaf_41_clk_regs/A      │ met2  │
│ 1.01  │ 402.49  │ 400.00   │ clknet_4_3_0_clk_regs          │ clkbuf_leaf_42_clk_regs/A      │ met2  │
│ 1.01  │ 402.49  │ 400.00   │ clknet_4_3_0_clk_regs          │ clkbuf_leaf_43_clk_regs/A      │ met2  │
└───────┴─────────┴──────────┴────────────────────────────────┴────────────────────────────────┴───────┘
