┏━━━━━━━━━━━━━━━━━━━━━━┳━━━━━━━━━━┳━━━━━━━━━━┳━━━━━━━━━━┳━━━━━━━━━━┳━━━━━━━━━━━┳━━━━━━━━━━┳━━━━━━━━━━━┳━━━━━━━━━━┳━━━━━━━━━━━┳━━━━━━━━━━┳━━━━━━━━━━━┳━━━━━━━━━━┓
┃                      ┃ Hold     ┃ Reg to   ┃          ┃          ┃ of which  ┃ Setup    ┃           ┃          ┃           ┃ of which ┃           ┃          ┃
┃                      ┃ Worst    ┃ Reg      ┃          ┃ Hold Vio ┃ reg to    ┃ Worst    ┃ Reg to    ┃ Setup    ┃ Setup Vio ┃ reg to   ┃ Max Cap   ┃ Max Slew ┃
┃ Corner/Group         ┃ Slack    ┃ Paths    ┃ Hold TNS ┃ Count    ┃ reg       ┃ Slack    ┃ Reg Paths ┃ TNS      ┃ Count     ┃ reg      ┃ Violatio… ┃ Violati… ┃
┡━━━━━━━━━━━━━━━━━━━━━━╇━━━━━━━━━━╇━━━━━━━━━━╇━━━━━━━━━━╇━━━━━━━━━━╇━━━━━━━━━━━╇━━━━━━━━━━╇━━━━━━━━━━━╇━━━━━━━━━━╇━━━━━━━━━━━╇━━━━━━━━━━╇━━━━━━━━━━━╇━━━━━━━━━━┩
│ Overall              │ 0.1762   │ 0.1762   │ 0.0000   │ 0        │ 0         │ 5.4865   │ 5.4865    │ 0.0000   │ 0         │ 0        │ 6139      │ 12957    │
│ nom_tt_025C_1v80     │ 0.2765   │ 0.2765   │ 0.0000   │ 0        │ 0         │ 15.5322  │ 15.5322   │ 0.0000   │ 0         │ 0        │ 102       │ 38       │
│ nom_ss_100C_1v60     │ 0.5876   │ 0.5876   │ 0.0000   │ 0        │ 0         │ 5.7503   │ 5.7503    │ 0.0000   │ 0         │ 0        │ 6064      │ 11594    │
│ nom_ff_n40C_1v95     │ 0.1765   │ 0.1765   │ 0.0000   │ 0        │ 0         │ 18.8854  │ 18.8854   │ 0.0000   │ 0         │ 0        │ 0         │ 0        │
│ min_tt_025C_1v80     │ 0.2754   │ 0.2754   │ 0.0000   │ 0        │ 0         │ 15.6344  │ 15.6344   │ 0.0000   │ 0         │ 0        │ 0         │ 0        │
│ min_ss_100C_1v60     │ 0.5916   │ 0.5916   │ 0.0000   │ 0        │ 0         │ 5.9849   │ 5.9849    │ 0.0000   │ 0         │ 0        │ 5683      │ 8877     │
│ min_ff_n40C_1v95     │ 0.1762   │ 0.1762   │ 0.0000   │ 0        │ 0         │ 18.9663  │ 18.9663   │ 0.0000   │ 0         │ 0        │ 0         │ 0        │
│ max_tt_025C_1v80     │ 0.2866   │ 0.2866   │ 0.0000   │ 0        │ 0         │ 15.3974  │ 15.3974   │ 0.0000   │ 0         │ 0        │ 104       │ 120      │
│ max_ss_100C_1v60     │ 0.5955   │ 0.5955   │ 0.0000   │ 0        │ 0         │ 5.4865   │ 5.4865    │ 0.0000   │ 0         │ 0        │ 6139      │ 12957    │
│ max_ff_n40C_1v95     │ 0.1778   │ 0.1778   │ 0.0000   │ 0        │ 0         │ 18.7819  │ 18.7819   │ 0.0000   │ 0         │ 0        │ 0         │ 0        │
└──────────────────────┴──────────┴──────────┴──────────┴──────────┴───────────┴──────────┴───────────┴──────────┴───────────┴──────────┴───────────┴──────────┘
