
===========================================================================
 report_power
============================================================================
======================= min_ff_n40C_1v95 Corner ===================================

Group                    Internal    Switching      Leakage        Total
                            Power        Power        Power        Power (Watts)
------------------------------------------------------------------------
Sequential           6.452799e-03 1.654996e-04 1.676417e-07 6.618466e-03  33.5%
Combinational        6.056393e-04 2.105385e-03 1.975513e-07 2.711221e-03  13.7%
Clock                3.448244e-03 6.997570e-03 1.291926e-07 1.044594e-02  52.8%
Macro                0.000000e+00 0.000000e+00 0.000000e+00 0.000000e+00   0.0%
Pad                  0.000000e+00 0.000000e+00 0.000000e+00 0.000000e+00   0.0%
------------------------------------------------------------------------
Total                1.050746e-02 9.268478e-03 4.944495e-07 1.977643e-02 100.0%
                            53.1%        46.9%         0.0%

