
===========================================================================
 report_power
============================================================================
======================= nom_tt_025C_1v80 Corner ===================================

Group                    Internal    Switching      Leakage        Total
                            Power        Power        Power        Power (Watts)
------------------------------------------------------------------------
Sequential           3.882684e-03 4.119163e-05 2.401934e-08 3.923899e-03   0.0%
Combinational        9.032000e-04 8.004580e-04 3.969990e-08 1.703698e-03   0.0%
Clock                0.000000e+00 0.000000e+00 0.000000e+00 0.000000e+00   0.0%
Macro                7.087834e+06 0.000000e+00 1.973600e-05 7.087834e+06 100.0%
Pad                  0.000000e+00 0.000000e+00 0.000000e+00 0.000000e+00   0.0%
------------------------------------------------------------------------
Total                7.087834e+06 8.416502e-04 1.979972e-05 7.087834e+06 100.0%
                           100.0%         0.0%         0.0%

