Clock: clk
Sources: clk 
Generated: no
Virtual: yes
Propagated: no
Period: 24.000000

===========================================================================
report_clock_properties
============================================================================
Clock                   Period          Waveform
----------------------------------------------------
clk                  24.000000    0.000000 12.000000

===========================================================================
report_clock_latency
============================================================================
Clock clk
rise -> rise
    min     max
0.000000 0.000000 source latency
1.238113         network latency _16377_/CLK
        0.361753 network latency decode_stage.rf.tgrp_rf2/CLK
---------------
1.238113 0.361753 latency
        -0.876360 skew

fall -> fall
    min     max
0.000000 0.000000 source latency
1.353283         network latency _16377_/CLK
        0.389283 network latency decode_stage.rf.tgrp_rf2/CLK
---------------
1.353283 0.389283 latency
        -0.964000 skew



===========================================================================
report_clock_min_period
============================================================================
clk period_min = 7.93 fmax = 126.06
