
Magic 8.3 revision 489 - Compiled on Thu Aug 22 13:45:15 UTC 2024.
Starting magic under Tcl interpreter
Using the terminal as the console.
Using NULL graphics device.
Processing system .magicrc file
Sourcing design .magicrc for technology sky130A ...
2 Magic internal units = 1 Lambda
Input style sky130(): scaleFactor=2, multiplier=2
The following types are not handled by extraction and will be treated as non-electrical types:
    ubm 
Scaled tech values by 2 / 1 to match internal grid scaling
Loading sky130A Device Generator Menu ...
Loading "/nix/store/ifgrnqkf6pcsk2qzdn5bai2rvd4skbbc-python3-3.11.9-env/lib/python3.11/site-packages/librelane/scripts/magic/wrapper.tcl" from command line.
> lef read /home/bala/OpenRAM/ciel/sky130/versions/0fe599b2afb6708d281543108caf8310912f54af/sky130A/libs.ref/sky130_fd_sc_hd/techlef/sky130_fd_sc_hd__nom.tlef
Reading LEF data from file /home/bala/OpenRAM/ciel/sky130/versions/0fe599b2afb6708d281543108caf8310912f54af/sky130A/libs.ref/sky130_fd_sc_hd/techlef/sky130_fd_sc_hd__nom.tlef.
This action cannot be undone.
LEF read, Line 82 (Message): Unknown keyword "ANTENNAMODEL" in LEF file; ignoring.
LEF read, Line 83 (Message): Unknown keyword "ANTENNADIFFSIDEAREARATIO" in LEF file; ignoring.
LEF read, Line 116 (Message): Unknown keyword "MINENCLOSEDAREA" in LEF file; ignoring.
LEF read, Line 118 (Message): Unknown keyword "ANTENNAMODEL" in LEF file; ignoring.
LEF read, Line 119 (Message): Unknown keyword "ANTENNADIFFSIDEAREARATIO" in LEF file; ignoring.
LEF read, Line 125 (Message): Unknown keyword "MAXIMUMDENSITY" in LEF file; ignoring.
LEF read, Line 126 (Message): Unknown keyword "DENSITYCHECKWINDOW" in LEF file; ignoring.
LEF read, Line 127 (Message): Unknown keyword "DENSITYCHECKSTEP" in LEF file; ignoring.
LEF read, Line 160 (Message): Unknown keyword "MINENCLOSEDAREA" in LEF file; ignoring.
LEF read, Line 168 (Message): Unknown keyword "ANTENNAMODEL" in LEF file; ignoring.
LEF read, Line 169 (Message): Unknown keyword "ANTENNADIFFSIDEAREARATIO" in LEF file; ignoring.
LEF read, Line 171 (Message): Unknown keyword "MAXIMUMDENSITY" in LEF file; ignoring.
LEF read, Line 172 (Message): Unknown keyword "DENSITYCHECKWINDOW" in LEF file; ignoring.
LEF read, Line 173 (Message): Unknown keyword "DENSITYCHECKSTEP" in LEF file; ignoring.
LEF read, Line 210 (Message): Unknown keyword "ANTENNAMODEL" in LEF file; ignoring.
LEF read, Line 211 (Message): Unknown keyword "ANTENNADIFFSIDEAREARATIO" in LEF file; ignoring.
LEF read, Line 213 (Message): Unknown keyword "MAXIMUMDENSITY" in LEF file; ignoring.
LEF read, Line 214 (Message): Unknown keyword "DENSITYCHECKWINDOW" in LEF file; ignoring.
LEF read, Line 215 (Message): Unknown keyword "DENSITYCHECKSTEP" in LEF file; ignoring.
LEF read, Line 252 (Message): Unknown keyword "ANTENNAMODEL" in LEF file; ignoring.
LEF read, Line 253 (Message): Unknown keyword "ANTENNADIFFSIDEAREARATIO" in LEF file; ignoring.
LEF read, Line 255 (Message): Unknown keyword "MAXIMUMDENSITY" in LEF file; ignoring.
LEF read, Line 256 (Message): Unknown keyword "DENSITYCHECKWINDOW" in LEF file; ignoring.
LEF read, Line 257 (Message): Unknown keyword "DENSITYCHECKSTEP" in LEF file; ignoring.
LEF read, Line 294 (Message): Unknown keyword "ANTENNAMODEL" in LEF file; ignoring.
LEF read, Line 295 (Message): Unknown keyword "ANTENNADIFFSIDEAREARATIO" in LEF file; ignoring.
LEF read: Processed 801 lines.
> lef read /home/bala/OpenRAM/ciel/sky130/versions/0fe599b2afb6708d281543108caf8310912f54af/sky130A/libs.ref/sky130_fd_sc_hd/lef/sky130_fd_sc_hd.lef
Reading LEF data from file /home/bala/OpenRAM/ciel/sky130/versions/0fe599b2afb6708d281543108caf8310912f54af/sky130A/libs.ref/sky130_fd_sc_hd/lef/sky130_fd_sc_hd.lef.
This action cannot be undone.
LEF read: Processed 56536 lines.
> lef read /home/bala/OpenRAM/ciel/sky130/versions/0fe599b2afb6708d281543108caf8310912f54af/sky130A/libs.ref/sky130_fd_sc_hd/lef/sky130_ef_sc_hd.lef
Reading LEF data from file /home/bala/OpenRAM/ciel/sky130/versions/0fe599b2afb6708d281543108caf8310912f54af/sky130A/libs.ref/sky130_fd_sc_hd/lef/sky130_ef_sc_hd.lef.
This action cannot be undone.
LEF read: Processed 278 lines.
> lef read /home/bala/git_stuff/summer_internship/syn/RAM128_1RW1R/lef/RAM128_1RW1R.lef
Reading LEF data from file /home/bala/git_stuff/summer_internship/syn/RAM128_1RW1R/lef/RAM128_1RW1R.lef.
This action cannot be undone.
LEF read: Processed 1297 lines.
> def read /home/bala/git_stuff/summer_internship/syn/librelane/runs/full_flow/54-odb-cellfrequencytables/mt_cpu.def -noblockage -labels
Reading DEF data from file /home/bala/git_stuff/summer_internship/syn/librelane/runs/full_flow/54-odb-cellfrequencytables/mt_cpu.def.
This action cannot be undone.
  Processed 4 vias total.
  Processed 89439 subcell instances total.
  Processed 69 pins total.
  Processed 4 special nets total.
  Processed 10992 nets total.
DEF read: Processed 366273 lines.
Moving label "_00036_" from metal1 to via1 in cell mt_cpu.
Moving label "_00040_" from metal1 to via1 in cell mt_cpu.
Moving label "_00041_" from metal1 to via1 in cell mt_cpu.
Moving label "_00045_" from metal1 to viali in cell mt_cpu.
Moving label "_00055_" from metal1 to via1 in cell mt_cpu.
Moving label "_00061_" from metal1 to viali in cell mt_cpu.
Moving label "_00066_" from metal1 to via1 in cell mt_cpu.
Moving label "_00087_" from metal1 to via1 in cell mt_cpu.
Moving label "_00089_" from metal1 to via1 in cell mt_cpu.
Moving label "_00090_" from metal1 to via1 in cell mt_cpu.
Moving label "_00094_" from metal1 to via1 in cell mt_cpu.
Moving label "_00097_" from metal1 to via1 in cell mt_cpu.
Moving label "_00098_" from metal1 to via1 in cell mt_cpu.
Moving label "_00103_" from metal1 to via1 in cell mt_cpu.
Moving label "_00105_" from metal1 to via1 in cell mt_cpu.
Moving label "_00123_" from metal1 to via1 in cell mt_cpu.
Moving label "_00124_" from metal1 to via1 in cell mt_cpu.
Moving label "_00131_" from metal1 to via1 in cell mt_cpu.
Moving label "_00132_" from metal1 to via1 in cell mt_cpu.
Moving label "_00170_" from metal1 to via1 in cell mt_cpu.
Moving label "_00172_" from metal1 to via1 in cell mt_cpu.
Moving label "_00179_" from metal1 to via1 in cell mt_cpu.
Moving label "_00184_" from metal1 to viali in cell mt_cpu.
Moving label "_00185_" from metal1 to via1 in cell mt_cpu.
Moving label "_00188_" from metal1 to via1 in cell mt_cpu.
Moving label "_00192_" from metal1 to via1 in cell mt_cpu.
Moving label "_00197_" from metal1 to via1 in cell mt_cpu.
Moving label "_00200_" from metal1 to viali in cell mt_cpu.
Moving label "_00207_" from metal1 to via1 in cell mt_cpu.
Moving label "_00209_" from metal1 to via1 in cell mt_cpu.
Moving label "_00224_" from metal1 to via1 in cell mt_cpu.
Moving label "_00227_" from metal1 to via1 in cell mt_cpu.
Moving label "_00233_" from metal1 to via1 in cell mt_cpu.
Moving label "_00236_" from metal1 to via1 in cell mt_cpu.
Moving label "_00258_" from metal1 to via1 in cell mt_cpu.
Moving label "_00273_" from metal1 to via1 in cell mt_cpu.
Moving label "_00276_" from metal1 to via1 in cell mt_cpu.
Moving label "_00278_" from metal1 to via1 in cell mt_cpu.
Moving label "_00280_" from metal1 to via1 in cell mt_cpu.
Moving label "_00294_" from metal1 to via1 in cell mt_cpu.
Moving label "_00296_" from metal1 to via1 in cell mt_cpu.
Moving label "_00300_" from metal1 to via1 in cell mt_cpu.
Moving label "_00312_" from metal1 to via1 in cell mt_cpu.
Moving label "_00320_" from metal1 to via1 in cell mt_cpu.
Moving label "_00328_" from metal1 to via1 in cell mt_cpu.
Moving label "_00332_" from metal1 to via1 in cell mt_cpu.
Moving label "_00336_" from metal1 to via1 in cell mt_cpu.
Moving label "_00348_" from metal1 to via1 in cell mt_cpu.
Moving label "_00352_" from metal1 to via1 in cell mt_cpu.
Moving label "_00353_" from metal1 to via1 in cell mt_cpu.
Moving label "_00361_" from metal1 to via1 in cell mt_cpu.
Moving label "_00366_" from metal1 to via1 in cell mt_cpu.
Moving label "_00375_" from metal1 to via1 in cell mt_cpu.
Moving label "_00402_" from metal1 to via1 in cell mt_cpu.
Moving label "_00404_" from metal1 to via1 in cell mt_cpu.
Moving label "_00408_" from metal1 to via1 in cell mt_cpu.
Moving label "_00416_" from metal1 to via1 in cell mt_cpu.
Moving label "_00422_" from metal1 to via1 in cell mt_cpu.
Moving label "_00426_" from metal1 to via1 in cell mt_cpu.
Moving label "_00436_" from metal1 to via1 in cell mt_cpu.
Moving label "_00441_" from metal1 to via1 in cell mt_cpu.
Moving label "_00445_" from metal1 to via1 in cell mt_cpu.
Moving label "_00465_" from metal1 to via1 in cell mt_cpu.
Moving label "_00472_" from metal1 to via1 in cell mt_cpu.
Moving label "_00478_" from metal1 to via1 in cell mt_cpu.
Moving label "_00493_" from metal1 to via1 in cell mt_cpu.
Moving label "_00499_" from metal1 to via1 in cell mt_cpu.
Moving label "_00501_" from metal1 to via1 in cell mt_cpu.
Moving label "_00511_" from metal1 to via1 in cell mt_cpu.
Moving label "_00512_" from metal1 to via1 in cell mt_cpu.
Moving label "_00516_" from metal1 to via1 in cell mt_cpu.
Moving label "_00518_" from metal1 to via1 in cell mt_cpu.
Moving label "_00522_" from metal1 to via1 in cell mt_cpu.
Moving label "_00547_" from metal1 to via1 in cell mt_cpu.
Moving label "_00554_" from metal1 to via1 in cell mt_cpu.
Moving label "_00560_" from metal1 to via1 in cell mt_cpu.
Moving label "_00568_" from metal1 to via1 in cell mt_cpu.
Moving label "_00570_" from metal1 to via1 in cell mt_cpu.
Moving label "_00576_" from metal1 to via1 in cell mt_cpu.
Moving label "_00587_" from metal1 to via1 in cell mt_cpu.
Moving label "_00598_" from metal1 to via1 in cell mt_cpu.
Moving label "_00608_" from metal1 to viali in cell mt_cpu.
Moving label "_00632_" from metal1 to via1 in cell mt_cpu.
Moving label "_00649_" from metal1 to viali in cell mt_cpu.
Moving label "_00660_" from metal1 to via1 in cell mt_cpu.
Moving label "_00664_" from metal1 to via1 in cell mt_cpu.
Moving label "_00672_" from metal1 to via1 in cell mt_cpu.
Moving label "_00674_" from metal1 to via1 in cell mt_cpu.
Moving label "_00675_" from metal1 to via1 in cell mt_cpu.
Moving label "_00685_" from metal1 to via1 in cell mt_cpu.
Moving label "_00697_" from metal1 to via1 in cell mt_cpu.
Moving label "_00699_" from metal1 to via1 in cell mt_cpu.
Moving label "_00706_" from metal1 to via1 in cell mt_cpu.
Moving label "_00707_" from metal1 to via1 in cell mt_cpu.
Moving label "_00712_" from metal1 to via1 in cell mt_cpu.
Moving label "_00715_" from metal1 to via1 in cell mt_cpu.
Moving label "_00730_" from metal1 to via1 in cell mt_cpu.
Moving label "_00741_" from metal1 to via1 in cell mt_cpu.
Moving label "_00742_" from metal1 to via1 in cell mt_cpu.
Moving label "_00744_" from metal1 to via1 in cell mt_cpu.
Moving label "_00752_" from metal1 to via1 in cell mt_cpu.
Moving label "_00755_" from metal1 to via1 in cell mt_cpu.
Moving label "_00757_" from metal1 to via1 in cell mt_cpu.
Moving label "_00761_" from metal1 to via1 in cell mt_cpu.
Moving label "_00763_" from metal1 to via1 in cell mt_cpu.
Moving label "_00770_" from metal1 to via1 in cell mt_cpu.
Moving label "_00777_" from metal1 to via1 in cell mt_cpu.
Moving label "_00778_" from metal1 to via1 in cell mt_cpu.
Moving label "_00797_" from metal1 to via1 in cell mt_cpu.
Moving label "_00810_" from metal1 to via1 in cell mt_cpu.
Moving label "_00811_" from metal1 to via1 in cell mt_cpu.
Moving label "_00813_" from metal1 to via1 in cell mt_cpu.
Moving label "_00827_" from metal1 to via1 in cell mt_cpu.
Moving label "_00831_" from metal1 to via1 in cell mt_cpu.
Moving label "_00836_" from metal1 to via1 in cell mt_cpu.
Moving label "_00842_" from metal1 to via1 in cell mt_cpu.
Moving label "_00846_" from metal1 to via1 in cell mt_cpu.
Moving label "_00866_" from metal1 to via1 in cell mt_cpu.
Moving label "_00874_" from metal1 to via1 in cell mt_cpu.
Moving label "_00877_" from metal1 to via1 in cell mt_cpu.
Moving label "_00891_" from metal1 to via1 in cell mt_cpu.
Moving label "_00892_" from metal1 to via1 in cell mt_cpu.
Moving label "_00894_" from metal1 to via1 in cell mt_cpu.
Moving label "_00900_" from metal1 to via1 in cell mt_cpu.
Moving label "_00924_" from metal1 to via1 in cell mt_cpu.
Moving label "_00929_" from metal1 to via1 in cell mt_cpu.
Moving label "_00943_" from metal1 to via1 in cell mt_cpu.
Moving label "_00945_" from metal1 to via1 in cell mt_cpu.
Moving label "_00950_" from metal1 to via1 in cell mt_cpu.
Moving label "_00960_" from metal1 to via1 in cell mt_cpu.
Moving label "_00973_" from metal1 to via1 in cell mt_cpu.
Moving label "_00975_" from metal1 to via1 in cell mt_cpu.
Moving label "_00984_" from metal1 to via1 in cell mt_cpu.
Moving label "_00986_" from metal1 to via1 in cell mt_cpu.
Moving label "_00993_" from metal1 to via1 in cell mt_cpu.
Moving label "_00994_" from metal1 to via1 in cell mt_cpu.
Moving label "_01001_" from metal1 to via1 in cell mt_cpu.
Moving label "_01020_" from metal1 to via1 in cell mt_cpu.
Moving label "_01038_" from metal1 to via1 in cell mt_cpu.
Moving label "_01040_" from metal1 to via1 in cell mt_cpu.
Moving label "_01046_" from metal1 to via1 in cell mt_cpu.
Moving label "_01049_" from metal1 to via1 in cell mt_cpu.
Moving label "_01077_" from metal1 to via1 in cell mt_cpu.
Moving label "_01082_" from metal1 to viali in cell mt_cpu.
Moving label "_01085_" from metal1 to via1 in cell mt_cpu.
Moving label "_01092_" from metal1 to via1 in cell mt_cpu.
Moving label "_01099_" from metal1 to via1 in cell mt_cpu.
Moving label "_01101_" from metal1 to via1 in cell mt_cpu.
Moving label "_01108_" from metal1 to via1 in cell mt_cpu.
Moving label "_01109_" from metal1 to via1 in cell mt_cpu.
Moving label "_01113_" from metal1 to via1 in cell mt_cpu.
Moving label "_01114_" from metal1 to via1 in cell mt_cpu.
Moving label "_01122_" from metal1 to viali in cell mt_cpu.
Moving label "_01142_" from metal1 to viali in cell mt_cpu.
Moving label "_01150_" from metal1 to via1 in cell mt_cpu.
Moving label "_01157_" from metal1 to via1 in cell mt_cpu.
Moving label "_01158_" from metal1 to via1 in cell mt_cpu.
Moving label "_01178_" from metal1 to via1 in cell mt_cpu.
Moving label "_01190_" from metal1 to via1 in cell mt_cpu.
Moving label "_01196_" from metal2 to via2 in cell mt_cpu.
Moving label "_01200_" from metal2 to via2 in cell mt_cpu.
Moving label "_01215_" from metal1 to via1 in cell mt_cpu.
Moving label "_01258_" from metal1 to via1 in cell mt_cpu.
Moving label "_01269_" from metal1 to via1 in cell mt_cpu.
Moving label "_01271_" from metal1 to via1 in cell mt_cpu.
Moving label "_01279_" from metal2 to via2 in cell mt_cpu.
Moving label "_01281_" from metal2 to via2 in cell mt_cpu.
Moving label "_01286_" from metal1 to via1 in cell mt_cpu.
Moving label "_01288_" from metal1 to via1 in cell mt_cpu.
Moving label "_01291_" from metal1 to via1 in cell mt_cpu.
Moving label "_01301_" from metal2 to via2 in cell mt_cpu.
Moving label "_01304_" from metal2 to via2 in cell mt_cpu.
Moving label "_01305_" from metal1 to via1 in cell mt_cpu.
Moving label "_01326_" from metal2 to via2 in cell mt_cpu.
Moving label "_01327_" from metal2 to via2 in cell mt_cpu.
Moving label "_01336_" from metal1 to via1 in cell mt_cpu.
Moving label "_01409_" from metal1 to via1 in cell mt_cpu.
Moving label "_01410_" from metal1 to via1 in cell mt_cpu.
Moving label "_01420_" from metal1 to via1 in cell mt_cpu.
Moving label "_01422_" from metal1 to via1 in cell mt_cpu.
Moving label "_01426_" from metal1 to via1 in cell mt_cpu.
Moving label "_01429_" from metal1 to via1 in cell mt_cpu.
Moving label "_01459_" from metal1 to via1 in cell mt_cpu.
Moving label "_01465_" from metal1 to via1 in cell mt_cpu.
Moving label "_01466_" from metal1 to via1 in cell mt_cpu.
Moving label "_01492_" from metal1 to via1 in cell mt_cpu.
Moving label "_01507_" from metal1 to via1 in cell mt_cpu.
Moving label "_01515_" from metal2 to via2 in cell mt_cpu.
Moving label "_01531_" from metal1 to via1 in cell mt_cpu.
Moving label "_01533_" from metal1 to via1 in cell mt_cpu.
Moving label "_01535_" from metal1 to via1 in cell mt_cpu.
Moving label "_01536_" from metal1 to via1 in cell mt_cpu.
Moving label "_01546_" from metal2 to via2 in cell mt_cpu.
Moving label "_01552_" from metal1 to via1 in cell mt_cpu.
Moving label "_01567_" from metal1 to via1 in cell mt_cpu.
Moving label "_01596_" from metal2 to via2 in cell mt_cpu.
Moving label "_01614_" from metal1 to via1 in cell mt_cpu.
Moving label "_01618_" from metal1 to via1 in cell mt_cpu.
Moving label "_01630_" from metal1 to via1 in cell mt_cpu.
Moving label "_01632_" from metal1 to via1 in cell mt_cpu.
Moving label "_01635_" from metal1 to via1 in cell mt_cpu.
Moving label "_01675_" from metal1 to via1 in cell mt_cpu.
Moving label "_01676_" from metal1 to via1 in cell mt_cpu.
Moving label "_01732_" from metal1 to via1 in cell mt_cpu.
Moving label "_01736_" from metal1 to via1 in cell mt_cpu.
Moving label "_01742_" from metal1 to via1 in cell mt_cpu.
Moving label "_01746_" from metal1 to via1 in cell mt_cpu.
Moving label "_01749_" from metal1 to via1 in cell mt_cpu.
Moving label "_01768_" from metal2 to via1 in cell mt_cpu.
Moving label "_01774_" from metal2 to via2 in cell mt_cpu.
Moving label "_01806_" from metal1 to via1 in cell mt_cpu.
Moving label "_01814_" from metal1 to via1 in cell mt_cpu.
Moving label "_01823_" from metal1 to via1 in cell mt_cpu.
Moving label "_01836_" from metal1 to via1 in cell mt_cpu.
Moving label "_01849_" from metal1 to via1 in cell mt_cpu.
Moving label "_01864_" from metal1 to via1 in cell mt_cpu.
Moving label "_01869_" from metal1 to via1 in cell mt_cpu.
Moving label "_01892_" from metal1 to via1 in cell mt_cpu.
Moving label "_01895_" from metal1 to via1 in cell mt_cpu.
Moving label "_01899_" from metal1 to via1 in cell mt_cpu.
Moving label "_01902_" from metal2 to via2 in cell mt_cpu.
Moving label "_01906_" from metal1 to via1 in cell mt_cpu.
Moving label "_01910_" from metal1 to via1 in cell mt_cpu.
Moving label "_01919_" from metal1 to via1 in cell mt_cpu.
Moving label "_01921_" from metal1 to via1 in cell mt_cpu.
Moving label "_01937_" from metal1 to via1 in cell mt_cpu.
Moving label "_01941_" from metal1 to viali in cell mt_cpu.
Moving label "_01951_" from metal2 to via2 in cell mt_cpu.
Moving label "_01968_" from metal1 to via1 in cell mt_cpu.
Moving label "_01971_" from metal1 to viali in cell mt_cpu.
Moving label "_01972_" from metal1 to via1 in cell mt_cpu.
Moving label "_01987_" from metal1 to via1 in cell mt_cpu.
Moving label "_01990_" from metal1 to via1 in cell mt_cpu.
Moving label "_02028_" from metal1 to via1 in cell mt_cpu.
Moving label "_02029_" from metal1 to via1 in cell mt_cpu.
Moving label "_02036_" from metal1 to viali in cell mt_cpu.
Moving label "_02040_" from metal1 to via1 in cell mt_cpu.
Moving label "_02042_" from metal1 to via1 in cell mt_cpu.
Moving label "_02054_" from metal1 to via1 in cell mt_cpu.
Moving label "_02055_" from metal1 to via1 in cell mt_cpu.
Moving label "_02074_" from metal1 to via1 in cell mt_cpu.
Moving label "_02078_" from metal1 to via1 in cell mt_cpu.
Moving label "_02088_" from metal1 to via1 in cell mt_cpu.
Moving label "_02089_" from metal1 to via1 in cell mt_cpu.
Moving label "_02094_" from metal1 to via1 in cell mt_cpu.
Moving label "_02097_" from metal1 to via1 in cell mt_cpu.
Moving label "_02102_" from metal1 to via1 in cell mt_cpu.
Moving label "_02110_" from metal1 to via1 in cell mt_cpu.
Moving label "_02121_" from metal1 to via1 in cell mt_cpu.
Moving label "_02124_" from metal1 to via1 in cell mt_cpu.
Moving label "_02127_" from metal1 to via1 in cell mt_cpu.
Moving label "_02139_" from metal1 to via1 in cell mt_cpu.
Moving label "_02140_" from metal1 to viali in cell mt_cpu.
Moving label "_02150_" from metal1 to via1 in cell mt_cpu.
Moving label "_02187_" from metal1 to via1 in cell mt_cpu.
Moving label "_02201_" from metal1 to via1 in cell mt_cpu.
Moving label "_02204_" from metal1 to via1 in cell mt_cpu.
Moving label "_02205_" from metal1 to via1 in cell mt_cpu.
Moving label "_02206_" from metal1 to viali in cell mt_cpu.
Moving label "_02231_" from metal1 to via1 in cell mt_cpu.
Moving label "_02237_" from metal1 to via1 in cell mt_cpu.
Moving label "_02241_" from metal1 to via1 in cell mt_cpu.
Moving label "_02258_" from metal1 to via1 in cell mt_cpu.
Moving label "_02269_" from metal1 to via1 in cell mt_cpu.
Moving label "_02272_" from metal1 to via1 in cell mt_cpu.
Moving label "_02282_" from metal1 to via1 in cell mt_cpu.
Moving label "_02283_" from metal1 to via1 in cell mt_cpu.
Moving label "_02284_" from metal1 to via1 in cell mt_cpu.
Moving label "_02286_" from metal1 to via1 in cell mt_cpu.
Moving label "_02291_" from metal1 to via1 in cell mt_cpu.
Moving label "_02298_" from metal1 to via1 in cell mt_cpu.
Moving label "_02306_" from metal1 to via1 in cell mt_cpu.
Moving label "_02307_" from metal1 to via1 in cell mt_cpu.
Moving label "_02313_" from metal1 to via1 in cell mt_cpu.
Moving label "_02320_" from metal1 to via1 in cell mt_cpu.
Moving label "_02334_" from metal1 to via1 in cell mt_cpu.
Moving label "_02343_" from metal1 to via1 in cell mt_cpu.
Moving label "_02351_" from metal1 to via1 in cell mt_cpu.
Moving label "_02360_" from metal1 to via1 in cell mt_cpu.
Moving label "_02362_" from metal1 to via1 in cell mt_cpu.
Moving label "_02367_" from metal1 to via1 in cell mt_cpu.
Moving label "_02369_" from metal1 to via1 in cell mt_cpu.
Moving label "_02373_" from metal1 to via1 in cell mt_cpu.
Moving label "_02374_" from metal1 to via1 in cell mt_cpu.
Moving label "_02393_" from metal1 to via1 in cell mt_cpu.
Moving label "_02401_" from metal1 to via1 in cell mt_cpu.
Moving label "_02415_" from metal1 to viali in cell mt_cpu.
Moving label "_02417_" from metal1 to via1 in cell mt_cpu.
Moving label "_02425_" from metal1 to via1 in cell mt_cpu.
Moving label "_02426_" from metal1 to via1 in cell mt_cpu.
Moving label "_02427_" from metal1 to via1 in cell mt_cpu.
Moving label "_02451_" from metal1 to via1 in cell mt_cpu.
Moving label "_02453_" from metal1 to via1 in cell mt_cpu.
Moving label "_02463_" from metal1 to via1 in cell mt_cpu.
Moving label "_02467_" from metal1 to via1 in cell mt_cpu.
Moving label "_02469_" from metal1 to via1 in cell mt_cpu.
Moving label "_02476_" from metal1 to viali in cell mt_cpu.
Moving label "_02485_" from metal1 to via1 in cell mt_cpu.
Moving label "_02486_" from metal1 to via1 in cell mt_cpu.
Moving label "_02503_" from metal1 to via1 in cell mt_cpu.
Moving label "_02528_" from metal1 to via1 in cell mt_cpu.
Moving label "_02539_" from metal1 to via1 in cell mt_cpu.
Moving label "_02552_" from metal1 to viali in cell mt_cpu.
Moving label "_02553_" from metal1 to via1 in cell mt_cpu.
Moving label "_02560_" from metal1 to via1 in cell mt_cpu.
Moving label "_02583_" from metal1 to via1 in cell mt_cpu.
Moving label "_02587_" from metal1 to via1 in cell mt_cpu.
Moving label "_02588_" from metal1 to via1 in cell mt_cpu.
Moving label "_02604_" from metal1 to via1 in cell mt_cpu.
Moving label "_02605_" from metal1 to via1 in cell mt_cpu.
Moving label "_02608_" from metal1 to via1 in cell mt_cpu.
Moving label "_02614_" from metal1 to via1 in cell mt_cpu.
Moving label "_02620_" from metal1 to via1 in cell mt_cpu.
Moving label "_02663_" from metal1 to via1 in cell mt_cpu.
Moving label "_02670_" from metal1 to via1 in cell mt_cpu.
Moving label "_02672_" from metal1 to via1 in cell mt_cpu.
Moving label "_02685_" from metal1 to via1 in cell mt_cpu.
Moving label "_02721_" from metal1 to via1 in cell mt_cpu.
Moving label "_02725_" from metal1 to via1 in cell mt_cpu.
Moving label "_02730_" from metal1 to via1 in cell mt_cpu.
Moving label "_02736_" from metal1 to via1 in cell mt_cpu.
Moving label "_02740_" from metal1 to via1 in cell mt_cpu.
Moving label "_02741_" from metal1 to via1 in cell mt_cpu.
Moving label "_02742_" from metal1 to via1 in cell mt_cpu.
Moving label "_02771_" from metal1 to via1 in cell mt_cpu.
Moving label "_02788_" from metal1 to via1 in cell mt_cpu.
Moving label "_02789_" from metal1 to via1 in cell mt_cpu.
Moving label "_02803_" from metal2 to via2 in cell mt_cpu.
Moving label "_02857_" from metal2 to via1 in cell mt_cpu.
Moving label "_02872_" from metal1 to via1 in cell mt_cpu.
Moving label "_02873_" from metal1 to via1 in cell mt_cpu.
Moving label "_02882_" from metal2 to via2 in cell mt_cpu.
Moving label "_02958_" from metal2 to via2 in cell mt_cpu.
Moving label "_02972_" from metal2 to via1 in cell mt_cpu.
Moving label "_03029_" from metal1 to via1 in cell mt_cpu.
Moving label "_03105_" from metal1 to viali in cell mt_cpu.
Moving label "_03131_" from metal1 to via1 in cell mt_cpu.
Moving label "_03166_" from metal1 to viali in cell mt_cpu.
Moving label "_03172_" from metal2 to via2 in cell mt_cpu.
Moving label "_03185_" from metal2 to via2 in cell mt_cpu.
Moving label "_03217_" from metal2 to via2 in cell mt_cpu.
Moving label "_03233_" from metal2 to via2 in cell mt_cpu.
Moving label "_03245_" from metal1 to viali in cell mt_cpu.
Moving label "_03388_" from metal2 to via2 in cell mt_cpu.
Moving label "_03426_" from metal2 to via2 in cell mt_cpu.
Moving label "_03430_" from metal2 to via2 in cell mt_cpu.
Moving label "_03515_" from metal2 to via2 in cell mt_cpu.
Moving label "_03537_" from metal2 to via2 in cell mt_cpu.
Moving label "_03556_" from metal2 to via2 in cell mt_cpu.
Moving label "_03568_" from metal1 to via1 in cell mt_cpu.
Moving label "_03598_" from metal2 to via2 in cell mt_cpu.
Moving label "_03707_" from metal1 to viali in cell mt_cpu.
Moving label "_03728_" from metal2 to via2 in cell mt_cpu.
Moving label "_03797_" from metal2 to via2 in cell mt_cpu.
Moving label "_03857_" from metal2 to via2 in cell mt_cpu.
Moving label "_03873_" from metal2 to via2 in cell mt_cpu.
Moving label "_03903_" from metal2 to via2 in cell mt_cpu.
Moving label "_03914_" from metal1 to via1 in cell mt_cpu.
Moving label "_03946_" from metal2 to via2 in cell mt_cpu.
Moving label "_04014_" from metal2 to via2 in cell mt_cpu.
Moving label "_04049_" from metal2 to via2 in cell mt_cpu.
Moving label "_04064_" from metal2 to via2 in cell mt_cpu.
Moving label "_04074_" from metal2 to via2 in cell mt_cpu.
Moving label "_04075_" from metal2 to via2 in cell mt_cpu.
Moving label "_04181_" from metal1 to viali in cell mt_cpu.
Moving label "_04235_" from metal2 to via2 in cell mt_cpu.
Moving label "_04257_" from metal2 to via2 in cell mt_cpu.
Moving label "_04273_" from metal2 to via2 in cell mt_cpu.
Moving label "_04300_" from metal2 to via2 in cell mt_cpu.
Moving label "_04346_" from metal2 to via2 in cell mt_cpu.
Moving label "_04419_" from metal1 to viali in cell mt_cpu.
Moving label "_04424_" from metal2 to via2 in cell mt_cpu.
Moving label "_04449_" from metal1 to via1 in cell mt_cpu.
Moving label "_04467_" from metal1 to via1 in cell mt_cpu.
Moving label "_04468_" from metal2 to via2 in cell mt_cpu.
Moving label "_04541_" from metal2 to via2 in cell mt_cpu.
Moving label "_04542_" from metal2 to via2 in cell mt_cpu.
Moving label "_04546_" from metal2 to via2 in cell mt_cpu.
Moving label "_04595_" from metal1 to via1 in cell mt_cpu.
Moving label "_04612_" from metal1 to viali in cell mt_cpu.
Moving label "_04794_" from metal2 to via2 in cell mt_cpu.
Moving label "_04796_" from metal2 to via1 in cell mt_cpu.
Moving label "_04799_" from metal1 to via1 in cell mt_cpu.
Moving label "_04817_" from metal2 to via2 in cell mt_cpu.
Moving label "_04826_" from metal2 to via2 in cell mt_cpu.
Moving label "_04896_" from metal2 to via2 in cell mt_cpu.
Moving label "_04916_" from metal2 to via1 in cell mt_cpu.
Moving label "_04979_" from metal2 to via2 in cell mt_cpu.
Moving label "_04999_" from metal2 to via2 in cell mt_cpu.
Moving label "_05003_" from metal1 to viali in cell mt_cpu.
Moving label "_05033_" from metal2 to via2 in cell mt_cpu.
Moving label "_05093_" from metal1 to via1 in cell mt_cpu.
Moving label "_05179_" from metal2 to via2 in cell mt_cpu.
Moving label "_05191_" from metal1 to via1 in cell mt_cpu.
Moving label "_05210_" from metal1 to via1 in cell mt_cpu.
Moving label "_05225_" from metal1 to via1 in cell mt_cpu.
Moving label "_05253_" from metal1 to viali in cell mt_cpu.
Moving label "_05259_" from metal1 to viali in cell mt_cpu.
Moving label "_05285_" from metal1 to via1 in cell mt_cpu.
Moving label "_05286_" from metal2 to via2 in cell mt_cpu.
Moving label "_05325_" from metal1 to via1 in cell mt_cpu.
Moving label "_05374_" from metal1 to viali in cell mt_cpu.
Moving label "_05399_" from metal1 to via1 in cell mt_cpu.
Moving label "_05408_" from metal1 to via1 in cell mt_cpu.
Moving label "_05412_" from metal2 to via1 in cell mt_cpu.
Moving label "_05420_" from metal1 to via1 in cell mt_cpu.
Moving label "_05438_" from metal2 to via2 in cell mt_cpu.
Moving label "_05464_" from metal2 to via2 in cell mt_cpu.
Moving label "_05579_" from metal1 to via1 in cell mt_cpu.
Moving label "_05584_" from metal2 to via2 in cell mt_cpu.
Moving label "_05745_" from metal2 to via2 in cell mt_cpu.
Moving label "_05932_" from metal1 to viali in cell mt_cpu.
Moving label "_05942_" from metal2 to via2 in cell mt_cpu.
Moving label "_05945_" from metal2 to via2 in cell mt_cpu.
Moving label "_06018_" from metal2 to via2 in cell mt_cpu.
Moving label "_06057_" from metal2 to via1 in cell mt_cpu.
Moving label "_06083_" from metal2 to via2 in cell mt_cpu.
Moving label "_06100_" from metal2 to via1 in cell mt_cpu.
Moving label "_06124_" from metal1 to viali in cell mt_cpu.
Moving label "_06201_" from metal2 to via2 in cell mt_cpu.
Moving label "_06261_" from metal1 to via1 in cell mt_cpu.
Moving label "_06262_" from metal1 to via1 in cell mt_cpu.
Moving label "_06277_" from metal1 to via1 in cell mt_cpu.
Moving label "_06279_" from metal1 to via1 in cell mt_cpu.
Moving label "_06286_" from metal1 to via1 in cell mt_cpu.
Moving label "_06306_" from metal2 to via2 in cell mt_cpu.
Moving label "_06310_" from metal2 to via2 in cell mt_cpu.
Moving label "_06333_" from metal1 to viali in cell mt_cpu.
Moving label "_06340_" from metal1 to via1 in cell mt_cpu.
Moving label "_06390_" from metal2 to via2 in cell mt_cpu.
Moving label "_06402_" from metal2 to via2 in cell mt_cpu.
Moving label "_06404_" from metal1 to viali in cell mt_cpu.
Moving label "_06451_" from metal2 to via2 in cell mt_cpu.
Moving label "_06454_" from metal2 to via2 in cell mt_cpu.
Moving label "_06465_" from metal2 to via2 in cell mt_cpu.
Moving label "_06508_" from metal1 to via1 in cell mt_cpu.
Moving label "_06514_" from metal2 to via2 in cell mt_cpu.
Moving label "_06571_" from metal3 to via3 in cell mt_cpu.
Moving label "_06577_" from metal1 to viali in cell mt_cpu.
Moving label "_06587_" from metal1 to viali in cell mt_cpu.
Moving label "_06628_" from metal1 to viali in cell mt_cpu.
Moving label "_06636_" from metal2 to via2 in cell mt_cpu.
Moving label "_06661_" from metal1 to via1 in cell mt_cpu.
Moving label "_06671_" from metal2 to via2 in cell mt_cpu.
Moving label "_06726_" from metal2 to via2 in cell mt_cpu.
Moving label "_06731_" from metal1 to via1 in cell mt_cpu.
Moving label "_06734_" from metal2 to via2 in cell mt_cpu.
Moving label "_06740_" from metal1 to via1 in cell mt_cpu.
Moving label "_06779_" from metal1 to viali in cell mt_cpu.
Moving label "_06838_" from metal2 to via2 in cell mt_cpu.
Moving label "_06868_" from metal1 to via1 in cell mt_cpu.
Moving label "_06910_" from metal2 to via2 in cell mt_cpu.
Moving label "_06912_" from metal2 to via1 in cell mt_cpu.
Moving label "_06918_" from metal1 to viali in cell mt_cpu.
Moving label "_06983_" from metal1 to viali in cell mt_cpu.
Moving label "_07030_" from metal1 to via1 in cell mt_cpu.
Moving label "_07036_" from metal1 to via1 in cell mt_cpu.
Moving label "_07045_" from metal2 to via2 in cell mt_cpu.
Moving label "_07051_" from metal2 to via2 in cell mt_cpu.
Moving label "_07080_" from metal1 to viali in cell mt_cpu.
Moving label "_07089_" from metal1 to viali in cell mt_cpu.
Moving label "_07146_" from metal1 to viali in cell mt_cpu.
Moving label "_07197_" from metal2 to via2 in cell mt_cpu.
Moving label "_07203_" from metal1 to via1 in cell mt_cpu.
Moving label "_07217_" from metal2 to via2 in cell mt_cpu.
Moving label "_07271_" from metal2 to via2 in cell mt_cpu.
Moving label "_07298_" from metal2 to via2 in cell mt_cpu.
Moving label "_07315_" from metal1 to viali in cell mt_cpu.
Moving label "_07412_" from metal2 to via2 in cell mt_cpu.
Moving label "_07464_" from metal1 to via1 in cell mt_cpu.
Moving label "_07476_" from metal2 to via2 in cell mt_cpu.
Moving label "_07482_" from metal2 to via1 in cell mt_cpu.
Moving label "alu_result_m_i\[1\]" from metal2 to via2 in cell mt_cpu.
Moving label "alu_result_w_o\[10\]" from metal2 to via1 in cell mt_cpu.
Moving label "clknet_2_0_0_clk_regs" from metal2 to via2 in cell mt_cpu.
Moving label "clknet_4_13_0_clk_regs" from metal2 to via2 in cell mt_cpu.
Moving label "clknet_leaf_170_clk_regs" from metal2 to via1 in cell mt_cpu.
Moving label "de.pc_plus4_d\[14\]" from metal2 to via2 in cell mt_cpu.
Moving label "de.pc_plus4_d\[15\]" from metal2 to via2 in cell mt_cpu.
Moving label "de.pc_plus4_d\[16\]" from metal2 to via2 in cell mt_cpu.
Moving label "de.pc_plus4_d\[18\]" from metal2 to via2 in cell mt_cpu.
Moving label "de.rd1_e\[27\]" from metal2 to via2 in cell mt_cpu.
Moving label "de.rd2_e\[18\]" from metal2 to via2 in cell mt_cpu.
Moving label "de.rd2_e\[6\]" from metal2 to via2 in cell mt_cpu.
Moving label "de.rd2_e\[9\]" from metal2 to via2 in cell mt_cpu.
Moving label "decode_stage.imex.instr\[28\]" from metal2 to via2 in cell mt_cpu.
Moving label "decode_stage.rd_w\[4\]" from metal1 to via1 in cell mt_cpu.
Moving label "decode_stage.rf.rf1_index2\[1\]" from metal2 to via2 in cell mt_cpu.
Moving label "decode_stage.rf.rf1_index2\[3\]" from metal2 to via2 in cell mt_cpu.
Moving label "decode_stage.rf.rf2_index2\[5\]" from metal2 to via2 in cell mt_cpu.
Moving label "em.write_data_m\[15\]" from metal1 to viali in cell mt_cpu.
Moving label "em.write_data_m\[19\]" from metal3 to via3 in cell mt_cpu.
Moving label "em.write_data_m\[22\]" from metal3 to via3 in cell mt_cpu.
Moving label "em.write_data_m\[2\]" from metal2 to via2 in cell mt_cpu.
Moving label "em.write_data_m\[9\]" from metal1 to viali in cell mt_cpu.
Moving label "fetch_stage.thread_pc.t_pc\[0\]\[14\]" from metal1 to via1 in cell mt_cpu.
Moving label "fetch_stage.thread_pc.t_pc\[1\]\[0\]" from metal2 to via1 in cell mt_cpu.
Moving label "fetch_stage.thread_pc.t_pc\[1\]\[14\]" from metal2 to via1 in cell mt_cpu.
Moving label "fetch_stage.thread_pc.t_pc\[1\]\[24\]" from metal1 to via1 in cell mt_cpu.
Moving label "fetch_stage.thread_pc.t_pc\[1\]\[31\]" from metal1 to via1 in cell mt_cpu.
Moving label "fetch_stage.thread_pc.t_pc\[2\]\[14\]" from metal1 to via1 in cell mt_cpu.
Moving label "fetch_stage.thread_pc.t_pc\[3\]\[3\]" from metal1 to via1 in cell mt_cpu.
Moving label "fetch_stage.thread_pc.t_pc\[4\]\[28\]" from metal1 to via1 in cell mt_cpu.
Moving label "fetch_stage.thread_pc.t_pc\[4\]\[9\]" from metal1 to via1 in cell mt_cpu.
Moving label "fetch_stage.thread_pc.t_pc\[6\]\[1\]" from metal1 to via1 in cell mt_cpu.
Moving label "fetch_stage.thread_pc.t_pc\[7\]\[3\]" from metal1 to via1 in cell mt_cpu.
Moving label "memory_stage.dm.ram\[0\]\[26\]" from metal1 to via1 in cell mt_cpu.
Moving label "memory_stage.dm.ram\[0\]\[4\]" from metal1 to via1 in cell mt_cpu.
Moving label "memory_stage.dm.ram\[10\]\[0\]" from metal1 to via1 in cell mt_cpu.
Moving label "memory_stage.dm.ram\[10\]\[25\]" from metal1 to viali in cell mt_cpu.
Moving label "memory_stage.dm.ram\[13\]\[21\]" from metal1 to via1 in cell mt_cpu.
Moving label "memory_stage.dm.ram\[13\]\[7\]" from metal1 to via1 in cell mt_cpu.
Moving label "memory_stage.dm.ram\[14\]\[12\]" from metal1 to via1 in cell mt_cpu.
Moving label "memory_stage.dm.ram\[14\]\[24\]" from metal1 to via1 in cell mt_cpu.
Moving label "memory_stage.dm.ram\[14\]\[27\]" from metal1 to via1 in cell mt_cpu.
Moving label "memory_stage.dm.ram\[15\]\[13\]" from metal1 to via1 in cell mt_cpu.
Moving label "memory_stage.dm.ram\[15\]\[30\]" from metal1 to via1 in cell mt_cpu.
Moving label "memory_stage.dm.ram\[15\]\[6\]" from metal1 to viali in cell mt_cpu.
Moving label "memory_stage.dm.ram\[16\]\[15\]" from metal1 to via1 in cell mt_cpu.
Moving label "memory_stage.dm.ram\[16\]\[18\]" from metal1 to via1 in cell mt_cpu.
Moving label "memory_stage.dm.ram\[18\]\[6\]" from metal1 to via1 in cell mt_cpu.
Moving label "memory_stage.dm.ram\[19\]\[16\]" from metal1 to via1 in cell mt_cpu.
Moving label "memory_stage.dm.ram\[19\]\[24\]" from metal1 to via1 in cell mt_cpu.
Moving label "memory_stage.dm.ram\[1\]\[2\]" from metal1 to via1 in cell mt_cpu.
Moving label "memory_stage.dm.ram\[21\]\[12\]" from metal1 to via1 in cell mt_cpu.
Moving label "memory_stage.dm.ram\[21\]\[17\]" from metal2 to via1 in cell mt_cpu.
Moving label "memory_stage.dm.ram\[22\]\[12\]" from metal1 to via1 in cell mt_cpu.
Moving label "memory_stage.dm.ram\[22\]\[15\]" from metal1 to viali in cell mt_cpu.
Moving label "memory_stage.dm.ram\[23\]\[31\]" from metal1 to viali in cell mt_cpu.
Moving label "memory_stage.dm.ram\[24\]\[0\]" from metal1 to via1 in cell mt_cpu.
Moving label "memory_stage.dm.ram\[25\]\[1\]" from metal1 to via1 in cell mt_cpu.
Moving label "memory_stage.dm.ram\[27\]\[21\]" from metal1 to via1 in cell mt_cpu.
Moving label "memory_stage.dm.ram\[27\]\[26\]" from metal1 to viali in cell mt_cpu.
Moving label "memory_stage.dm.ram\[28\]\[21\]" from metal1 to via1 in cell mt_cpu.
Moving label "memory_stage.dm.ram\[29\]\[4\]" from metal1 to viali in cell mt_cpu.
Moving label "memory_stage.dm.ram\[29\]\[6\]" from metal1 to via1 in cell mt_cpu.
Moving label "memory_stage.dm.ram\[29\]\[7\]" from metal1 to viali in cell mt_cpu.
Moving label "memory_stage.dm.ram\[2\]\[29\]" from metal1 to via1 in cell mt_cpu.
Moving label "memory_stage.dm.ram\[2\]\[7\]" from metal1 to via1 in cell mt_cpu.
Moving label "memory_stage.dm.ram\[31\]\[19\]" from metal2 to via2 in cell mt_cpu.
Moving label "memory_stage.dm.ram\[31\]\[3\]" from metal1 to via1 in cell mt_cpu.
Moving label "memory_stage.dm.ram\[31\]\[8\]" from metal1 to via1 in cell mt_cpu.
Moving label "memory_stage.dm.ram\[33\]\[26\]" from metal1 to via1 in cell mt_cpu.
Moving label "memory_stage.dm.ram\[33\]\[27\]" from metal1 to via1 in cell mt_cpu.
Moving label "memory_stage.dm.ram\[33\]\[4\]" from metal1 to via1 in cell mt_cpu.
Moving label "memory_stage.dm.ram\[33\]\[8\]" from metal1 to viali in cell mt_cpu.
Moving label "memory_stage.dm.ram\[34\]\[8\]" from metal1 to via1 in cell mt_cpu.
Moving label "memory_stage.dm.ram\[35\]\[17\]" from metal2 to via1 in cell mt_cpu.
Moving label "memory_stage.dm.ram\[37\]\[9\]" from metal1 to viali in cell mt_cpu.
Moving label "memory_stage.dm.ram\[38\]\[31\]" from metal1 to via1 in cell mt_cpu.
Moving label "memory_stage.dm.ram\[38\]\[4\]" from metal1 to via1 in cell mt_cpu.
Moving label "memory_stage.dm.ram\[38\]\[5\]" from metal1 to viali in cell mt_cpu.
Moving label "memory_stage.dm.ram\[39\]\[12\]" from metal1 to viali in cell mt_cpu.
Moving label "memory_stage.dm.ram\[3\]\[22\]" from metal1 to via1 in cell mt_cpu.
Moving label "memory_stage.dm.ram\[41\]\[20\]" from metal1 to via1 in cell mt_cpu.
Moving label "memory_stage.dm.ram\[41\]\[23\]" from metal1 to via1 in cell mt_cpu.
Moving label "memory_stage.dm.ram\[41\]\[2\]" from metal1 to via1 in cell mt_cpu.
Moving label "memory_stage.dm.ram\[41\]\[30\]" from metal1 to via1 in cell mt_cpu.
Moving label "memory_stage.dm.ram\[41\]\[31\]" from metal1 to viali in cell mt_cpu.
Moving label "memory_stage.dm.ram\[42\]\[13\]" from metal1 to via1 in cell mt_cpu.
Moving label "memory_stage.dm.ram\[43\]\[15\]" from metal1 to via1 in cell mt_cpu.
Moving label "memory_stage.dm.ram\[44\]\[5\]" from metal2 to via1 in cell mt_cpu.
Moving label "memory_stage.dm.ram\[44\]\[6\]" from metal1 to via1 in cell mt_cpu.
Moving label "memory_stage.dm.ram\[45\]\[22\]" from metal1 to viali in cell mt_cpu.
Moving label "memory_stage.dm.ram\[45\]\[26\]" from metal1 to via1 in cell mt_cpu.
Moving label "memory_stage.dm.ram\[45\]\[29\]" from metal1 to viali in cell mt_cpu.
Moving label "memory_stage.dm.ram\[45\]\[9\]" from metal1 to viali in cell mt_cpu.
Moving label "memory_stage.dm.ram\[46\]\[17\]" from metal1 to via1 in cell mt_cpu.
Moving label "memory_stage.dm.ram\[46\]\[21\]" from metal1 to via1 in cell mt_cpu.
Moving label "memory_stage.dm.ram\[46\]\[26\]" from metal1 to via1 in cell mt_cpu.
Moving label "memory_stage.dm.ram\[46\]\[28\]" from metal1 to via1 in cell mt_cpu.
Moving label "memory_stage.dm.ram\[46\]\[29\]" from metal1 to viali in cell mt_cpu.
Moving label "memory_stage.dm.ram\[46\]\[31\]" from metal1 to via1 in cell mt_cpu.
Moving label "memory_stage.dm.ram\[47\]\[14\]" from metal1 to viali in cell mt_cpu.
Moving label "memory_stage.dm.ram\[47\]\[1\]" from metal1 to via1 in cell mt_cpu.
Moving label "memory_stage.dm.ram\[48\]\[15\]" from metal1 to via1 in cell mt_cpu.
Moving label "memory_stage.dm.ram\[48\]\[2\]" from metal1 to via1 in cell mt_cpu.
Moving label "memory_stage.dm.ram\[48\]\[31\]" from metal2 to via1 in cell mt_cpu.
Moving label "memory_stage.dm.ram\[4\]\[21\]" from metal2 to via1 in cell mt_cpu.
Moving label "memory_stage.dm.ram\[50\]\[14\]" from metal1 to via1 in cell mt_cpu.
Moving label "memory_stage.dm.ram\[50\]\[16\]" from metal1 to via1 in cell mt_cpu.
Moving label "memory_stage.dm.ram\[50\]\[23\]" from metal1 to viali in cell mt_cpu.
Moving label "memory_stage.dm.ram\[51\]\[20\]" from metal2 to via1 in cell mt_cpu.
Moving label "memory_stage.dm.ram\[53\]\[3\]" from metal2 to via1 in cell mt_cpu.
Moving label "memory_stage.dm.ram\[54\]\[10\]" from metal1 to via1 in cell mt_cpu.
Moving label "memory_stage.dm.ram\[54\]\[13\]" from metal1 to via1 in cell mt_cpu.
Moving label "memory_stage.dm.ram\[54\]\[22\]" from metal1 to via1 in cell mt_cpu.
Moving label "memory_stage.dm.ram\[54\]\[5\]" from metal1 to via1 in cell mt_cpu.
Moving label "memory_stage.dm.ram\[55\]\[31\]" from metal1 to via1 in cell mt_cpu.
Moving label "memory_stage.dm.ram\[56\]\[15\]" from metal1 to via1 in cell mt_cpu.
Moving label "memory_stage.dm.ram\[56\]\[17\]" from metal2 to via2 in cell mt_cpu.
Moving label "memory_stage.dm.ram\[57\]\[18\]" from metal1 to via1 in cell mt_cpu.
Moving label "memory_stage.dm.ram\[57\]\[1\]" from metal2 to via1 in cell mt_cpu.
Moving label "memory_stage.dm.ram\[57\]\[29\]" from metal1 to via1 in cell mt_cpu.
Moving label "memory_stage.dm.ram\[58\]\[15\]" from metal1 to via1 in cell mt_cpu.
Moving label "memory_stage.dm.ram\[58\]\[2\]" from metal1 to viali in cell mt_cpu.
Moving label "memory_stage.dm.ram\[58\]\[8\]" from metal1 to via1 in cell mt_cpu.
Moving label "memory_stage.dm.ram\[58\]\[9\]" from metal2 to via1 in cell mt_cpu.
Moving label "memory_stage.dm.ram\[5\]\[18\]" from metal1 to via1 in cell mt_cpu.
Moving label "memory_stage.dm.ram\[5\]\[1\]" from metal1 to via1 in cell mt_cpu.
Moving label "memory_stage.dm.ram\[5\]\[20\]" from metal1 to viali in cell mt_cpu.
Moving label "memory_stage.dm.ram\[5\]\[2\]" from metal1 to via1 in cell mt_cpu.
Moving label "memory_stage.dm.ram\[5\]\[4\]" from metal1 to via1 in cell mt_cpu.
Moving label "memory_stage.dm.ram\[60\]\[12\]" from metal2 to via1 in cell mt_cpu.
Moving label "memory_stage.dm.ram\[61\]\[29\]" from metal1 to via1 in cell mt_cpu.
Moving label "memory_stage.dm.ram\[61\]\[8\]" from metal1 to viali in cell mt_cpu.
Moving label "memory_stage.dm.ram\[62\]\[18\]" from metal2 to via2 in cell mt_cpu.
Moving label "memory_stage.dm.ram\[62\]\[21\]" from metal1 to via1 in cell mt_cpu.
Moving label "memory_stage.dm.ram\[62\]\[25\]" from metal1 to via1 in cell mt_cpu.
Moving label "memory_stage.dm.ram\[62\]\[26\]" from metal1 to viali in cell mt_cpu.
Moving label "memory_stage.dm.ram\[62\]\[29\]" from metal1 to viali in cell mt_cpu.
Moving label "memory_stage.dm.ram\[62\]\[3\]" from metal1 to via1 in cell mt_cpu.
Moving label "memory_stage.dm.ram\[63\]\[26\]" from metal1 to viali in cell mt_cpu.
Moving label "memory_stage.dm.ram\[63\]\[5\]" from metal1 to via1 in cell mt_cpu.
Moving label "memory_stage.dm.ram\[6\]\[28\]" from metal1 to via1 in cell mt_cpu.
Moving label "memory_stage.dm.ram\[7\]\[31\]" from metal2 to via2 in cell mt_cpu.
Moving label "mw.pc_plus4_w\[12\]" from metal2 to via2 in cell mt_cpu.
Moving label "mw.pc_plus4_w\[14\]" from metal2 to via2 in cell mt_cpu.
Moving label "mw.pc_plus4_w\[16\]" from metal2 to via2 in cell mt_cpu.
Moving label "mw.pc_plus4_w\[18\]" from metal2 to via2 in cell mt_cpu.
Moving label "mw.pc_plus4_w\[21\]" from metal2 to via2 in cell mt_cpu.
Moving label "mw.pc_plus4_w\[25\]" from metal2 to via2 in cell mt_cpu.
Moving label "mw.pc_plus4_w\[29\]" from metal2 to via2 in cell mt_cpu.
Moving label "net14" from metal2 to via2 in cell mt_cpu.
Moving label "net147" from metal2 to via2 in cell mt_cpu.
Moving label "net189" from metal1 to via1 in cell mt_cpu.
Moving label "net193" from metal1 to via1 in cell mt_cpu.
Moving label "net200" from metal1 to viali in cell mt_cpu.
Moving label "net207" from metal1 to via1 in cell mt_cpu.
Moving label "net234" from metal2 to via1 in cell mt_cpu.
Moving label "net243" from metal2 to via2 in cell mt_cpu.
Moving label "net244" from metal2 to via2 in cell mt_cpu.
Moving label "net25" from metal2 to via2 in cell mt_cpu.
Moving label "net29" from metal2 to via2 in cell mt_cpu.
Moving label "net31" from metal2 to via2 in cell mt_cpu.
Moving label "net33" from metal2 to via2 in cell mt_cpu.
Moving label "net34" from metal2 to via2 in cell mt_cpu.
Moving label "net35" from metal2 to via2 in cell mt_cpu.
Moving label "net36" from metal2 to via2 in cell mt_cpu.
Moving label "net37" from metal2 to via2 in cell mt_cpu.
Moving label "net38" from metal2 to via2 in cell mt_cpu.
Moving label "net42" from metal2 to via2 in cell mt_cpu.
Moving label "net44" from metal2 to via2 in cell mt_cpu.
Moving label "net46" from metal2 to via2 in cell mt_cpu.
Moving label "net49" from metal2 to via2 in cell mt_cpu.
Moving label "net5" from metal2 to via2 in cell mt_cpu.
Moving label "net60" from metal2 to via2 in cell mt_cpu.
Moving label "net61" from metal2 to via2 in cell mt_cpu.
Moving label "net64" from metal2 to via2 in cell mt_cpu.
Moving label "net66" from metal2 to via2 in cell mt_cpu.
Moving label "net69" from metal1 to via1 in cell mt_cpu.
Moving label "net70" from metal1 to viali in cell mt_cpu.
Moving label "pcw[12]" from metal2 to via2 in cell mt_cpu.
Moving label "pcw[13]" from metal2 to via2 in cell mt_cpu.
Moving label "pcw[14]" from metal2 to via2 in cell mt_cpu.
Moving label "pcw[19]" from metal2 to via2 in cell mt_cpu.
Moving label "pcw[20]" from metal2 to via2 in cell mt_cpu.
Moving label "pcw[22]" from metal2 to via2 in cell mt_cpu.
Moving label "pcw[24]" from metal2 to via2 in cell mt_cpu.
Moving label "pcw[25]" from metal2 to via2 in cell mt_cpu.
Moving label "pcw[3]" from metal2 to via2 in cell mt_cpu.
Moving label "pcw[6]" from metal2 to via2 in cell mt_cpu.
Moving label "result[11]" from metal2 to via2 in cell mt_cpu.
Moving label "result[12]" from metal2 to via2 in cell mt_cpu.
Moving label "result[13]" from metal2 to via2 in cell mt_cpu.
Moving label "result[14]" from metal2 to via2 in cell mt_cpu.
Moving label "result[21]" from metal2 to via2 in cell mt_cpu.
Moving label "result[23]" from metal2 to via2 in cell mt_cpu.
Moving label "result[24]" from metal2 to via2 in cell mt_cpu.
Moving label "result[25]" from metal2 to via2 in cell mt_cpu.
Moving label "result[26]" from metal2 to via2 in cell mt_cpu.
Moving label "result[28]" from metal2 to via2 in cell mt_cpu.
Moving label "result[2]" from metal2 to via2 in cell mt_cpu.
Moving label "result[4]" from metal2 to via2 in cell mt_cpu.
Moving label "result[7]" from metal2 to via2 in cell mt_cpu.
Moving label "result[9]" from metal2 to via2 in cell mt_cpu.
Moving label "rst" from metal2 to via2 in cell mt_cpu.
Moving label "swap_tgrp" from metal2 to via2 in cell mt_cpu.
Processing mt_cpu
Extracting sky130_ef_sc_hd__decap_12 into sky130_ef_sc_hd__decap_12.ext:
Extracting sky130_fd_sc_hd__decap_3 into sky130_fd_sc_hd__decap_3.ext:
Extracting sky130_fd_sc_hd__fill_1 into sky130_fd_sc_hd__fill_1.ext:
Extracting sky130_fd_sc_hd__tapvpwrvgnd_1 into sky130_fd_sc_hd__tapvpwrvgnd_1.ext:
Extracting sky130_fd_sc_hd__decap_4 into sky130_fd_sc_hd__decap_4.ext:
Extracting sky130_fd_sc_hd__decap_6 into sky130_fd_sc_hd__decap_6.ext:
Extracting sky130_fd_sc_hd__diode_2 into sky130_fd_sc_hd__diode_2.ext:
Extracting sky130_fd_sc_hd__mux4_1 into sky130_fd_sc_hd__mux4_1.ext:
Extracting sky130_fd_sc_hd__dfxtp_1 into sky130_fd_sc_hd__dfxtp_1.ext:
Extracting sky130_fd_sc_hd__fill_2 into sky130_fd_sc_hd__fill_2.ext:
Extracting sky130_fd_sc_hd__nand2b_1 into sky130_fd_sc_hd__nand2b_1.ext:
Extracting sky130_fd_sc_hd__o21a_1 into sky130_fd_sc_hd__o21a_1.ext:
Extracting sky130_fd_sc_hd__mux2_1 into sky130_fd_sc_hd__mux2_1.ext:
Extracting sky130_fd_sc_hd__a221o_1 into sky130_fd_sc_hd__a221o_1.ext:
Extracting sky130_fd_sc_hd__o22a_1 into sky130_fd_sc_hd__o22a_1.ext:
Extracting sky130_fd_sc_hd__decap_8 into sky130_fd_sc_hd__decap_8.ext:
Extracting sky130_fd_sc_hd__nor2_1 into sky130_fd_sc_hd__nor2_1.ext:
Extracting sky130_fd_sc_hd__mux2_2 into sky130_fd_sc_hd__mux2_2.ext:
Extracting sky130_fd_sc_hd__inv_8 into sky130_fd_sc_hd__inv_8.ext:
Extracting sky130_fd_sc_hd__clkbuf_8 into sky130_fd_sc_hd__clkbuf_8.ext:
Extracting sky130_fd_sc_hd__o21ai_1 into sky130_fd_sc_hd__o21ai_1.ext:
Extracting sky130_fd_sc_hd__a21boi_1 into sky130_fd_sc_hd__a21boi_1.ext:
Extracting sky130_fd_sc_hd__o221a_1 into sky130_fd_sc_hd__o221a_1.ext:
Extracting sky130_fd_sc_hd__o2bb2a_2 into sky130_fd_sc_hd__o2bb2a_2.ext:
Extracting sky130_fd_sc_hd__a21o_1 into sky130_fd_sc_hd__a21o_1.ext:
Extracting sky130_fd_sc_hd__a22o_1 into sky130_fd_sc_hd__a22o_1.ext:
Extracting sky130_fd_sc_hd__nand2_1 into sky130_fd_sc_hd__nand2_1.ext:
Extracting sky130_fd_sc_hd__a2bb2o_1 into sky130_fd_sc_hd__a2bb2o_1.ext:
Extracting sky130_fd_sc_hd__and2_1 into sky130_fd_sc_hd__and2_1.ext:
Extracting sky130_fd_sc_hd__mux4_2 into sky130_fd_sc_hd__mux4_2.ext:
Extracting sky130_fd_sc_hd__a211o_1 into sky130_fd_sc_hd__a211o_1.ext:
Extracting sky130_fd_sc_hd__or2_1 into sky130_fd_sc_hd__or2_1.ext:
Extracting sky130_fd_sc_hd__nand2b_2 into sky130_fd_sc_hd__nand2b_2.ext:
Extracting sky130_fd_sc_hd__nand2_2 into sky130_fd_sc_hd__nand2_2.ext:
Extracting sky130_fd_sc_hd__clkinv_16 into sky130_fd_sc_hd__clkinv_16.ext:
Extracting sky130_fd_sc_hd__o21ai_4 into sky130_fd_sc_hd__o21ai_4.ext:
Extracting sky130_fd_sc_hd__or3_2 into sky130_fd_sc_hd__or3_2.ext:
Extracting sky130_fd_sc_hd__or3_1 into sky130_fd_sc_hd__or3_1.ext:
Extracting sky130_fd_sc_hd__o21ai_2 into sky130_fd_sc_hd__o21ai_2.ext:
Extracting sky130_fd_sc_hd__a22oi_4 into sky130_fd_sc_hd__a22oi_4.ext:
Extracting sky130_fd_sc_hd__nand2_8 into sky130_fd_sc_hd__nand2_8.ext:
Extracting sky130_fd_sc_hd__o2bb2a_4 into sky130_fd_sc_hd__o2bb2a_4.ext:
Extracting sky130_fd_sc_hd__o22ai_4 into sky130_fd_sc_hd__o22ai_4.ext:
Extracting sky130_fd_sc_hd__and4_2 into sky130_fd_sc_hd__and4_2.ext:
Extracting sky130_fd_sc_hd__o22ai_2 into sky130_fd_sc_hd__o22ai_2.ext:
Extracting sky130_fd_sc_hd__or4b_2 into sky130_fd_sc_hd__or4b_2.ext:
Extracting sky130_fd_sc_hd__nor2_8 into sky130_fd_sc_hd__nor2_8.ext:
Extracting sky130_fd_sc_hd__o221ai_4 into sky130_fd_sc_hd__o221ai_4.ext:
Extracting sky130_fd_sc_hd__a2bb2o_4 into sky130_fd_sc_hd__a2bb2o_4.ext:
Extracting sky130_fd_sc_hd__xnor2_4 into sky130_fd_sc_hd__xnor2_4.ext:
Extracting sky130_fd_sc_hd__o32ai_2 into sky130_fd_sc_hd__o32ai_2.ext:
Extracting sky130_fd_sc_hd__nor3_1 into sky130_fd_sc_hd__nor3_1.ext:
Extracting sky130_fd_sc_hd__nor2_2 into sky130_fd_sc_hd__nor2_2.ext:
Extracting sky130_fd_sc_hd__or2_2 into sky130_fd_sc_hd__or2_2.ext:
Extracting sky130_fd_sc_hd__buf_8 into sky130_fd_sc_hd__buf_8.ext:
Extracting sky130_fd_sc_hd__a221o_2 into sky130_fd_sc_hd__a221o_2.ext:
Extracting sky130_fd_sc_hd__xor2_4 into sky130_fd_sc_hd__xor2_4.ext:
Extracting sky130_fd_sc_hd__xnor2_2 into sky130_fd_sc_hd__xnor2_2.ext:
Extracting sky130_fd_sc_hd__a21o_2 into sky130_fd_sc_hd__a21o_2.ext:
Extracting sky130_fd_sc_hd__a21bo_1 into sky130_fd_sc_hd__a21bo_1.ext:
Extracting sky130_fd_sc_hd__and2b_1 into sky130_fd_sc_hd__and2b_1.ext:
Extracting sky130_fd_sc_hd__or4b_4 into sky130_fd_sc_hd__or4b_4.ext:
Extracting sky130_fd_sc_hd__o221a_4 into sky130_fd_sc_hd__o221a_4.ext:
Extracting sky130_fd_sc_hd__buf_12 into sky130_fd_sc_hd__buf_12.ext:
Extracting sky130_fd_sc_hd__and2_2 into sky130_fd_sc_hd__and2_2.ext:
Extracting sky130_fd_sc_hd__o21a_4 into sky130_fd_sc_hd__o21a_4.ext:
Extracting sky130_fd_sc_hd__a21oi_4 into sky130_fd_sc_hd__a21oi_4.ext:
Extracting sky130_fd_sc_hd__o221ai_2 into sky130_fd_sc_hd__o221ai_2.ext:
Extracting sky130_fd_sc_hd__or2_4 into sky130_fd_sc_hd__or2_4.ext:
Extracting sky130_fd_sc_hd__and2_4 into sky130_fd_sc_hd__and2_4.ext:
Extracting sky130_fd_sc_hd__a22o_2 into sky130_fd_sc_hd__a22o_2.ext:
Extracting sky130_fd_sc_hd__and3_1 into sky130_fd_sc_hd__and3_1.ext:
Extracting sky130_fd_sc_hd__nand3_1 into sky130_fd_sc_hd__nand3_1.ext:
Extracting sky130_fd_sc_hd__or4_2 into sky130_fd_sc_hd__or4_2.ext:
Extracting sky130_fd_sc_hd__a21oi_1 into sky130_fd_sc_hd__a21oi_1.ext:
Extracting sky130_fd_sc_hd__o311a_1 into sky130_fd_sc_hd__o311a_1.ext:
Extracting sky130_fd_sc_hd__o211a_1 into sky130_fd_sc_hd__o211a_1.ext:
Extracting sky130_fd_sc_hd__o2111ai_1 into sky130_fd_sc_hd__o2111ai_1.ext:
Extracting sky130_fd_sc_hd__inv_2 into sky130_fd_sc_hd__inv_2.ext:
Extracting sky130_fd_sc_hd__o2bb2a_1 into sky130_fd_sc_hd__o2bb2a_1.ext:
Extracting sky130_fd_sc_hd__o31a_1 into sky130_fd_sc_hd__o31a_1.ext:
Extracting sky130_fd_sc_hd__o2111a_1 into sky130_fd_sc_hd__o2111a_1.ext:
Extracting sky130_fd_sc_hd__or4_1 into sky130_fd_sc_hd__or4_1.ext:
Extracting sky130_fd_sc_hd__nor2_4 into sky130_fd_sc_hd__nor2_4.ext:
Extracting sky130_fd_sc_hd__a211oi_1 into sky130_fd_sc_hd__a211oi_1.ext:
Extracting sky130_fd_sc_hd__or4b_1 into sky130_fd_sc_hd__or4b_1.ext:
Extracting sky130_fd_sc_hd__a31o_1 into sky130_fd_sc_hd__a31o_1.ext:
Extracting sky130_fd_sc_hd__a32o_1 into sky130_fd_sc_hd__a32o_1.ext:
Extracting sky130_fd_sc_hd__or4bb_1 into sky130_fd_sc_hd__or4bb_1.ext:
Extracting sky130_fd_sc_hd__dfxtp_4 into sky130_fd_sc_hd__dfxtp_4.ext:
Extracting sky130_fd_sc_hd__or3b_1 into sky130_fd_sc_hd__or3b_1.ext:
Extracting sky130_fd_sc_hd__and4_1 into sky130_fd_sc_hd__and4_1.ext:
Extracting sky130_fd_sc_hd__o31ai_1 into sky130_fd_sc_hd__o31ai_1.ext:
Extracting sky130_fd_sc_hd__dfxtp_2 into sky130_fd_sc_hd__dfxtp_2.ext:
Extracting sky130_fd_sc_hd__inv_6 into sky130_fd_sc_hd__inv_6.ext:
Extracting sky130_fd_sc_hd__mux2_8 into sky130_fd_sc_hd__mux2_8.ext:
Extracting sky130_fd_sc_hd__clkbuf_16 into sky130_fd_sc_hd__clkbuf_16.ext:
Extracting RAM128_1RW1R into RAM128_1RW1R.ext:
Extracting sky130_fd_sc_hd__buf_1 into sky130_fd_sc_hd__buf_1.ext:
Extracting sky130_fd_sc_hd__and3_4 into sky130_fd_sc_hd__and3_4.ext:
Extracting sky130_fd_sc_hd__inv_12 into sky130_fd_sc_hd__inv_12.ext:
Extracting sky130_fd_sc_hd__and3_2 into sky130_fd_sc_hd__and3_2.ext:
Extracting sky130_fd_sc_hd__clkbuf_4 into sky130_fd_sc_hd__clkbuf_4.ext:
Extracting sky130_fd_sc_hd__clkinv_4 into sky130_fd_sc_hd__clkinv_4.ext:
Extracting sky130_fd_sc_hd__buf_6 into sky130_fd_sc_hd__buf_6.ext:
Extracting sky130_fd_sc_hd__buf_4 into sky130_fd_sc_hd__buf_4.ext:
Extracting sky130_fd_sc_hd__o31a_2 into sky130_fd_sc_hd__o31a_2.ext:
Extracting sky130_fd_sc_hd__a2111o_1 into sky130_fd_sc_hd__a2111o_1.ext:
Extracting sky130_fd_sc_hd__clkinvlp_4 into sky130_fd_sc_hd__clkinvlp_4.ext:
Extracting sky130_fd_sc_hd__and4b_2 into sky130_fd_sc_hd__and4b_2.ext:
Extracting sky130_fd_sc_hd__clkinv_2 into sky130_fd_sc_hd__clkinv_2.ext:
Extracting sky130_fd_sc_hd__clkinv_8 into sky130_fd_sc_hd__clkinv_8.ext:
Extracting sky130_fd_sc_hd__inv_16 into sky130_fd_sc_hd__inv_16.ext:
Extracting sky130_fd_sc_hd__o21ba_1 into sky130_fd_sc_hd__o21ba_1.ext:
Extracting sky130_fd_sc_hd__o221ai_1 into sky130_fd_sc_hd__o221ai_1.ext:
Extracting sky130_fd_sc_hd__bufinv_16 into sky130_fd_sc_hd__bufinv_16.ext:
Extracting sky130_fd_sc_hd__or3b_4 into sky130_fd_sc_hd__or3b_4.ext:
Extracting sky130_fd_sc_hd__and3b_2 into sky130_fd_sc_hd__and3b_2.ext:
Extracting sky130_fd_sc_hd__xnor2_1 into sky130_fd_sc_hd__xnor2_1.ext:
Extracting sky130_fd_sc_hd__xor2_1 into sky130_fd_sc_hd__xor2_1.ext:
Extracting sky130_fd_sc_hd__or4_4 into sky130_fd_sc_hd__or4_4.ext:
Extracting sky130_fd_sc_hd__nor3_2 into sky130_fd_sc_hd__nor3_2.ext:
Extracting sky130_fd_sc_hd__o41a_1 into sky130_fd_sc_hd__o41a_1.ext:
Extracting sky130_fd_sc_hd__and4bb_4 into sky130_fd_sc_hd__and4bb_4.ext:
Extracting sky130_fd_sc_hd__and4b_4 into sky130_fd_sc_hd__and4b_4.ext:
Extracting sky130_fd_sc_hd__a21oi_2 into sky130_fd_sc_hd__a21oi_2.ext:
Extracting sky130_fd_sc_hd__a31o_2 into sky130_fd_sc_hd__a31o_2.ext:
Extracting sky130_fd_sc_hd__or3_4 into sky130_fd_sc_hd__or3_4.ext:
Extracting sky130_fd_sc_hd__o21a_2 into sky130_fd_sc_hd__o21a_2.ext:
Extracting sky130_fd_sc_hd__nor4_4 into sky130_fd_sc_hd__nor4_4.ext:
Extracting sky130_fd_sc_hd__o22a_2 into sky130_fd_sc_hd__o22a_2.ext:
Extracting sky130_fd_sc_hd__o21bai_4 into sky130_fd_sc_hd__o21bai_4.ext:
Extracting sky130_fd_sc_hd__clkbuf_2 into sky130_fd_sc_hd__clkbuf_2.ext:
Extracting sky130_fd_sc_hd__o22ai_1 into sky130_fd_sc_hd__o22ai_1.ext:
Extracting sky130_fd_sc_hd__xor2_2 into sky130_fd_sc_hd__xor2_2.ext:
Extracting sky130_fd_sc_hd__or3b_2 into sky130_fd_sc_hd__or3b_2.ext:
Extracting sky130_fd_sc_hd__and2b_2 into sky130_fd_sc_hd__and2b_2.ext:
Extracting sky130_fd_sc_hd__and4b_1 into sky130_fd_sc_hd__and4b_1.ext:
Extracting sky130_fd_sc_hd__nor3_4 into sky130_fd_sc_hd__nor3_4.ext:
Extracting sky130_fd_sc_hd__nand2_4 into sky130_fd_sc_hd__nand2_4.ext:
Extracting sky130_fd_sc_hd__and3b_4 into sky130_fd_sc_hd__and3b_4.ext:
Extracting sky130_fd_sc_hd__a21bo_4 into sky130_fd_sc_hd__a21bo_4.ext:
Extracting sky130_fd_sc_hd__a221oi_2 into sky130_fd_sc_hd__a221oi_2.ext:
Extracting sky130_fd_sc_hd__a22oi_1 into sky130_fd_sc_hd__a22oi_1.ext:
Extracting sky130_fd_sc_hd__and3b_1 into sky130_fd_sc_hd__and3b_1.ext:
Extracting sky130_fd_sc_hd__o31ai_4 into sky130_fd_sc_hd__o31ai_4.ext:
Extracting sky130_fd_sc_hd__o32a_2 into sky130_fd_sc_hd__o32a_2.ext:
Extracting sky130_fd_sc_hd__a221oi_4 into sky130_fd_sc_hd__a221oi_4.ext:
Extracting sky130_fd_sc_hd__nand2b_4 into sky130_fd_sc_hd__nand2b_4.ext:
Extracting sky130_fd_sc_hd__a31oi_4 into sky130_fd_sc_hd__a31oi_4.ext:
Extracting sky130_fd_sc_hd__inv_4 into sky130_fd_sc_hd__inv_4.ext:
Extracting sky130_fd_sc_hd__a22o_4 into sky130_fd_sc_hd__a22o_4.ext:
Extracting sky130_fd_sc_hd__nor3b_4 into sky130_fd_sc_hd__nor3b_4.ext:
Extracting sky130_fd_sc_hd__a211oi_2 into sky130_fd_sc_hd__a211oi_2.ext:
Extracting sky130_fd_sc_hd__o32a_1 into sky130_fd_sc_hd__o32a_1.ext:
Extracting sky130_fd_sc_hd__a41o_1 into sky130_fd_sc_hd__a41o_1.ext:
Extracting sky130_fd_sc_hd__a311o_1 into sky130_fd_sc_hd__a311o_1.ext:
Extracting sky130_fd_sc_hd__a211o_2 into sky130_fd_sc_hd__a211o_2.ext:
Extracting sky130_fd_sc_hd__a41o_4 into sky130_fd_sc_hd__a41o_4.ext:
Extracting sky130_fd_sc_hd__o31ai_2 into sky130_fd_sc_hd__o31ai_2.ext:
Extracting sky130_fd_sc_hd__a21o_4 into sky130_fd_sc_hd__a21o_4.ext:
Extracting sky130_fd_sc_hd__a31oi_1 into sky130_fd_sc_hd__a31oi_1.ext:
Extracting sky130_fd_sc_hd__a311o_2 into sky130_fd_sc_hd__a311o_2.ext:
Extracting sky130_fd_sc_hd__nor3b_1 into sky130_fd_sc_hd__nor3b_1.ext:
Extracting sky130_fd_sc_hd__nand3_4 into sky130_fd_sc_hd__nand3_4.ext:
Extracting sky130_fd_sc_hd__a211oi_4 into sky130_fd_sc_hd__a211oi_4.ext:
Extracting sky130_fd_sc_hd__buf_2 into sky130_fd_sc_hd__buf_2.ext:
Extracting sky130_fd_sc_hd__o211ai_1 into sky130_fd_sc_hd__o211ai_1.ext:
Extracting sky130_fd_sc_hd__o211a_2 into sky130_fd_sc_hd__o211a_2.ext:
Extracting sky130_fd_sc_hd__o41ai_4 into sky130_fd_sc_hd__o41ai_4.ext:
Extracting sky130_fd_sc_hd__mux2_4 into sky130_fd_sc_hd__mux2_4.ext:
Extracting sky130_fd_sc_hd__and4bb_1 into sky130_fd_sc_hd__and4bb_1.ext:
Extracting sky130_fd_sc_hd__o21bai_1 into sky130_fd_sc_hd__o21bai_1.ext:
Extracting sky130_fd_sc_hd__or4bb_2 into sky130_fd_sc_hd__or4bb_2.ext:
Extracting sky130_fd_sc_hd__a221o_4 into sky130_fd_sc_hd__a221o_4.ext:
Extracting sky130_fd_sc_hd__a31o_4 into sky130_fd_sc_hd__a31o_4.ext:
Extracting sky130_fd_sc_hd__and2b_4 into sky130_fd_sc_hd__and2b_4.ext:
Extracting sky130_fd_sc_hd__nand3b_1 into sky130_fd_sc_hd__nand3b_1.ext:
Extracting sky130_fd_sc_hd__nor4_1 into sky130_fd_sc_hd__nor4_1.ext:
Extracting sky130_fd_sc_hd__conb_1 into sky130_fd_sc_hd__conb_1.ext:
Extracting sky130_fd_sc_hd__a2111o_2 into sky130_fd_sc_hd__a2111o_2.ext:
Extracting sky130_fd_sc_hd__o211a_4 into sky130_fd_sc_hd__o211a_4.ext:
Extracting sky130_fd_sc_hd__clkinv_1 into sky130_fd_sc_hd__clkinv_1.ext:
Extracting mt_cpu into mt_cpu.ext:
exttospice finished.
