Clock: clk
Sources: clk 
Generated: no
Virtual: yes
Propagated: no
Period: 24.000000

===========================================================================
report_clock_properties
============================================================================
Clock                   Period          Waveform
----------------------------------------------------
clk                  24.000000    0.000000 12.000000

===========================================================================
report_clock_latency
============================================================================
Clock clk
rise -> rise
    min     max
0.000000 0.000000 source latency
0.741595         network latency _17067_/CLK
        0.963018 network latency decode_stage.rf.tgrp_rf2/CLK
---------------
0.741595 0.963018 latency
        0.221423 skew

fall -> fall
    min     max
0.000000 0.000000 source latency
0.688313         network latency _17067_/CLK
        0.898034 network latency decode_stage.rf.tgrp_rf2/CLK
---------------
0.688313 0.898034 latency
        0.209720 skew



===========================================================================
report_clock_min_period
============================================================================
clk period_min = 16.33 fmax = 61.22
