
===========================================================================
Violator List
============================================================================
[hold reg-reg] _16780_/Q -> decode_stage.rf.tgrp_rf2/Di0[1] : -0.574872
[hold reg-reg] _16780_/Q -> decode_stage.rf.tgrp_rf1/Di0[1] : -0.564716
[hold reg-reg] _16852_/Q -> decode_stage.rf.tgrp_rf2/Di0[2] : -0.539725
[hold reg-reg] _16779_/Q -> decode_stage.rf.tgrp_rf2/Di0[0] : -0.537492
[hold reg-reg] _16779_/Q -> decode_stage.rf.tgrp_rf1/Di0[0] : -0.527424
[hold reg-reg] _16852_/Q -> decode_stage.rf.tgrp_rf1/Di0[2] : -0.527232
[hold reg-reg] _16825_/Q -> decode_stage.rf.tgrp_rf2/Di0[29] : -0.426524
[hold reg-reg] _16789_/Q -> decode_stage.rf.tgrp_rf2/Di0[10] : -0.424927
[hold reg-reg] _16825_/Q -> decode_stage.rf.tgrp_rf1/Di0[29] : -0.419856
[hold reg-reg] _16789_/Q -> decode_stage.rf.tgrp_rf1/Di0[10] : -0.410766
[hold reg-reg] _16829_/Q -> decode_stage.rf.tgrp_rf2/Di0[25] : -0.397820
[hold reg-reg] _16828_/Q -> decode_stage.rf.tgrp_rf2/Di0[26] : -0.395620
[hold reg-reg] _16839_/Q -> decode_stage.rf.tgrp_rf2/Di0[15] : -0.394216
[hold reg-reg] _16829_/Q -> decode_stage.rf.tgrp_rf1/Di0[25] : -0.387771
[hold reg-reg] _16828_/Q -> decode_stage.rf.tgrp_rf1/Di0[26] : -0.386548
[hold reg-reg] _16790_/Q -> decode_stage.rf.tgrp_rf2/Di0[11] : -0.383924
[hold reg-reg] _16839_/Q -> decode_stage.rf.tgrp_rf1/Di0[15] : -0.378098
[hold reg-reg] _16790_/Q -> decode_stage.rf.tgrp_rf1/Di0[11] : -0.368980
[hold reg-reg] _16845_/Q -> decode_stage.rf.tgrp_rf2/Di0[9] : -0.361879
[hold reg-reg] _16809_/Q -> decode_stage.rf.tgrp_rf2/Di0[30] : -0.357822
[hold reg-reg] _16848_/Q -> decode_stage.rf.tgrp_rf2/Di0[6] : -0.355494
[hold reg-reg] _16809_/Q -> decode_stage.rf.tgrp_rf1/Di0[30] : -0.351662
[hold reg-reg] _16791_/Q -> decode_stage.rf.tgrp_rf2/Di0[12] : -0.349389
[hold reg-reg] _16836_/Q -> decode_stage.rf.tgrp_rf2/Di0[18] : -0.349183
[hold reg-reg] _16793_/Q -> decode_stage.rf.tgrp_rf2/Di0[14] : -0.344413
[hold reg-reg] _16792_/Q -> decode_stage.rf.tgrp_rf2/Di0[13] : -0.344287
[hold reg-reg] _16845_/Q -> decode_stage.rf.tgrp_rf1/Di0[9] : -0.344073
[hold reg-reg] _16848_/Q -> decode_stage.rf.tgrp_rf1/Di0[6] : -0.337852
[hold reg-reg] _16836_/Q -> decode_stage.rf.tgrp_rf1/Di0[18] : -0.334045
[hold reg-reg] _16791_/Q -> decode_stage.rf.tgrp_rf1/Di0[12] : -0.332886
[hold reg-reg] _16792_/Q -> decode_stage.rf.tgrp_rf1/Di0[13] : -0.329291
[hold reg-reg] _16793_/Q -> decode_stage.rf.tgrp_rf1/Di0[14] : -0.329178
[hold reg-reg] _16838_/Q -> decode_stage.rf.tgrp_rf2/Di0[16] : -0.319530
[hold reg-reg] _16807_/Q -> decode_stage.rf.tgrp_rf2/Di0[28] : -0.311185
[hold reg-reg] _16810_/Q -> decode_stage.rf.tgrp_rf2/Di0[31] : -0.306914
[hold reg-reg] _16807_/Q -> decode_stage.rf.tgrp_rf1/Di0[28] : -0.303341
[hold reg-reg] _16838_/Q -> decode_stage.rf.tgrp_rf1/Di0[16] : -0.302447
[hold reg-reg] _16810_/Q -> decode_stage.rf.tgrp_rf1/Di0[31] : -0.301271
[hold reg-reg] _16782_/Q -> decode_stage.rf.tgrp_rf2/Di0[3] : -0.298550
[hold reg-reg] _16787_/Q -> decode_stage.rf.tgrp_rf2/Di0[8] : -0.287080
[hold reg-reg] _16782_/Q -> decode_stage.rf.tgrp_rf1/Di0[3] : -0.281118
[hold reg-reg] _16803_/Q -> decode_stage.rf.tgrp_rf2/Di0[24] : -0.273273
[hold reg-reg] _16806_/Q -> decode_stage.rf.tgrp_rf2/Di0[27] : -0.271640
[hold reg-reg] _16787_/Q -> decode_stage.rf.tgrp_rf1/Di0[8] : -0.268964
[hold reg-reg] _16799_/Q -> decode_stage.rf.tgrp_rf2/Di0[20] : -0.268265
[hold reg-reg] _16806_/Q -> decode_stage.rf.tgrp_rf1/Di0[27] : -0.263201
[hold reg-reg] _16803_/Q -> decode_stage.rf.tgrp_rf1/Di0[24] : -0.262480
[hold reg-reg] _16798_/Q -> decode_stage.rf.tgrp_rf2/Di0[19] : -0.260719
[hold reg-reg] _16800_/Q -> decode_stage.rf.tgrp_rf2/Di0[21] : -0.257547
[hold reg-reg] _16786_/Q -> decode_stage.rf.tgrp_rf2/Di0[7] : -0.254584
[hold reg-reg] _16799_/Q -> decode_stage.rf.tgrp_rf1/Di0[20] : -0.253576
[hold reg-reg] _16832_/Q -> decode_stage.rf.tgrp_rf2/Di0[22] : -0.252636
[hold reg-reg] _16798_/Q -> decode_stage.rf.tgrp_rf1/Di0[19] : -0.244782
[hold reg-reg] _16800_/Q -> decode_stage.rf.tgrp_rf1/Di0[21] : -0.244083
[hold reg-reg] _16796_/Q -> decode_stage.rf.tgrp_rf2/Di0[17] : -0.241052
[hold reg-reg] _16832_/Q -> decode_stage.rf.tgrp_rf1/Di0[22] : -0.238166
[hold reg-reg] _16786_/Q -> decode_stage.rf.tgrp_rf1/Di0[7] : -0.235497
[hold reg-reg] _16796_/Q -> decode_stage.rf.tgrp_rf1/Di0[17] : -0.223973
[hold reg-reg] _16802_/Q -> decode_stage.rf.tgrp_rf2/Di0[23] : -0.220344
[hold reg-reg] _16784_/Q -> decode_stage.rf.tgrp_rf2/Di0[5] : -0.212991
[hold reg-reg] _16802_/Q -> decode_stage.rf.tgrp_rf1/Di0[23] : -0.208114
[hold reg-reg] _16784_/Q -> decode_stage.rf.tgrp_rf1/Di0[5] : -0.193197
[hold reg-reg] _16783_/Q -> decode_stage.rf.tgrp_rf2/Di0[4] : -0.182539
[hold reg-reg] _16783_/Q -> decode_stage.rf.tgrp_rf1/Di0[4] : -0.161787
Writing metric timing__hold_vio__count__corner:nom_tt_025C_1v80: 64
Writing metric timing__hold_r2r__ws__corner:nom_tt_025C_1v80: -0.574872
Writing metric timing__hold_r2r_vio__count__corner:nom_tt_025C_1v80: 64
Writing metric timing__setup_vio__count__corner:nom_tt_025C_1v80: 0
Writing metric timing__setup_r2r__ws__corner:nom_tt_025C_1v80: 7.665359
Writing metric timing__setup_r2r_vio__count__corner:nom_tt_025C_1v80: 0
