
===========================================================================
 report_power
============================================================================
======================= nom_ff_n40C_1v95 Corner ===================================

Group                    Internal    Switching      Leakage        Total
                            Power        Power        Power        Power (Watts)
------------------------------------------------------------------------
Sequential           4.517729e-03 5.103857e-05 1.825249e-07 4.568950e-03  40.7%
Combinational        4.444963e-04 1.173643e-03 2.052415e-07 1.618345e-03  14.4%
Clock                1.468945e-03 3.582576e-03 6.728609e-08 5.051589e-03  44.9%
Macro                0.000000e+00 0.000000e+00 0.000000e+00 0.000000e+00   0.0%
Pad                  0.000000e+00 0.000000e+00 0.000000e+00 0.000000e+00   0.0%
------------------------------------------------------------------------
Total                6.431532e-03 4.807103e-03 4.551262e-07 1.123909e-02 100.0%
                            57.2%        42.8%         0.0%

