
===========================================================================
report_checks -unconstrained
===========================================================================
======================= max_ff_n40C_1v95 Corner ===================================

Startpoint: _16813_ (rising edge-triggered flip-flop clocked by clk)
Endpoint: decode_stage.rf.tgrp_rf2/BLOCK[3].RAM32.SLICE_16[1].RAM16.Do0_REG.OUTREG_BYTE[2].Do_FF[2]
          (rising edge-triggered flip-flop clocked by clk)
Path Group: clk
Path Type: max

Fanout         Cap        Slew       Delay        Time   Description
---------------------------------------------------------------------------------------------
                                  0.000000    0.000000   clock clk (rise edge)
                                  0.000000    0.000000   clock source latency
     4    0.360631    0.000000    0.000000    0.000000 ^ clk (in)
                                                         clk (net)
                      0.270284    0.135142    0.135142 ^ clkbuf_regs_0_clk/A (sky130_fd_sc_hd__clkbuf_16)
     1    0.008428    0.030675    0.120188    0.255330 ^ clkbuf_regs_0_clk/X (sky130_fd_sc_hd__clkbuf_16)
                                                         delaynet_0_clk (net)
                      0.030679    0.000645    0.255975 ^ delaybuf_0_clk/A (sky130_fd_sc_hd__clkbuf_16)
     1    0.008759    0.023695    0.076655    0.332630 ^ delaybuf_0_clk/X (sky130_fd_sc_hd__clkbuf_16)
                                                         delaynet_1_clk (net)
                      0.023697    0.000426    0.333056 ^ delaybuf_1_clk/A (sky130_fd_sc_hd__clkbuf_16)
     1    0.008621    0.023585    0.074493    0.407549 ^ delaybuf_1_clk/X (sky130_fd_sc_hd__clkbuf_16)
                                                         delaynet_2_clk (net)
                      0.023590    0.000676    0.408225 ^ delaybuf_2_clk/A (sky130_fd_sc_hd__clkbuf_16)
     1    0.010017    0.024515    0.075459    0.483684 ^ delaybuf_2_clk/X (sky130_fd_sc_hd__clkbuf_16)
                                                         delaynet_3_clk (net)
                      0.024517    0.000503    0.484187 ^ delaybuf_3_clk/A (sky130_fd_sc_hd__clkbuf_16)
     1    0.009591    0.024240    0.075392    0.559579 ^ delaybuf_3_clk/X (sky130_fd_sc_hd__clkbuf_16)
                                                         delaynet_4_clk (net)
                      0.024245    0.000721    0.560300 ^ delaybuf_4_clk/A (sky130_fd_sc_hd__clkbuf_16)
     3    0.049293    0.051336    0.096421    0.656721 ^ delaybuf_4_clk/X (sky130_fd_sc_hd__clkbuf_16)
                                                         clk_regs (net)
                      0.055402    0.011111    0.667832 ^ clkbuf_0_clk_regs/A (sky130_fd_sc_hd__clkbuf_16)
     9    0.086803    0.080035    0.124312    0.792144 ^ clkbuf_0_clk_regs/X (sky130_fd_sc_hd__clkbuf_16)
                                                         clknet_0_clk_regs (net)
                      0.082373    0.010729    0.802873 ^ clkbuf_2_3_0_clk_regs/A (sky130_fd_sc_hd__clkbuf_8)
     9    0.116639    0.156900    0.180640    0.983513 ^ clkbuf_2_3_0_clk_regs/X (sky130_fd_sc_hd__clkbuf_8)
                                                         clknet_2_3_0_clk_regs (net)
                      0.158465    0.012645    0.996159 ^ clkbuf_4_14_0_clk_regs/A (sky130_fd_sc_hd__clkbuf_8)
    21    0.147757    0.195683    0.226788    1.222946 ^ clkbuf_4_14_0_clk_regs/X (sky130_fd_sc_hd__clkbuf_8)
                                                         clknet_4_14_0_clk_regs (net)
                      0.196331    0.009188    1.232134 ^ clkbuf_leaf_157_clk_regs/A (sky130_fd_sc_hd__clkbuf_8)
    15    0.048928    0.074332    0.149207    1.381341 ^ clkbuf_leaf_157_clk_regs/X (sky130_fd_sc_hd__clkbuf_8)
                                                         clknet_leaf_157_clk_regs (net)
                      0.074616    0.003345    1.384686 ^ _16813_/CLK (sky130_fd_sc_hd__dfxtp_4)
    29    0.108163    0.229946    0.362386    1.747073 ^ _16813_/Q (sky130_fd_sc_hd__dfxtp_4)
                                                         decode_stage.rf.rf1_r (net)
                      0.230040    0.003903    1.750975 ^ max_length241/A (sky130_fd_sc_hd__buf_12)
    27    0.377360    0.316138    0.224369    1.975345 ^ max_length241/X (sky130_fd_sc_hd__buf_12)
                                                         net241 (net)
                      0.369280    0.098433    2.073778 ^ max_length239/A (sky130_fd_sc_hd__clkbuf_16)
    15    0.247908    0.201075    0.232178    2.305956 ^ max_length239/X (sky130_fd_sc_hd__clkbuf_16)
                                                         net239 (net)
                      0.202573    0.014730    2.320686 ^ _07506_/A (sky130_fd_sc_hd__clkinv_16)
    39    0.235882    0.130944    0.106280    2.426966 v _07506_/Y (sky130_fd_sc_hd__clkinv_16)
                                                         decode_stage.rf.rf2_r (net)
                      0.184387    0.062968    2.489934 v _07605_/A (sky130_fd_sc_hd__nor2_8)
    41    0.222634    0.581320    0.491107    2.981041 ^ _07605_/Y (sky130_fd_sc_hd__nor2_8)
                                                         _04849_ (net)
                      0.582586    0.022299    3.003340 ^ _07607_/B (sky130_fd_sc_hd__or2_4)
     5    0.220149    0.485868    0.321158    3.324499 ^ _07607_/X (sky130_fd_sc_hd__or2_4)
                                                         decode_stage.rf.rf2_index1[5] (net)
                      0.566196    0.149642    3.474141 ^ decode_stage.rf.tgrp_rf2/A0BUF[5].__cell__/A (sky130_fd_sc_hd__clkbuf_2)
     9    0.264923    1.082404    0.770485    4.244626 ^ decode_stage.rf.tgrp_rf2/A0BUF[5].__cell__/X (sky130_fd_sc_hd__clkbuf_2)
                                                         decode_stage.rf.tgrp_rf2/A0BUF[5].X (net)
                      1.083694    0.031494    4.276120 ^ decode_stage.rf.tgrp_rf2/DEC0.AND3/B (sky130_fd_sc_hd__and3_2)
     1    0.004629    0.053403    0.148161    4.424281 ^ decode_stage.rf.tgrp_rf2/DEC0.AND3/X (sky130_fd_sc_hd__and3_2)
                                                         decode_stage.rf.tgrp_rf2/BLOCK[3].RAM32.EN0 (net)
                      0.053403    0.000340    4.424621 ^ decode_stage.rf.tgrp_rf2/BLOCK[3].RAM32.EN0BUF.__cell__/A (sky130_fd_sc_hd__clkbuf_2)
     2    0.014068    0.063361    0.096897    4.521518 ^ decode_stage.rf.tgrp_rf2/BLOCK[3].RAM32.EN0BUF.__cell__/X (sky130_fd_sc_hd__clkbuf_2)
                                                         decode_stage.rf.tgrp_rf2/BLOCK[3].RAM32.DEC0.EN (net)
                      0.063447    0.001521    4.523038 ^ decode_stage.rf.tgrp_rf2/BLOCK[3].RAM32.DEC0.AND1/B (sky130_fd_sc_hd__and2_2)
     5    0.019195    0.086718    0.131517    4.654556 ^ decode_stage.rf.tgrp_rf2/BLOCK[3].RAM32.DEC0.AND1/X (sky130_fd_sc_hd__and2_2)
                                                         decode_stage.rf.tgrp_rf2/BLOCK[3].RAM32.DEC0.SEL[1] (net)
                      0.086729    0.001036    4.655592 ^ decode_stage.rf.tgrp_rf2/BLOCK[3].RAM32.SLICE_16[1].RAM16.EN0BUF.__cell__/A (sky130_fd_sc_hd__clkbuf_2)
     2    0.007020    0.036963    0.084690    4.740282 ^ decode_stage.rf.tgrp_rf2/BLOCK[3].RAM32.SLICE_16[1].RAM16.EN0BUF.__cell__/X (sky130_fd_sc_hd__clkbuf_2)
                                                         decode_stage.rf.tgrp_rf2/BLOCK[3].RAM32.SLICE_16[1].RAM16.DEC0.EN (net)
                      0.036969    0.000441    4.740722 ^ decode_stage.rf.tgrp_rf2/BLOCK[3].RAM32.SLICE_16[1].RAM16.DEC0.AND0/B (sky130_fd_sc_hd__and2b_2)
     1    0.004563    0.029250    0.086057    4.826779 ^ decode_stage.rf.tgrp_rf2/BLOCK[3].RAM32.SLICE_16[1].RAM16.DEC0.AND0/X (sky130_fd_sc_hd__and2b_2)
                                                         decode_stage.rf.tgrp_rf2/BLOCK[3].RAM32.SLICE_16[1].RAM16.DEC0.SEL[0] (net)
                      0.029250    0.000325    4.827103 ^ decode_stage.rf.tgrp_rf2/BLOCK[3].RAM32.SLICE_16[1].RAM16.SLICE[0].RAM8.DEC0.ENBUF/A (sky130_fd_sc_hd__clkbuf_2)
     8    0.017338    0.076614    0.099015    4.926118 ^ decode_stage.rf.tgrp_rf2/BLOCK[3].RAM32.SLICE_16[1].RAM16.SLICE[0].RAM8.DEC0.ENBUF/X (sky130_fd_sc_hd__clkbuf_2)
                                                         decode_stage.rf.tgrp_rf2/BLOCK[3].RAM32.SLICE_16[1].RAM16.SLICE[0].RAM8.DEC0.EN_buf (net)
                      0.076660    0.000949    4.927067 ^ decode_stage.rf.tgrp_rf2/BLOCK[3].RAM32.SLICE_16[1].RAM16.SLICE[0].RAM8.DEC0.AND6/D (sky130_fd_sc_hd__and4b_2)
     1    0.003493    0.034699    0.130958    5.058025 ^ decode_stage.rf.tgrp_rf2/BLOCK[3].RAM32.SLICE_16[1].RAM16.SLICE[0].RAM8.DEC0.AND6/X (sky130_fd_sc_hd__and4b_2)
                                                         decode_stage.rf.tgrp_rf2/BLOCK[3].RAM32.SLICE_16[1].RAM16.SLICE[0].RAM8.DEC0.SEL[6] (net)
                      0.034699    0.000146    5.058171 ^ decode_stage.rf.tgrp_rf2/BLOCK[3].RAM32.SLICE_16[1].RAM16.SLICE[0].RAM8.WORD[6].W.SEL0BUF/A (sky130_fd_sc_hd__clkbuf_2)
     8    0.154448    0.631635    0.455697    5.513868 ^ decode_stage.rf.tgrp_rf2/BLOCK[3].RAM32.SLICE_16[1].RAM16.SLICE[0].RAM8.WORD[6].W.SEL0BUF/X (sky130_fd_sc_hd__clkbuf_2)
                                                         decode_stage.rf.tgrp_rf2/BLOCK[3].RAM32.SLICE_16[1].RAM16.SLICE[0].RAM8.WORD[6].W.BYTE[0].B.SEL0 (net)
                      0.631925    0.011412    5.525280 ^ decode_stage.rf.tgrp_rf2/BLOCK[3].RAM32.SLICE_16[1].RAM16.SLICE[0].RAM8.WORD[6].W.BYTE[2].B.SEL0INV/A (sky130_fd_sc_hd__inv_1)
     8    0.048601    0.262027    0.241580    5.766860 v decode_stage.rf.tgrp_rf2/BLOCK[3].RAM32.SLICE_16[1].RAM16.SLICE[0].RAM8.WORD[6].W.BYTE[2].B.SEL0INV/Y (sky130_fd_sc_hd__inv_1)
                                                         decode_stage.rf.tgrp_rf2/BLOCK[3].RAM32.SLICE_16[1].RAM16.SLICE[0].RAM8.WORD[6].W.BYTE[2].B.SEL0_B (net)
                      0.262122    0.004122    5.770982 v decode_stage.rf.tgrp_rf2/BLOCK[3].RAM32.SLICE_16[1].RAM16.SLICE[0].RAM8.WORD[6].W.BYTE[2].B.BIT[2].OBUF0/TE_B (sky130_fd_sc_hd__ebufn_2)
     2    0.137783    1.193712    0.942610    6.713592 ^ decode_stage.rf.tgrp_rf2/BLOCK[3].RAM32.SLICE_16[1].RAM16.SLICE[0].RAM8.WORD[6].W.BYTE[2].B.BIT[2].OBUF0/Z (sky130_fd_sc_hd__ebufn_2)
                                                         decode_stage.rf.tgrp_rf2/BLOCK[3].RAM32.SLICE_16[1].RAM16.BYTE[2].FLOATBUF0[18].Z (net)
                      1.193977    0.020513    6.734106 ^ decode_stage.rf.tgrp_rf2/BLOCK[3].RAM32.SLICE_16[1].RAM16.Do0_REG.OUTREG_BYTE[2].Do_FF[2]/D (sky130_fd_sc_hd__dfxtp_1)
                                              6.734106   data arrival time

                                 24.000000   24.000000   clock clk (rise edge)
                                  0.000000   24.000000   clock source latency
     4    0.360631    0.000000    0.000000   24.000000 ^ clk (in)
                                                         clk (net)
                      0.403111    0.201556   24.201555 ^ clkbuf_0_clk/A (sky130_fd_sc_hd__clkbuf_16)
     5    0.180873    0.152080    0.215195   24.416750 ^ clkbuf_0_clk/X (sky130_fd_sc_hd__clkbuf_16)
                                                         clknet_0_clk (net)
                      0.157034    0.021624   24.438374 ^ clkbuf_1_1__f_clk/A (sky130_fd_sc_hd__clkbuf_16)
     2    0.015171    0.030730    0.110209   24.548582 ^ clkbuf_1_1__f_clk/X (sky130_fd_sc_hd__clkbuf_16)
                                                         clknet_1_1__leaf_clk (net)
                      0.030758    0.001648   24.550232 ^ decode_stage.rf.tgrp_rf2/CLKBUF.__cell__/A (sky130_fd_sc_hd__clkbuf_4)
    16    0.104244    0.237050    0.222418   24.772648 ^ decode_stage.rf.tgrp_rf2/CLKBUF.__cell__/X (sky130_fd_sc_hd__clkbuf_4)
                                                         decode_stage.rf.tgrp_rf2/BLOCK[0].RAM32.CLK (net)
                      0.237238    0.005629   24.778278 ^ decode_stage.rf.tgrp_rf2/BLOCK[3].RAM32.SLICE_16[1].RAM16.CLKBUF.__cell__/A (sky130_fd_sc_hd__clkbuf_4)
     3    0.147917    0.334697    0.305954   25.084232 ^ decode_stage.rf.tgrp_rf2/BLOCK[3].RAM32.SLICE_16[1].RAM16.CLKBUF.__cell__/X (sky130_fd_sc_hd__clkbuf_4)
                                                         decode_stage.rf.tgrp_rf2/BLOCK[3].RAM32.SLICE_16[1].RAM16.CLKBUF.X (net)
                      0.356174    0.065841   25.150072 ^ decode_stage.rf.tgrp_rf2/BLOCK[3].RAM32.SLICE_16[1].RAM16.Do0_REG.Root_CLKBUF/A (sky130_fd_sc_hd__clkbuf_4)
     4    0.075227    0.174983    0.237122   25.387196 ^ decode_stage.rf.tgrp_rf2/BLOCK[3].RAM32.SLICE_16[1].RAM16.Do0_REG.Root_CLKBUF/X (sky130_fd_sc_hd__clkbuf_4)
                                                         decode_stage.rf.tgrp_rf2/BLOCK[3].RAM32.SLICE_16[1].RAM16.Do0_REG.CLK_buf (net)
                      0.177312    0.016167   25.403362 ^ decode_stage.rf.tgrp_rf2/BLOCK[3].RAM32.SLICE_16[1].RAM16.Do0_REG.Do_CLKBUF[2]/A (sky130_fd_sc_hd__clkbuf_4)
     8    0.028910    0.074358    0.151843   25.555204 ^ decode_stage.rf.tgrp_rf2/BLOCK[3].RAM32.SLICE_16[1].RAM16.Do0_REG.Do_CLKBUF[2]/X (sky130_fd_sc_hd__clkbuf_4)
                                                         decode_stage.rf.tgrp_rf2/BLOCK[3].RAM32.SLICE_16[1].RAM16.Do0_REG.CLKBUF[2] (net)
                      0.074438    0.001160   25.556364 ^ decode_stage.rf.tgrp_rf2/BLOCK[3].RAM32.SLICE_16[1].RAM16.Do0_REG.OUTREG_BYTE[2].Do_FF[2]/CLK (sky130_fd_sc_hd__dfxtp_1)
                                  0.000000   25.556364   clock reconvergence pessimism
                                 -0.040359   25.516006   library setup time
                                             25.516006   data required time
---------------------------------------------------------------------------------------------
                                             25.516006   data required time
                                             -6.734106   data arrival time
---------------------------------------------------------------------------------------------
                                             18.781900   slack (MET)




===========================================================================
report_checks --slack_max -0.01
============================================================================
======================= max_ff_n40C_1v95 Corner ===================================

No paths found.


===========================================================================
 report_check_types -max_slew -max_cap -max_fanout -violators
============================================================================
======================= max_ff_n40C_1v95 Corner ===================================



===========================================================================
report_parasitic_annotation -report_unannotated
============================================================================
Found 274 unannotated drivers.
 clkload0/X
 clkload1/Y
 clkload10/Y
 clkload100/Y
 clkload101/Y
 clkload102/Y
 clkload103/X
 clkload104/Y
 clkload105/X
 clkload106/Y
 clkload107/X
 clkload108/X
 clkload109/X
 clkload11/Y
 clkload110/Y
 clkload111/X
 clkload112/X
 clkload113/X
 clkload114/X
 clkload115/X
 clkload116/X
 clkload117/X
 clkload118/Y
 clkload119/Y
 clkload12/Y
 clkload120/Y
 clkload121/Y
 clkload122/X
 clkload123/Y
 clkload124/Y
 clkload125/Y
 clkload126/Y
 clkload127/Y
 clkload128/Y
 clkload129/X
 clkload13/Y
 clkload130/Y
 clkload131/Y
 clkload132/Y
 clkload133/Y
 clkload134/Y
 clkload135/Y
 clkload136/Y
 clkload137/Y
 clkload138/Y
 clkload139/Y
 clkload14/Y
 clkload140/Y
 clkload141/Y
 clkload142/Y
 clkload143/Y
 clkload144/X
 clkload145/Y
 clkload146/Y
 clkload147/Y
 clkload148/Y
 clkload149/X
 clkload15/Y
 clkload150/Y
 clkload151/Y
 clkload152/Y
 clkload153/Y
 clkload154/Y
 clkload155/Y
 clkload156/Y
 clkload157/Y
 clkload16/Y
 clkload17/Y
 clkload18/Y
 clkload19/X
 clkload2/Y
 clkload20/X
 clkload21/Y
 clkload22/Y
 clkload23/Y
 clkload24/Y
 clkload25/Y
 clkload26/Y
 clkload27/Y
 clkload28/Y
 clkload29/Y
 clkload3/X
 clkload30/Y
 clkload31/X
 clkload32/X
 clkload33/Y
 clkload34/Y
 clkload35/Y
 clkload36/Y
 clkload37/Y
 clkload38/Y
 clkload39/Y
 clkload4/Y
 clkload40/Y
 clkload41/Y
 clkload42/Y
 clkload43/Y
 clkload44/Y
 clkload45/Y
 clkload46/Y
 clkload47/Y
 clkload48/Y
 clkload49/Y
 clkload5/Y
 clkload50/X
 clkload51/Y
 clkload52/Y
 clkload53/X
 clkload54/Y
 clkload55/Y
 clkload56/X
 clkload57/Y
 clkload58/Y
 clkload59/Y
 clkload6/Y
 clkload60/Y
 clkload61/Y
 clkload62/Y
 clkload63/X
 clkload64/X
 clkload65/Y
 clkload66/Y
 clkload67/Y
 clkload68/Y
 clkload69/Y
 clkload7/Y
 clkload70/Y
 clkload71/Y
 clkload72/Y
 clkload73/Y
 clkload74/Y
 clkload75/Y
 clkload76/Y
 clkload77/Y
 clkload78/Y
 clkload79/Y
 clkload8/X
 clkload80/Y
 clkload81/Y
 clkload82/Y
 clkload83/X
 clkload84/X
 clkload85/Y
 clkload86/Y
 clkload87/Y
 clkload88/Y
 clkload89/Y
 clkload9/X
 clkload90/Y
 clkload91/Y
 clkload92/Y
 clkload93/Y
 clkload94/Y
 clkload95/Y
 clkload96/Y
 clkload97/Y
 clkload98/Y
 clkload99/Y
 decode_stage.rf.tgrp_rf1/BLOCK\[0\].RAM32.A1BUF\[0\].__cell__/X
 decode_stage.rf.tgrp_rf1/BLOCK\[0\].RAM32.A1BUF\[1\].__cell__/X
 decode_stage.rf.tgrp_rf1/BLOCK\[0\].RAM32.A1BUF\[2\].__cell__/X
 decode_stage.rf.tgrp_rf1/BLOCK\[0\].RAM32.A1BUF\[3\].__cell__/X
 decode_stage.rf.tgrp_rf1/BLOCK\[0\].RAM32.DEC1.AND0/X
 decode_stage.rf.tgrp_rf1/BLOCK\[0\].RAM32.DEC1.AND1/X
 decode_stage.rf.tgrp_rf1/BLOCK\[0\].RAM32.SLICE_16\[0\].RAM16.TIE0\[0\].__cell__/HI
 decode_stage.rf.tgrp_rf1/BLOCK\[0\].RAM32.SLICE_16\[0\].RAM16.TIE0\[1\].__cell__/HI
 decode_stage.rf.tgrp_rf1/BLOCK\[0\].RAM32.SLICE_16\[0\].RAM16.TIE0\[2\].__cell__/HI
 decode_stage.rf.tgrp_rf1/BLOCK\[0\].RAM32.SLICE_16\[0\].RAM16.TIE0\[3\].__cell__/HI
 decode_stage.rf.tgrp_rf1/BLOCK\[0\].RAM32.SLICE_16\[1\].RAM16.TIE0\[0\].__cell__/HI
 decode_stage.rf.tgrp_rf1/BLOCK\[0\].RAM32.SLICE_16\[1\].RAM16.TIE0\[1\].__cell__/HI
 decode_stage.rf.tgrp_rf1/BLOCK\[0\].RAM32.SLICE_16\[1\].RAM16.TIE0\[2\].__cell__/HI
 decode_stage.rf.tgrp_rf1/BLOCK\[0\].RAM32.SLICE_16\[1\].RAM16.TIE0\[3\].__cell__/HI
 decode_stage.rf.tgrp_rf1/BLOCK\[1\].RAM32.A1BUF\[0\].__cell__/X
 decode_stage.rf.tgrp_rf1/BLOCK\[1\].RAM32.A1BUF\[1\].__cell__/X
 decode_stage.rf.tgrp_rf1/BLOCK\[1\].RAM32.A1BUF\[2\].__cell__/X
 decode_stage.rf.tgrp_rf1/BLOCK\[1\].RAM32.A1BUF\[3\].__cell__/X
 decode_stage.rf.tgrp_rf1/BLOCK\[1\].RAM32.DEC1.AND0/X
 decode_stage.rf.tgrp_rf1/BLOCK\[1\].RAM32.DEC1.AND1/X
 decode_stage.rf.tgrp_rf1/BLOCK\[1\].RAM32.SLICE_16\[0\].RAM16.TIE0\[0\].__cell__/HI
 decode_stage.rf.tgrp_rf1/BLOCK\[1\].RAM32.SLICE_16\[0\].RAM16.TIE0\[1\].__cell__/HI
 decode_stage.rf.tgrp_rf1/BLOCK\[1\].RAM32.SLICE_16\[0\].RAM16.TIE0\[2\].__cell__/HI
 decode_stage.rf.tgrp_rf1/BLOCK\[1\].RAM32.SLICE_16\[0\].RAM16.TIE0\[3\].__cell__/HI
 decode_stage.rf.tgrp_rf1/BLOCK\[1\].RAM32.SLICE_16\[1\].RAM16.TIE0\[0\].__cell__/HI
 decode_stage.rf.tgrp_rf1/BLOCK\[1\].RAM32.SLICE_16\[1\].RAM16.TIE0\[1\].__cell__/HI
 decode_stage.rf.tgrp_rf1/BLOCK\[1\].RAM32.SLICE_16\[1\].RAM16.TIE0\[2\].__cell__/HI
 decode_stage.rf.tgrp_rf1/BLOCK\[1\].RAM32.SLICE_16\[1\].RAM16.TIE0\[3\].__cell__/HI
 decode_stage.rf.tgrp_rf1/BLOCK\[2\].RAM32.A1BUF\[0\].__cell__/X
 decode_stage.rf.tgrp_rf1/BLOCK\[2\].RAM32.A1BUF\[1\].__cell__/X
 decode_stage.rf.tgrp_rf1/BLOCK\[2\].RAM32.A1BUF\[2\].__cell__/X
 decode_stage.rf.tgrp_rf1/BLOCK\[2\].RAM32.A1BUF\[3\].__cell__/X
 decode_stage.rf.tgrp_rf1/BLOCK\[2\].RAM32.DEC1.AND0/X
 decode_stage.rf.tgrp_rf1/BLOCK\[2\].RAM32.DEC1.AND1/X
 decode_stage.rf.tgrp_rf1/BLOCK\[2\].RAM32.SLICE_16\[0\].RAM16.TIE0\[0\].__cell__/HI
 decode_stage.rf.tgrp_rf1/BLOCK\[2\].RAM32.SLICE_16\[0\].RAM16.TIE0\[1\].__cell__/HI
 decode_stage.rf.tgrp_rf1/BLOCK\[2\].RAM32.SLICE_16\[0\].RAM16.TIE0\[2\].__cell__/HI
 decode_stage.rf.tgrp_rf1/BLOCK\[2\].RAM32.SLICE_16\[0\].RAM16.TIE0\[3\].__cell__/HI
 decode_stage.rf.tgrp_rf1/BLOCK\[2\].RAM32.SLICE_16\[1\].RAM16.TIE0\[0\].__cell__/HI
 decode_stage.rf.tgrp_rf1/BLOCK\[2\].RAM32.SLICE_16\[1\].RAM16.TIE0\[1\].__cell__/HI
 decode_stage.rf.tgrp_rf1/BLOCK\[2\].RAM32.SLICE_16\[1\].RAM16.TIE0\[2\].__cell__/HI
 decode_stage.rf.tgrp_rf1/BLOCK\[2\].RAM32.SLICE_16\[1\].RAM16.TIE0\[3\].__cell__/HI
 decode_stage.rf.tgrp_rf1/BLOCK\[3\].RAM32.A1BUF\[0\].__cell__/X
 decode_stage.rf.tgrp_rf1/BLOCK\[3\].RAM32.A1BUF\[1\].__cell__/X
 decode_stage.rf.tgrp_rf1/BLOCK\[3\].RAM32.A1BUF\[2\].__cell__/X
 decode_stage.rf.tgrp_rf1/BLOCK\[3\].RAM32.A1BUF\[3\].__cell__/X
 decode_stage.rf.tgrp_rf1/BLOCK\[3\].RAM32.DEC1.AND0/X
 decode_stage.rf.tgrp_rf1/BLOCK\[3\].RAM32.DEC1.AND1/X
 decode_stage.rf.tgrp_rf1/BLOCK\[3\].RAM32.SLICE_16\[0\].RAM16.TIE0\[0\].__cell__/HI
 decode_stage.rf.tgrp_rf1/BLOCK\[3\].RAM32.SLICE_16\[0\].RAM16.TIE0\[1\].__cell__/HI
 decode_stage.rf.tgrp_rf1/BLOCK\[3\].RAM32.SLICE_16\[0\].RAM16.TIE0\[2\].__cell__/HI
 decode_stage.rf.tgrp_rf1/BLOCK\[3\].RAM32.SLICE_16\[0\].RAM16.TIE0\[3\].__cell__/HI
 decode_stage.rf.tgrp_rf1/BLOCK\[3\].RAM32.SLICE_16\[1\].RAM16.TIE0\[0\].__cell__/HI
 decode_stage.rf.tgrp_rf1/BLOCK\[3\].RAM32.SLICE_16\[1\].RAM16.TIE0\[1\].__cell__/HI
 decode_stage.rf.tgrp_rf1/BLOCK\[3\].RAM32.SLICE_16\[1\].RAM16.TIE0\[2\].__cell__/HI
 decode_stage.rf.tgrp_rf1/BLOCK\[3\].RAM32.SLICE_16\[1\].RAM16.TIE0\[3\].__cell__/HI
 decode_stage.rf.tgrp_rf1/TIE_ZERO_zero_/HI
 decode_stage.rf.tgrp_rf1_259/LO
 decode_stage.rf.tgrp_rf2/BLOCK\[0\].RAM32.A1BUF\[0\].__cell__/X
 decode_stage.rf.tgrp_rf2/BLOCK\[0\].RAM32.A1BUF\[1\].__cell__/X
 decode_stage.rf.tgrp_rf2/BLOCK\[0\].RAM32.A1BUF\[2\].__cell__/X
 decode_stage.rf.tgrp_rf2/BLOCK\[0\].RAM32.A1BUF\[3\].__cell__/X
 decode_stage.rf.tgrp_rf2/BLOCK\[0\].RAM32.DEC1.AND0/X
 decode_stage.rf.tgrp_rf2/BLOCK\[0\].RAM32.DEC1.AND1/X
 decode_stage.rf.tgrp_rf2/BLOCK\[0\].RAM32.SLICE_16\[0\].RAM16.TIE0\[0\].__cell__/HI
 decode_stage.rf.tgrp_rf2/BLOCK\[0\].RAM32.SLICE_16\[0\].RAM16.TIE0\[1\].__cell__/HI
 decode_stage.rf.tgrp_rf2/BLOCK\[0\].RAM32.SLICE_16\[0\].RAM16.TIE0\[2\].__cell__/HI
 decode_stage.rf.tgrp_rf2/BLOCK\[0\].RAM32.SLICE_16\[0\].RAM16.TIE0\[3\].__cell__/HI
 decode_stage.rf.tgrp_rf2/BLOCK\[0\].RAM32.SLICE_16\[1\].RAM16.TIE0\[0\].__cell__/HI
 decode_stage.rf.tgrp_rf2/BLOCK\[0\].RAM32.SLICE_16\[1\].RAM16.TIE0\[1\].__cell__/HI
 decode_stage.rf.tgrp_rf2/BLOCK\[0\].RAM32.SLICE_16\[1\].RAM16.TIE0\[2\].__cell__/HI
 decode_stage.rf.tgrp_rf2/BLOCK\[0\].RAM32.SLICE_16\[1\].RAM16.TIE0\[3\].__cell__/HI
 decode_stage.rf.tgrp_rf2/BLOCK\[1\].RAM32.A1BUF\[0\].__cell__/X
 decode_stage.rf.tgrp_rf2/BLOCK\[1\].RAM32.A1BUF\[1\].__cell__/X
 decode_stage.rf.tgrp_rf2/BLOCK\[1\].RAM32.A1BUF\[2\].__cell__/X
 decode_stage.rf.tgrp_rf2/BLOCK\[1\].RAM32.A1BUF\[3\].__cell__/X
 decode_stage.rf.tgrp_rf2/BLOCK\[1\].RAM32.DEC1.AND0/X
 decode_stage.rf.tgrp_rf2/BLOCK\[1\].RAM32.DEC1.AND1/X
 decode_stage.rf.tgrp_rf2/BLOCK\[1\].RAM32.SLICE_16\[0\].RAM16.TIE0\[0\].__cell__/HI
 decode_stage.rf.tgrp_rf2/BLOCK\[1\].RAM32.SLICE_16\[0\].RAM16.TIE0\[1\].__cell__/HI
 decode_stage.rf.tgrp_rf2/BLOCK\[1\].RAM32.SLICE_16\[0\].RAM16.TIE0\[2\].__cell__/HI
 decode_stage.rf.tgrp_rf2/BLOCK\[1\].RAM32.SLICE_16\[0\].RAM16.TIE0\[3\].__cell__/HI
 decode_stage.rf.tgrp_rf2/BLOCK\[1\].RAM32.SLICE_16\[1\].RAM16.TIE0\[0\].__cell__/HI
 decode_stage.rf.tgrp_rf2/BLOCK\[1\].RAM32.SLICE_16\[1\].RAM16.TIE0\[1\].__cell__/HI
 decode_stage.rf.tgrp_rf2/BLOCK\[1\].RAM32.SLICE_16\[1\].RAM16.TIE0\[2\].__cell__/HI
 decode_stage.rf.tgrp_rf2/BLOCK\[1\].RAM32.SLICE_16\[1\].RAM16.TIE0\[3\].__cell__/HI
 decode_stage.rf.tgrp_rf2/BLOCK\[2\].RAM32.A1BUF\[0\].__cell__/X
 decode_stage.rf.tgrp_rf2/BLOCK\[2\].RAM32.A1BUF\[1\].__cell__/X
 decode_stage.rf.tgrp_rf2/BLOCK\[2\].RAM32.A1BUF\[2\].__cell__/X
 decode_stage.rf.tgrp_rf2/BLOCK\[2\].RAM32.A1BUF\[3\].__cell__/X
 decode_stage.rf.tgrp_rf2/BLOCK\[2\].RAM32.DEC1.AND0/X
 decode_stage.rf.tgrp_rf2/BLOCK\[2\].RAM32.DEC1.AND1/X
 decode_stage.rf.tgrp_rf2/BLOCK\[2\].RAM32.SLICE_16\[0\].RAM16.TIE0\[0\].__cell__/HI
 decode_stage.rf.tgrp_rf2/BLOCK\[2\].RAM32.SLICE_16\[0\].RAM16.TIE0\[1\].__cell__/HI
 decode_stage.rf.tgrp_rf2/BLOCK\[2\].RAM32.SLICE_16\[0\].RAM16.TIE0\[2\].__cell__/HI
 decode_stage.rf.tgrp_rf2/BLOCK\[2\].RAM32.SLICE_16\[0\].RAM16.TIE0\[3\].__cell__/HI
 decode_stage.rf.tgrp_rf2/BLOCK\[2\].RAM32.SLICE_16\[1\].RAM16.TIE0\[0\].__cell__/HI
 decode_stage.rf.tgrp_rf2/BLOCK\[2\].RAM32.SLICE_16\[1\].RAM16.TIE0\[1\].__cell__/HI
 decode_stage.rf.tgrp_rf2/BLOCK\[2\].RAM32.SLICE_16\[1\].RAM16.TIE0\[2\].__cell__/HI
 decode_stage.rf.tgrp_rf2/BLOCK\[2\].RAM32.SLICE_16\[1\].RAM16.TIE0\[3\].__cell__/HI
 decode_stage.rf.tgrp_rf2/BLOCK\[3\].RAM32.A1BUF\[0\].__cell__/X
 decode_stage.rf.tgrp_rf2/BLOCK\[3\].RAM32.A1BUF\[1\].__cell__/X
 decode_stage.rf.tgrp_rf2/BLOCK\[3\].RAM32.A1BUF\[2\].__cell__/X
 decode_stage.rf.tgrp_rf2/BLOCK\[3\].RAM32.A1BUF\[3\].__cell__/X
 decode_stage.rf.tgrp_rf2/BLOCK\[3\].RAM32.DEC1.AND0/X
 decode_stage.rf.tgrp_rf2/BLOCK\[3\].RAM32.DEC1.AND1/X
 decode_stage.rf.tgrp_rf2/BLOCK\[3\].RAM32.SLICE_16\[0\].RAM16.TIE0\[0\].__cell__/HI
 decode_stage.rf.tgrp_rf2/BLOCK\[3\].RAM32.SLICE_16\[0\].RAM16.TIE0\[1\].__cell__/HI
 decode_stage.rf.tgrp_rf2/BLOCK\[3\].RAM32.SLICE_16\[0\].RAM16.TIE0\[2\].__cell__/HI
 decode_stage.rf.tgrp_rf2/BLOCK\[3\].RAM32.SLICE_16\[0\].RAM16.TIE0\[3\].__cell__/HI
 decode_stage.rf.tgrp_rf2/BLOCK\[3\].RAM32.SLICE_16\[1\].RAM16.TIE0\[0\].__cell__/HI
 decode_stage.rf.tgrp_rf2/BLOCK\[3\].RAM32.SLICE_16\[1\].RAM16.TIE0\[1\].__cell__/HI
 decode_stage.rf.tgrp_rf2/BLOCK\[3\].RAM32.SLICE_16\[1\].RAM16.TIE0\[2\].__cell__/HI
 decode_stage.rf.tgrp_rf2/BLOCK\[3\].RAM32.SLICE_16\[1\].RAM16.TIE0\[3\].__cell__/HI
 decode_stage.rf.tgrp_rf2/TIE_ZERO_zero_/HI
 decode_stage.rf.tgrp_rf2_260/LO
Found 0 partially unannotated drivers.

===========================================================================
max slew violation count 0
max fanout violation count 0
max cap violation count 0
============================================================================

===========================================================================
check_setup -verbose -unconstrained_endpoints -multiple_clock -no_clock -no_input_delay -loops -generated_clocks
===========================================================================
Warning: There are 2 input ports missing set_input_delay.
  rst
  swap_tgrp
Warning: There are 65 unconstrained endpoints.
  pcw[0]
  pcw[10]
  pcw[11]
  pcw[12]
  pcw[13]
  pcw[14]
  pcw[15]
  pcw[16]
  pcw[17]
  pcw[18]
  pcw[19]
  pcw[1]
  pcw[20]
  pcw[21]
  pcw[22]
  pcw[23]
  pcw[24]
  pcw[25]
  pcw[26]
  pcw[27]
  pcw[28]
  pcw[29]
  pcw[2]
  pcw[30]
  pcw[31]
  pcw[3]
  pcw[4]
  pcw[5]
  pcw[6]
  pcw[7]
  pcw[8]
  pcw[9]
  result[0]
  result[10]
  result[11]
  result[12]
  result[13]
  result[14]
  result[15]
  result[16]
  result[17]
  result[18]
  result[19]
  result[1]
  result[20]
  result[21]
  result[22]
  result[23]
  result[24]
  result[25]
  result[26]
  result[27]
  result[28]
  result[29]
  result[2]
  result[30]
  result[31]
  result[3]
  result[4]
  result[5]
  result[6]
  result[7]
  result[8]
  result[9]
  _16770_/D
