Clock: clk
Sources: clk 
Generated: no
Virtual: yes
Propagated: no
Period: 24.000000

===========================================================================
report_clock_properties
============================================================================
Clock                   Period          Waveform
----------------------------------------------------
clk                  24.000000    0.000000 12.000000

===========================================================================
report_clock_latency
============================================================================
Clock clk
rise -> rise
    min     max
0.000000 0.000000 source latency
1.154706         network latency _16377_/CLK
        1.939828 network latency decode_stage.rf.tgrp_rf2/BLOCK[2].RAM32.SLICE_16[1].RAM16.SLICE[0].RAM8.WORD[1].W.BYTE[0].B.BIT[0].genblk1.STORAGE/CLK
---------------
1.154706 1.939828 latency
        0.785123 skew

fall -> fall
    min     max
0.000000 0.000000 source latency
1.244100         network latency _16377_/CLK
        1.807413 network latency decode_stage.rf.tgrp_rf2/BLOCK[3].RAM32.SLICE_16[1].RAM16.SLICE[1].RAM8.WORD[2].W.BYTE[0].B.BIT[0].genblk1.STORAGE/CLK
---------------
1.244100 1.807413 latency
        0.563313 skew



===========================================================================
report_clock_min_period
============================================================================
clk period_min = 5.22 fmax = 191.64
