
===========================================================================
 report_power
============================================================================
======================= max_ff_n40C_1v95 Corner ===================================

Group                    Internal    Switching      Leakage        Total
                            Power        Power        Power        Power (Watts)
------------------------------------------------------------------------
Sequential           6.458231e-03 1.851822e-04 1.676417e-07 6.643581e-03  31.6%
Combinational        6.089303e-04 2.357051e-03 1.975513e-07 2.966179e-03  14.1%
Clock                3.465203e-03 7.927652e-03 1.291926e-07 1.139298e-02  54.2%
Macro                0.000000e+00 0.000000e+00 0.000000e+00 0.000000e+00   0.0%
Pad                  0.000000e+00 0.000000e+00 0.000000e+00 0.000000e+00   0.0%
------------------------------------------------------------------------
Total                1.053315e-02 1.046985e-02 4.944495e-07 2.100350e-02 100.0%
                            50.1%        49.8%         0.0%

