
===========================================================================
 report_power
============================================================================
======================= nom_ss_100C_1v60 Corner ===================================

Group                    Internal    Switching      Leakage        Total
                            Power        Power        Power        Power (Watts)
------------------------------------------------------------------------
Sequential           3.145528e-03 3.256470e-05 1.642976e-04 3.342391e-03  42.0%
Combinational        3.116984e-04 7.641003e-04 1.048733e-04 1.180672e-03  14.8%
Clock                1.044497e-03 2.382334e-03 1.650270e-05 3.443334e-03  43.2%
Macro                0.000000e+00 0.000000e+00 0.000000e+00 0.000000e+00   0.0%
Pad                  0.000000e+00 0.000000e+00 0.000000e+00 0.000000e+00   0.0%
------------------------------------------------------------------------
Total                4.502334e-03 3.178905e-03 2.856895e-04 7.966928e-03 100.0%
                            56.5%        39.9%         3.6%

