
===========================================================================
 report_power
============================================================================
======================= max_ss_100C_1v60 Corner ===================================

Group                    Internal    Switching      Leakage        Total
                            Power        Power        Power        Power (Watts)
------------------------------------------------------------------------
Sequential           3.145528e-03 3.265700e-05 1.642976e-04 3.342483e-03  41.2%
Combinational        3.115963e-04 7.938624e-04 1.048733e-04 1.210332e-03  14.9%
Clock                1.044372e-03 2.506806e-03 1.650270e-05 3.567680e-03  43.9%
Macro                0.000000e+00 0.000000e+00 0.000000e+00 0.000000e+00   0.0%
Pad                  0.000000e+00 0.000000e+00 0.000000e+00 0.000000e+00   0.0%
------------------------------------------------------------------------
Total                4.502079e-03 3.333247e-03 2.856895e-04 8.121016e-03 100.0%
                            55.4%        41.0%         3.5%

