Reading timing models for corner max_tt_025C_1v80…
Reading timing library for the 'max_tt_025C_1v80' corner at '/home/bala/OpenRAM/ciel/sky130/versions/0fe599b2afb6708d281543108caf8310912f54af/sky130A/libs.ref/sky130_fd_sc_hd/lib/sky130_fd_sc_hd__tt_025C_1v80.lib'…
Reading timing library for the 'max_tt_025C_1v80' corner at '/home/bala/git_stuff/summer_internship/syn/RAM128_1RW1R/lib/max_tt_025C_1v80/RAM128_1RW1R__max_tt_025C_1v80.lib'…
Reading timing models for corner min_ss_100C_1v60…
Reading timing library for the 'min_ss_100C_1v60' corner at '/home/bala/OpenRAM/ciel/sky130/versions/0fe599b2afb6708d281543108caf8310912f54af/sky130A/libs.ref/sky130_fd_sc_hd/lib/sky130_fd_sc_hd__ss_100C_1v60.lib'…
Reading timing library for the 'min_ss_100C_1v60' corner at '/home/bala/git_stuff/summer_internship/syn/RAM128_1RW1R/lib/min_ss_100C_1v60/RAM128_1RW1R__min_ss_100C_1v60.lib'…
[WARNING STA-1140] /home/bala/git_stuff/summer_internship/syn/RAM128_1RW1R/lib/min_ss_100C_1v60/RAM128_1RW1R__min_ss_100C_1v60.lib line 1, library RAM128_1RW1R already exists.
Reading timing models for corner nom_tt_025C_1v80…
Reading timing library for the 'nom_tt_025C_1v80' corner at '/home/bala/OpenRAM/ciel/sky130/versions/0fe599b2afb6708d281543108caf8310912f54af/sky130A/libs.ref/sky130_fd_sc_hd/lib/sky130_fd_sc_hd__tt_025C_1v80.lib'…
[WARNING STA-1140] /home/bala/OpenRAM/ciel/sky130/versions/0fe599b2afb6708d281543108caf8310912f54af/sky130A/libs.ref/sky130_fd_sc_hd/lib/sky130_fd_sc_hd__tt_025C_1v80.lib line 1, library sky130_fd_sc_hd__tt_025C_1v80 already exists.
Reading timing library for the 'nom_tt_025C_1v80' corner at '/home/bala/git_stuff/summer_internship/syn/RAM128_1RW1R/lib/nom_tt_025C_1v80/RAM128_1RW1R__nom_tt_025C_1v80.lib'…
[WARNING STA-1140] /home/bala/git_stuff/summer_internship/syn/RAM128_1RW1R/lib/nom_tt_025C_1v80/RAM128_1RW1R__nom_tt_025C_1v80.lib line 1, library RAM128_1RW1R already exists.
Reading timing models for corner max_ff_n40C_1v95…
Reading timing library for the 'max_ff_n40C_1v95' corner at '/home/bala/OpenRAM/ciel/sky130/versions/0fe599b2afb6708d281543108caf8310912f54af/sky130A/libs.ref/sky130_fd_sc_hd/lib/sky130_fd_sc_hd__ff_n40C_1v95.lib'…
Reading timing library for the 'max_ff_n40C_1v95' corner at '/home/bala/git_stuff/summer_internship/syn/RAM128_1RW1R/lib/max_ff_n40C_1v95/RAM128_1RW1R__max_ff_n40C_1v95.lib'…
[WARNING STA-1140] /home/bala/git_stuff/summer_internship/syn/RAM128_1RW1R/lib/max_ff_n40C_1v95/RAM128_1RW1R__max_ff_n40C_1v95.lib line 1, library RAM128_1RW1R already exists.
Reading timing models for corner nom_ff_n40C_1v95…
Reading timing library for the 'nom_ff_n40C_1v95' corner at '/home/bala/OpenRAM/ciel/sky130/versions/0fe599b2afb6708d281543108caf8310912f54af/sky130A/libs.ref/sky130_fd_sc_hd/lib/sky130_fd_sc_hd__ff_n40C_1v95.lib'…
[WARNING STA-1140] /home/bala/OpenRAM/ciel/sky130/versions/0fe599b2afb6708d281543108caf8310912f54af/sky130A/libs.ref/sky130_fd_sc_hd/lib/sky130_fd_sc_hd__ff_n40C_1v95.lib line 1, library sky130_fd_sc_hd__ff_n40C_1v95 already exists.
Reading timing library for the 'nom_ff_n40C_1v95' corner at '/home/bala/git_stuff/summer_internship/syn/RAM128_1RW1R/lib/nom_ff_n40C_1v95/RAM128_1RW1R__nom_ff_n40C_1v95.lib'…
[WARNING STA-1140] /home/bala/git_stuff/summer_internship/syn/RAM128_1RW1R/lib/nom_ff_n40C_1v95/RAM128_1RW1R__nom_ff_n40C_1v95.lib line 1, library RAM128_1RW1R already exists.
Reading timing models for corner max_ss_100C_1v60…
Reading timing library for the 'max_ss_100C_1v60' corner at '/home/bala/OpenRAM/ciel/sky130/versions/0fe599b2afb6708d281543108caf8310912f54af/sky130A/libs.ref/sky130_fd_sc_hd/lib/sky130_fd_sc_hd__ss_100C_1v60.lib'…
[WARNING STA-1140] /home/bala/OpenRAM/ciel/sky130/versions/0fe599b2afb6708d281543108caf8310912f54af/sky130A/libs.ref/sky130_fd_sc_hd/lib/sky130_fd_sc_hd__ss_100C_1v60.lib line 1, library sky130_fd_sc_hd__ss_100C_1v60 already exists.
Reading timing library for the 'max_ss_100C_1v60' corner at '/home/bala/git_stuff/summer_internship/syn/RAM128_1RW1R/lib/max_ss_100C_1v60/RAM128_1RW1R__max_ss_100C_1v60.lib'…
[WARNING STA-1140] /home/bala/git_stuff/summer_internship/syn/RAM128_1RW1R/lib/max_ss_100C_1v60/RAM128_1RW1R__max_ss_100C_1v60.lib line 1, library RAM128_1RW1R already exists.
Reading timing models for corner min_tt_025C_1v80…
Reading timing library for the 'min_tt_025C_1v80' corner at '/home/bala/OpenRAM/ciel/sky130/versions/0fe599b2afb6708d281543108caf8310912f54af/sky130A/libs.ref/sky130_fd_sc_hd/lib/sky130_fd_sc_hd__tt_025C_1v80.lib'…
[WARNING STA-1140] /home/bala/OpenRAM/ciel/sky130/versions/0fe599b2afb6708d281543108caf8310912f54af/sky130A/libs.ref/sky130_fd_sc_hd/lib/sky130_fd_sc_hd__tt_025C_1v80.lib line 1, library sky130_fd_sc_hd__tt_025C_1v80 already exists.
Reading timing library for the 'min_tt_025C_1v80' corner at '/home/bala/git_stuff/summer_internship/syn/RAM128_1RW1R/lib/min_tt_025C_1v80/RAM128_1RW1R__min_tt_025C_1v80.lib'…
[WARNING STA-1140] /home/bala/git_stuff/summer_internship/syn/RAM128_1RW1R/lib/min_tt_025C_1v80/RAM128_1RW1R__min_tt_025C_1v80.lib line 1, library RAM128_1RW1R already exists.
Reading timing models for corner nom_ss_100C_1v60…
Reading timing library for the 'nom_ss_100C_1v60' corner at '/home/bala/OpenRAM/ciel/sky130/versions/0fe599b2afb6708d281543108caf8310912f54af/sky130A/libs.ref/sky130_fd_sc_hd/lib/sky130_fd_sc_hd__ss_100C_1v60.lib'…
[WARNING STA-1140] /home/bala/OpenRAM/ciel/sky130/versions/0fe599b2afb6708d281543108caf8310912f54af/sky130A/libs.ref/sky130_fd_sc_hd/lib/sky130_fd_sc_hd__ss_100C_1v60.lib line 1, library sky130_fd_sc_hd__ss_100C_1v60 already exists.
Reading timing library for the 'nom_ss_100C_1v60' corner at '/home/bala/git_stuff/summer_internship/syn/RAM128_1RW1R/lib/nom_ss_100C_1v60/RAM128_1RW1R__nom_ss_100C_1v60.lib'…
[WARNING STA-1140] /home/bala/git_stuff/summer_internship/syn/RAM128_1RW1R/lib/nom_ss_100C_1v60/RAM128_1RW1R__nom_ss_100C_1v60.lib line 1, library RAM128_1RW1R already exists.
Reading timing models for corner min_ff_n40C_1v95…
Reading timing library for the 'min_ff_n40C_1v95' corner at '/home/bala/OpenRAM/ciel/sky130/versions/0fe599b2afb6708d281543108caf8310912f54af/sky130A/libs.ref/sky130_fd_sc_hd/lib/sky130_fd_sc_hd__ff_n40C_1v95.lib'…
[WARNING STA-1140] /home/bala/OpenRAM/ciel/sky130/versions/0fe599b2afb6708d281543108caf8310912f54af/sky130A/libs.ref/sky130_fd_sc_hd/lib/sky130_fd_sc_hd__ff_n40C_1v95.lib line 1, library sky130_fd_sc_hd__ff_n40C_1v95 already exists.
Reading timing library for the 'min_ff_n40C_1v95' corner at '/home/bala/git_stuff/summer_internship/syn/RAM128_1RW1R/lib/min_ff_n40C_1v95/RAM128_1RW1R__min_ff_n40C_1v95.lib'…
[WARNING STA-1140] /home/bala/git_stuff/summer_internship/syn/RAM128_1RW1R/lib/min_ff_n40C_1v95/RAM128_1RW1R__min_ff_n40C_1v95.lib line 1, library RAM128_1RW1R already exists.
Reading OpenROAD database at '/home/bala/git_stuff/summer_internship/syn/librelane/runs/full_flow/38-openroad-globalrouting/mt_cpu.odb'…
Reading design constraints file at '/home/bala/git_stuff/summer_internship/syn/librelane/cons.sdc'…
[INFO] No information on clock propagation in input SDC file-- propagating all clocks.
[INFO] Setting RC values…
[INFO] Setting signal min routing layer to: met1 and clock min routing layer to met1. 
[INFO] Setting signal max routing layer to: met5 and clock max routing layer to met5. 
-congestion_iterations 50 -verbose
[INFO GRT-0020] Min routing layer: met1
[INFO GRT-0021] Max routing layer: met5
[INFO GRT-0022] Global adjustment: 30%
[INFO GRT-0023] Grid origin: (0, 0)
[INFO GRT-0043] No OR_DEFAULT vias defined.
[INFO GRT-0088] Layer li1     Track-Pitch = 0.4600  line-2-Via Pitch: 0.3400
[INFO GRT-0088] Layer met1    Track-Pitch = 0.3400  line-2-Via Pitch: 0.3400
[INFO GRT-0088] Layer met2    Track-Pitch = 0.4600  line-2-Via Pitch: 0.3500
[INFO GRT-0088] Layer met3    Track-Pitch = 0.6800  line-2-Via Pitch: 0.6150
[INFO GRT-0088] Layer met4    Track-Pitch = 0.9200  line-2-Via Pitch: 1.0400
[INFO GRT-0088] Layer met5    Track-Pitch = 3.4000  line-2-Via Pitch: 3.1100
[INFO GRT-0019] Found 214 clock nets.
[INFO GRT-0001] Minimum degree: 2
[INFO GRT-0002] Maximum degree: 70
[INFO GRT-0003] Macros: 2
[INFO GRT-0043] No OR_DEFAULT vias defined.
[INFO GRT-0004] Blockages: 41936

[INFO GRT-0053] Routing resources analysis:
          Routing      Original      Derated      Resource
Layer     Direction    Resources     Resources    Reduction (%)
---------------------------------------------------------------
li1        Vertical            0             0          0.00%
met1       Horizontal     562937        171013          69.62%
met2       Vertical       420855        169357          59.76%
met3       Horizontal     281385        119173          57.65%
met4       Vertical       168510         65609          61.07%
met5       Horizontal      56277         16697          70.33%
---------------------------------------------------------------

[INFO GRT-0101] Running extra iterations to remove overflow.
[INFO GRT-0197] Via related to pin nodes: 76793
[INFO GRT-0198] Via related Steiner nodes: 2722
[INFO GRT-0199] Via filling finished.
[INFO GRT-0111] Final number of vias: 101117
[INFO GRT-0112] Final usage 3D: 392677

[INFO GRT-0096] Final congestion report:
Layer         Resource        Demand        Usage (%)    Max H / Max V / Total Overflow
---------------------------------------------------------------------------------------
li1                  0             0            0.00%             0 /  0 /  0
met1            171013         40956           23.95%             0 /  0 /  0
met2            169357         35454           20.93%             0 /  0 /  0
met3            119173          8597            7.21%             0 /  0 /  0
met4             65609          4288            6.54%             0 /  0 /  0
met5             16697            31            0.19%             0 /  0 /  0
---------------------------------------------------------------------------------------
Total           541849         89326           16.49%             0 /  0 /  0

[INFO GRT-0018] Total wirelength: 880805 um
[INFO GRT-0014] Routed nets: 10992
[INFO RSZ-0058] Using max wire length 6335um.
Iteration | Resized | Buffers | Nets repaired | Remaining
---------------------------------------------------------
        0 |       0 |       0 |             0 |     11152
      100 |       0 |       0 |             0 |     11052
      200 |       0 |       0 |             0 |     10952
      300 |       0 |       0 |             0 |     10852
      400 |       0 |       0 |             0 |     10752
      500 |       0 |       0 |             0 |     10652
      600 |       0 |       0 |             0 |     10552
      700 |       0 |       0 |             0 |     10452
      800 |       0 |       0 |             0 |     10352
      900 |       0 |       0 |             0 |     10252
     1000 |       0 |       0 |             0 |     10152
     1100 |       0 |       0 |             0 |     10052
     1200 |       0 |       0 |             0 |      9952
     1300 |       0 |       0 |             0 |      9852
     1400 |       0 |       0 |             0 |      9752
     1500 |       0 |       0 |             0 |      9652
     1600 |       0 |       0 |             0 |      9552
     1700 |       0 |       0 |             0 |      9452
     1800 |       0 |       0 |             0 |      9352
     1900 |       0 |       0 |             0 |      9252
     2000 |       0 |       0 |             0 |      9152
     2100 |       0 |       0 |             0 |      9052
     2200 |       0 |       0 |             0 |      8952
     2300 |       0 |       0 |             0 |      8852
     2400 |       0 |       0 |             0 |      8752
     2500 |       0 |       0 |             0 |      8652
     2600 |       0 |       0 |             0 |      8552
     2700 |       0 |       0 |             0 |      8452
     2800 |       0 |       0 |             0 |      8352
     2900 |       0 |       0 |             0 |      8252
     3000 |       0 |       0 |             0 |      8152
     3100 |       0 |       0 |             0 |      8052
     3200 |       0 |       0 |             0 |      7952
     3300 |       0 |       0 |             0 |      7852
     3400 |       0 |       0 |             0 |      7752
     3500 |       0 |       0 |             0 |      7652
     3600 |       0 |       0 |             0 |      7552
     3700 |       0 |       0 |             0 |      7452
     3800 |       0 |       0 |             0 |      7352
     3900 |       0 |       0 |             0 |      7252
     4000 |       0 |       0 |             0 |      7152
     4100 |       0 |       0 |             0 |      7052
     4200 |       0 |       0 |             0 |      6952
     4300 |       0 |       0 |             0 |      6852
     4400 |       0 |       0 |             1 |      6752
     4500 |       0 |       0 |             1 |      6652
     4600 |       0 |       0 |             1 |      6552
     4700 |       0 |       0 |             1 |      6452
     4800 |       0 |       0 |             1 |      6352
     4900 |       0 |       0 |             1 |      6252
     5000 |       0 |       0 |             1 |      6152
     5100 |       0 |       0 |             1 |      6052
     5200 |       0 |       0 |             1 |      5952
     5300 |       0 |       0 |             1 |      5852
     5400 |       0 |       0 |             1 |      5752
     5500 |       0 |       0 |             1 |      5652
     5600 |       0 |       0 |             1 |      5552
     5700 |       0 |       0 |             1 |      5452
     5800 |       0 |       0 |             1 |      5352
     5900 |       0 |       0 |             1 |      5252
     6000 |       0 |       0 |             1 |      5152
     6100 |       0 |       0 |             1 |      5052
     6200 |       0 |       0 |             1 |      4952
     6300 |       0 |       0 |             1 |      4852
     6400 |       0 |       0 |             1 |      4752
     6500 |       0 |       0 |             1 |      4652
     6600 |       0 |       0 |             1 |      4552
     6700 |       0 |       0 |             1 |      4452
     6800 |       0 |       0 |             1 |      4352
     6900 |       0 |       0 |             1 |      4252
     7000 |       0 |       0 |             1 |      4152
     7100 |       0 |       0 |             1 |      4052
     7200 |       0 |       0 |             1 |      3952
     7300 |       0 |       0 |             1 |      3852
     7400 |       0 |       0 |             1 |      3752
     7500 |       0 |       0 |             1 |      3652
     7600 |       0 |       0 |             1 |      3552
     7700 |       0 |       0 |             1 |      3452
     7800 |       0 |       0 |             1 |      3352
     7900 |       0 |       0 |             1 |      3252
     8000 |       0 |       0 |             1 |      3152
     8100 |       0 |       0 |             1 |      3052
     8200 |       0 |       0 |             1 |      2952
     8300 |       0 |       0 |             1 |      2852
     8400 |       0 |       0 |             1 |      2752
     8500 |       0 |       0 |             1 |      2652
     8600 |       0 |       0 |             1 |      2552
     8700 |       0 |       0 |             1 |      2452
     8800 |       0 |       0 |             1 |      2352
     8900 |       0 |       0 |             1 |      2252
     9000 |       0 |       0 |             1 |      2152
     9100 |       0 |       0 |             1 |      2052
     9200 |       0 |       0 |             1 |      1952
     9300 |       0 |       0 |             1 |      1852
     9400 |       0 |       0 |             1 |      1752
     9500 |       0 |       0 |             1 |      1652
     9600 |       0 |       0 |             1 |      1552
     9700 |       0 |       0 |             1 |      1452
     9800 |       0 |       0 |             1 |      1352
     9900 |       0 |       0 |             1 |      1252
    10000 |       0 |       0 |             1 |      1152
    10100 |       0 |       0 |             1 |      1052
    10200 |       0 |       0 |             1 |       952
    10300 |       0 |       0 |             1 |       852
    10400 |       0 |       0 |             1 |       752
    10500 |       0 |       0 |             1 |       652
    10600 |       0 |       0 |             1 |       552
    10700 |       0 |       0 |             1 |       452
    10800 |       0 |       0 |             1 |       352
    10900 |       0 |       0 |             1 |       252
    11000 |       0 |       0 |             1 |       152
    11100 |       0 |       0 |             1 |        52
    final |       0 |       0 |             1 |         0
---------------------------------------------------------
[INFO RSZ-0034] Found 2 slew violations.
Placement Analysis
---------------------------------
total displacement          0.0 u
average displacement        0.0 u
max displacement            0.0 u
original HPWL          488968.3 u
legalized HPWL         498047.2 u
delta HPWL                    2 %

[INFO DPL-0020] Mirrored 3342 instances
[INFO DPL-0021] HPWL before          498047.2 u
[INFO DPL-0022] HPWL after           488968.3 u
[INFO DPL-0023] HPWL delta               -1.8 %
-congestion_iterations 50 -verbose
[INFO GRT-0020] Min routing layer: met1
[INFO GRT-0021] Max routing layer: met5
[INFO GRT-0022] Global adjustment: 30%
[INFO GRT-0023] Grid origin: (0, 0)
[INFO GRT-0043] No OR_DEFAULT vias defined.
[INFO GRT-0088] Layer li1     Track-Pitch = 0.4600  line-2-Via Pitch: 0.3400
[INFO GRT-0088] Layer met1    Track-Pitch = 0.3400  line-2-Via Pitch: 0.3400
[INFO GRT-0088] Layer met2    Track-Pitch = 0.4600  line-2-Via Pitch: 0.3500
[INFO GRT-0088] Layer met3    Track-Pitch = 0.6800  line-2-Via Pitch: 0.6150
[INFO GRT-0088] Layer met4    Track-Pitch = 0.9200  line-2-Via Pitch: 1.0400
[INFO GRT-0088] Layer met5    Track-Pitch = 3.4000  line-2-Via Pitch: 3.1100
[INFO GRT-0019] Found 214 clock nets.
[INFO GRT-0001] Minimum degree: 2
[INFO GRT-0002] Maximum degree: 70
[INFO GRT-0003] Macros: 2
[INFO GRT-0043] No OR_DEFAULT vias defined.
[INFO GRT-0004] Blockages: 41936

[INFO GRT-0053] Routing resources analysis:
          Routing      Original      Derated      Resource
Layer     Direction    Resources     Resources    Reduction (%)
---------------------------------------------------------------
li1        Vertical            0             0          0.00%
met1       Horizontal     562937        171013          69.62%
met2       Vertical       420855        169357          59.76%
met3       Horizontal     281385        119173          57.65%
met4       Vertical       168510         65609          61.07%
met5       Horizontal      56277         16697          70.33%
---------------------------------------------------------------

[INFO GRT-0101] Running extra iterations to remove overflow.
[INFO GRT-0197] Via related to pin nodes: 76793
[INFO GRT-0198] Via related Steiner nodes: 2722
[INFO GRT-0199] Via filling finished.
[INFO GRT-0111] Final number of vias: 101117
[INFO GRT-0112] Final usage 3D: 392677

[INFO GRT-0096] Final congestion report:
Layer         Resource        Demand        Usage (%)    Max H / Max V / Total Overflow
---------------------------------------------------------------------------------------
li1                  0             0            0.00%             0 /  0 /  0
met1            171013         40956           23.95%             0 /  0 /  0
met2            169357         35454           20.93%             0 /  0 /  0
met3            119173          8597            7.21%             0 /  0 /  0
met4             65609          4288            6.54%             0 /  0 /  0
met5             16697            31            0.19%             0 /  0 /  0
---------------------------------------------------------------------------------------
Total           541849         89326           16.49%             0 /  0 /  0

[INFO GRT-0018] Total wirelength: 880805 um
[INFO GRT-0014] Routed nets: 10992
Setting global connections for newly added cells…
[INFO] Setting global connections...
Updating metrics…
Cell type report:                       Count       Area
  Macro                                     2  516115.00
  Fill cell                              1682    6313.56
  Tap cell                              10489   13123.84
  Buffer                                    2      10.01
  Clock buffer                            244    3350.71
  Timing Repair Buffer                    258    2751.39
  Inverter                                116     563.04
  Clock inverter                          127    1797.97
  Sequential cell                        2794   56370.31
  Multi-Input combinational cell         7478   73170.18
  Total                                 23192  673566.00
Writing OpenROAD database to '/home/bala/git_stuff/summer_internship/syn/librelane/runs/full_flow/40-openroad-repairdesignpostgrt/mt_cpu.odb'…
Writing netlist to '/home/bala/git_stuff/summer_internship/syn/librelane/runs/full_flow/40-openroad-repairdesignpostgrt/mt_cpu.nl.v'…
Writing powered netlist to '/home/bala/git_stuff/summer_internship/syn/librelane/runs/full_flow/40-openroad-repairdesignpostgrt/mt_cpu.pnl.v'…
Writing layout to '/home/bala/git_stuff/summer_internship/syn/librelane/runs/full_flow/40-openroad-repairdesignpostgrt/mt_cpu.def'…
Writing timing constraints to '/home/bala/git_stuff/summer_internship/syn/librelane/runs/full_flow/40-openroad-repairdesignpostgrt/mt_cpu.sdc'…
