
===========================================================================
 report_power
============================================================================
======================= nom_ss_100C_1v60 Corner ===================================

Group                    Internal    Switching      Leakage        Total
                            Power        Power        Power        Power (Watts)
------------------------------------------------------------------------
Sequential           3.130363e-03 3.173585e-05 4.188070e-05 3.203979e-03   0.0%
Combinational        7.243664e-04 6.276310e-04 4.853424e-05 1.400532e-03   0.0%
Clock                0.000000e+00 0.000000e+00 0.000000e+00 0.000000e+00   0.0%
Macro                9.380528e+04 0.000000e+00 1.973600e-05 9.380528e+04 100.0%
Pad                  0.000000e+00 0.000000e+00 0.000000e+00 0.000000e+00   0.0%
------------------------------------------------------------------------
Total                9.380528e+04 6.593671e-04 1.101553e-04 9.380528e+04 100.0%
                           100.0%         0.0%         0.0%

