
===========================================================================
 report_power
============================================================================
======================= min_ss_100C_1v60 Corner ===================================

Group                    Internal    Switching      Leakage        Total
                            Power        Power        Power        Power (Watts)
------------------------------------------------------------------------
Sequential           3.145528e-03 3.244034e-05 1.642976e-04 3.342266e-03  43.4%
Combinational        3.118523e-04 7.251517e-04 1.048733e-04 1.141877e-03  14.8%
Clock                1.044575e-03 2.162640e-03 1.650270e-05 3.223719e-03  41.8%
Macro                0.000000e+00 0.000000e+00 0.000000e+00 0.000000e+00   0.0%
Pad                  0.000000e+00 0.000000e+00 0.000000e+00 0.000000e+00   0.0%
------------------------------------------------------------------------
Total                4.502674e-03 2.920138e-03 2.856895e-04 7.708501e-03 100.0%
                            58.4%        37.9%         3.7%

