
41. Executing PROC_DLATCH pass (convert process syncs to latches).
No latch inferred for signal `\imm_ext.\imm_val' from process `\imm_ext.$proc$/home/bala/git_stuff/internship/src/imm_ext.v:29$118'.
No latch inferred for signal `$paramod$044900e1b4fa5b9559e7811e39900d4884c9d23c\mt_pc.\pc' from process `$paramod$044900e1b4fa5b9559e7811e39900d4884c9d23c\mt_pc.$proc$/home/bala/git_stuff/internship/src/mt_pc.v:27$38'.
No latch inferred for signal `$paramod\mux3\DATA_WIDTH=s32'00000000000000000000000000100000.\out' from process `$paramod\mux3\DATA_WIDTH=s32'00000000000000000000000000100000.$proc$/home/bala/git_stuff/internship/src/mux3.v:9$460'.
No latch inferred for signal `$paramod$8f8ad6f66fc1eaece2158e220bf0932247e58fe2\data_memory.\i' from process `$paramod$8f8ad6f66fc1eaece2158e220bf0932247e58fe2\data_memory.$proc$/home/bala/git_stuff/internship/src/data_memory.v:0$395'.
No latch inferred for signal `$paramod$8f8ad6f66fc1eaece2158e220bf0932247e58fe2\data_memory.$memwr$\ram$/home/bala/git_stuff/internship/src/data_memory.v:25$166_EN' from process `$paramod$8f8ad6f66fc1eaece2158e220bf0932247e58fe2\data_memory.$proc$/home/bala/git_stuff/internship/src/data_memory.v:0$395'.
No latch inferred for signal `$paramod$8f8ad6f66fc1eaece2158e220bf0932247e58fe2\data_memory.$memwr$\ram$/home/bala/git_stuff/internship/src/data_memory.v:25$167_EN' from process `$paramod$8f8ad6f66fc1eaece2158e220bf0932247e58fe2\data_memory.$proc$/home/bala/git_stuff/internship/src/data_memory.v:0$395'.
No latch inferred for signal `$paramod$8f8ad6f66fc1eaece2158e220bf0932247e58fe2\data_memory.$memwr$\ram$/home/bala/git_stuff/internship/src/data_memory.v:25$168_EN' from process `$paramod$8f8ad6f66fc1eaece2158e220bf0932247e58fe2\data_memory.$proc$/home/bala/git_stuff/internship/src/data_memory.v:0$395'.
No latch inferred for signal `$paramod$8f8ad6f66fc1eaece2158e220bf0932247e58fe2\data_memory.$memwr$\ram$/home/bala/git_stuff/internship/src/data_memory.v:25$169_EN' from process `$paramod$8f8ad6f66fc1eaece2158e220bf0932247e58fe2\data_memory.$proc$/home/bala/git_stuff/internship/src/data_memory.v:0$395'.
No latch inferred for signal `$paramod$8f8ad6f66fc1eaece2158e220bf0932247e58fe2\data_memory.$memwr$\ram$/home/bala/git_stuff/internship/src/data_memory.v:25$170_EN' from process `$paramod$8f8ad6f66fc1eaece2158e220bf0932247e58fe2\data_memory.$proc$/home/bala/git_stuff/internship/src/data_memory.v:0$395'.
No latch inferred for signal `$paramod$8f8ad6f66fc1eaece2158e220bf0932247e58fe2\data_memory.$memwr$\ram$/home/bala/git_stuff/internship/src/data_memory.v:25$171_EN' from process `$paramod$8f8ad6f66fc1eaece2158e220bf0932247e58fe2\data_memory.$proc$/home/bala/git_stuff/internship/src/data_memory.v:0$395'.
No latch inferred for signal `$paramod$8f8ad6f66fc1eaece2158e220bf0932247e58fe2\data_memory.$memwr$\ram$/home/bala/git_stuff/internship/src/data_memory.v:25$172_EN' from process `$paramod$8f8ad6f66fc1eaece2158e220bf0932247e58fe2\data_memory.$proc$/home/bala/git_stuff/internship/src/data_memory.v:0$395'.
No latch inferred for signal `$paramod$8f8ad6f66fc1eaece2158e220bf0932247e58fe2\data_memory.$memwr$\ram$/home/bala/git_stuff/internship/src/data_memory.v:25$173_EN' from process `$paramod$8f8ad6f66fc1eaece2158e220bf0932247e58fe2\data_memory.$proc$/home/bala/git_stuff/internship/src/data_memory.v:0$395'.
No latch inferred for signal `$paramod$8f8ad6f66fc1eaece2158e220bf0932247e58fe2\data_memory.$memwr$\ram$/home/bala/git_stuff/internship/src/data_memory.v:25$174_EN' from process `$paramod$8f8ad6f66fc1eaece2158e220bf0932247e58fe2\data_memory.$proc$/home/bala/git_stuff/internship/src/data_memory.v:0$395'.
No latch inferred for signal `$paramod$8f8ad6f66fc1eaece2158e220bf0932247e58fe2\data_memory.$memwr$\ram$/home/bala/git_stuff/internship/src/data_memory.v:25$175_EN' from process `$paramod$8f8ad6f66fc1eaece2158e220bf0932247e58fe2\data_memory.$proc$/home/bala/git_stuff/internship/src/data_memory.v:0$395'.
No latch inferred for signal `$paramod$8f8ad6f66fc1eaece2158e220bf0932247e58fe2\data_memory.$memwr$\ram$/home/bala/git_stuff/internship/src/data_memory.v:25$176_EN' from process `$paramod$8f8ad6f66fc1eaece2158e220bf0932247e58fe2\data_memory.$proc$/home/bala/git_stuff/internship/src/data_memory.v:0$395'.
No latch inferred for signal `$paramod$8f8ad6f66fc1eaece2158e220bf0932247e58fe2\data_memory.$memwr$\ram$/home/bala/git_stuff/internship/src/data_memory.v:25$177_EN' from process `$paramod$8f8ad6f66fc1eaece2158e220bf0932247e58fe2\data_memory.$proc$/home/bala/git_stuff/internship/src/data_memory.v:0$395'.
No latch inferred for signal `$paramod$8f8ad6f66fc1eaece2158e220bf0932247e58fe2\data_memory.$memwr$\ram$/home/bala/git_stuff/internship/src/data_memory.v:25$178_EN' from process `$paramod$8f8ad6f66fc1eaece2158e220bf0932247e58fe2\data_memory.$proc$/home/bala/git_stuff/internship/src/data_memory.v:0$395'.
No latch inferred for signal `$paramod$8f8ad6f66fc1eaece2158e220bf0932247e58fe2\data_memory.$memwr$\ram$/home/bala/git_stuff/internship/src/data_memory.v:25$179_EN' from process `$paramod$8f8ad6f66fc1eaece2158e220bf0932247e58fe2\data_memory.$proc$/home/bala/git_stuff/internship/src/data_memory.v:0$395'.
No latch inferred for signal `$paramod$8f8ad6f66fc1eaece2158e220bf0932247e58fe2\data_memory.$memwr$\ram$/home/bala/git_stuff/internship/src/data_memory.v:25$180_EN' from process `$paramod$8f8ad6f66fc1eaece2158e220bf0932247e58fe2\data_memory.$proc$/home/bala/git_stuff/internship/src/data_memory.v:0$395'.
No latch inferred for signal `$paramod$8f8ad6f66fc1eaece2158e220bf0932247e58fe2\data_memory.$memwr$\ram$/home/bala/git_stuff/internship/src/data_memory.v:25$181_EN' from process `$paramod$8f8ad6f66fc1eaece2158e220bf0932247e58fe2\data_memory.$proc$/home/bala/git_stuff/internship/src/data_memory.v:0$395'.
No latch inferred for signal `$paramod$8f8ad6f66fc1eaece2158e220bf0932247e58fe2\data_memory.$memwr$\ram$/home/bala/git_stuff/internship/src/data_memory.v:25$182_EN' from process `$paramod$8f8ad6f66fc1eaece2158e220bf0932247e58fe2\data_memory.$proc$/home/bala/git_stuff/internship/src/data_memory.v:0$395'.
No latch inferred for signal `$paramod$8f8ad6f66fc1eaece2158e220bf0932247e58fe2\data_memory.$memwr$\ram$/home/bala/git_stuff/internship/src/data_memory.v:25$183_EN' from process `$paramod$8f8ad6f66fc1eaece2158e220bf0932247e58fe2\data_memory.$proc$/home/bala/git_stuff/internship/src/data_memory.v:0$395'.
No latch inferred for signal `$paramod$8f8ad6f66fc1eaece2158e220bf0932247e58fe2\data_memory.$memwr$\ram$/home/bala/git_stuff/internship/src/data_memory.v:25$184_EN' from process `$paramod$8f8ad6f66fc1eaece2158e220bf0932247e58fe2\data_memory.$proc$/home/bala/git_stuff/internship/src/data_memory.v:0$395'.
No latch inferred for signal `$paramod$8f8ad6f66fc1eaece2158e220bf0932247e58fe2\data_memory.$memwr$\ram$/home/bala/git_stuff/internship/src/data_memory.v:25$185_EN' from process `$paramod$8f8ad6f66fc1eaece2158e220bf0932247e58fe2\data_memory.$proc$/home/bala/git_stuff/internship/src/data_memory.v:0$395'.
No latch inferred for signal `$paramod$8f8ad6f66fc1eaece2158e220bf0932247e58fe2\data_memory.$memwr$\ram$/home/bala/git_stuff/internship/src/data_memory.v:25$186_EN' from process `$paramod$8f8ad6f66fc1eaece2158e220bf0932247e58fe2\data_memory.$proc$/home/bala/git_stuff/internship/src/data_memory.v:0$395'.
No latch inferred for signal `$paramod$8f8ad6f66fc1eaece2158e220bf0932247e58fe2\data_memory.$memwr$\ram$/home/bala/git_stuff/internship/src/data_memory.v:25$187_EN' from process `$paramod$8f8ad6f66fc1eaece2158e220bf0932247e58fe2\data_memory.$proc$/home/bala/git_stuff/internship/src/data_memory.v:0$395'.
No latch inferred for signal `$paramod$8f8ad6f66fc1eaece2158e220bf0932247e58fe2\data_memory.$memwr$\ram$/home/bala/git_stuff/internship/src/data_memory.v:25$188_EN' from process `$paramod$8f8ad6f66fc1eaece2158e220bf0932247e58fe2\data_memory.$proc$/home/bala/git_stuff/internship/src/data_memory.v:0$395'.
No latch inferred for signal `$paramod$8f8ad6f66fc1eaece2158e220bf0932247e58fe2\data_memory.$memwr$\ram$/home/bala/git_stuff/internship/src/data_memory.v:25$189_EN' from process `$paramod$8f8ad6f66fc1eaece2158e220bf0932247e58fe2\data_memory.$proc$/home/bala/git_stuff/internship/src/data_memory.v:0$395'.
No latch inferred for signal `$paramod$8f8ad6f66fc1eaece2158e220bf0932247e58fe2\data_memory.$memwr$\ram$/home/bala/git_stuff/internship/src/data_memory.v:25$190_EN' from process `$paramod$8f8ad6f66fc1eaece2158e220bf0932247e58fe2\data_memory.$proc$/home/bala/git_stuff/internship/src/data_memory.v:0$395'.
No latch inferred for signal `$paramod$8f8ad6f66fc1eaece2158e220bf0932247e58fe2\data_memory.$memwr$\ram$/home/bala/git_stuff/internship/src/data_memory.v:25$191_EN' from process `$paramod$8f8ad6f66fc1eaece2158e220bf0932247e58fe2\data_memory.$proc$/home/bala/git_stuff/internship/src/data_memory.v:0$395'.
No latch inferred for signal `$paramod$8f8ad6f66fc1eaece2158e220bf0932247e58fe2\data_memory.$memwr$\ram$/home/bala/git_stuff/internship/src/data_memory.v:25$192_EN' from process `$paramod$8f8ad6f66fc1eaece2158e220bf0932247e58fe2\data_memory.$proc$/home/bala/git_stuff/internship/src/data_memory.v:0$395'.
No latch inferred for signal `$paramod$8f8ad6f66fc1eaece2158e220bf0932247e58fe2\data_memory.$memwr$\ram$/home/bala/git_stuff/internship/src/data_memory.v:25$193_EN' from process `$paramod$8f8ad6f66fc1eaece2158e220bf0932247e58fe2\data_memory.$proc$/home/bala/git_stuff/internship/src/data_memory.v:0$395'.
No latch inferred for signal `$paramod$8f8ad6f66fc1eaece2158e220bf0932247e58fe2\data_memory.$memwr$\ram$/home/bala/git_stuff/internship/src/data_memory.v:25$194_EN' from process `$paramod$8f8ad6f66fc1eaece2158e220bf0932247e58fe2\data_memory.$proc$/home/bala/git_stuff/internship/src/data_memory.v:0$395'.
No latch inferred for signal `$paramod$8f8ad6f66fc1eaece2158e220bf0932247e58fe2\data_memory.$memwr$\ram$/home/bala/git_stuff/internship/src/data_memory.v:25$195_EN' from process `$paramod$8f8ad6f66fc1eaece2158e220bf0932247e58fe2\data_memory.$proc$/home/bala/git_stuff/internship/src/data_memory.v:0$395'.
No latch inferred for signal `$paramod$8f8ad6f66fc1eaece2158e220bf0932247e58fe2\data_memory.$memwr$\ram$/home/bala/git_stuff/internship/src/data_memory.v:25$196_EN' from process `$paramod$8f8ad6f66fc1eaece2158e220bf0932247e58fe2\data_memory.$proc$/home/bala/git_stuff/internship/src/data_memory.v:0$395'.
No latch inferred for signal `$paramod$8f8ad6f66fc1eaece2158e220bf0932247e58fe2\data_memory.$memwr$\ram$/home/bala/git_stuff/internship/src/data_memory.v:25$197_EN' from process `$paramod$8f8ad6f66fc1eaece2158e220bf0932247e58fe2\data_memory.$proc$/home/bala/git_stuff/internship/src/data_memory.v:0$395'.
No latch inferred for signal `$paramod$8f8ad6f66fc1eaece2158e220bf0932247e58fe2\data_memory.$memwr$\ram$/home/bala/git_stuff/internship/src/data_memory.v:25$198_EN' from process `$paramod$8f8ad6f66fc1eaece2158e220bf0932247e58fe2\data_memory.$proc$/home/bala/git_stuff/internship/src/data_memory.v:0$395'.
No latch inferred for signal `$paramod$8f8ad6f66fc1eaece2158e220bf0932247e58fe2\data_memory.$memwr$\ram$/home/bala/git_stuff/internship/src/data_memory.v:25$199_EN' from process `$paramod$8f8ad6f66fc1eaece2158e220bf0932247e58fe2\data_memory.$proc$/home/bala/git_stuff/internship/src/data_memory.v:0$395'.
No latch inferred for signal `$paramod$8f8ad6f66fc1eaece2158e220bf0932247e58fe2\data_memory.$memwr$\ram$/home/bala/git_stuff/internship/src/data_memory.v:25$200_EN' from process `$paramod$8f8ad6f66fc1eaece2158e220bf0932247e58fe2\data_memory.$proc$/home/bala/git_stuff/internship/src/data_memory.v:0$395'.
No latch inferred for signal `$paramod$8f8ad6f66fc1eaece2158e220bf0932247e58fe2\data_memory.$memwr$\ram$/home/bala/git_stuff/internship/src/data_memory.v:25$201_EN' from process `$paramod$8f8ad6f66fc1eaece2158e220bf0932247e58fe2\data_memory.$proc$/home/bala/git_stuff/internship/src/data_memory.v:0$395'.
No latch inferred for signal `$paramod$8f8ad6f66fc1eaece2158e220bf0932247e58fe2\data_memory.$memwr$\ram$/home/bala/git_stuff/internship/src/data_memory.v:25$202_EN' from process `$paramod$8f8ad6f66fc1eaece2158e220bf0932247e58fe2\data_memory.$proc$/home/bala/git_stuff/internship/src/data_memory.v:0$395'.
No latch inferred for signal `$paramod$8f8ad6f66fc1eaece2158e220bf0932247e58fe2\data_memory.$memwr$\ram$/home/bala/git_stuff/internship/src/data_memory.v:25$203_EN' from process `$paramod$8f8ad6f66fc1eaece2158e220bf0932247e58fe2\data_memory.$proc$/home/bala/git_stuff/internship/src/data_memory.v:0$395'.
No latch inferred for signal `$paramod$8f8ad6f66fc1eaece2158e220bf0932247e58fe2\data_memory.$memwr$\ram$/home/bala/git_stuff/internship/src/data_memory.v:25$204_EN' from process `$paramod$8f8ad6f66fc1eaece2158e220bf0932247e58fe2\data_memory.$proc$/home/bala/git_stuff/internship/src/data_memory.v:0$395'.
No latch inferred for signal `$paramod$8f8ad6f66fc1eaece2158e220bf0932247e58fe2\data_memory.$memwr$\ram$/home/bala/git_stuff/internship/src/data_memory.v:25$205_EN' from process `$paramod$8f8ad6f66fc1eaece2158e220bf0932247e58fe2\data_memory.$proc$/home/bala/git_stuff/internship/src/data_memory.v:0$395'.
No latch inferred for signal `$paramod$8f8ad6f66fc1eaece2158e220bf0932247e58fe2\data_memory.$memwr$\ram$/home/bala/git_stuff/internship/src/data_memory.v:25$206_EN' from process `$paramod$8f8ad6f66fc1eaece2158e220bf0932247e58fe2\data_memory.$proc$/home/bala/git_stuff/internship/src/data_memory.v:0$395'.
No latch inferred for signal `$paramod$8f8ad6f66fc1eaece2158e220bf0932247e58fe2\data_memory.$memwr$\ram$/home/bala/git_stuff/internship/src/data_memory.v:25$207_EN' from process `$paramod$8f8ad6f66fc1eaece2158e220bf0932247e58fe2\data_memory.$proc$/home/bala/git_stuff/internship/src/data_memory.v:0$395'.
No latch inferred for signal `$paramod$8f8ad6f66fc1eaece2158e220bf0932247e58fe2\data_memory.$memwr$\ram$/home/bala/git_stuff/internship/src/data_memory.v:25$208_EN' from process `$paramod$8f8ad6f66fc1eaece2158e220bf0932247e58fe2\data_memory.$proc$/home/bala/git_stuff/internship/src/data_memory.v:0$395'.
No latch inferred for signal `$paramod$8f8ad6f66fc1eaece2158e220bf0932247e58fe2\data_memory.$memwr$\ram$/home/bala/git_stuff/internship/src/data_memory.v:25$209_EN' from process `$paramod$8f8ad6f66fc1eaece2158e220bf0932247e58fe2\data_memory.$proc$/home/bala/git_stuff/internship/src/data_memory.v:0$395'.
No latch inferred for signal `$paramod$8f8ad6f66fc1eaece2158e220bf0932247e58fe2\data_memory.$memwr$\ram$/home/bala/git_stuff/internship/src/data_memory.v:25$210_EN' from process `$paramod$8f8ad6f66fc1eaece2158e220bf0932247e58fe2\data_memory.$proc$/home/bala/git_stuff/internship/src/data_memory.v:0$395'.
No latch inferred for signal `$paramod$8f8ad6f66fc1eaece2158e220bf0932247e58fe2\data_memory.$memwr$\ram$/home/bala/git_stuff/internship/src/data_memory.v:25$211_EN' from process `$paramod$8f8ad6f66fc1eaece2158e220bf0932247e58fe2\data_memory.$proc$/home/bala/git_stuff/internship/src/data_memory.v:0$395'.
No latch inferred for signal `$paramod$8f8ad6f66fc1eaece2158e220bf0932247e58fe2\data_memory.$memwr$\ram$/home/bala/git_stuff/internship/src/data_memory.v:25$212_EN' from process `$paramod$8f8ad6f66fc1eaece2158e220bf0932247e58fe2\data_memory.$proc$/home/bala/git_stuff/internship/src/data_memory.v:0$395'.
No latch inferred for signal `$paramod$8f8ad6f66fc1eaece2158e220bf0932247e58fe2\data_memory.$memwr$\ram$/home/bala/git_stuff/internship/src/data_memory.v:25$213_EN' from process `$paramod$8f8ad6f66fc1eaece2158e220bf0932247e58fe2\data_memory.$proc$/home/bala/git_stuff/internship/src/data_memory.v:0$395'.
No latch inferred for signal `$paramod$8f8ad6f66fc1eaece2158e220bf0932247e58fe2\data_memory.$memwr$\ram$/home/bala/git_stuff/internship/src/data_memory.v:25$214_EN' from process `$paramod$8f8ad6f66fc1eaece2158e220bf0932247e58fe2\data_memory.$proc$/home/bala/git_stuff/internship/src/data_memory.v:0$395'.
No latch inferred for signal `$paramod$8f8ad6f66fc1eaece2158e220bf0932247e58fe2\data_memory.$memwr$\ram$/home/bala/git_stuff/internship/src/data_memory.v:25$215_EN' from process `$paramod$8f8ad6f66fc1eaece2158e220bf0932247e58fe2\data_memory.$proc$/home/bala/git_stuff/internship/src/data_memory.v:0$395'.
No latch inferred for signal `$paramod$8f8ad6f66fc1eaece2158e220bf0932247e58fe2\data_memory.$memwr$\ram$/home/bala/git_stuff/internship/src/data_memory.v:25$216_EN' from process `$paramod$8f8ad6f66fc1eaece2158e220bf0932247e58fe2\data_memory.$proc$/home/bala/git_stuff/internship/src/data_memory.v:0$395'.
No latch inferred for signal `$paramod$8f8ad6f66fc1eaece2158e220bf0932247e58fe2\data_memory.$memwr$\ram$/home/bala/git_stuff/internship/src/data_memory.v:25$217_EN' from process `$paramod$8f8ad6f66fc1eaece2158e220bf0932247e58fe2\data_memory.$proc$/home/bala/git_stuff/internship/src/data_memory.v:0$395'.
No latch inferred for signal `$paramod$8f8ad6f66fc1eaece2158e220bf0932247e58fe2\data_memory.$memwr$\ram$/home/bala/git_stuff/internship/src/data_memory.v:25$218_EN' from process `$paramod$8f8ad6f66fc1eaece2158e220bf0932247e58fe2\data_memory.$proc$/home/bala/git_stuff/internship/src/data_memory.v:0$395'.
No latch inferred for signal `$paramod$8f8ad6f66fc1eaece2158e220bf0932247e58fe2\data_memory.$memwr$\ram$/home/bala/git_stuff/internship/src/data_memory.v:25$219_EN' from process `$paramod$8f8ad6f66fc1eaece2158e220bf0932247e58fe2\data_memory.$proc$/home/bala/git_stuff/internship/src/data_memory.v:0$395'.
No latch inferred for signal `$paramod$8f8ad6f66fc1eaece2158e220bf0932247e58fe2\data_memory.$memwr$\ram$/home/bala/git_stuff/internship/src/data_memory.v:25$220_EN' from process `$paramod$8f8ad6f66fc1eaece2158e220bf0932247e58fe2\data_memory.$proc$/home/bala/git_stuff/internship/src/data_memory.v:0$395'.
No latch inferred for signal `$paramod$8f8ad6f66fc1eaece2158e220bf0932247e58fe2\data_memory.$memwr$\ram$/home/bala/git_stuff/internship/src/data_memory.v:25$221_EN' from process `$paramod$8f8ad6f66fc1eaece2158e220bf0932247e58fe2\data_memory.$proc$/home/bala/git_stuff/internship/src/data_memory.v:0$395'.
No latch inferred for signal `$paramod$8f8ad6f66fc1eaece2158e220bf0932247e58fe2\data_memory.$memwr$\ram$/home/bala/git_stuff/internship/src/data_memory.v:25$222_EN' from process `$paramod$8f8ad6f66fc1eaece2158e220bf0932247e58fe2\data_memory.$proc$/home/bala/git_stuff/internship/src/data_memory.v:0$395'.
No latch inferred for signal `$paramod$8f8ad6f66fc1eaece2158e220bf0932247e58fe2\data_memory.$memwr$\ram$/home/bala/git_stuff/internship/src/data_memory.v:25$223_EN' from process `$paramod$8f8ad6f66fc1eaece2158e220bf0932247e58fe2\data_memory.$proc$/home/bala/git_stuff/internship/src/data_memory.v:0$395'.
No latch inferred for signal `$paramod$8f8ad6f66fc1eaece2158e220bf0932247e58fe2\data_memory.$memwr$\ram$/home/bala/git_stuff/internship/src/data_memory.v:25$224_EN' from process `$paramod$8f8ad6f66fc1eaece2158e220bf0932247e58fe2\data_memory.$proc$/home/bala/git_stuff/internship/src/data_memory.v:0$395'.
No latch inferred for signal `$paramod$8f8ad6f66fc1eaece2158e220bf0932247e58fe2\data_memory.$memwr$\ram$/home/bala/git_stuff/internship/src/data_memory.v:25$225_EN' from process `$paramod$8f8ad6f66fc1eaece2158e220bf0932247e58fe2\data_memory.$proc$/home/bala/git_stuff/internship/src/data_memory.v:0$395'.
No latch inferred for signal `$paramod$8f8ad6f66fc1eaece2158e220bf0932247e58fe2\data_memory.$memwr$\ram$/home/bala/git_stuff/internship/src/data_memory.v:25$226_EN' from process `$paramod$8f8ad6f66fc1eaece2158e220bf0932247e58fe2\data_memory.$proc$/home/bala/git_stuff/internship/src/data_memory.v:0$395'.
No latch inferred for signal `$paramod$8f8ad6f66fc1eaece2158e220bf0932247e58fe2\data_memory.$memwr$\ram$/home/bala/git_stuff/internship/src/data_memory.v:25$227_EN' from process `$paramod$8f8ad6f66fc1eaece2158e220bf0932247e58fe2\data_memory.$proc$/home/bala/git_stuff/internship/src/data_memory.v:0$395'.
No latch inferred for signal `$paramod$8f8ad6f66fc1eaece2158e220bf0932247e58fe2\data_memory.$memwr$\ram$/home/bala/git_stuff/internship/src/data_memory.v:25$228_EN' from process `$paramod$8f8ad6f66fc1eaece2158e220bf0932247e58fe2\data_memory.$proc$/home/bala/git_stuff/internship/src/data_memory.v:0$395'.
No latch inferred for signal `$paramod$8f8ad6f66fc1eaece2158e220bf0932247e58fe2\data_memory.$memwr$\ram$/home/bala/git_stuff/internship/src/data_memory.v:25$229_EN' from process `$paramod$8f8ad6f66fc1eaece2158e220bf0932247e58fe2\data_memory.$proc$/home/bala/git_stuff/internship/src/data_memory.v:0$395'.
No latch inferred for signal `$paramod$8f8ad6f66fc1eaece2158e220bf0932247e58fe2\data_memory.\read_data_m' from process `$paramod$8f8ad6f66fc1eaece2158e220bf0932247e58fe2\data_memory.$proc$/home/bala/git_stuff/internship/src/data_memory.v:30$240'.
No latch inferred for signal `$paramod\alu\DATA_WIDTH=s32'00000000000000000000000000100000.\res' from process `$paramod\alu\DATA_WIDTH=s32'00000000000000000000000000100000.$proc$/home/bala/git_stuff/internship/src/alu.v:9$153'.
No latch inferred for signal `$paramod\branch_unit\DATA_WIDTH=s32'00000000000000000000000000100000.\branch_result' from process `$paramod\branch_unit\DATA_WIDTH=s32'00000000000000000000000000100000.$proc$/home/bala/git_stuff/internship/src/branch_unit.v:9$146'.
No latch inferred for signal `\control_unit.\alu_controls' from process `\control_unit.$proc$/home/bala/git_stuff/internship/src/control_unit.v:49$142'.
No latch inferred for signal `\control_unit.\controls' from process `\control_unit.$proc$/home/bala/git_stuff/internship/src/control_unit.v:23$141'.
