
===========================================================================
report_checks -unconstrained
===========================================================================
======================= max_tt_025C_1v80 Corner ===================================

Startpoint: _16822_ (rising edge-triggered flip-flop clocked by clk)
Endpoint: _17010_ (rising edge-triggered flip-flop clocked by clk)
Path Group: clk
Path Type: max

Fanout         Cap        Slew       Delay        Time   Description
---------------------------------------------------------------------------------------------
                                  0.000000    0.000000   clock clk (rise edge)
                                  0.000000    0.000000   clock source latency
     4    0.360683    0.000000    0.000000    0.000000 ^ clk (in)
                                                         clk (net)
                      0.270325    0.135162    0.135162 ^ clkbuf_regs_0_clk/A (sky130_fd_sc_hd__clkbuf_16)
     1    0.008359    0.036156    0.186796    0.321958 ^ clkbuf_regs_0_clk/X (sky130_fd_sc_hd__clkbuf_16)
                                                         delaynet_0_clk (net)
                      0.036159    0.000640    0.322598 ^ delaybuf_0_clk/A (sky130_fd_sc_hd__clkbuf_16)
     1    0.008690    0.032220    0.111336    0.433934 ^ delaybuf_0_clk/X (sky130_fd_sc_hd__clkbuf_16)
                                                         delaynet_1_clk (net)
                      0.032221    0.000422    0.434356 ^ delaybuf_1_clk/A (sky130_fd_sc_hd__clkbuf_16)
     1    0.008552    0.032112    0.109722    0.544078 ^ delaybuf_1_clk/X (sky130_fd_sc_hd__clkbuf_16)
                                                         delaynet_2_clk (net)
                      0.032115    0.000671    0.544749 ^ delaybuf_2_clk/A (sky130_fd_sc_hd__clkbuf_16)
     1    0.009948    0.033306    0.111058    0.655807 ^ delaybuf_2_clk/X (sky130_fd_sc_hd__clkbuf_16)
                                                         delaynet_3_clk (net)
                      0.033307    0.000499    0.656306 ^ delaybuf_3_clk/A (sky130_fd_sc_hd__clkbuf_16)
     1    0.009522    0.032949    0.111041    0.767347 ^ delaybuf_3_clk/X (sky130_fd_sc_hd__clkbuf_16)
                                                         delaynet_4_clk (net)
                      0.032952    0.000716    0.768063 ^ delaybuf_4_clk/A (sky130_fd_sc_hd__clkbuf_16)
     3    0.049414    0.068484    0.140641    0.908704 ^ delaybuf_4_clk/X (sky130_fd_sc_hd__clkbuf_16)
                                                         clk_regs (net)
                      0.071582    0.011256    0.919960 ^ clkbuf_0_clk_regs/A (sky130_fd_sc_hd__clkbuf_16)
     9    0.087146    0.105136    0.180951    1.100911 ^ clkbuf_0_clk_regs/X (sky130_fd_sc_hd__clkbuf_16)
                                                         clknet_0_clk_regs (net)
                      0.106907    0.010829    1.111741 ^ clkbuf_2_3_0_clk_regs/A (sky130_fd_sc_hd__clkbuf_8)
     9    0.116982    0.206553    0.262469    1.374210 ^ clkbuf_2_3_0_clk_regs/X (sky130_fd_sc_hd__clkbuf_8)
                                                         clknet_2_3_0_clk_regs (net)
                      0.208017    0.014081    1.388291 ^ clkbuf_4_13_0_clk_regs/A (sky130_fd_sc_hd__clkbuf_8)
    29    0.199149    0.341707    0.387169    1.775460 ^ clkbuf_4_13_0_clk_regs/X (sky130_fd_sc_hd__clkbuf_8)
                                                         clknet_4_13_0_clk_regs (net)
                      0.341988    0.008247    1.783706 ^ clkbuf_leaf_181_clk_regs/A (sky130_fd_sc_hd__clkbuf_8)
    13    0.063210    0.121708    0.273323    2.057029 ^ clkbuf_leaf_181_clk_regs/X (sky130_fd_sc_hd__clkbuf_8)
                                                         clknet_leaf_181_clk_regs (net)
                      0.121894    0.004204    2.061233 ^ _16822_/CLK (sky130_fd_sc_hd__dfxtp_4)
    45    0.239045    0.670687    0.768045    2.829278 ^ _16822_/Q (sky130_fd_sc_hd__dfxtp_4)
                                                         decode_stage.rf.rf1_index1[6] (net)
                      0.672293    0.027896    2.857175 ^ max_cap226/A (sky130_fd_sc_hd__buf_12)
    43    0.270804    0.307786    0.332831    3.190005 ^ max_cap226/X (sky130_fd_sc_hd__buf_12)
                                                         net226 (net)
                      0.352252    0.089547    3.279552 ^ _07505_/A (sky130_fd_sc_hd__clkinv_16)
    51    0.214132    0.182648    0.209215    3.488768 v _07505_/Y (sky130_fd_sc_hd__clkinv_16)
                                                         _04783_ (net)
                      0.187957    0.022352    3.511120 v _09184_/S1 (sky130_fd_sc_hd__mux4_2)
    11    0.043287    0.180408    0.478412    3.989532 v _09184_/X (sky130_fd_sc_hd__mux4_2)
                                                         _05671_ (net)
                      0.180515    0.003959    3.993491 v _09251_/A (sky130_fd_sc_hd__nor2_2)
     3    0.025590    0.289679    0.313681    4.307172 ^ _09251_/Y (sky130_fd_sc_hd__nor2_2)
                                                         _05736_ (net)
                      0.289688    0.001373    4.308545 ^ _09379_/D_N (sky130_fd_sc_hd__or4b_2)
     4    0.018213    0.154064    0.704292    5.012837 v _09379_/X (sky130_fd_sc_hd__or4b_2)
                                                         _05860_ (net)
                      0.154174    0.001603    5.014440 v _09498_/A (sky130_fd_sc_hd__or3_2)
     4    0.016592    0.118448    0.571420    5.585860 v _09498_/X (sky130_fd_sc_hd__or3_2)
                                                         _05975_ (net)
                      0.118518    0.001135    5.586996 v _09615_/A (sky130_fd_sc_hd__or3_4)
     4    0.029156    0.102211    0.464954    6.051950 v _09615_/X (sky130_fd_sc_hd__or3_4)
                                                         _06087_ (net)
                      0.102235    0.001546    6.053496 v _09725_/A (sky130_fd_sc_hd__or3_2)
     4    0.021581    0.131600    0.571563    6.625059 v _09725_/X (sky130_fd_sc_hd__or3_2)
                                                         _06193_ (net)
                      0.131620    0.001637    6.626696 v _09832_/A (sky130_fd_sc_hd__or3_2)
     4    0.018904    0.124428    0.571710    7.198406 v _09832_/X (sky130_fd_sc_hd__or3_2)
                                                         _06296_ (net)
                      0.124460    0.001881    7.200287 v _09933_/A (sky130_fd_sc_hd__or3_2)
     4    0.016005    0.117112    0.559351    7.759638 v _09933_/X (sky130_fd_sc_hd__or3_2)
                                                         _06393_ (net)
                      0.117179    0.001299    7.760937 v _10038_/A (sky130_fd_sc_hd__or3_2)
     4    0.024040    0.138791    0.584308    8.345244 v _10038_/X (sky130_fd_sc_hd__or3_2)
                                                         _06494_ (net)
                      0.138906    0.003625    8.348869 v _10210_/A_N (sky130_fd_sc_hd__and3b_2)
     3    0.032636    0.176691    0.374912    8.723781 ^ _10210_/X (sky130_fd_sc_hd__and3b_2)
                                                         _06659_ (net)
                      0.176722    0.002317    8.726098 ^ _10417_/C (sky130_fd_sc_hd__and4bb_4)
     5    0.046966    0.179894    0.367678    9.093777 ^ _10417_/X (sky130_fd_sc_hd__and4bb_4)
                                                         _06858_ (net)
                      0.180003    0.004085    9.097861 ^ _10599_/A (sky130_fd_sc_hd__and3_2)
     4    0.034170    0.183568    0.319923    9.417784 ^ _10599_/X (sky130_fd_sc_hd__and3_2)
                                                         _07034_ (net)
                      0.183640    0.003443    9.421227 ^ _10690_/C_N (sky130_fd_sc_hd__or3b_4)
     7    0.042652    0.128031    0.488209    9.909435 v _10690_/X (sky130_fd_sc_hd__or3b_4)
                                                         _07120_ (net)
                      0.128110    0.002917    9.912353 v _10760_/A (sky130_fd_sc_hd__xnor2_4)
     8    0.028583    0.102354    0.212679   10.125031 v _10760_/Y (sky130_fd_sc_hd__xnor2_4)
                                                         _07186_ (net)
                      0.102465    0.002004   10.127034 v _13971_/A1 (sky130_fd_sc_hd__a221o_1)
     1    0.004472    0.060712    0.338924   10.465959 v _13971_/X (sky130_fd_sc_hd__a221o_1)
                                                         _01913_ (net)
                      0.060712    0.000274   10.466232 v _17010_/D (sky130_fd_sc_hd__dfxtp_1)
                                             10.466232   data arrival time

                                 24.000000   24.000000   clock clk (rise edge)
                                  0.000000   24.000000   clock source latency
     4    0.360683    0.000000    0.000000   24.000000 ^ clk (in)
                                                         clk (net)
                      0.270325    0.135163   24.135162 ^ clkbuf_regs_0_clk/A (sky130_fd_sc_hd__clkbuf_16)
     1    0.008359    0.036156    0.186795   24.321957 ^ clkbuf_regs_0_clk/X (sky130_fd_sc_hd__clkbuf_16)
                                                         delaynet_0_clk (net)
                      0.036159    0.000639   24.322596 ^ delaybuf_0_clk/A (sky130_fd_sc_hd__clkbuf_16)
     1    0.008690    0.032220    0.111337   24.433933 ^ delaybuf_0_clk/X (sky130_fd_sc_hd__clkbuf_16)
                                                         delaynet_1_clk (net)
                      0.032221    0.000423   24.434355 ^ delaybuf_1_clk/A (sky130_fd_sc_hd__clkbuf_16)
     1    0.008552    0.032112    0.109722   24.544077 ^ delaybuf_1_clk/X (sky130_fd_sc_hd__clkbuf_16)
                                                         delaynet_2_clk (net)
                      0.032115    0.000671   24.544748 ^ delaybuf_2_clk/A (sky130_fd_sc_hd__clkbuf_16)
     1    0.009948    0.033306    0.111058   24.655807 ^ delaybuf_2_clk/X (sky130_fd_sc_hd__clkbuf_16)
                                                         delaynet_3_clk (net)
                      0.033307    0.000497   24.656305 ^ delaybuf_3_clk/A (sky130_fd_sc_hd__clkbuf_16)
     1    0.009522    0.032949    0.111042   24.767345 ^ delaybuf_3_clk/X (sky130_fd_sc_hd__clkbuf_16)
                                                         delaynet_4_clk (net)
                      0.032952    0.000716   24.768063 ^ delaybuf_4_clk/A (sky130_fd_sc_hd__clkbuf_16)
     3    0.049414    0.068484    0.140641   24.908703 ^ delaybuf_4_clk/X (sky130_fd_sc_hd__clkbuf_16)
                                                         clk_regs (net)
                      0.071582    0.011257   24.919960 ^ clkbuf_0_clk_regs/A (sky130_fd_sc_hd__clkbuf_16)
     9    0.087146    0.105136    0.180950   25.100910 ^ clkbuf_0_clk_regs/X (sky130_fd_sc_hd__clkbuf_16)
                                                         clknet_0_clk_regs (net)
                      0.106907    0.010829   25.111740 ^ clkbuf_2_3_0_clk_regs/A (sky130_fd_sc_hd__clkbuf_8)
     9    0.116982    0.206553    0.262469   25.374208 ^ clkbuf_2_3_0_clk_regs/X (sky130_fd_sc_hd__clkbuf_8)
                                                         clknet_2_3_0_clk_regs (net)
                      0.207736    0.012720   25.386929 ^ clkbuf_4_14_0_clk_regs/A (sky130_fd_sc_hd__clkbuf_8)
    21    0.148603    0.258054    0.334685   25.721615 ^ clkbuf_4_14_0_clk_regs/X (sky130_fd_sc_hd__clkbuf_8)
                                                         clknet_4_14_0_clk_regs (net)
                      0.258718    0.010708   25.732323 ^ clkbuf_leaf_160_clk_regs/A (sky130_fd_sc_hd__clkbuf_8)
     9    0.046621    0.094395    0.235085   25.967407 ^ clkbuf_leaf_160_clk_regs/X (sky130_fd_sc_hd__clkbuf_8)
                                                         clknet_leaf_160_clk_regs (net)
                      0.094447    0.002091   25.969498 ^ _17010_/CLK (sky130_fd_sc_hd__dfxtp_1)
                                  0.000000   25.969498   clock reconvergence pessimism
                                 -0.105860   25.863638   library setup time
                                             25.863638   data required time
---------------------------------------------------------------------------------------------
                                             25.863638   data required time
                                            -10.466232   data arrival time
---------------------------------------------------------------------------------------------
                                             15.397405   slack (MET)




===========================================================================
report_checks --slack_max -0.01
============================================================================
======================= max_tt_025C_1v80 Corner ===================================

No paths found.


===========================================================================
 report_check_types -max_slew -max_cap -max_fanout -violators
============================================================================
======================= max_tt_025C_1v80 Corner ===================================

max slew

Pin                                        Limit        Slew       Slack
------------------------------------------------------------------------
decode_stage.rf.tgrp_rf1/BLOCK[3].RAM32.SLICE_16[1].RAM16.Do0_REG.OUTREG_BYTE[2].Do_FF[2]/D    1.500000    1.604438   -0.104438 (VIOLATED)
decode_stage.rf.tgrp_rf2/BLOCK[3].RAM32.SLICE_16[1].RAM16.Do0_REG.OUTREG_BYTE[2].Do_FF[2]/D    1.500000    1.604438   -0.104438 (VIOLATED)
decode_stage.rf.tgrp_rf1/BLOCK[3].RAM32.SLICE_16[1].RAM16.Do0_REG.OUTREG_BYTE[2].DIODE[2]/DIODE    1.500000    1.604434   -0.104434 (VIOLATED)
decode_stage.rf.tgrp_rf2/BLOCK[3].RAM32.SLICE_16[1].RAM16.Do0_REG.OUTREG_BYTE[2].DIODE[2]/DIODE    1.500000    1.604434   -0.104434 (VIOLATED)
decode_stage.rf.tgrp_rf1/BLOCK[3].RAM32.SLICE_16[1].RAM16.BYTE[2].FLOATBUF0[18].__cell__/Z    1.515489    1.612385   -0.096896 (VIOLATED)
decode_stage.rf.tgrp_rf2/BLOCK[3].RAM32.SLICE_16[1].RAM16.BYTE[2].FLOATBUF0[18].__cell__/Z    1.515489    1.612385   -0.096896 (VIOLATED)
decode_stage.rf.tgrp_rf1/BLOCK[3].RAM32.SLICE_16[1].RAM16.SLICE[0].RAM8.WORD[6].W.BYTE[2].B.BIT[2].OBUF0/Z    1.515489    1.606597   -0.091108 (VIOLATED)
decode_stage.rf.tgrp_rf2/BLOCK[3].RAM32.SLICE_16[1].RAM16.SLICE[0].RAM8.WORD[6].W.BYTE[2].B.BIT[2].OBUF0/Z    1.515489    1.606597   -0.091108 (VIOLATED)
decode_stage.rf.tgrp_rf1/BLOCK[3].RAM32.SLICE_16[1].RAM16.SLICE[0].RAM8.WORD[0].W.BYTE[2].B.BIT[2].OBUF0/Z    1.515489    1.604872   -0.089383 (VIOLATED)
decode_stage.rf.tgrp_rf2/BLOCK[3].RAM32.SLICE_16[1].RAM16.SLICE[0].RAM8.WORD[0].W.BYTE[2].B.BIT[2].OBUF0/Z    1.515489    1.604872   -0.089383 (VIOLATED)
decode_stage.rf.tgrp_rf1/BLOCK[3].RAM32.SLICE_16[1].RAM16.SLICE[0].RAM8.WORD[1].W.BYTE[2].B.BIT[2].OBUF0/Z    1.515489    1.604680   -0.089191 (VIOLATED)
decode_stage.rf.tgrp_rf2/BLOCK[3].RAM32.SLICE_16[1].RAM16.SLICE[0].RAM8.WORD[1].W.BYTE[2].B.BIT[2].OBUF0/Z    1.515489    1.604680   -0.089191 (VIOLATED)
decode_stage.rf.tgrp_rf1/BLOCK[3].RAM32.SLICE_16[1].RAM16.SLICE[0].RAM8.WORD[5].W.BYTE[2].B.BIT[2].OBUF0/Z    1.515489    1.604669   -0.089180 (VIOLATED)
decode_stage.rf.tgrp_rf2/BLOCK[3].RAM32.SLICE_16[1].RAM16.SLICE[0].RAM8.WORD[5].W.BYTE[2].B.BIT[2].OBUF0/Z    1.515489    1.604669   -0.089180 (VIOLATED)
decode_stage.rf.tgrp_rf1/BLOCK[3].RAM32.SLICE_16[1].RAM16.SLICE[0].RAM8.WORD[2].W.BYTE[2].B.BIT[2].OBUF0/Z    1.515489    1.604599   -0.089110 (VIOLATED)
decode_stage.rf.tgrp_rf2/BLOCK[3].RAM32.SLICE_16[1].RAM16.SLICE[0].RAM8.WORD[2].W.BYTE[2].B.BIT[2].OBUF0/Z    1.515489    1.604599   -0.089110 (VIOLATED)
decode_stage.rf.tgrp_rf1/BLOCK[3].RAM32.SLICE_16[1].RAM16.SLICE[0].RAM8.WORD[3].W.BYTE[2].B.BIT[2].OBUF0/Z    1.515489    1.604562   -0.089073 (VIOLATED)
decode_stage.rf.tgrp_rf2/BLOCK[3].RAM32.SLICE_16[1].RAM16.SLICE[0].RAM8.WORD[3].W.BYTE[2].B.BIT[2].OBUF0/Z    1.515489    1.604562   -0.089073 (VIOLATED)
decode_stage.rf.tgrp_rf1/BLOCK[3].RAM32.SLICE_16[1].RAM16.SLICE[0].RAM8.WORD[4].W.BYTE[2].B.BIT[2].OBUF0/Z    1.515489    1.604540   -0.089051 (VIOLATED)
decode_stage.rf.tgrp_rf2/BLOCK[3].RAM32.SLICE_16[1].RAM16.SLICE[0].RAM8.WORD[4].W.BYTE[2].B.BIT[2].OBUF0/Z    1.515489    1.604540   -0.089051 (VIOLATED)
decode_stage.rf.tgrp_rf1/BLOCK[3].RAM32.SLICE_16[1].RAM16.SLICE[1].RAM8.WORD[3].W.BYTE[2].B.BIT[2].OBUF0/Z    1.515489    1.604442   -0.088953 (VIOLATED)
decode_stage.rf.tgrp_rf2/BLOCK[3].RAM32.SLICE_16[1].RAM16.SLICE[1].RAM8.WORD[3].W.BYTE[2].B.BIT[2].OBUF0/Z    1.515489    1.604442   -0.088953 (VIOLATED)
decode_stage.rf.tgrp_rf1/BLOCK[3].RAM32.SLICE_16[1].RAM16.SLICE[0].RAM8.WORD[7].W.BYTE[2].B.BIT[2].OBUF0/Z    1.515489    1.604255   -0.088766 (VIOLATED)
decode_stage.rf.tgrp_rf2/BLOCK[3].RAM32.SLICE_16[1].RAM16.SLICE[0].RAM8.WORD[7].W.BYTE[2].B.BIT[2].OBUF0/Z    1.515489    1.604255   -0.088766 (VIOLATED)
decode_stage.rf.tgrp_rf1/BLOCK[3].RAM32.SLICE_16[1].RAM16.SLICE[1].RAM8.WORD[0].W.BYTE[2].B.BIT[2].OBUF0/Z    1.515489    1.604220   -0.088731 (VIOLATED)
decode_stage.rf.tgrp_rf2/BLOCK[3].RAM32.SLICE_16[1].RAM16.SLICE[1].RAM8.WORD[0].W.BYTE[2].B.BIT[2].OBUF0/Z    1.515489    1.604220   -0.088731 (VIOLATED)
decode_stage.rf.tgrp_rf1/BLOCK[3].RAM32.SLICE_16[1].RAM16.SLICE[1].RAM8.WORD[7].W.BYTE[2].B.BIT[2].OBUF0/Z    1.515489    1.604135   -0.088646 (VIOLATED)
decode_stage.rf.tgrp_rf2/BLOCK[3].RAM32.SLICE_16[1].RAM16.SLICE[1].RAM8.WORD[7].W.BYTE[2].B.BIT[2].OBUF0/Z    1.515489    1.604135   -0.088646 (VIOLATED)
decode_stage.rf.tgrp_rf1/BLOCK[3].RAM32.SLICE_16[1].RAM16.SLICE[1].RAM8.WORD[1].W.BYTE[2].B.BIT[2].OBUF0/Z    1.515489    1.604129   -0.088640 (VIOLATED)
decode_stage.rf.tgrp_rf2/BLOCK[3].RAM32.SLICE_16[1].RAM16.SLICE[1].RAM8.WORD[1].W.BYTE[2].B.BIT[2].OBUF0/Z    1.515489    1.604129   -0.088640 (VIOLATED)
decode_stage.rf.tgrp_rf1/BLOCK[3].RAM32.SLICE_16[1].RAM16.SLICE[1].RAM8.WORD[2].W.BYTE[2].B.BIT[2].OBUF0/Z    1.515489    1.604123   -0.088634 (VIOLATED)
decode_stage.rf.tgrp_rf2/BLOCK[3].RAM32.SLICE_16[1].RAM16.SLICE[1].RAM8.WORD[2].W.BYTE[2].B.BIT[2].OBUF0/Z    1.515489    1.604123   -0.088634 (VIOLATED)
decode_stage.rf.tgrp_rf1/BLOCK[3].RAM32.SLICE_16[1].RAM16.SLICE[1].RAM8.WORD[6].W.BYTE[2].B.BIT[2].OBUF0/Z    1.515489    1.604048   -0.088558 (VIOLATED)
decode_stage.rf.tgrp_rf2/BLOCK[3].RAM32.SLICE_16[1].RAM16.SLICE[1].RAM8.WORD[6].W.BYTE[2].B.BIT[2].OBUF0/Z    1.515489    1.604048   -0.088558 (VIOLATED)
decode_stage.rf.tgrp_rf1/BLOCK[3].RAM32.SLICE_16[1].RAM16.SLICE[1].RAM8.WORD[4].W.BYTE[2].B.BIT[2].OBUF0/Z    1.515489    1.603991   -0.088502 (VIOLATED)
decode_stage.rf.tgrp_rf2/BLOCK[3].RAM32.SLICE_16[1].RAM16.SLICE[1].RAM8.WORD[4].W.BYTE[2].B.BIT[2].OBUF0/Z    1.515489    1.603991   -0.088502 (VIOLATED)
decode_stage.rf.tgrp_rf1/BLOCK[3].RAM32.SLICE_16[1].RAM16.SLICE[1].RAM8.WORD[5].W.BYTE[2].B.BIT[2].OBUF0/Z    1.515489    1.603414   -0.087925 (VIOLATED)
decode_stage.rf.tgrp_rf2/BLOCK[3].RAM32.SLICE_16[1].RAM16.SLICE[1].RAM8.WORD[5].W.BYTE[2].B.BIT[2].OBUF0/Z    1.515489    1.603414   -0.087925 (VIOLATED)
decode_stage.rf.tgrp_rf1/BLOCK[0].RAM32.SLICE_16[0].RAM16.Do0_REG.OUTREG_BYTE[3].Do_FF[5]/D    1.500000    1.586432   -0.086432 (VIOLATED)
decode_stage.rf.tgrp_rf2/BLOCK[0].RAM32.SLICE_16[0].RAM16.Do0_REG.OUTREG_BYTE[3].Do_FF[5]/D    1.500000    1.586432   -0.086432 (VIOLATED)
decode_stage.rf.tgrp_rf1/BLOCK[0].RAM32.SLICE_16[0].RAM16.Do0_REG.OUTREG_BYTE[3].DIODE[5]/DIODE    1.500000    1.586431   -0.086431 (VIOLATED)
decode_stage.rf.tgrp_rf2/BLOCK[0].RAM32.SLICE_16[0].RAM16.Do0_REG.OUTREG_BYTE[3].DIODE[5]/DIODE    1.500000    1.586431   -0.086431 (VIOLATED)
decode_stage.rf.tgrp_rf1/BLOCK[0].RAM32.SLICE_16[0].RAM16.BYTE[3].FLOATBUF0[29].__cell__/Z    1.515489    1.593373   -0.077884 (VIOLATED)
decode_stage.rf.tgrp_rf2/BLOCK[0].RAM32.SLICE_16[0].RAM16.BYTE[3].FLOATBUF0[29].__cell__/Z    1.515489    1.593373   -0.077884 (VIOLATED)
decode_stage.rf.tgrp_rf1/BLOCK[0].RAM32.SLICE_16[0].RAM16.SLICE[0].RAM8.WORD[0].W.BYTE[3].B.BIT[5].OBUF0/Z    1.515489    1.587579   -0.072090 (VIOLATED)
decode_stage.rf.tgrp_rf2/BLOCK[0].RAM32.SLICE_16[0].RAM16.SLICE[0].RAM8.WORD[0].W.BYTE[3].B.BIT[5].OBUF0/Z    1.515489    1.587579   -0.072090 (VIOLATED)
decode_stage.rf.tgrp_rf1/BLOCK[0].RAM32.SLICE_16[0].RAM16.SLICE[0].RAM8.WORD[1].W.BYTE[3].B.BIT[5].OBUF0/Z    1.515489    1.587543   -0.072054 (VIOLATED)
decode_stage.rf.tgrp_rf2/BLOCK[0].RAM32.SLICE_16[0].RAM16.SLICE[0].RAM8.WORD[1].W.BYTE[3].B.BIT[5].OBUF0/Z    1.515489    1.587543   -0.072054 (VIOLATED)
decode_stage.rf.tgrp_rf1/BLOCK[0].RAM32.SLICE_16[0].RAM16.SLICE[0].RAM8.WORD[2].W.BYTE[3].B.BIT[5].OBUF0/Z    1.515489    1.587378   -0.071889 (VIOLATED)
decode_stage.rf.tgrp_rf2/BLOCK[0].RAM32.SLICE_16[0].RAM16.SLICE[0].RAM8.WORD[2].W.BYTE[3].B.BIT[5].OBUF0/Z    1.515489    1.587378   -0.071889 (VIOLATED)
decode_stage.rf.tgrp_rf1/BLOCK[0].RAM32.SLICE_16[0].RAM16.SLICE[0].RAM8.WORD[3].W.BYTE[3].B.BIT[5].OBUF0/Z    1.515489    1.587346   -0.071857 (VIOLATED)
decode_stage.rf.tgrp_rf2/BLOCK[0].RAM32.SLICE_16[0].RAM16.SLICE[0].RAM8.WORD[3].W.BYTE[3].B.BIT[5].OBUF0/Z    1.515489    1.587346   -0.071857 (VIOLATED)
decode_stage.rf.tgrp_rf1/BLOCK[0].RAM32.SLICE_16[0].RAM16.SLICE[0].RAM8.WORD[5].W.BYTE[3].B.BIT[5].OBUF0/Z    1.515489    1.587241   -0.071752 (VIOLATED)
decode_stage.rf.tgrp_rf2/BLOCK[0].RAM32.SLICE_16[0].RAM16.SLICE[0].RAM8.WORD[5].W.BYTE[3].B.BIT[5].OBUF0/Z    1.515489    1.587241   -0.071752 (VIOLATED)
decode_stage.rf.tgrp_rf1/BLOCK[0].RAM32.SLICE_16[0].RAM16.SLICE[0].RAM8.WORD[4].W.BYTE[3].B.BIT[5].OBUF0/Z    1.515489    1.587206   -0.071717 (VIOLATED)
decode_stage.rf.tgrp_rf2/BLOCK[0].RAM32.SLICE_16[0].RAM16.SLICE[0].RAM8.WORD[4].W.BYTE[3].B.BIT[5].OBUF0/Z    1.515489    1.587206   -0.071717 (VIOLATED)
decode_stage.rf.tgrp_rf1/BLOCK[0].RAM32.SLICE_16[0].RAM16.SLICE[0].RAM8.WORD[7].W.BYTE[3].B.BIT[5].OBUF0/Z    1.515489    1.586578   -0.071089 (VIOLATED)
decode_stage.rf.tgrp_rf2/BLOCK[0].RAM32.SLICE_16[0].RAM16.SLICE[0].RAM8.WORD[7].W.BYTE[3].B.BIT[5].OBUF0/Z    1.515489    1.586578   -0.071089 (VIOLATED)
decode_stage.rf.tgrp_rf1/BLOCK[0].RAM32.SLICE_16[0].RAM16.SLICE[1].RAM8.WORD[0].W.BYTE[3].B.BIT[5].OBUF0/Z    1.515489    1.586404   -0.070915 (VIOLATED)
decode_stage.rf.tgrp_rf2/BLOCK[0].RAM32.SLICE_16[0].RAM16.SLICE[1].RAM8.WORD[0].W.BYTE[3].B.BIT[5].OBUF0/Z    1.515489    1.586404   -0.070915 (VIOLATED)
decode_stage.rf.tgrp_rf1/BLOCK[0].RAM32.SLICE_16[0].RAM16.SLICE[0].RAM8.WORD[6].W.BYTE[3].B.BIT[5].OBUF0/Z    1.515489    1.586377   -0.070888 (VIOLATED)
decode_stage.rf.tgrp_rf2/BLOCK[0].RAM32.SLICE_16[0].RAM16.SLICE[0].RAM8.WORD[6].W.BYTE[3].B.BIT[5].OBUF0/Z    1.515489    1.586377   -0.070888 (VIOLATED)
decode_stage.rf.tgrp_rf1/BLOCK[0].RAM32.SLICE_16[0].RAM16.SLICE[1].RAM8.WORD[1].W.BYTE[3].B.BIT[5].OBUF0/Z    1.515489    1.586298   -0.070809 (VIOLATED)
decode_stage.rf.tgrp_rf2/BLOCK[0].RAM32.SLICE_16[0].RAM16.SLICE[1].RAM8.WORD[1].W.BYTE[3].B.BIT[5].OBUF0/Z    1.515489    1.586298   -0.070809 (VIOLATED)
decode_stage.rf.tgrp_rf1/BLOCK[0].RAM32.SLICE_16[0].RAM16.SLICE[1].RAM8.WORD[2].W.BYTE[3].B.BIT[5].OBUF0/Z    1.515489    1.586229   -0.070740 (VIOLATED)
decode_stage.rf.tgrp_rf2/BLOCK[0].RAM32.SLICE_16[0].RAM16.SLICE[1].RAM8.WORD[2].W.BYTE[3].B.BIT[5].OBUF0/Z    1.515489    1.586229   -0.070740 (VIOLATED)
decode_stage.rf.tgrp_rf1/BLOCK[0].RAM32.SLICE_16[0].RAM16.SLICE[1].RAM8.WORD[4].W.BYTE[3].B.BIT[5].OBUF0/Z    1.515489    1.586223   -0.070734 (VIOLATED)
decode_stage.rf.tgrp_rf2/BLOCK[0].RAM32.SLICE_16[0].RAM16.SLICE[1].RAM8.WORD[4].W.BYTE[3].B.BIT[5].OBUF0/Z    1.515489    1.586223   -0.070734 (VIOLATED)
decode_stage.rf.tgrp_rf1/BLOCK[0].RAM32.SLICE_16[0].RAM16.SLICE[1].RAM8.WORD[3].W.BYTE[3].B.BIT[5].OBUF0/Z    1.515489    1.586214   -0.070725 (VIOLATED)
decode_stage.rf.tgrp_rf2/BLOCK[0].RAM32.SLICE_16[0].RAM16.SLICE[1].RAM8.WORD[3].W.BYTE[3].B.BIT[5].OBUF0/Z    1.515489    1.586214   -0.070725 (VIOLATED)
decode_stage.rf.tgrp_rf1/BLOCK[0].RAM32.SLICE_16[0].RAM16.SLICE[1].RAM8.WORD[5].W.BYTE[3].B.BIT[5].OBUF0/Z    1.515489    1.586141   -0.070652 (VIOLATED)
decode_stage.rf.tgrp_rf2/BLOCK[0].RAM32.SLICE_16[0].RAM16.SLICE[1].RAM8.WORD[5].W.BYTE[3].B.BIT[5].OBUF0/Z    1.515489    1.586141   -0.070652 (VIOLATED)
decode_stage.rf.tgrp_rf1/BLOCK[0].RAM32.SLICE_16[0].RAM16.SLICE[1].RAM8.WORD[7].W.BYTE[3].B.BIT[5].OBUF0/Z    1.515489    1.586104   -0.070615 (VIOLATED)
decode_stage.rf.tgrp_rf2/BLOCK[0].RAM32.SLICE_16[0].RAM16.SLICE[1].RAM8.WORD[7].W.BYTE[3].B.BIT[5].OBUF0/Z    1.515489    1.586104   -0.070615 (VIOLATED)
decode_stage.rf.tgrp_rf1/BLOCK[0].RAM32.SLICE_16[0].RAM16.SLICE[1].RAM8.WORD[6].W.BYTE[3].B.BIT[5].OBUF0/Z    1.515489    1.586034   -0.070545 (VIOLATED)
decode_stage.rf.tgrp_rf2/BLOCK[0].RAM32.SLICE_16[0].RAM16.SLICE[1].RAM8.WORD[6].W.BYTE[3].B.BIT[5].OBUF0/Z    1.515489    1.586034   -0.070545 (VIOLATED)
decode_stage.rf.tgrp_rf1/Do0MUX.M[1].MUX[1]/A0    1.500000    1.548132   -0.048132 (VIOLATED)
decode_stage.rf.tgrp_rf2/Do0MUX.M[1].MUX[1]/A0    1.500000    1.548132   -0.048132 (VIOLATED)
decode_stage.rf.tgrp_rf1/Do0MUX.M[1].DIODE_A0MUX[9]/DIODE    1.500000    1.547985   -0.047985 (VIOLATED)
decode_stage.rf.tgrp_rf2/Do0MUX.M[1].DIODE_A0MUX[9]/DIODE    1.500000    1.547985   -0.047985 (VIOLATED)
decode_stage.rf.tgrp_rf1/BLOCK[3].RAM32.SLICE_16[1].RAM16.Do0_REG.OUTREG_BYTE[3].Do_FF[4]/D    1.500000    1.547706   -0.047706 (VIOLATED)
decode_stage.rf.tgrp_rf2/BLOCK[3].RAM32.SLICE_16[1].RAM16.Do0_REG.OUTREG_BYTE[3].Do_FF[4]/D    1.500000    1.547706   -0.047706 (VIOLATED)
decode_stage.rf.tgrp_rf1/BLOCK[3].RAM32.SLICE_16[1].RAM16.Do0_REG.OUTREG_BYTE[3].DIODE[4]/DIODE    1.500000    1.547695   -0.047695 (VIOLATED)
decode_stage.rf.tgrp_rf2/BLOCK[3].RAM32.SLICE_16[1].RAM16.Do0_REG.OUTREG_BYTE[3].DIODE[4]/DIODE    1.500000    1.547695   -0.047695 (VIOLATED)
decode_stage.rf.tgrp_rf1/BLOCK[0].RAM32.Do0MUX.M[1].MUX[1]/X    1.504232    1.546843   -0.042611 (VIOLATED)
decode_stage.rf.tgrp_rf2/BLOCK[0].RAM32.Do0MUX.M[1].MUX[1]/X    1.504232    1.546843   -0.042611 (VIOLATED)
decode_stage.rf.tgrp_rf1/BLOCK[3].RAM32.SLICE_16[1].RAM16.SLICE[0].RAM8.WORD[6].W.BYTE[3].B.BIT[4].OBUF0/Z    1.515489    1.549875   -0.034386 (VIOLATED)
decode_stage.rf.tgrp_rf2/BLOCK[3].RAM32.SLICE_16[1].RAM16.SLICE[0].RAM8.WORD[6].W.BYTE[3].B.BIT[4].OBUF0/Z    1.515489    1.549875   -0.034386 (VIOLATED)
decode_stage.rf.tgrp_rf1/BLOCK[3].RAM32.SLICE_16[1].RAM16.SLICE[0].RAM8.WORD[0].W.BYTE[3].B.BIT[4].OBUF0/Z    1.515489    1.548200   -0.032712 (VIOLATED)
decode_stage.rf.tgrp_rf2/BLOCK[3].RAM32.SLICE_16[1].RAM16.SLICE[0].RAM8.WORD[0].W.BYTE[3].B.BIT[4].OBUF0/Z    1.515489    1.548200   -0.032712 (VIOLATED)
decode_stage.rf.tgrp_rf1/BLOCK[3].RAM32.SLICE_16[1].RAM16.SLICE[0].RAM8.WORD[5].W.BYTE[3].B.BIT[4].OBUF0/Z    1.515489    1.548130   -0.032641 (VIOLATED)
decode_stage.rf.tgrp_rf2/BLOCK[3].RAM32.SLICE_16[1].RAM16.SLICE[0].RAM8.WORD[5].W.BYTE[3].B.BIT[4].OBUF0/Z    1.515489    1.548130   -0.032641 (VIOLATED)
decode_stage.rf.tgrp_rf1/BLOCK[3].RAM32.SLICE_16[1].RAM16.SLICE[0].RAM8.WORD[1].W.BYTE[3].B.BIT[4].OBUF0/Z    1.515489    1.548074   -0.032585 (VIOLATED)
decode_stage.rf.tgrp_rf2/BLOCK[3].RAM32.SLICE_16[1].RAM16.SLICE[0].RAM8.WORD[1].W.BYTE[3].B.BIT[4].OBUF0/Z    1.515489    1.548074   -0.032585 (VIOLATED)
decode_stage.rf.tgrp_rf1/BLOCK[3].RAM32.SLICE_16[1].RAM16.SLICE[0].RAM8.WORD[2].W.BYTE[3].B.BIT[4].OBUF0/Z    1.515489    1.548066   -0.032577 (VIOLATED)
decode_stage.rf.tgrp_rf2/BLOCK[3].RAM32.SLICE_16[1].RAM16.SLICE[0].RAM8.WORD[2].W.BYTE[3].B.BIT[4].OBUF0/Z    1.515489    1.548066   -0.032577 (VIOLATED)
decode_stage.rf.tgrp_rf1/BLOCK[3].RAM32.SLICE_16[1].RAM16.SLICE[0].RAM8.WORD[3].W.BYTE[3].B.BIT[4].OBUF0/Z    1.515489    1.547976   -0.032487 (VIOLATED)
decode_stage.rf.tgrp_rf2/BLOCK[3].RAM32.SLICE_16[1].RAM16.SLICE[0].RAM8.WORD[3].W.BYTE[3].B.BIT[4].OBUF0/Z    1.515489    1.547976   -0.032487 (VIOLATED)
decode_stage.rf.tgrp_rf1/BLOCK[3].RAM32.SLICE_16[1].RAM16.SLICE[0].RAM8.WORD[4].W.BYTE[3].B.BIT[4].OBUF0/Z    1.515489    1.547797   -0.032308 (VIOLATED)
decode_stage.rf.tgrp_rf2/BLOCK[3].RAM32.SLICE_16[1].RAM16.SLICE[0].RAM8.WORD[4].W.BYTE[3].B.BIT[4].OBUF0/Z    1.515489    1.547797   -0.032308 (VIOLATED)
decode_stage.rf.tgrp_rf1/BLOCK[3].RAM32.SLICE_16[1].RAM16.SLICE[1].RAM8.WORD[0].W.BYTE[3].B.BIT[4].OBUF0/Z    1.515489    1.547673   -0.032184 (VIOLATED)
decode_stage.rf.tgrp_rf2/BLOCK[3].RAM32.SLICE_16[1].RAM16.SLICE[1].RAM8.WORD[0].W.BYTE[3].B.BIT[4].OBUF0/Z    1.515489    1.547673   -0.032184 (VIOLATED)
decode_stage.rf.tgrp_rf1/BLOCK[3].RAM32.SLICE_16[1].RAM16.SLICE[0].RAM8.WORD[7].W.BYTE[3].B.BIT[4].OBUF0/Z    1.515489    1.547624   -0.032135 (VIOLATED)
decode_stage.rf.tgrp_rf2/BLOCK[3].RAM32.SLICE_16[1].RAM16.SLICE[0].RAM8.WORD[7].W.BYTE[3].B.BIT[4].OBUF0/Z    1.515489    1.547624   -0.032135 (VIOLATED)
decode_stage.rf.tgrp_rf1/BLOCK[3].RAM32.SLICE_16[1].RAM16.SLICE[1].RAM8.WORD[1].W.BYTE[3].B.BIT[4].OBUF0/Z    1.515489    1.547550   -0.032061 (VIOLATED)
decode_stage.rf.tgrp_rf2/BLOCK[3].RAM32.SLICE_16[1].RAM16.SLICE[1].RAM8.WORD[1].W.BYTE[3].B.BIT[4].OBUF0/Z    1.515489    1.547550   -0.032061 (VIOLATED)
decode_stage.rf.tgrp_rf1/BLOCK[3].RAM32.SLICE_16[1].RAM16.SLICE[1].RAM8.WORD[2].W.BYTE[3].B.BIT[4].OBUF0/Z    1.515489    1.547504   -0.032015 (VIOLATED)
decode_stage.rf.tgrp_rf2/BLOCK[3].RAM32.SLICE_16[1].RAM16.SLICE[1].RAM8.WORD[2].W.BYTE[3].B.BIT[4].OBUF0/Z    1.515489    1.547504   -0.032015 (VIOLATED)
decode_stage.rf.tgrp_rf1/BLOCK[3].RAM32.SLICE_16[1].RAM16.SLICE[1].RAM8.WORD[5].W.BYTE[3].B.BIT[4].OBUF0/Z    1.515489    1.547463   -0.031974 (VIOLATED)
decode_stage.rf.tgrp_rf2/BLOCK[3].RAM32.SLICE_16[1].RAM16.SLICE[1].RAM8.WORD[5].W.BYTE[3].B.BIT[4].OBUF0/Z    1.515489    1.547463   -0.031974 (VIOLATED)
decode_stage.rf.tgrp_rf1/BLOCK[3].RAM32.SLICE_16[1].RAM16.SLICE[1].RAM8.WORD[7].W.BYTE[3].B.BIT[4].OBUF0/Z    1.515489    1.547435   -0.031946 (VIOLATED)
decode_stage.rf.tgrp_rf2/BLOCK[3].RAM32.SLICE_16[1].RAM16.SLICE[1].RAM8.WORD[7].W.BYTE[3].B.BIT[4].OBUF0/Z    1.515489    1.547435   -0.031946 (VIOLATED)
decode_stage.rf.tgrp_rf1/BLOCK[3].RAM32.SLICE_16[1].RAM16.SLICE[1].RAM8.WORD[3].W.BYTE[3].B.BIT[4].OBUF0/Z    1.515489    1.547409   -0.031920 (VIOLATED)
decode_stage.rf.tgrp_rf2/BLOCK[3].RAM32.SLICE_16[1].RAM16.SLICE[1].RAM8.WORD[3].W.BYTE[3].B.BIT[4].OBUF0/Z    1.515489    1.547409   -0.031920 (VIOLATED)
decode_stage.rf.tgrp_rf1/BLOCK[3].RAM32.SLICE_16[1].RAM16.SLICE[1].RAM8.WORD[4].W.BYTE[3].B.BIT[4].OBUF0/Z    1.515489    1.547313   -0.031824 (VIOLATED)
decode_stage.rf.tgrp_rf2/BLOCK[3].RAM32.SLICE_16[1].RAM16.SLICE[1].RAM8.WORD[4].W.BYTE[3].B.BIT[4].OBUF0/Z    1.515489    1.547313   -0.031824 (VIOLATED)
decode_stage.rf.tgrp_rf1/BLOCK[3].RAM32.SLICE_16[1].RAM16.SLICE[1].RAM8.WORD[6].W.BYTE[3].B.BIT[4].OBUF0/Z    1.515489    1.547306   -0.031817 (VIOLATED)
decode_stage.rf.tgrp_rf2/BLOCK[3].RAM32.SLICE_16[1].RAM16.SLICE[1].RAM8.WORD[6].W.BYTE[3].B.BIT[4].OBUF0/Z    1.515489    1.547306   -0.031817 (VIOLATED)
decode_stage.rf.tgrp_rf1/BLOCK[3].RAM32.SLICE_16[1].RAM16.BYTE[3].FLOATBUF0[28].__cell__/Z    1.515489    1.545802   -0.030313 (VIOLATED)
decode_stage.rf.tgrp_rf2/BLOCK[3].RAM32.SLICE_16[1].RAM16.BYTE[3].FLOATBUF0[28].__cell__/Z    1.515489    1.545802   -0.030313 (VIOLATED)

max capacitance

Pin                                        Limit         Cap       Slack
------------------------------------------------------------------------
decode_stage.rf.tgrp_rf1/BLOCK[3].RAM32.SLICE_16[1].RAM16.BYTE[2].FLOATBUF0[18].__cell__/Z    0.125437    0.136291   -0.010854 (VIOLATED)
decode_stage.rf.tgrp_rf1/BLOCK[3].RAM32.SLICE_16[1].RAM16.SLICE[0].RAM8.WORD[0].W.BYTE[2].B.BIT[2].OBUF0/Z    0.125437    0.136291   -0.010854 (VIOLATED)
decode_stage.rf.tgrp_rf1/BLOCK[3].RAM32.SLICE_16[1].RAM16.SLICE[0].RAM8.WORD[1].W.BYTE[2].B.BIT[2].OBUF0/Z    0.125437    0.136291   -0.010854 (VIOLATED)
decode_stage.rf.tgrp_rf1/BLOCK[3].RAM32.SLICE_16[1].RAM16.SLICE[0].RAM8.WORD[2].W.BYTE[2].B.BIT[2].OBUF0/Z    0.125437    0.136291   -0.010854 (VIOLATED)
decode_stage.rf.tgrp_rf1/BLOCK[3].RAM32.SLICE_16[1].RAM16.SLICE[0].RAM8.WORD[3].W.BYTE[2].B.BIT[2].OBUF0/Z    0.125437    0.136291   -0.010854 (VIOLATED)
decode_stage.rf.tgrp_rf1/BLOCK[3].RAM32.SLICE_16[1].RAM16.SLICE[0].RAM8.WORD[4].W.BYTE[2].B.BIT[2].OBUF0/Z    0.125437    0.136291   -0.010854 (VIOLATED)
decode_stage.rf.tgrp_rf1/BLOCK[3].RAM32.SLICE_16[1].RAM16.SLICE[0].RAM8.WORD[5].W.BYTE[2].B.BIT[2].OBUF0/Z    0.125437    0.136291   -0.010854 (VIOLATED)
decode_stage.rf.tgrp_rf1/BLOCK[3].RAM32.SLICE_16[1].RAM16.SLICE[0].RAM8.WORD[6].W.BYTE[2].B.BIT[2].OBUF0/Z    0.125437    0.136291   -0.010854 (VIOLATED)
decode_stage.rf.tgrp_rf1/BLOCK[3].RAM32.SLICE_16[1].RAM16.SLICE[0].RAM8.WORD[7].W.BYTE[2].B.BIT[2].OBUF0/Z    0.125437    0.136291   -0.010854 (VIOLATED)
decode_stage.rf.tgrp_rf1/BLOCK[3].RAM32.SLICE_16[1].RAM16.SLICE[1].RAM8.WORD[0].W.BYTE[2].B.BIT[2].OBUF0/Z    0.125437    0.136291   -0.010854 (VIOLATED)
decode_stage.rf.tgrp_rf1/BLOCK[3].RAM32.SLICE_16[1].RAM16.SLICE[1].RAM8.WORD[1].W.BYTE[2].B.BIT[2].OBUF0/Z    0.125437    0.136291   -0.010854 (VIOLATED)
decode_stage.rf.tgrp_rf1/BLOCK[3].RAM32.SLICE_16[1].RAM16.SLICE[1].RAM8.WORD[2].W.BYTE[2].B.BIT[2].OBUF0/Z    0.125437    0.136291   -0.010854 (VIOLATED)
decode_stage.rf.tgrp_rf1/BLOCK[3].RAM32.SLICE_16[1].RAM16.SLICE[1].RAM8.WORD[3].W.BYTE[2].B.BIT[2].OBUF0/Z    0.125437    0.136291   -0.010854 (VIOLATED)
decode_stage.rf.tgrp_rf1/BLOCK[3].RAM32.SLICE_16[1].RAM16.SLICE[1].RAM8.WORD[4].W.BYTE[2].B.BIT[2].OBUF0/Z    0.125437    0.136291   -0.010854 (VIOLATED)
decode_stage.rf.tgrp_rf1/BLOCK[3].RAM32.SLICE_16[1].RAM16.SLICE[1].RAM8.WORD[5].W.BYTE[2].B.BIT[2].OBUF0/Z    0.125437    0.136291   -0.010854 (VIOLATED)
decode_stage.rf.tgrp_rf1/BLOCK[3].RAM32.SLICE_16[1].RAM16.SLICE[1].RAM8.WORD[6].W.BYTE[2].B.BIT[2].OBUF0/Z    0.125437    0.136291   -0.010854 (VIOLATED)
decode_stage.rf.tgrp_rf1/BLOCK[3].RAM32.SLICE_16[1].RAM16.SLICE[1].RAM8.WORD[7].W.BYTE[2].B.BIT[2].OBUF0/Z    0.125437    0.136291   -0.010854 (VIOLATED)
decode_stage.rf.tgrp_rf2/BLOCK[3].RAM32.SLICE_16[1].RAM16.BYTE[2].FLOATBUF0[18].__cell__/Z    0.125437    0.136291   -0.010854 (VIOLATED)
decode_stage.rf.tgrp_rf2/BLOCK[3].RAM32.SLICE_16[1].RAM16.SLICE[0].RAM8.WORD[0].W.BYTE[2].B.BIT[2].OBUF0/Z    0.125437    0.136291   -0.010854 (VIOLATED)
decode_stage.rf.tgrp_rf2/BLOCK[3].RAM32.SLICE_16[1].RAM16.SLICE[0].RAM8.WORD[1].W.BYTE[2].B.BIT[2].OBUF0/Z    0.125437    0.136291   -0.010854 (VIOLATED)
decode_stage.rf.tgrp_rf2/BLOCK[3].RAM32.SLICE_16[1].RAM16.SLICE[0].RAM8.WORD[2].W.BYTE[2].B.BIT[2].OBUF0/Z    0.125437    0.136291   -0.010854 (VIOLATED)
decode_stage.rf.tgrp_rf2/BLOCK[3].RAM32.SLICE_16[1].RAM16.SLICE[0].RAM8.WORD[3].W.BYTE[2].B.BIT[2].OBUF0/Z    0.125437    0.136291   -0.010854 (VIOLATED)
decode_stage.rf.tgrp_rf2/BLOCK[3].RAM32.SLICE_16[1].RAM16.SLICE[0].RAM8.WORD[4].W.BYTE[2].B.BIT[2].OBUF0/Z    0.125437    0.136291   -0.010854 (VIOLATED)
decode_stage.rf.tgrp_rf2/BLOCK[3].RAM32.SLICE_16[1].RAM16.SLICE[0].RAM8.WORD[5].W.BYTE[2].B.BIT[2].OBUF0/Z    0.125437    0.136291   -0.010854 (VIOLATED)
decode_stage.rf.tgrp_rf2/BLOCK[3].RAM32.SLICE_16[1].RAM16.SLICE[0].RAM8.WORD[6].W.BYTE[2].B.BIT[2].OBUF0/Z    0.125437    0.136291   -0.010854 (VIOLATED)
decode_stage.rf.tgrp_rf2/BLOCK[3].RAM32.SLICE_16[1].RAM16.SLICE[0].RAM8.WORD[7].W.BYTE[2].B.BIT[2].OBUF0/Z    0.125437    0.136291   -0.010854 (VIOLATED)
decode_stage.rf.tgrp_rf2/BLOCK[3].RAM32.SLICE_16[1].RAM16.SLICE[1].RAM8.WORD[0].W.BYTE[2].B.BIT[2].OBUF0/Z    0.125437    0.136291   -0.010854 (VIOLATED)
decode_stage.rf.tgrp_rf2/BLOCK[3].RAM32.SLICE_16[1].RAM16.SLICE[1].RAM8.WORD[1].W.BYTE[2].B.BIT[2].OBUF0/Z    0.125437    0.136291   -0.010854 (VIOLATED)
decode_stage.rf.tgrp_rf2/BLOCK[3].RAM32.SLICE_16[1].RAM16.SLICE[1].RAM8.WORD[2].W.BYTE[2].B.BIT[2].OBUF0/Z    0.125437    0.136291   -0.010854 (VIOLATED)
decode_stage.rf.tgrp_rf2/BLOCK[3].RAM32.SLICE_16[1].RAM16.SLICE[1].RAM8.WORD[3].W.BYTE[2].B.BIT[2].OBUF0/Z    0.125437    0.136291   -0.010854 (VIOLATED)
decode_stage.rf.tgrp_rf2/BLOCK[3].RAM32.SLICE_16[1].RAM16.SLICE[1].RAM8.WORD[4].W.BYTE[2].B.BIT[2].OBUF0/Z    0.125437    0.136291   -0.010854 (VIOLATED)
decode_stage.rf.tgrp_rf2/BLOCK[3].RAM32.SLICE_16[1].RAM16.SLICE[1].RAM8.WORD[5].W.BYTE[2].B.BIT[2].OBUF0/Z    0.125437    0.136291   -0.010854 (VIOLATED)
decode_stage.rf.tgrp_rf2/BLOCK[3].RAM32.SLICE_16[1].RAM16.SLICE[1].RAM8.WORD[6].W.BYTE[2].B.BIT[2].OBUF0/Z    0.125437    0.136291   -0.010854 (VIOLATED)
decode_stage.rf.tgrp_rf2/BLOCK[3].RAM32.SLICE_16[1].RAM16.SLICE[1].RAM8.WORD[7].W.BYTE[2].B.BIT[2].OBUF0/Z    0.125437    0.136291   -0.010854 (VIOLATED)
decode_stage.rf.tgrp_rf1/BLOCK[0].RAM32.SLICE_16[0].RAM16.SLICE[0].RAM8.WORD[0].W.BYTE[3].B.BIT[5].OBUF0/Z    0.125437    0.134789   -0.009352 (VIOLATED)
decode_stage.rf.tgrp_rf1/BLOCK[0].RAM32.SLICE_16[0].RAM16.SLICE[0].RAM8.WORD[1].W.BYTE[3].B.BIT[5].OBUF0/Z    0.125437    0.134789   -0.009352 (VIOLATED)
decode_stage.rf.tgrp_rf1/BLOCK[0].RAM32.SLICE_16[0].RAM16.SLICE[0].RAM8.WORD[2].W.BYTE[3].B.BIT[5].OBUF0/Z    0.125437    0.134789   -0.009352 (VIOLATED)
decode_stage.rf.tgrp_rf1/BLOCK[0].RAM32.SLICE_16[0].RAM16.SLICE[0].RAM8.WORD[3].W.BYTE[3].B.BIT[5].OBUF0/Z    0.125437    0.134789   -0.009352 (VIOLATED)
decode_stage.rf.tgrp_rf1/BLOCK[0].RAM32.SLICE_16[0].RAM16.SLICE[0].RAM8.WORD[4].W.BYTE[3].B.BIT[5].OBUF0/Z    0.125437    0.134789   -0.009352 (VIOLATED)
decode_stage.rf.tgrp_rf1/BLOCK[0].RAM32.SLICE_16[0].RAM16.SLICE[0].RAM8.WORD[5].W.BYTE[3].B.BIT[5].OBUF0/Z    0.125437    0.134789   -0.009352 (VIOLATED)
decode_stage.rf.tgrp_rf1/BLOCK[0].RAM32.SLICE_16[0].RAM16.SLICE[0].RAM8.WORD[6].W.BYTE[3].B.BIT[5].OBUF0/Z    0.125437    0.134789   -0.009352 (VIOLATED)
decode_stage.rf.tgrp_rf1/BLOCK[0].RAM32.SLICE_16[0].RAM16.SLICE[0].RAM8.WORD[7].W.BYTE[3].B.BIT[5].OBUF0/Z    0.125437    0.134789   -0.009352 (VIOLATED)
decode_stage.rf.tgrp_rf1/BLOCK[0].RAM32.SLICE_16[0].RAM16.SLICE[1].RAM8.WORD[0].W.BYTE[3].B.BIT[5].OBUF0/Z    0.125437    0.134789   -0.009352 (VIOLATED)
decode_stage.rf.tgrp_rf1/BLOCK[0].RAM32.SLICE_16[0].RAM16.SLICE[1].RAM8.WORD[1].W.BYTE[3].B.BIT[5].OBUF0/Z    0.125437    0.134789   -0.009352 (VIOLATED)
decode_stage.rf.tgrp_rf1/BLOCK[0].RAM32.SLICE_16[0].RAM16.SLICE[1].RAM8.WORD[2].W.BYTE[3].B.BIT[5].OBUF0/Z    0.125437    0.134789   -0.009352 (VIOLATED)
decode_stage.rf.tgrp_rf1/BLOCK[0].RAM32.SLICE_16[0].RAM16.SLICE[1].RAM8.WORD[3].W.BYTE[3].B.BIT[5].OBUF0/Z    0.125437    0.134789   -0.009352 (VIOLATED)
decode_stage.rf.tgrp_rf1/BLOCK[0].RAM32.SLICE_16[0].RAM16.SLICE[1].RAM8.WORD[4].W.BYTE[3].B.BIT[5].OBUF0/Z    0.125437    0.134789   -0.009352 (VIOLATED)
decode_stage.rf.tgrp_rf1/BLOCK[0].RAM32.SLICE_16[0].RAM16.SLICE[1].RAM8.WORD[5].W.BYTE[3].B.BIT[5].OBUF0/Z    0.125437    0.134789   -0.009352 (VIOLATED)
decode_stage.rf.tgrp_rf1/BLOCK[0].RAM32.SLICE_16[0].RAM16.SLICE[1].RAM8.WORD[7].W.BYTE[3].B.BIT[5].OBUF0/Z    0.125437    0.134789   -0.009352 (VIOLATED)
decode_stage.rf.tgrp_rf2/BLOCK[0].RAM32.SLICE_16[0].RAM16.SLICE[0].RAM8.WORD[0].W.BYTE[3].B.BIT[5].OBUF0/Z    0.125437    0.134789   -0.009352 (VIOLATED)
decode_stage.rf.tgrp_rf2/BLOCK[0].RAM32.SLICE_16[0].RAM16.SLICE[0].RAM8.WORD[1].W.BYTE[3].B.BIT[5].OBUF0/Z    0.125437    0.134789   -0.009352 (VIOLATED)
decode_stage.rf.tgrp_rf2/BLOCK[0].RAM32.SLICE_16[0].RAM16.SLICE[0].RAM8.WORD[2].W.BYTE[3].B.BIT[5].OBUF0/Z    0.125437    0.134789   -0.009352 (VIOLATED)
decode_stage.rf.tgrp_rf2/BLOCK[0].RAM32.SLICE_16[0].RAM16.SLICE[0].RAM8.WORD[3].W.BYTE[3].B.BIT[5].OBUF0/Z    0.125437    0.134789   -0.009352 (VIOLATED)
decode_stage.rf.tgrp_rf2/BLOCK[0].RAM32.SLICE_16[0].RAM16.SLICE[0].RAM8.WORD[4].W.BYTE[3].B.BIT[5].OBUF0/Z    0.125437    0.134789   -0.009352 (VIOLATED)
decode_stage.rf.tgrp_rf2/BLOCK[0].RAM32.SLICE_16[0].RAM16.SLICE[0].RAM8.WORD[5].W.BYTE[3].B.BIT[5].OBUF0/Z    0.125437    0.134789   -0.009352 (VIOLATED)
decode_stage.rf.tgrp_rf2/BLOCK[0].RAM32.SLICE_16[0].RAM16.SLICE[0].RAM8.WORD[6].W.BYTE[3].B.BIT[5].OBUF0/Z    0.125437    0.134789   -0.009352 (VIOLATED)
decode_stage.rf.tgrp_rf2/BLOCK[0].RAM32.SLICE_16[0].RAM16.SLICE[0].RAM8.WORD[7].W.BYTE[3].B.BIT[5].OBUF0/Z    0.125437    0.134789   -0.009352 (VIOLATED)
decode_stage.rf.tgrp_rf2/BLOCK[0].RAM32.SLICE_16[0].RAM16.SLICE[1].RAM8.WORD[0].W.BYTE[3].B.BIT[5].OBUF0/Z    0.125437    0.134789   -0.009352 (VIOLATED)
decode_stage.rf.tgrp_rf2/BLOCK[0].RAM32.SLICE_16[0].RAM16.SLICE[1].RAM8.WORD[1].W.BYTE[3].B.BIT[5].OBUF0/Z    0.125437    0.134789   -0.009352 (VIOLATED)
decode_stage.rf.tgrp_rf2/BLOCK[0].RAM32.SLICE_16[0].RAM16.SLICE[1].RAM8.WORD[2].W.BYTE[3].B.BIT[5].OBUF0/Z    0.125437    0.134789   -0.009352 (VIOLATED)
decode_stage.rf.tgrp_rf2/BLOCK[0].RAM32.SLICE_16[0].RAM16.SLICE[1].RAM8.WORD[3].W.BYTE[3].B.BIT[5].OBUF0/Z    0.125437    0.134789   -0.009352 (VIOLATED)
decode_stage.rf.tgrp_rf2/BLOCK[0].RAM32.SLICE_16[0].RAM16.SLICE[1].RAM8.WORD[4].W.BYTE[3].B.BIT[5].OBUF0/Z    0.125437    0.134789   -0.009352 (VIOLATED)
decode_stage.rf.tgrp_rf2/BLOCK[0].RAM32.SLICE_16[0].RAM16.SLICE[1].RAM8.WORD[5].W.BYTE[3].B.BIT[5].OBUF0/Z    0.125437    0.134789   -0.009352 (VIOLATED)
decode_stage.rf.tgrp_rf2/BLOCK[0].RAM32.SLICE_16[0].RAM16.SLICE[1].RAM8.WORD[7].W.BYTE[3].B.BIT[5].OBUF0/Z    0.125437    0.134789   -0.009352 (VIOLATED)
decode_stage.rf.tgrp_rf1/BLOCK[0].RAM32.SLICE_16[0].RAM16.BYTE[3].FLOATBUF0[29].__cell__/Z    0.125437    0.134789   -0.009352 (VIOLATED)
decode_stage.rf.tgrp_rf1/BLOCK[0].RAM32.SLICE_16[0].RAM16.SLICE[1].RAM8.WORD[6].W.BYTE[3].B.BIT[5].OBUF0/Z    0.125437    0.134789   -0.009352 (VIOLATED)
decode_stage.rf.tgrp_rf2/BLOCK[0].RAM32.SLICE_16[0].RAM16.BYTE[3].FLOATBUF0[29].__cell__/Z    0.125437    0.134789   -0.009352 (VIOLATED)
decode_stage.rf.tgrp_rf2/BLOCK[0].RAM32.SLICE_16[0].RAM16.SLICE[1].RAM8.WORD[6].W.BYTE[3].B.BIT[5].OBUF0/Z    0.125437    0.134789   -0.009352 (VIOLATED)
decode_stage.rf.tgrp_rf1/BLOCK[0].RAM32.Do0MUX.M[1].MUX[1]/X    0.173045    0.179345   -0.006300 (VIOLATED)
decode_stage.rf.tgrp_rf2/BLOCK[0].RAM32.Do0MUX.M[1].MUX[1]/X    0.173045    0.179345   -0.006300 (VIOLATED)
decode_stage.rf.tgrp_rf1/BLOCK[3].RAM32.SLICE_16[1].RAM16.BYTE[3].FLOATBUF0[28].__cell__/Z    0.125437    0.131498   -0.006061 (VIOLATED)
decode_stage.rf.tgrp_rf1/BLOCK[3].RAM32.SLICE_16[1].RAM16.SLICE[0].RAM8.WORD[0].W.BYTE[3].B.BIT[4].OBUF0/Z    0.125437    0.131498   -0.006061 (VIOLATED)
decode_stage.rf.tgrp_rf1/BLOCK[3].RAM32.SLICE_16[1].RAM16.SLICE[0].RAM8.WORD[1].W.BYTE[3].B.BIT[4].OBUF0/Z    0.125437    0.131498   -0.006061 (VIOLATED)
decode_stage.rf.tgrp_rf1/BLOCK[3].RAM32.SLICE_16[1].RAM16.SLICE[0].RAM8.WORD[2].W.BYTE[3].B.BIT[4].OBUF0/Z    0.125437    0.131498   -0.006061 (VIOLATED)
decode_stage.rf.tgrp_rf1/BLOCK[3].RAM32.SLICE_16[1].RAM16.SLICE[0].RAM8.WORD[3].W.BYTE[3].B.BIT[4].OBUF0/Z    0.125437    0.131498   -0.006061 (VIOLATED)
decode_stage.rf.tgrp_rf1/BLOCK[3].RAM32.SLICE_16[1].RAM16.SLICE[0].RAM8.WORD[4].W.BYTE[3].B.BIT[4].OBUF0/Z    0.125437    0.131498   -0.006061 (VIOLATED)
decode_stage.rf.tgrp_rf1/BLOCK[3].RAM32.SLICE_16[1].RAM16.SLICE[0].RAM8.WORD[5].W.BYTE[3].B.BIT[4].OBUF0/Z    0.125437    0.131498   -0.006061 (VIOLATED)
decode_stage.rf.tgrp_rf1/BLOCK[3].RAM32.SLICE_16[1].RAM16.SLICE[0].RAM8.WORD[6].W.BYTE[3].B.BIT[4].OBUF0/Z    0.125437    0.131498   -0.006061 (VIOLATED)
decode_stage.rf.tgrp_rf1/BLOCK[3].RAM32.SLICE_16[1].RAM16.SLICE[0].RAM8.WORD[7].W.BYTE[3].B.BIT[4].OBUF0/Z    0.125437    0.131498   -0.006061 (VIOLATED)
decode_stage.rf.tgrp_rf1/BLOCK[3].RAM32.SLICE_16[1].RAM16.SLICE[1].RAM8.WORD[0].W.BYTE[3].B.BIT[4].OBUF0/Z    0.125437    0.131498   -0.006061 (VIOLATED)
decode_stage.rf.tgrp_rf1/BLOCK[3].RAM32.SLICE_16[1].RAM16.SLICE[1].RAM8.WORD[1].W.BYTE[3].B.BIT[4].OBUF0/Z    0.125437    0.131498   -0.006061 (VIOLATED)
decode_stage.rf.tgrp_rf1/BLOCK[3].RAM32.SLICE_16[1].RAM16.SLICE[1].RAM8.WORD[2].W.BYTE[3].B.BIT[4].OBUF0/Z    0.125437    0.131498   -0.006061 (VIOLATED)
decode_stage.rf.tgrp_rf1/BLOCK[3].RAM32.SLICE_16[1].RAM16.SLICE[1].RAM8.WORD[3].W.BYTE[3].B.BIT[4].OBUF0/Z    0.125437    0.131498   -0.006061 (VIOLATED)
decode_stage.rf.tgrp_rf1/BLOCK[3].RAM32.SLICE_16[1].RAM16.SLICE[1].RAM8.WORD[4].W.BYTE[3].B.BIT[4].OBUF0/Z    0.125437    0.131498   -0.006061 (VIOLATED)
decode_stage.rf.tgrp_rf1/BLOCK[3].RAM32.SLICE_16[1].RAM16.SLICE[1].RAM8.WORD[5].W.BYTE[3].B.BIT[4].OBUF0/Z    0.125437    0.131498   -0.006061 (VIOLATED)
decode_stage.rf.tgrp_rf1/BLOCK[3].RAM32.SLICE_16[1].RAM16.SLICE[1].RAM8.WORD[6].W.BYTE[3].B.BIT[4].OBUF0/Z    0.125437    0.131498   -0.006061 (VIOLATED)
decode_stage.rf.tgrp_rf1/BLOCK[3].RAM32.SLICE_16[1].RAM16.SLICE[1].RAM8.WORD[7].W.BYTE[3].B.BIT[4].OBUF0/Z    0.125437    0.131498   -0.006061 (VIOLATED)
decode_stage.rf.tgrp_rf2/BLOCK[3].RAM32.SLICE_16[1].RAM16.BYTE[3].FLOATBUF0[28].__cell__/Z    0.125437    0.131498   -0.006061 (VIOLATED)
decode_stage.rf.tgrp_rf2/BLOCK[3].RAM32.SLICE_16[1].RAM16.SLICE[0].RAM8.WORD[0].W.BYTE[3].B.BIT[4].OBUF0/Z    0.125437    0.131498   -0.006061 (VIOLATED)
decode_stage.rf.tgrp_rf2/BLOCK[3].RAM32.SLICE_16[1].RAM16.SLICE[0].RAM8.WORD[1].W.BYTE[3].B.BIT[4].OBUF0/Z    0.125437    0.131498   -0.006061 (VIOLATED)
decode_stage.rf.tgrp_rf2/BLOCK[3].RAM32.SLICE_16[1].RAM16.SLICE[0].RAM8.WORD[2].W.BYTE[3].B.BIT[4].OBUF0/Z    0.125437    0.131498   -0.006061 (VIOLATED)
decode_stage.rf.tgrp_rf2/BLOCK[3].RAM32.SLICE_16[1].RAM16.SLICE[0].RAM8.WORD[3].W.BYTE[3].B.BIT[4].OBUF0/Z    0.125437    0.131498   -0.006061 (VIOLATED)
decode_stage.rf.tgrp_rf2/BLOCK[3].RAM32.SLICE_16[1].RAM16.SLICE[0].RAM8.WORD[4].W.BYTE[3].B.BIT[4].OBUF0/Z    0.125437    0.131498   -0.006061 (VIOLATED)
decode_stage.rf.tgrp_rf2/BLOCK[3].RAM32.SLICE_16[1].RAM16.SLICE[0].RAM8.WORD[5].W.BYTE[3].B.BIT[4].OBUF0/Z    0.125437    0.131498   -0.006061 (VIOLATED)
decode_stage.rf.tgrp_rf2/BLOCK[3].RAM32.SLICE_16[1].RAM16.SLICE[0].RAM8.WORD[6].W.BYTE[3].B.BIT[4].OBUF0/Z    0.125437    0.131498   -0.006061 (VIOLATED)
decode_stage.rf.tgrp_rf2/BLOCK[3].RAM32.SLICE_16[1].RAM16.SLICE[0].RAM8.WORD[7].W.BYTE[3].B.BIT[4].OBUF0/Z    0.125437    0.131498   -0.006061 (VIOLATED)
decode_stage.rf.tgrp_rf2/BLOCK[3].RAM32.SLICE_16[1].RAM16.SLICE[1].RAM8.WORD[0].W.BYTE[3].B.BIT[4].OBUF0/Z    0.125437    0.131498   -0.006061 (VIOLATED)
decode_stage.rf.tgrp_rf2/BLOCK[3].RAM32.SLICE_16[1].RAM16.SLICE[1].RAM8.WORD[1].W.BYTE[3].B.BIT[4].OBUF0/Z    0.125437    0.131498   -0.006061 (VIOLATED)
decode_stage.rf.tgrp_rf2/BLOCK[3].RAM32.SLICE_16[1].RAM16.SLICE[1].RAM8.WORD[2].W.BYTE[3].B.BIT[4].OBUF0/Z    0.125437    0.131498   -0.006061 (VIOLATED)
decode_stage.rf.tgrp_rf2/BLOCK[3].RAM32.SLICE_16[1].RAM16.SLICE[1].RAM8.WORD[3].W.BYTE[3].B.BIT[4].OBUF0/Z    0.125437    0.131498   -0.006061 (VIOLATED)
decode_stage.rf.tgrp_rf2/BLOCK[3].RAM32.SLICE_16[1].RAM16.SLICE[1].RAM8.WORD[4].W.BYTE[3].B.BIT[4].OBUF0/Z    0.125437    0.131498   -0.006061 (VIOLATED)
decode_stage.rf.tgrp_rf2/BLOCK[3].RAM32.SLICE_16[1].RAM16.SLICE[1].RAM8.WORD[5].W.BYTE[3].B.BIT[4].OBUF0/Z    0.125437    0.131498   -0.006061 (VIOLATED)
decode_stage.rf.tgrp_rf2/BLOCK[3].RAM32.SLICE_16[1].RAM16.SLICE[1].RAM8.WORD[6].W.BYTE[3].B.BIT[4].OBUF0/Z    0.125437    0.131498   -0.006061 (VIOLATED)
decode_stage.rf.tgrp_rf2/BLOCK[3].RAM32.SLICE_16[1].RAM16.SLICE[1].RAM8.WORD[7].W.BYTE[3].B.BIT[4].OBUF0/Z    0.125437    0.131498   -0.006061 (VIOLATED)



===========================================================================
report_parasitic_annotation -report_unannotated
============================================================================
Found 274 unannotated drivers.
 clkload0/X
 clkload1/Y
 clkload10/Y
 clkload100/Y
 clkload101/Y
 clkload102/Y
 clkload103/X
 clkload104/Y
 clkload105/X
 clkload106/Y
 clkload107/X
 clkload108/X
 clkload109/X
 clkload11/Y
 clkload110/Y
 clkload111/X
 clkload112/X
 clkload113/X
 clkload114/X
 clkload115/X
 clkload116/X
 clkload117/X
 clkload118/Y
 clkload119/Y
 clkload12/Y
 clkload120/Y
 clkload121/Y
 clkload122/X
 clkload123/Y
 clkload124/Y
 clkload125/Y
 clkload126/Y
 clkload127/Y
 clkload128/Y
 clkload129/X
 clkload13/Y
 clkload130/Y
 clkload131/Y
 clkload132/Y
 clkload133/Y
 clkload134/Y
 clkload135/Y
 clkload136/Y
 clkload137/Y
 clkload138/Y
 clkload139/Y
 clkload14/Y
 clkload140/Y
 clkload141/Y
 clkload142/Y
 clkload143/Y
 clkload144/X
 clkload145/Y
 clkload146/Y
 clkload147/Y
 clkload148/Y
 clkload149/X
 clkload15/Y
 clkload150/Y
 clkload151/Y
 clkload152/Y
 clkload153/Y
 clkload154/Y
 clkload155/Y
 clkload156/Y
 clkload157/Y
 clkload16/Y
 clkload17/Y
 clkload18/Y
 clkload19/X
 clkload2/Y
 clkload20/X
 clkload21/Y
 clkload22/Y
 clkload23/Y
 clkload24/Y
 clkload25/Y
 clkload26/Y
 clkload27/Y
 clkload28/Y
 clkload29/Y
 clkload3/X
 clkload30/Y
 clkload31/X
 clkload32/X
 clkload33/Y
 clkload34/Y
 clkload35/Y
 clkload36/Y
 clkload37/Y
 clkload38/Y
 clkload39/Y
 clkload4/Y
 clkload40/Y
 clkload41/Y
 clkload42/Y
 clkload43/Y
 clkload44/Y
 clkload45/Y
 clkload46/Y
 clkload47/Y
 clkload48/Y
 clkload49/Y
 clkload5/Y
 clkload50/X
 clkload51/Y
 clkload52/Y
 clkload53/X
 clkload54/Y
 clkload55/Y
 clkload56/X
 clkload57/Y
 clkload58/Y
 clkload59/Y
 clkload6/Y
 clkload60/Y
 clkload61/Y
 clkload62/Y
 clkload63/X
 clkload64/X
 clkload65/Y
 clkload66/Y
 clkload67/Y
 clkload68/Y
 clkload69/Y
 clkload7/Y
 clkload70/Y
 clkload71/Y
 clkload72/Y
 clkload73/Y
 clkload74/Y
 clkload75/Y
 clkload76/Y
 clkload77/Y
 clkload78/Y
 clkload79/Y
 clkload8/X
 clkload80/Y
 clkload81/Y
 clkload82/Y
 clkload83/X
 clkload84/X
 clkload85/Y
 clkload86/Y
 clkload87/Y
 clkload88/Y
 clkload89/Y
 clkload9/X
 clkload90/Y
 clkload91/Y
 clkload92/Y
 clkload93/Y
 clkload94/Y
 clkload95/Y
 clkload96/Y
 clkload97/Y
 clkload98/Y
 clkload99/Y
 decode_stage.rf.tgrp_rf1/BLOCK\[0\].RAM32.A1BUF\[0\].__cell__/X
 decode_stage.rf.tgrp_rf1/BLOCK\[0\].RAM32.A1BUF\[1\].__cell__/X
 decode_stage.rf.tgrp_rf1/BLOCK\[0\].RAM32.A1BUF\[2\].__cell__/X
 decode_stage.rf.tgrp_rf1/BLOCK\[0\].RAM32.A1BUF\[3\].__cell__/X
 decode_stage.rf.tgrp_rf1/BLOCK\[0\].RAM32.DEC1.AND0/X
 decode_stage.rf.tgrp_rf1/BLOCK\[0\].RAM32.DEC1.AND1/X
 decode_stage.rf.tgrp_rf1/BLOCK\[0\].RAM32.SLICE_16\[0\].RAM16.TIE0\[0\].__cell__/HI
 decode_stage.rf.tgrp_rf1/BLOCK\[0\].RAM32.SLICE_16\[0\].RAM16.TIE0\[1\].__cell__/HI
 decode_stage.rf.tgrp_rf1/BLOCK\[0\].RAM32.SLICE_16\[0\].RAM16.TIE0\[2\].__cell__/HI
 decode_stage.rf.tgrp_rf1/BLOCK\[0\].RAM32.SLICE_16\[0\].RAM16.TIE0\[3\].__cell__/HI
 decode_stage.rf.tgrp_rf1/BLOCK\[0\].RAM32.SLICE_16\[1\].RAM16.TIE0\[0\].__cell__/HI
 decode_stage.rf.tgrp_rf1/BLOCK\[0\].RAM32.SLICE_16\[1\].RAM16.TIE0\[1\].__cell__/HI
 decode_stage.rf.tgrp_rf1/BLOCK\[0\].RAM32.SLICE_16\[1\].RAM16.TIE0\[2\].__cell__/HI
 decode_stage.rf.tgrp_rf1/BLOCK\[0\].RAM32.SLICE_16\[1\].RAM16.TIE0\[3\].__cell__/HI
 decode_stage.rf.tgrp_rf1/BLOCK\[1\].RAM32.A1BUF\[0\].__cell__/X
 decode_stage.rf.tgrp_rf1/BLOCK\[1\].RAM32.A1BUF\[1\].__cell__/X
 decode_stage.rf.tgrp_rf1/BLOCK\[1\].RAM32.A1BUF\[2\].__cell__/X
 decode_stage.rf.tgrp_rf1/BLOCK\[1\].RAM32.A1BUF\[3\].__cell__/X
 decode_stage.rf.tgrp_rf1/BLOCK\[1\].RAM32.DEC1.AND0/X
 decode_stage.rf.tgrp_rf1/BLOCK\[1\].RAM32.DEC1.AND1/X
 decode_stage.rf.tgrp_rf1/BLOCK\[1\].RAM32.SLICE_16\[0\].RAM16.TIE0\[0\].__cell__/HI
 decode_stage.rf.tgrp_rf1/BLOCK\[1\].RAM32.SLICE_16\[0\].RAM16.TIE0\[1\].__cell__/HI
 decode_stage.rf.tgrp_rf1/BLOCK\[1\].RAM32.SLICE_16\[0\].RAM16.TIE0\[2\].__cell__/HI
 decode_stage.rf.tgrp_rf1/BLOCK\[1\].RAM32.SLICE_16\[0\].RAM16.TIE0\[3\].__cell__/HI
 decode_stage.rf.tgrp_rf1/BLOCK\[1\].RAM32.SLICE_16\[1\].RAM16.TIE0\[0\].__cell__/HI
 decode_stage.rf.tgrp_rf1/BLOCK\[1\].RAM32.SLICE_16\[1\].RAM16.TIE0\[1\].__cell__/HI
 decode_stage.rf.tgrp_rf1/BLOCK\[1\].RAM32.SLICE_16\[1\].RAM16.TIE0\[2\].__cell__/HI
 decode_stage.rf.tgrp_rf1/BLOCK\[1\].RAM32.SLICE_16\[1\].RAM16.TIE0\[3\].__cell__/HI
 decode_stage.rf.tgrp_rf1/BLOCK\[2\].RAM32.A1BUF\[0\].__cell__/X
 decode_stage.rf.tgrp_rf1/BLOCK\[2\].RAM32.A1BUF\[1\].__cell__/X
 decode_stage.rf.tgrp_rf1/BLOCK\[2\].RAM32.A1BUF\[2\].__cell__/X
 decode_stage.rf.tgrp_rf1/BLOCK\[2\].RAM32.A1BUF\[3\].__cell__/X
 decode_stage.rf.tgrp_rf1/BLOCK\[2\].RAM32.DEC1.AND0/X
 decode_stage.rf.tgrp_rf1/BLOCK\[2\].RAM32.DEC1.AND1/X
 decode_stage.rf.tgrp_rf1/BLOCK\[2\].RAM32.SLICE_16\[0\].RAM16.TIE0\[0\].__cell__/HI
 decode_stage.rf.tgrp_rf1/BLOCK\[2\].RAM32.SLICE_16\[0\].RAM16.TIE0\[1\].__cell__/HI
 decode_stage.rf.tgrp_rf1/BLOCK\[2\].RAM32.SLICE_16\[0\].RAM16.TIE0\[2\].__cell__/HI
 decode_stage.rf.tgrp_rf1/BLOCK\[2\].RAM32.SLICE_16\[0\].RAM16.TIE0\[3\].__cell__/HI
 decode_stage.rf.tgrp_rf1/BLOCK\[2\].RAM32.SLICE_16\[1\].RAM16.TIE0\[0\].__cell__/HI
 decode_stage.rf.tgrp_rf1/BLOCK\[2\].RAM32.SLICE_16\[1\].RAM16.TIE0\[1\].__cell__/HI
 decode_stage.rf.tgrp_rf1/BLOCK\[2\].RAM32.SLICE_16\[1\].RAM16.TIE0\[2\].__cell__/HI
 decode_stage.rf.tgrp_rf1/BLOCK\[2\].RAM32.SLICE_16\[1\].RAM16.TIE0\[3\].__cell__/HI
 decode_stage.rf.tgrp_rf1/BLOCK\[3\].RAM32.A1BUF\[0\].__cell__/X
 decode_stage.rf.tgrp_rf1/BLOCK\[3\].RAM32.A1BUF\[1\].__cell__/X
 decode_stage.rf.tgrp_rf1/BLOCK\[3\].RAM32.A1BUF\[2\].__cell__/X
 decode_stage.rf.tgrp_rf1/BLOCK\[3\].RAM32.A1BUF\[3\].__cell__/X
 decode_stage.rf.tgrp_rf1/BLOCK\[3\].RAM32.DEC1.AND0/X
 decode_stage.rf.tgrp_rf1/BLOCK\[3\].RAM32.DEC1.AND1/X
 decode_stage.rf.tgrp_rf1/BLOCK\[3\].RAM32.SLICE_16\[0\].RAM16.TIE0\[0\].__cell__/HI
 decode_stage.rf.tgrp_rf1/BLOCK\[3\].RAM32.SLICE_16\[0\].RAM16.TIE0\[1\].__cell__/HI
 decode_stage.rf.tgrp_rf1/BLOCK\[3\].RAM32.SLICE_16\[0\].RAM16.TIE0\[2\].__cell__/HI
 decode_stage.rf.tgrp_rf1/BLOCK\[3\].RAM32.SLICE_16\[0\].RAM16.TIE0\[3\].__cell__/HI
 decode_stage.rf.tgrp_rf1/BLOCK\[3\].RAM32.SLICE_16\[1\].RAM16.TIE0\[0\].__cell__/HI
 decode_stage.rf.tgrp_rf1/BLOCK\[3\].RAM32.SLICE_16\[1\].RAM16.TIE0\[1\].__cell__/HI
 decode_stage.rf.tgrp_rf1/BLOCK\[3\].RAM32.SLICE_16\[1\].RAM16.TIE0\[2\].__cell__/HI
 decode_stage.rf.tgrp_rf1/BLOCK\[3\].RAM32.SLICE_16\[1\].RAM16.TIE0\[3\].__cell__/HI
 decode_stage.rf.tgrp_rf1/TIE_ZERO_zero_/HI
 decode_stage.rf.tgrp_rf1_259/LO
 decode_stage.rf.tgrp_rf2/BLOCK\[0\].RAM32.A1BUF\[0\].__cell__/X
 decode_stage.rf.tgrp_rf2/BLOCK\[0\].RAM32.A1BUF\[1\].__cell__/X
 decode_stage.rf.tgrp_rf2/BLOCK\[0\].RAM32.A1BUF\[2\].__cell__/X
 decode_stage.rf.tgrp_rf2/BLOCK\[0\].RAM32.A1BUF\[3\].__cell__/X
 decode_stage.rf.tgrp_rf2/BLOCK\[0\].RAM32.DEC1.AND0/X
 decode_stage.rf.tgrp_rf2/BLOCK\[0\].RAM32.DEC1.AND1/X
 decode_stage.rf.tgrp_rf2/BLOCK\[0\].RAM32.SLICE_16\[0\].RAM16.TIE0\[0\].__cell__/HI
 decode_stage.rf.tgrp_rf2/BLOCK\[0\].RAM32.SLICE_16\[0\].RAM16.TIE0\[1\].__cell__/HI
 decode_stage.rf.tgrp_rf2/BLOCK\[0\].RAM32.SLICE_16\[0\].RAM16.TIE0\[2\].__cell__/HI
 decode_stage.rf.tgrp_rf2/BLOCK\[0\].RAM32.SLICE_16\[0\].RAM16.TIE0\[3\].__cell__/HI
 decode_stage.rf.tgrp_rf2/BLOCK\[0\].RAM32.SLICE_16\[1\].RAM16.TIE0\[0\].__cell__/HI
 decode_stage.rf.tgrp_rf2/BLOCK\[0\].RAM32.SLICE_16\[1\].RAM16.TIE0\[1\].__cell__/HI
 decode_stage.rf.tgrp_rf2/BLOCK\[0\].RAM32.SLICE_16\[1\].RAM16.TIE0\[2\].__cell__/HI
 decode_stage.rf.tgrp_rf2/BLOCK\[0\].RAM32.SLICE_16\[1\].RAM16.TIE0\[3\].__cell__/HI
 decode_stage.rf.tgrp_rf2/BLOCK\[1\].RAM32.A1BUF\[0\].__cell__/X
 decode_stage.rf.tgrp_rf2/BLOCK\[1\].RAM32.A1BUF\[1\].__cell__/X
 decode_stage.rf.tgrp_rf2/BLOCK\[1\].RAM32.A1BUF\[2\].__cell__/X
 decode_stage.rf.tgrp_rf2/BLOCK\[1\].RAM32.A1BUF\[3\].__cell__/X
 decode_stage.rf.tgrp_rf2/BLOCK\[1\].RAM32.DEC1.AND0/X
 decode_stage.rf.tgrp_rf2/BLOCK\[1\].RAM32.DEC1.AND1/X
 decode_stage.rf.tgrp_rf2/BLOCK\[1\].RAM32.SLICE_16\[0\].RAM16.TIE0\[0\].__cell__/HI
 decode_stage.rf.tgrp_rf2/BLOCK\[1\].RAM32.SLICE_16\[0\].RAM16.TIE0\[1\].__cell__/HI
 decode_stage.rf.tgrp_rf2/BLOCK\[1\].RAM32.SLICE_16\[0\].RAM16.TIE0\[2\].__cell__/HI
 decode_stage.rf.tgrp_rf2/BLOCK\[1\].RAM32.SLICE_16\[0\].RAM16.TIE0\[3\].__cell__/HI
 decode_stage.rf.tgrp_rf2/BLOCK\[1\].RAM32.SLICE_16\[1\].RAM16.TIE0\[0\].__cell__/HI
 decode_stage.rf.tgrp_rf2/BLOCK\[1\].RAM32.SLICE_16\[1\].RAM16.TIE0\[1\].__cell__/HI
 decode_stage.rf.tgrp_rf2/BLOCK\[1\].RAM32.SLICE_16\[1\].RAM16.TIE0\[2\].__cell__/HI
 decode_stage.rf.tgrp_rf2/BLOCK\[1\].RAM32.SLICE_16\[1\].RAM16.TIE0\[3\].__cell__/HI
 decode_stage.rf.tgrp_rf2/BLOCK\[2\].RAM32.A1BUF\[0\].__cell__/X
 decode_stage.rf.tgrp_rf2/BLOCK\[2\].RAM32.A1BUF\[1\].__cell__/X
 decode_stage.rf.tgrp_rf2/BLOCK\[2\].RAM32.A1BUF\[2\].__cell__/X
 decode_stage.rf.tgrp_rf2/BLOCK\[2\].RAM32.A1BUF\[3\].__cell__/X
 decode_stage.rf.tgrp_rf2/BLOCK\[2\].RAM32.DEC1.AND0/X
 decode_stage.rf.tgrp_rf2/BLOCK\[2\].RAM32.DEC1.AND1/X
 decode_stage.rf.tgrp_rf2/BLOCK\[2\].RAM32.SLICE_16\[0\].RAM16.TIE0\[0\].__cell__/HI
 decode_stage.rf.tgrp_rf2/BLOCK\[2\].RAM32.SLICE_16\[0\].RAM16.TIE0\[1\].__cell__/HI
 decode_stage.rf.tgrp_rf2/BLOCK\[2\].RAM32.SLICE_16\[0\].RAM16.TIE0\[2\].__cell__/HI
 decode_stage.rf.tgrp_rf2/BLOCK\[2\].RAM32.SLICE_16\[0\].RAM16.TIE0\[3\].__cell__/HI
 decode_stage.rf.tgrp_rf2/BLOCK\[2\].RAM32.SLICE_16\[1\].RAM16.TIE0\[0\].__cell__/HI
 decode_stage.rf.tgrp_rf2/BLOCK\[2\].RAM32.SLICE_16\[1\].RAM16.TIE0\[1\].__cell__/HI
 decode_stage.rf.tgrp_rf2/BLOCK\[2\].RAM32.SLICE_16\[1\].RAM16.TIE0\[2\].__cell__/HI
 decode_stage.rf.tgrp_rf2/BLOCK\[2\].RAM32.SLICE_16\[1\].RAM16.TIE0\[3\].__cell__/HI
 decode_stage.rf.tgrp_rf2/BLOCK\[3\].RAM32.A1BUF\[0\].__cell__/X
 decode_stage.rf.tgrp_rf2/BLOCK\[3\].RAM32.A1BUF\[1\].__cell__/X
 decode_stage.rf.tgrp_rf2/BLOCK\[3\].RAM32.A1BUF\[2\].__cell__/X
 decode_stage.rf.tgrp_rf2/BLOCK\[3\].RAM32.A1BUF\[3\].__cell__/X
 decode_stage.rf.tgrp_rf2/BLOCK\[3\].RAM32.DEC1.AND0/X
 decode_stage.rf.tgrp_rf2/BLOCK\[3\].RAM32.DEC1.AND1/X
 decode_stage.rf.tgrp_rf2/BLOCK\[3\].RAM32.SLICE_16\[0\].RAM16.TIE0\[0\].__cell__/HI
 decode_stage.rf.tgrp_rf2/BLOCK\[3\].RAM32.SLICE_16\[0\].RAM16.TIE0\[1\].__cell__/HI
 decode_stage.rf.tgrp_rf2/BLOCK\[3\].RAM32.SLICE_16\[0\].RAM16.TIE0\[2\].__cell__/HI
 decode_stage.rf.tgrp_rf2/BLOCK\[3\].RAM32.SLICE_16\[0\].RAM16.TIE0\[3\].__cell__/HI
 decode_stage.rf.tgrp_rf2/BLOCK\[3\].RAM32.SLICE_16\[1\].RAM16.TIE0\[0\].__cell__/HI
 decode_stage.rf.tgrp_rf2/BLOCK\[3\].RAM32.SLICE_16\[1\].RAM16.TIE0\[1\].__cell__/HI
 decode_stage.rf.tgrp_rf2/BLOCK\[3\].RAM32.SLICE_16\[1\].RAM16.TIE0\[2\].__cell__/HI
 decode_stage.rf.tgrp_rf2/BLOCK\[3\].RAM32.SLICE_16\[1\].RAM16.TIE0\[3\].__cell__/HI
 decode_stage.rf.tgrp_rf2/TIE_ZERO_zero_/HI
 decode_stage.rf.tgrp_rf2_260/LO
Found 0 partially unannotated drivers.

===========================================================================
max slew violation count 120
max fanout violation count 0
max cap violation count 104
============================================================================

===========================================================================
check_setup -verbose -unconstrained_endpoints -multiple_clock -no_clock -no_input_delay -loops -generated_clocks
===========================================================================
Warning: There are 2 input ports missing set_input_delay.
  rst
  swap_tgrp
Warning: There are 65 unconstrained endpoints.
  pcw[0]
  pcw[10]
  pcw[11]
  pcw[12]
  pcw[13]
  pcw[14]
  pcw[15]
  pcw[16]
  pcw[17]
  pcw[18]
  pcw[19]
  pcw[1]
  pcw[20]
  pcw[21]
  pcw[22]
  pcw[23]
  pcw[24]
  pcw[25]
  pcw[26]
  pcw[27]
  pcw[28]
  pcw[29]
  pcw[2]
  pcw[30]
  pcw[31]
  pcw[3]
  pcw[4]
  pcw[5]
  pcw[6]
  pcw[7]
  pcw[8]
  pcw[9]
  result[0]
  result[10]
  result[11]
  result[12]
  result[13]
  result[14]
  result[15]
  result[16]
  result[17]
  result[18]
  result[19]
  result[1]
  result[20]
  result[21]
  result[22]
  result[23]
  result[24]
  result[25]
  result[26]
  result[27]
  result[28]
  result[29]
  result[2]
  result[30]
  result[31]
  result[3]
  result[4]
  result[5]
  result[6]
  result[7]
  result[8]
  result[9]
  _16770_/D
