
===========================================================================
 report_power
============================================================================
======================= max_tt_025C_1v80 Corner ===================================

Group                    Internal    Switching      Leakage        Total
                            Power        Power        Power        Power (Watts)
------------------------------------------------------------------------
Sequential           5.555509e-03 1.565586e-04 9.278858e-08 5.712160e-03  31.8%
Combinational        5.422768e-04 1.991160e-03 7.540381e-08 2.533512e-03  14.1%
Clock                2.981569e-03 6.722889e-03 9.268707e-08 9.704551e-03  54.1%
Macro                0.000000e+00 0.000000e+00 0.000000e+00 0.000000e+00   0.0%
Pad                  0.000000e+00 0.000000e+00 0.000000e+00 0.000000e+00   0.0%
------------------------------------------------------------------------
Total                9.080820e-03 8.870481e-03 2.609218e-07 1.795156e-02 100.0%
                            50.6%        49.4%         0.0%

