Clock: clk
Sources: clk 
Generated: no
Virtual: yes
Propagated: no
Period: 24.000000

===========================================================================
report_clock_properties
============================================================================
Clock                   Period          Waveform
----------------------------------------------------
clk                  24.000000    0.000000 12.000000

===========================================================================
report_clock_latency
============================================================================
Clock clk
rise -> rise
    min     max
0.000000 0.000000 source latency
2.512638         network latency _16377_/CLK
        4.214086 network latency decode_stage.rf.tgrp_rf2/BLOCK[2].RAM32.SLICE_16[1].RAM16.SLICE[0].RAM8.WORD[1].W.BYTE[0].B.BIT[0].genblk1.STORAGE/CLK
---------------
2.512638 4.214086 latency
        1.701447 skew

fall -> fall
    min     max
0.000000 0.000000 source latency
2.645529         network latency _16377_/CLK
        3.731218 network latency decode_stage.rf.tgrp_rf2/BLOCK[2].RAM32.SLICE_16[1].RAM16.SLICE[0].RAM8.WORD[1].W.BYTE[0].B.BIT[0].genblk1.STORAGE/CLK
---------------
2.645529 3.731218 latency
        1.085689 skew



===========================================================================
report_clock_min_period
============================================================================
clk period_min = 18.02 fmax = 55.51
