                                                                        Cells by Master                                                                         
┏━━━━━━━━━━━━━━━━━━━━━━━━━━━━━━━━━━━━━━━━━━━━━━━━━━━━━━━━━━━━━━━━━━━━━━━━━━━━━━━━━━━━━━━━━━━━━━━━━━━━━━━━━━━━━━━━━━━━━━━━━━━━━━━━━┳━━━━━━━━━━━━━━━━━━━━━━━━━━━━┓
┃ Cell                                                                                                                            ┃ Count                      ┃
┡━━━━━━━━━━━━━━━━━━━━━━━━━━━━━━━━━━━━━━━━━━━━━━━━━━━━━━━━━━━━━━━━━━━━━━━━━━━━━━━━━━━━━━━━━━━━━━━━━━━━━━━━━━━━━━━━━━━━━━━━━━━━━━━━━╇━━━━━━━━━━━━━━━━━━━━━━━━━━━━┩
│ RAM128_1RW1R                                                                                                                    │ 2                          │
│ sky130_ef_sc_hd__decap_12                                                                                                       │ 30259                      │
│ sky130_fd_sc_hd__a2111o_1                                                                                                       │ 21                         │
│ sky130_fd_sc_hd__a2111o_2                                                                                                       │ 1                          │
│ sky130_fd_sc_hd__a211o_1                                                                                                        │ 56                         │
│ sky130_fd_sc_hd__a211o_2                                                                                                        │ 2                          │
│ sky130_fd_sc_hd__a211oi_1                                                                                                       │ 3                          │
│ sky130_fd_sc_hd__a211oi_2                                                                                                       │ 2                          │
│ sky130_fd_sc_hd__a211oi_4                                                                                                       │ 1                          │
│ sky130_fd_sc_hd__a21bo_1                                                                                                        │ 22                         │
│ sky130_fd_sc_hd__a21bo_4                                                                                                        │ 1                          │
│ sky130_fd_sc_hd__a21boi_1                                                                                                       │ 14                         │
│ sky130_fd_sc_hd__a21o_1                                                                                                         │ 99                         │
│ sky130_fd_sc_hd__a21o_2                                                                                                         │ 14                         │
│ sky130_fd_sc_hd__a21o_4                                                                                                         │ 33                         │
│ sky130_fd_sc_hd__a21oi_1                                                                                                        │ 51                         │
│ sky130_fd_sc_hd__a21oi_2                                                                                                        │ 9                          │
│ sky130_fd_sc_hd__a21oi_4                                                                                                        │ 16                         │
│ sky130_fd_sc_hd__a221o_1                                                                                                        │ 845                        │
│ sky130_fd_sc_hd__a221o_2                                                                                                        │ 8                          │
│ sky130_fd_sc_hd__a221o_4                                                                                                        │ 1                          │
│ sky130_fd_sc_hd__a221oi_2                                                                                                       │ 1                          │
│ sky130_fd_sc_hd__a221oi_4                                                                                                       │ 1                          │
│ sky130_fd_sc_hd__a22o_1                                                                                                         │ 644                        │
│ sky130_fd_sc_hd__a22o_2                                                                                                         │ 2                          │
│ sky130_fd_sc_hd__a22o_4                                                                                                         │ 16                         │
│ sky130_fd_sc_hd__a22oi_1                                                                                                        │ 3                          │
│ sky130_fd_sc_hd__a22oi_4                                                                                                        │ 1                          │
│ sky130_fd_sc_hd__a2bb2o_1                                                                                                       │ 37                         │
│ sky130_fd_sc_hd__a2bb2o_4                                                                                                       │ 1                          │
│ sky130_fd_sc_hd__a311o_1                                                                                                        │ 3                          │
│ sky130_fd_sc_hd__a311o_2                                                                                                        │ 1                          │
│ sky130_fd_sc_hd__a31o_1                                                                                                         │ 59                         │
│ sky130_fd_sc_hd__a31o_2                                                                                                         │ 3                          │
│ sky130_fd_sc_hd__a31o_4                                                                                                         │ 1                          │
│ sky130_fd_sc_hd__a31oi_1                                                                                                        │ 1                          │
│ sky130_fd_sc_hd__a31oi_4                                                                                                        │ 3                          │
│ sky130_fd_sc_hd__a32o_1                                                                                                         │ 16                         │
│ sky130_fd_sc_hd__a41o_1                                                                                                         │ 7                          │
│ sky130_fd_sc_hd__a41o_4                                                                                                         │ 1                          │
│ sky130_fd_sc_hd__and2_1                                                                                                         │ 194                        │
│ sky130_fd_sc_hd__and2_2                                                                                                         │ 18                         │
│ sky130_fd_sc_hd__and2_4                                                                                                         │ 25                         │
│ sky130_fd_sc_hd__and2b_1                                                                                                        │ 98                         │
│ sky130_fd_sc_hd__and2b_2                                                                                                        │ 3                          │
│ sky130_fd_sc_hd__and2b_4                                                                                                        │ 2                          │
│ sky130_fd_sc_hd__and3_1                                                                                                         │ 50                         │
│ sky130_fd_sc_hd__and3_2                                                                                                         │ 41                         │
│ sky130_fd_sc_hd__and3_4                                                                                                         │ 228                        │
│ sky130_fd_sc_hd__and3b_1                                                                                                        │ 9                          │
│ sky130_fd_sc_hd__and3b_2                                                                                                        │ 3                          │
│ sky130_fd_sc_hd__and3b_4                                                                                                        │ 7                          │
│ sky130_fd_sc_hd__and4_1                                                                                                         │ 14                         │
│ sky130_fd_sc_hd__and4_2                                                                                                         │ 1                          │
│ sky130_fd_sc_hd__and4b_1                                                                                                        │ 10                         │
│ sky130_fd_sc_hd__and4b_2                                                                                                        │ 7                          │
│ sky130_fd_sc_hd__and4b_4                                                                                                        │ 6                          │
│ sky130_fd_sc_hd__and4bb_1                                                                                                       │ 1                          │
│ sky130_fd_sc_hd__and4bb_4                                                                                                       │ 2                          │
│ sky130_fd_sc_hd__buf_1                                                                                                          │ 64                         │
│ sky130_fd_sc_hd__buf_12                                                                                                         │ 52                         │
│ sky130_fd_sc_hd__buf_2                                                                                                          │ 2                          │
│ sky130_fd_sc_hd__buf_4                                                                                                          │ 85                         │
│ sky130_fd_sc_hd__buf_6                                                                                                          │ 28                         │
│ sky130_fd_sc_hd__buf_8                                                                                                          │ 5                          │
│ sky130_fd_sc_hd__bufinv_16                                                                                                      │ 11                         │
│ sky130_fd_sc_hd__clkbuf_16                                                                                                      │ 21                         │
│ sky130_fd_sc_hd__clkbuf_2                                                                                                       │ 3                          │
│ sky130_fd_sc_hd__clkbuf_4                                                                                                       │ 17                         │
│ sky130_fd_sc_hd__clkbuf_8                                                                                                       │ 227                        │
│ sky130_fd_sc_hd__clkinv_1                                                                                                       │ 1                          │
│ sky130_fd_sc_hd__clkinv_16                                                                                                      │ 11                         │
│ sky130_fd_sc_hd__clkinv_2                                                                                                       │ 6                          │
│ sky130_fd_sc_hd__clkinv_4                                                                                                       │ 14                         │
│ sky130_fd_sc_hd__clkinv_8                                                                                                       │ 14                         │
│ sky130_fd_sc_hd__clkinvlp_4                                                                                                     │ 13                         │
│ sky130_fd_sc_hd__conb_1                                                                                                         │ 2                          │
│ sky130_fd_sc_hd__decap_3                                                                                                        │ 3057                       │
│ sky130_fd_sc_hd__decap_4                                                                                                        │ 1503                       │
│ sky130_fd_sc_hd__decap_6                                                                                                        │ 6978                       │
│ sky130_fd_sc_hd__decap_8                                                                                                        │ 1584                       │
│ sky130_fd_sc_hd__dfxtp_1                                                                                                        │ 2627                       │
│ sky130_fd_sc_hd__dfxtp_2                                                                                                        │ 76                         │
│ sky130_fd_sc_hd__dfxtp_4                                                                                                        │ 91                         │
│ sky130_fd_sc_hd__diode_2                                                                                                        │ 12451                      │
│ sky130_fd_sc_hd__fill_1                                                                                                         │ 10924                      │
│ sky130_fd_sc_hd__fill_2                                                                                                         │ 1173                       │
│ sky130_fd_sc_hd__inv_12                                                                                                         │ 15                         │
│ sky130_fd_sc_hd__inv_16                                                                                                         │ 7                          │
│ sky130_fd_sc_hd__inv_2                                                                                                          │ 108                        │
│ sky130_fd_sc_hd__inv_4                                                                                                          │ 4                          │
│ sky130_fd_sc_hd__inv_6                                                                                                          │ 14                         │
│ sky130_fd_sc_hd__inv_8                                                                                                          │ 25                         │
│ sky130_fd_sc_hd__mux2_1                                                                                                         │ 2445                       │
│ sky130_fd_sc_hd__mux2_2                                                                                                         │ 45                         │
│ sky130_fd_sc_hd__mux2_4                                                                                                         │ 21                         │
│ sky130_fd_sc_hd__mux2_8                                                                                                         │ 22                         │
│ sky130_fd_sc_hd__mux4_1                                                                                                         │ 94                         │
│ sky130_fd_sc_hd__mux4_2                                                                                                         │ 11                         │
│ sky130_fd_sc_hd__nand2_1                                                                                                        │ 197                        │
│ sky130_fd_sc_hd__nand2_2                                                                                                        │ 35                         │
│ sky130_fd_sc_hd__nand2_4                                                                                                        │ 12                         │
│ sky130_fd_sc_hd__nand2_8                                                                                                        │ 13                         │
│ sky130_fd_sc_hd__nand2b_1                                                                                                       │ 43                         │
│ sky130_fd_sc_hd__nand2b_2                                                                                                       │ 3                          │
│ sky130_fd_sc_hd__nand2b_4                                                                                                       │ 1                          │
│ sky130_fd_sc_hd__nand3_1                                                                                                        │ 9                          │
│ sky130_fd_sc_hd__nand3_4                                                                                                        │ 1                          │
│ sky130_fd_sc_hd__nand3b_1                                                                                                       │ 1                          │
│ sky130_fd_sc_hd__nor2_1                                                                                                         │ 293                        │
│ sky130_fd_sc_hd__nor2_2                                                                                                         │ 34                         │
│ sky130_fd_sc_hd__nor2_4                                                                                                         │ 4                          │
│ sky130_fd_sc_hd__nor2_8                                                                                                         │ 27                         │
│ sky130_fd_sc_hd__nor3_1                                                                                                         │ 4                          │
│ sky130_fd_sc_hd__nor3_2                                                                                                         │ 4                          │
│ sky130_fd_sc_hd__nor3_4                                                                                                         │ 4                          │
│ sky130_fd_sc_hd__nor3b_1                                                                                                        │ 1                          │
│ sky130_fd_sc_hd__nor3b_4                                                                                                        │ 5                          │
│ sky130_fd_sc_hd__nor4_1                                                                                                         │ 1                          │
│ sky130_fd_sc_hd__nor4_4                                                                                                         │ 2                          │
│ sky130_fd_sc_hd__o2111a_1                                                                                                       │ 4                          │
│ sky130_fd_sc_hd__o2111ai_1                                                                                                      │ 1                          │
│ sky130_fd_sc_hd__o211a_1                                                                                                        │ 120                        │
│ sky130_fd_sc_hd__o211a_2                                                                                                        │ 1                          │
│ sky130_fd_sc_hd__o211a_4                                                                                                        │ 7                          │
│ sky130_fd_sc_hd__o211ai_1                                                                                                       │ 1                          │
│ sky130_fd_sc_hd__o21a_1                                                                                                         │ 311                        │
│ sky130_fd_sc_hd__o21a_2                                                                                                         │ 4                          │
│ sky130_fd_sc_hd__o21a_4                                                                                                         │ 10                         │
│ sky130_fd_sc_hd__o21ai_1                                                                                                        │ 112                        │
│ sky130_fd_sc_hd__o21ai_2                                                                                                        │ 17                         │
│ sky130_fd_sc_hd__o21ai_4                                                                                                        │ 15                         │
│ sky130_fd_sc_hd__o21ba_1                                                                                                        │ 21                         │
│ sky130_fd_sc_hd__o21bai_1                                                                                                       │ 2                          │
│ sky130_fd_sc_hd__o21bai_4                                                                                                       │ 2                          │
│ sky130_fd_sc_hd__o221a_1                                                                                                        │ 91                         │
│ sky130_fd_sc_hd__o221a_4                                                                                                        │ 1                          │
│ sky130_fd_sc_hd__o221ai_1                                                                                                       │ 3                          │
│ sky130_fd_sc_hd__o221ai_2                                                                                                       │ 6                          │
│ sky130_fd_sc_hd__o221ai_4                                                                                                       │ 3                          │
│ sky130_fd_sc_hd__o22a_1                                                                                                         │ 93                         │
│ sky130_fd_sc_hd__o22a_2                                                                                                         │ 7                          │
│ sky130_fd_sc_hd__o22ai_1                                                                                                        │ 16                         │
│ sky130_fd_sc_hd__o22ai_2                                                                                                        │ 4                          │
│ sky130_fd_sc_hd__o22ai_4                                                                                                        │ 2                          │
│ sky130_fd_sc_hd__o2bb2a_1                                                                                                       │ 41                         │
│ sky130_fd_sc_hd__o2bb2a_2                                                                                                       │ 4                          │
│ sky130_fd_sc_hd__o2bb2a_4                                                                                                       │ 3                          │
│ sky130_fd_sc_hd__o311a_1                                                                                                        │ 6                          │
│ sky130_fd_sc_hd__o31a_1                                                                                                         │ 14                         │
│ sky130_fd_sc_hd__o31a_2                                                                                                         │ 5                          │
│ sky130_fd_sc_hd__o31ai_1                                                                                                        │ 2                          │
│ sky130_fd_sc_hd__o31ai_2                                                                                                        │ 1                          │
│ sky130_fd_sc_hd__o31ai_4                                                                                                        │ 2                          │
│ sky130_fd_sc_hd__o32a_1                                                                                                         │ 6                          │
│ sky130_fd_sc_hd__o32a_2                                                                                                         │ 1                          │
│ sky130_fd_sc_hd__o32ai_2                                                                                                        │ 1                          │
│ sky130_fd_sc_hd__o41a_1                                                                                                         │ 1                          │
│ sky130_fd_sc_hd__o41ai_4                                                                                                        │ 1                          │
│ sky130_fd_sc_hd__or2_1                                                                                                          │ 194                        │
│ sky130_fd_sc_hd__or2_2                                                                                                          │ 25                         │
│ sky130_fd_sc_hd__or2_4                                                                                                          │ 40                         │
│ sky130_fd_sc_hd__or3_1                                                                                                          │ 38                         │
│ sky130_fd_sc_hd__or3_2                                                                                                          │ 12                         │
│ sky130_fd_sc_hd__or3_4                                                                                                          │ 13                         │
│ sky130_fd_sc_hd__or3b_1                                                                                                         │ 15                         │
│ sky130_fd_sc_hd__or3b_2                                                                                                         │ 2                          │
│ sky130_fd_sc_hd__or3b_4                                                                                                         │ 6                          │
│ sky130_fd_sc_hd__or4_1                                                                                                          │ 33                         │
│ sky130_fd_sc_hd__or4_2                                                                                                          │ 14                         │
│ sky130_fd_sc_hd__or4_4                                                                                                          │ 13                         │
│ sky130_fd_sc_hd__or4b_1                                                                                                         │ 4                          │
│ sky130_fd_sc_hd__or4b_2                                                                                                         │ 3                          │
│ sky130_fd_sc_hd__or4b_4                                                                                                         │ 1                          │
│ sky130_fd_sc_hd__or4bb_1                                                                                                        │ 2                          │
│ sky130_fd_sc_hd__or4bb_2                                                                                                        │ 1                          │
│ sky130_fd_sc_hd__tapvpwrvgnd_1                                                                                                  │ 10489                      │
│ sky130_fd_sc_hd__xnor2_1                                                                                                        │ 25                         │
│ sky130_fd_sc_hd__xnor2_2                                                                                                        │ 7                          │
│ sky130_fd_sc_hd__xnor2_4                                                                                                        │ 10                         │
│ sky130_fd_sc_hd__xor2_1                                                                                                         │ 16                         │
│ sky130_fd_sc_hd__xor2_2                                                                                                         │ 3                          │
│ sky130_fd_sc_hd__xor2_4                                                                                                         │ 6                          │
└─────────────────────────────────────────────────────────────────────────────────────────────────────────────────────────────────┴────────────────────────────┘
