                                                                       Cells by Function                                                                        
┏━━━━━━━━━━━━━━━━━━━━━━━━━━━━━━━━━━━━━━━━━━━━━━━━━━━━━━━━━━━━━━━━━━━━━━━━━━━━━━━━━━━━━━━━━━━━━━━━━━━━━━━━━━━━━━━━━━━━━━━━━━━━━━━━┳━━━━━━━━━━━━━━━━━━━━━━━━━━━━━┓
┃ Cell Function                                                                                                                  ┃ Count                       ┃
┡━━━━━━━━━━━━━━━━━━━━━━━━━━━━━━━━━━━━━━━━━━━━━━━━━━━━━━━━━━━━━━━━━━━━━━━━━━━━━━━━━━━━━━━━━━━━━━━━━━━━━━━━━━━━━━━━━━━━━━━━━━━━━━━━╇━━━━━━━━━━━━━━━━━━━━━━━━━━━━━┩
│ sky130_ef_sc_hd__decap                                                                                                         │ 30259                       │
│ sky130_fd_sc_hd__a2111o                                                                                                        │ 22                          │
│ sky130_fd_sc_hd__a211o                                                                                                         │ 58                          │
│ sky130_fd_sc_hd__a211oi                                                                                                        │ 6                           │
│ sky130_fd_sc_hd__a21bo                                                                                                         │ 23                          │
│ sky130_fd_sc_hd__a21boi                                                                                                        │ 14                          │
│ sky130_fd_sc_hd__a21o                                                                                                          │ 146                         │
│ sky130_fd_sc_hd__a21oi                                                                                                         │ 76                          │
│ sky130_fd_sc_hd__a221o                                                                                                         │ 854                         │
│ sky130_fd_sc_hd__a221oi                                                                                                        │ 2                           │
│ sky130_fd_sc_hd__a22o                                                                                                          │ 662                         │
│ sky130_fd_sc_hd__a22oi                                                                                                         │ 4                           │
│ sky130_fd_sc_hd__a2bb2o                                                                                                        │ 38                          │
│ sky130_fd_sc_hd__a311o                                                                                                         │ 4                           │
│ sky130_fd_sc_hd__a31o                                                                                                          │ 63                          │
│ sky130_fd_sc_hd__a31oi                                                                                                         │ 4                           │
│ sky130_fd_sc_hd__a32o                                                                                                          │ 16                          │
│ sky130_fd_sc_hd__a41o                                                                                                          │ 8                           │
│ sky130_fd_sc_hd__and2                                                                                                          │ 237                         │
│ sky130_fd_sc_hd__and2b                                                                                                         │ 103                         │
│ sky130_fd_sc_hd__and3                                                                                                          │ 319                         │
│ sky130_fd_sc_hd__and3b                                                                                                         │ 19                          │
│ sky130_fd_sc_hd__and4                                                                                                          │ 15                          │
│ sky130_fd_sc_hd__and4b                                                                                                         │ 23                          │
│ sky130_fd_sc_hd__and4bb                                                                                                        │ 3                           │
│ sky130_fd_sc_hd__buf                                                                                                           │ 236                         │
│ sky130_fd_sc_hd__bufinv                                                                                                        │ 11                          │
│ sky130_fd_sc_hd__clkbuf                                                                                                        │ 268                         │
│ sky130_fd_sc_hd__clkinv                                                                                                        │ 46                          │
│ sky130_fd_sc_hd__clkinvlp                                                                                                      │ 13                          │
│ sky130_fd_sc_hd__conb                                                                                                          │ 2                           │
│ sky130_fd_sc_hd__decap                                                                                                         │ 13122                       │
│ sky130_fd_sc_hd__dfxtp                                                                                                         │ 2794                        │
│ sky130_fd_sc_hd__diode                                                                                                         │ 12451                       │
│ sky130_fd_sc_hd__fill                                                                                                          │ 12097                       │
│ sky130_fd_sc_hd__inv                                                                                                           │ 173                         │
│ sky130_fd_sc_hd__mux2                                                                                                          │ 2533                        │
│ sky130_fd_sc_hd__mux4                                                                                                          │ 105                         │
│ sky130_fd_sc_hd__nand2                                                                                                         │ 257                         │
│ sky130_fd_sc_hd__nand2b                                                                                                        │ 47                          │
│ sky130_fd_sc_hd__nand3                                                                                                         │ 10                          │
│ sky130_fd_sc_hd__nand3b                                                                                                        │ 1                           │
│ sky130_fd_sc_hd__nor2                                                                                                          │ 358                         │
│ sky130_fd_sc_hd__nor3                                                                                                          │ 12                          │
│ sky130_fd_sc_hd__nor3b                                                                                                         │ 6                           │
│ sky130_fd_sc_hd__nor4                                                                                                          │ 3                           │
│ sky130_fd_sc_hd__o2111a                                                                                                        │ 4                           │
│ sky130_fd_sc_hd__o2111ai                                                                                                       │ 1                           │
│ sky130_fd_sc_hd__o211a                                                                                                         │ 128                         │
│ sky130_fd_sc_hd__o211ai                                                                                                        │ 1                           │
│ sky130_fd_sc_hd__o21a                                                                                                          │ 325                         │
│ sky130_fd_sc_hd__o21ai                                                                                                         │ 144                         │
│ sky130_fd_sc_hd__o21ba                                                                                                         │ 21                          │
│ sky130_fd_sc_hd__o21bai                                                                                                        │ 4                           │
│ sky130_fd_sc_hd__o221a                                                                                                         │ 92                          │
│ sky130_fd_sc_hd__o221ai                                                                                                        │ 12                          │
│ sky130_fd_sc_hd__o22a                                                                                                          │ 100                         │
│ sky130_fd_sc_hd__o22ai                                                                                                         │ 22                          │
│ sky130_fd_sc_hd__o2bb2a                                                                                                        │ 48                          │
│ sky130_fd_sc_hd__o311a                                                                                                         │ 6                           │
│ sky130_fd_sc_hd__o31a                                                                                                          │ 19                          │
│ sky130_fd_sc_hd__o31ai                                                                                                         │ 5                           │
│ sky130_fd_sc_hd__o32a                                                                                                          │ 7                           │
│ sky130_fd_sc_hd__o32ai                                                                                                         │ 1                           │
│ sky130_fd_sc_hd__o41a                                                                                                          │ 1                           │
│ sky130_fd_sc_hd__o41ai                                                                                                         │ 1                           │
│ sky130_fd_sc_hd__or2                                                                                                           │ 259                         │
│ sky130_fd_sc_hd__or3                                                                                                           │ 63                          │
│ sky130_fd_sc_hd__or3b                                                                                                          │ 23                          │
│ sky130_fd_sc_hd__or4                                                                                                           │ 60                          │
│ sky130_fd_sc_hd__or4b                                                                                                          │ 8                           │
│ sky130_fd_sc_hd__or4bb                                                                                                         │ 3                           │
│ sky130_fd_sc_hd__tapvpwrvgnd                                                                                                   │ 10489                       │
│ sky130_fd_sc_hd__xnor2                                                                                                         │ 42                          │
│ sky130_fd_sc_hd__xor2                                                                                                          │ 25                          │
└────────────────────────────────────────────────────────────────────────────────────────────────────────────────────────────────┴─────────────────────────────┘
