Reading OpenROAD database at '/home/bala/git_stuff/summer_internship/syn/librelane/runs/full_flow/17-openroad-cutrows/mt_cpu.odb'…
Reading library file at '/home/bala/OpenRAM/ciel/sky130/versions/0fe599b2afb6708d281543108caf8310912f54af/sky130A/libs.ref/sky130_fd_sc_hd/lib/sky130_fd_sc_hd__tt_025C_1v80.lib'…
Reading library file at '/home/bala/git_stuff/summer_internship/syn/RAM128_1RW1R/lib/nom_tt_025C_1v80/RAM128_1RW1R__nom_tt_025C_1v80.lib'…
Reading macro library file at '/home/bala/git_stuff/summer_internship/syn/RAM128_1RW1R/lib/nom_tt_025C_1v80/RAM128_1RW1R__nom_tt_025C_1v80.lib'…
[WARNING STA-1140] /home/bala/git_stuff/summer_internship/syn/RAM128_1RW1R/lib/nom_tt_025C_1v80/RAM128_1RW1R__nom_tt_025C_1v80.lib line 1, library RAM128_1RW1R already exists.
Reading design constraints file at '/home/bala/git_stuff/summer_internship/syn/librelane/cons.sdc'…
[INFO] No information on clock propagation in input SDC file-- propagating all clocks.
[INFO ODB-0303] The initial 841 rows (591797 sites) were cut with 2 shapes for a total of 841 rows (591797 sites).
[INFO TAP-0004] Inserted 838 endcaps.
[INFO TAP-0005] Inserted 10489 tapcells.
Setting global connections for newly added cells…
[INFO] Setting global connections...
Updating metrics…
Cell type report:                       Count       Area
  Macro                                     2  516115.00
  Fill cell                              1682    6313.56
  Tap cell                              10489   13123.84
  Buffer                                    2      10.01
  Inverter                                116     435.42
  Sequential cell                        2794   59429.50
  Multi-Input combinational cell         7478   75369.79
  Total                                 22563  670797.10
Writing OpenROAD database to '/home/bala/git_stuff/summer_internship/syn/librelane/runs/full_flow/18-openroad-tapendcapinsertion/mt_cpu.odb'…
Writing netlist to '/home/bala/git_stuff/summer_internship/syn/librelane/runs/full_flow/18-openroad-tapendcapinsertion/mt_cpu.nl.v'…
Writing powered netlist to '/home/bala/git_stuff/summer_internship/syn/librelane/runs/full_flow/18-openroad-tapendcapinsertion/mt_cpu.pnl.v'…
Writing layout to '/home/bala/git_stuff/summer_internship/syn/librelane/runs/full_flow/18-openroad-tapendcapinsertion/mt_cpu.def'…
Writing timing constraints to '/home/bala/git_stuff/summer_internship/syn/librelane/runs/full_flow/18-openroad-tapendcapinsertion/mt_cpu.sdc'…
