┏━━━━━━━━━━━━━━━━━━━━━━┳━━━━━━━━━━┳━━━━━━━━━━┳━━━━━━━━━━┳━━━━━━━━━━┳━━━━━━━━━━━┳━━━━━━━━━━┳━━━━━━━━━━━┳━━━━━━━━━━┳━━━━━━━━━━━┳━━━━━━━━━━┳━━━━━━━━━━━┳━━━━━━━━━━┓
┃                      ┃ Hold     ┃ Reg to   ┃          ┃          ┃ of which  ┃ Setup    ┃           ┃          ┃           ┃ of which ┃           ┃          ┃
┃                      ┃ Worst    ┃ Reg      ┃          ┃ Hold Vio ┃ reg to    ┃ Worst    ┃ Reg to    ┃ Setup    ┃ Setup Vio ┃ reg to   ┃ Max Cap   ┃ Max Slew ┃
┃ Corner/Group         ┃ Slack    ┃ Paths    ┃ Hold TNS ┃ Count    ┃ reg       ┃ Slack    ┃ Reg Paths ┃ TNS      ┃ Count     ┃ reg      ┃ Violatio… ┃ Violati… ┃
┡━━━━━━━━━━━━━━━━━━━━━━╇━━━━━━━━━━╇━━━━━━━━━━╇━━━━━━━━━━╇━━━━━━━━━━╇━━━━━━━━━━━╇━━━━━━━━━━╇━━━━━━━━━━━╇━━━━━━━━━━╇━━━━━━━━━━━╇━━━━━━━━━━╇━━━━━━━━━━━╇━━━━━━━━━━┩
│ Overall              │ 0.2590   │ 0.2590   │ 0.0000   │ 0        │ 0         │ 11.9465  │ 11.9465   │ 0.0000   │ 0         │ 0        │ 6089      │ 10965    │
│ nom_tt_025C_1v80     │ 0.4224   │ 0.4224   │ 0.0000   │ 0        │ 0         │ 23.7132  │ 23.7132   │ 0.0000   │ 0         │ 0        │ 121       │ 3517     │
│ nom_ss_100C_1v60     │ 0.8184   │ 0.8184   │ 0.0000   │ 0        │ 0         │ 11.9465  │ 11.9465   │ 0.0000   │ 0         │ 0        │ 6039      │ 10747    │
│ nom_ff_n40C_1v95     │ 0.2590   │ 0.2590   │ 0.0000   │ 0        │ 0         │ 27.8697  │ 27.8697   │ 0.0000   │ 0         │ 0        │ 17        │ 3229     │
│ min_tt_025C_1v80     │ 0.4224   │ 0.4224   │ 0.0000   │ 0        │ 0         │ 23.7132  │ 23.7132   │ 0.0000   │ 0         │ 0        │ 19        │ 3479     │
│ min_ss_100C_1v60     │ 0.8184   │ 0.8184   │ 0.0000   │ 0        │ 0         │ 11.9465  │ 11.9465   │ 0.0000   │ 0         │ 0        │ 5683      │ 10121    │
│ min_ff_n40C_1v95     │ 0.2590   │ 0.2590   │ 0.0000   │ 0        │ 0         │ 28.0528  │ 28.0528   │ 0.0000   │ 0         │ 0        │ 17        │ 3229     │
│ max_tt_025C_1v80     │ 0.4224   │ 0.4224   │ 0.0000   │ 0        │ 0         │ 23.7132  │ 23.7132   │ 0.0000   │ 0         │ 0        │ 123       │ 3599     │
│ max_ss_100C_1v60     │ 0.8184   │ 0.8184   │ 0.0000   │ 0        │ 0         │ 11.9465  │ 11.9465   │ 0.0000   │ 0         │ 0        │ 6089      │ 10965    │
│ max_ff_n40C_1v95     │ 0.2590   │ 0.2590   │ 0.0000   │ 0        │ 0         │ 27.6945  │ 27.6945   │ 0.0000   │ 0         │ 0        │ 17        │ 3229     │
└──────────────────────┴──────────┴──────────┴──────────┴──────────┴───────────┴──────────┴───────────┴──────────┴───────────┴──────────┴───────────┴──────────┘
