Clock: clk
Sources: clk 
Generated: no
Virtual: yes
Propagated: no
Period: 24.000000

===========================================================================
report_clock_properties
============================================================================
Clock                   Period          Waveform
----------------------------------------------------
clk                  24.000000    0.000000 12.000000

===========================================================================
report_clock_latency
============================================================================
Clock clk
rise -> rise
    min     max
0.000000 0.000000 source latency
1.369396         network latency _16377_/CLK
        0.467335 network latency decode_stage.rf.tgrp_rf2/CLK
---------------
1.369396 0.467335 latency
        -0.902061 skew

fall -> fall
    min     max
0.000000 0.000000 source latency
1.472125         network latency _16377_/CLK
        0.500424 network latency decode_stage.rf.tgrp_rf2/CLK
---------------
1.472125 0.500424 latency
        -0.971701 skew



===========================================================================
report_clock_min_period
============================================================================
clk period_min = 8.18 fmax = 122.23
