Reading OpenROAD database at '/home/bala/git_stuff/summer_internship/syn/librelane/runs/full_flow/18-openroad-tapendcapinsertion/mt_cpu.odb'…
Reading library file at '/home/bala/OpenRAM/ciel/sky130/versions/0fe599b2afb6708d281543108caf8310912f54af/sky130A/libs.ref/sky130_fd_sc_hd/lib/sky130_fd_sc_hd__tt_025C_1v80.lib'…
Reading library file at '/home/bala/git_stuff/summer_internship/syn/RAM128_1RW1R/lib/nom_tt_025C_1v80/RAM128_1RW1R__nom_tt_025C_1v80.lib'…
Reading macro library file at '/home/bala/git_stuff/summer_internship/syn/RAM128_1RW1R/lib/nom_tt_025C_1v80/RAM128_1RW1R__nom_tt_025C_1v80.lib'…
[WARNING STA-1140] /home/bala/git_stuff/summer_internship/syn/RAM128_1RW1R/lib/nom_tt_025C_1v80/RAM128_1RW1R__nom_tt_025C_1v80.lib line 1, library RAM128_1RW1R already exists.
Reading design constraints file at '/home/bala/git_stuff/summer_internship/syn/librelane/cons.sdc'…
[INFO] No information on clock propagation in input SDC file-- propagating all clocks.
[INFO] Setting global connections...
[INFO PDN-0001] Inserting grid: stdcell_grid
[INFO PDN-0001] Inserting grid: macro - decode_stage.rf.tgrp_rf1
[INFO PDN-0001] Inserting grid: macro - decode_stage.rf.tgrp_rf2
[WARNING PDN-0110] No via inserted between met4 and met5 at (581.1000, 486.6400) - (582.7000, 487.8700) on VPWR
Setting global connections for newly added cells…
[INFO] Setting global connections...
Updating metrics…
Cell type report:                       Count       Area
  Macro                                     2  516115.00
  Fill cell                              1682    6313.56
  Tap cell                              10489   13123.84
  Buffer                                    2      10.01
  Inverter                                116     435.42
  Sequential cell                        2794   59429.50
  Multi-Input combinational cell         7478   75369.79
  Total                                 22563  670797.10
Writing OpenROAD database to '/home/bala/git_stuff/summer_internship/syn/librelane/runs/full_flow/20-openroad-generatepdn/mt_cpu.odb'…
Writing netlist to '/home/bala/git_stuff/summer_internship/syn/librelane/runs/full_flow/20-openroad-generatepdn/mt_cpu.nl.v'…
Writing powered netlist to '/home/bala/git_stuff/summer_internship/syn/librelane/runs/full_flow/20-openroad-generatepdn/mt_cpu.pnl.v'…
Writing layout to '/home/bala/git_stuff/summer_internship/syn/librelane/runs/full_flow/20-openroad-generatepdn/mt_cpu.def'…
Writing timing constraints to '/home/bala/git_stuff/summer_internship/syn/librelane/runs/full_flow/20-openroad-generatepdn/mt_cpu.sdc'…
[INFO PSM-0040] All shapes on net VPWR are connected.
[INFO PSM-0040] All shapes on net VGND are connected.
