Reading OpenROAD database at '/home/bala/git_stuff/summer_internship/syn/librelane/runs/full_flow/16-odb-manualmacroplacement/mt_cpu.odb'…
Reading library file at '/home/bala/OpenRAM/ciel/sky130/versions/0fe599b2afb6708d281543108caf8310912f54af/sky130A/libs.ref/sky130_fd_sc_hd/lib/sky130_fd_sc_hd__tt_025C_1v80.lib'…
Reading library file at '/home/bala/git_stuff/summer_internship/syn/RAM128_1RW1R/lib/nom_tt_025C_1v80/RAM128_1RW1R__nom_tt_025C_1v80.lib'…
Reading macro library file at '/home/bala/git_stuff/summer_internship/syn/RAM128_1RW1R/lib/nom_tt_025C_1v80/RAM128_1RW1R__nom_tt_025C_1v80.lib'…
[WARNING STA-1140] /home/bala/git_stuff/summer_internship/syn/RAM128_1RW1R/lib/nom_tt_025C_1v80/RAM128_1RW1R__nom_tt_025C_1v80.lib line 1, library RAM128_1RW1R already exists.
Reading design constraints file at '/home/bala/git_stuff/summer_internship/syn/librelane/cons.sdc'…
[INFO] No information on clock propagation in input SDC file-- propagating all clocks.
[INFO ODB-0303] The initial 419 rows (1039539 sites) were cut with 2 shapes for a total of 841 rows (591797 sites).
Setting global connections for newly added cells…
[INFO] Setting global connections...
Updating metrics…
Cell type report:                       Count       Area
  Macro                                     2  516115.00
  Buffer                                    2      10.01
  Inverter                                116     435.42
  Sequential cell                        2794   59429.50
  Multi-Input combinational cell         7478   75369.79
  Total                                 10392  651359.71
Writing OpenROAD database to '/home/bala/git_stuff/summer_internship/syn/librelane/runs/full_flow/17-openroad-cutrows/mt_cpu.odb'…
Writing layout to '/home/bala/git_stuff/summer_internship/syn/librelane/runs/full_flow/17-openroad-cutrows/mt_cpu.def'…
