Clock: clk
Sources: clk 
Generated: no
Virtual: yes
Propagated: no
Period: 24.000000

===========================================================================
report_clock_properties
============================================================================
Clock                   Period          Waveform
----------------------------------------------------
clk                  24.000000    0.000000 12.000000

===========================================================================
report_clock_latency
============================================================================
Clock clk
rise -> rise
    min     max
0.000000 0.000000 source latency
1.479075         network latency _16377_/CLK
        2.450861 network latency decode_stage.rf.tgrp_rf2/BLOCK[2].RAM32.SLICE_16[1].RAM16.SLICE[0].RAM8.WORD[1].W.BYTE[0].B.BIT[0].genblk1.STORAGE/CLK
---------------
1.479075 2.450861 latency
        0.971785 skew

fall -> fall
    min     max
0.000000 0.000000 source latency
1.565969         network latency _16377_/CLK
        2.169439 network latency decode_stage.rf.tgrp_rf2/BLOCK[2].RAM32.SLICE_16[1].RAM16.SLICE[0].RAM8.WORD[1].W.BYTE[0].B.BIT[0].genblk1.STORAGE/CLK
---------------
1.565969 2.169439 latency
        0.603470 skew



===========================================================================
report_clock_min_period
============================================================================
clk period_min = 8.37 fmax = 119.54
