
===========================================================================
 report_power
============================================================================
======================= min_tt_025C_1v80 Corner ===================================

Group                    Internal    Switching      Leakage        Total
                            Power        Power        Power        Power (Watts)
------------------------------------------------------------------------
Sequential           5.553937e-03 1.397861e-04 9.278858e-08 5.693816e-03  33.6%
Combinational        5.417985e-04 1.776707e-03 7.540381e-08 2.318581e-03  13.7%
Clock                2.983286e-03 5.930394e-03 9.268707e-08 8.913772e-03  52.7%
Macro                0.000000e+00 0.000000e+00 0.000000e+00 0.000000e+00   0.0%
Pad                  0.000000e+00 0.000000e+00 0.000000e+00 0.000000e+00   0.0%
------------------------------------------------------------------------
Total                9.080322e-03 7.847089e-03 2.609218e-07 1.692767e-02 100.0%
                            53.6%        46.4%         0.0%

