Clock: clk
Sources: clk 
Generated: no
Virtual: yes
Propagated: no
Period: 24.000000

===========================================================================
report_clock_properties
============================================================================
Clock                   Period          Waveform
----------------------------------------------------
clk                  24.000000    0.000000 12.000000

===========================================================================
report_clock_latency
============================================================================
Clock clk
rise -> rise
    min     max
0.000000 0.000000 source latency
2.699615         network latency _16377_/CLK
        4.760999 network latency decode_stage.rf.tgrp_rf2/BLOCK[2].RAM32.SLICE_16[1].RAM16.SLICE[0].RAM8.WORD[1].W.BYTE[0].B.BIT[0].genblk1.STORAGE/CLK
---------------
2.699615 4.760999 latency
        2.061384 skew

fall -> fall
    min     max
0.000000 0.000000 source latency
2.816690         network latency _16377_/CLK
        4.222052 network latency decode_stage.rf.tgrp_rf2/BLOCK[2].RAM32.SLICE_16[1].RAM16.SLICE[0].RAM8.WORD[1].W.BYTE[0].B.BIT[0].genblk1.STORAGE/CLK
---------------
2.816690 4.222052 latency
        1.405362 skew



===========================================================================
report_clock_min_period
============================================================================
clk period_min = 18.51 fmax = 54.01
