Reading OpenROAD database at '/home/bala/git_stuff/summer_internship/syn/librelane/runs/full_flow/43-openroad-repairantennas/1-diodeinsertion/mt_cpu.odb'…
Reading library file at '/home/bala/OpenRAM/ciel/sky130/versions/0fe599b2afb6708d281543108caf8310912f54af/sky130A/libs.ref/sky130_fd_sc_hd/lib/sky130_fd_sc_hd__tt_025C_1v80.lib'…
Reading library file at '/home/bala/git_stuff/summer_internship/syn/RAM128_1RW1R/lib/nom_tt_025C_1v80/RAM128_1RW1R__nom_tt_025C_1v80.lib'…
Reading macro library file at '/home/bala/git_stuff/summer_internship/syn/RAM128_1RW1R/lib/nom_tt_025C_1v80/RAM128_1RW1R__nom_tt_025C_1v80.lib'…
[WARNING STA-1140] /home/bala/git_stuff/summer_internship/syn/RAM128_1RW1R/lib/nom_tt_025C_1v80/RAM128_1RW1R__nom_tt_025C_1v80.lib line 1, library RAM128_1RW1R already exists.
Reading design constraints file at '/home/bala/git_stuff/summer_internship/syn/librelane/cons.sdc'…
[INFO] No information on clock propagation in input SDC file-- propagating all clocks.
[INFO ORD-0030] Using 16 thread(s).
[INFO DRT-0149] Reading tech and libs.
[WARNING DRT-0349] LEF58_ENCLOSURE with no CUTCLASS is not supported. Skipping for layer mcon
[WARNING DRT-0349] LEF58_ENCLOSURE with no CUTCLASS is not supported. Skipping for layer mcon
[WARNING DRT-0349] LEF58_ENCLOSURE with no CUTCLASS is not supported. Skipping for layer via
[WARNING DRT-0349] LEF58_ENCLOSURE with no CUTCLASS is not supported. Skipping for layer via
[WARNING DRT-0349] LEF58_ENCLOSURE with no CUTCLASS is not supported. Skipping for layer via2
[WARNING DRT-0349] LEF58_ENCLOSURE with no CUTCLASS is not supported. Skipping for layer via2
[WARNING DRT-0349] LEF58_ENCLOSURE with no CUTCLASS is not supported. Skipping for layer via3
[WARNING DRT-0349] LEF58_ENCLOSURE with no CUTCLASS is not supported. Skipping for layer via3
[WARNING DRT-0349] LEF58_ENCLOSURE with no CUTCLASS is not supported. Skipping for layer via4
[WARNING DRT-0349] LEF58_ENCLOSURE with no CUTCLASS is not supported. Skipping for layer via4

Units:                1000
Number of layers:     13
Number of macros:     442
Number of vias:       29
Number of viarulegen: 25

[INFO DRT-0150] Reading design.
[WARNING DRT-0120] Large net _04935_ has 130 pins which may impact routing performance. Consider optimization.
[WARNING DRT-0120] Large net _04943_ has 130 pins which may impact routing performance. Consider optimization.
[WARNING DRT-0120] Large net _04945_ has 130 pins which may impact routing performance. Consider optimization.
[WARNING DRT-0120] Large net _04947_ has 130 pins which may impact routing performance. Consider optimization.
[WARNING DRT-0120] Large net _04949_ has 130 pins which may impact routing performance. Consider optimization.
[WARNING DRT-0120] Large net _04951_ has 130 pins which may impact routing performance. Consider optimization.
[WARNING DRT-0120] Large net _04953_ has 130 pins which may impact routing performance. Consider optimization.
[WARNING DRT-0120] Large net _04955_ has 130 pins which may impact routing performance. Consider optimization.
[WARNING DRT-0120] Large net _04957_ has 130 pins which may impact routing performance. Consider optimization.
[WARNING DRT-0120] Large net _04966_ has 130 pins which may impact routing performance. Consider optimization.
[WARNING DRT-0120] Large net _04967_ has 130 pins which may impact routing performance. Consider optimization.
[WARNING DRT-0120] Large net _04968_ has 130 pins which may impact routing performance. Consider optimization.
[WARNING DRT-0120] Large net _04969_ has 130 pins which may impact routing performance. Consider optimization.
[WARNING DRT-0120] Large net _04970_ has 130 pins which may impact routing performance. Consider optimization.
[WARNING DRT-0120] Large net _04971_ has 130 pins which may impact routing performance. Consider optimization.
[WARNING DRT-0120] Large net _04972_ has 130 pins which may impact routing performance. Consider optimization.
[WARNING DRT-0120] Large net _04973_ has 130 pins which may impact routing performance. Consider optimization.
[WARNING DRT-0120] Large net _04975_ has 130 pins which may impact routing performance. Consider optimization.
[WARNING DRT-0120] Large net _04977_ has 130 pins which may impact routing performance. Consider optimization.
[WARNING DRT-0120] Large net _04978_ has 130 pins which may impact routing performance. Consider optimization.
[WARNING DRT-0120] Large net _04979_ has 130 pins which may impact routing performance. Consider optimization.
[WARNING DRT-0120] Large net _04980_ has 130 pins which may impact routing performance. Consider optimization.
[WARNING DRT-0120] Large net _04981_ has 130 pins which may impact routing performance. Consider optimization.
[WARNING DRT-0120] Large net _04982_ has 130 pins which may impact routing performance. Consider optimization.
[WARNING DRT-0120] Large net _04983_ has 130 pins which may impact routing performance. Consider optimization.
[WARNING DRT-0120] Large net _04984_ has 130 pins which may impact routing performance. Consider optimization.
[WARNING DRT-0120] Large net _04998_ has 130 pins which may impact routing performance. Consider optimization.
[WARNING DRT-0120] Large net _05001_ has 130 pins which may impact routing performance. Consider optimization.
[WARNING DRT-0120] Large net _05002_ has 130 pins which may impact routing performance. Consider optimization.
[WARNING DRT-0120] Large net _05003_ has 130 pins which may impact routing performance. Consider optimization.
[WARNING DRT-0120] Large net _05004_ has 130 pins which may impact routing performance. Consider optimization.
[WARNING DRT-0120] Large net _05005_ has 130 pins which may impact routing performance. Consider optimization.
[WARNING DRT-0120] Large net _05006_ has 130 pins which may impact routing performance. Consider optimization.
[WARNING DRT-0120] Large net _05007_ has 130 pins which may impact routing performance. Consider optimization.
[WARNING DRT-0120] Large net _05008_ has 130 pins which may impact routing performance. Consider optimization.
[WARNING DRT-0120] Large net _05232_ has 104 pins which may impact routing performance. Consider optimization.
[WARNING DRT-0120] Large net _05237_ has 140 pins which may impact routing performance. Consider optimization.
[WARNING DRT-0120] Large net net113 has 102 pins which may impact routing performance. Consider optimization.
[WARNING DRT-0120] Large net net220 has 132 pins which may impact routing performance. Consider optimization.
[WARNING DRT-0120] Large net net233 has 102 pins which may impact routing performance. Consider optimization.
[WARNING DRT-0120] Large net net235 has 110 pins which may impact routing performance. Consider optimization.
[WARNING DRT-0120] Large net net240 has 104 pins which may impact routing performance. Consider optimization.
[WARNING DRT-0120] Large net net257 has 112 pins which may impact routing performance. Consider optimization.

Design:                   mt_cpu
Die area:                 ( 0 0 ) ( 1152405 1163125 )
Number of track patterns: 12
Number of DEF vias:       0
Number of components:     35643
Number of terminals:      69
Number of snets:          4
Number of nets:           10992

[INFO DRT-0167] List of default vias:
  Layer via
    default via: M1M2_PR
  Layer via2
    default via: M2M3_PR
  Layer via3
    default via: M3M4_PR
  Layer via4
    default via: M4M5_PR
[INFO DRT-0162] Library cell analysis.
[INFO DRT-0163] Instance analysis.
[INFO DRT-0164] Number of unique instances = 491.
[INFO DRT-0168] Init region query.
[INFO DRT-0024]   Complete FR_MASTERSLICE.
[INFO DRT-0024]   Complete licon.
[INFO DRT-0024]   Complete li1.
[INFO DRT-0024]   Complete mcon.
[INFO DRT-0024]   Complete met1.
[INFO DRT-0024]   Complete via.
[INFO DRT-0024]   Complete met2.
[INFO DRT-0024]   Complete via2.
[INFO DRT-0024]   Complete met3.
[INFO DRT-0024]   Complete via3.
[INFO DRT-0024]   Complete met4.
[INFO DRT-0024]   Complete via4.
[INFO DRT-0024]   Complete met5.
[INFO DRT-0033] FR_MASTERSLICE shape region query size = 0.
[INFO DRT-0033] licon shape region query size = 0.
[INFO DRT-0033] li1 shape region query size = 508500.
[INFO DRT-0033] mcon shape region query size = 0.
[INFO DRT-0033] met1 shape region query size = 98684.
[INFO DRT-0033] via shape region query size = 11570.
[INFO DRT-0033] met2 shape region query size = 7443.
[INFO DRT-0033] via2 shape region query size = 9256.
[INFO DRT-0033] met3 shape region query size = 7124.
[INFO DRT-0033] via3 shape region query size = 9256.
[INFO DRT-0033] met4 shape region query size = 2537.
[INFO DRT-0033] via4 shape region query size = 135.
[INFO DRT-0033] met5 shape region query size = 167.
[INFO DRT-0165] Start pin access.
[INFO DRT-0076]   Complete 1000 pins.
[INFO DRT-0076]   Complete 2000 pins.
[INFO DRT-0078]   Complete 2146 pins.
[INFO DRT-0079]   Complete 100 unique inst patterns.
[INFO DRT-0079]   Complete 200 unique inst patterns.
[INFO DRT-0079]   Complete 300 unique inst patterns.
[INFO DRT-0079]   Complete 400 unique inst patterns.
[INFO DRT-0081]   Complete 483 unique inst patterns.
[INFO DRT-0084]   Complete 7969 groups.
#scanned instances     = 35643
#unique  instances     = 491
#stdCellGenAp          = 14420
#stdCellValidPlanarAp  = 204
#stdCellValidViaAp     = 11104
#stdCellPinNoAp        = 0
#stdCellPinCnt         = 41946
#instTermValidViaApCnt = 0
#macroGenAp            = 912
#macroValidPlanarAp    = 849
#macroValidViaAp       = 252
#macroNoAp             = 0
[INFO DRT-0166] Complete pin access.
[INFO DRT-0267] cpu time = 00:04:27, elapsed time = 00:00:18, memory = 271.11 (MB), peak = 274.75 (MB)
[INFO DRT-0156] guideIn read 100000 guides.

[INFO DRT-0157] Number of guides:     125493

[INFO DRT-0169] Post process guides.
[INFO DRT-0176] GCELLGRID X 0 DO 167 STEP 6900 ;
[INFO DRT-0177] GCELLGRID Y 0 DO 168 STEP 6900 ;
[INFO DRT-0026]   Complete 100000 origin guides.
[INFO DRT-0028]   Complete FR_MASTERSLICE.
[INFO DRT-0028]   Complete licon.
[INFO DRT-0028]   Complete li1.
[INFO DRT-0028]   Complete mcon.
[INFO DRT-0028]   Complete met1.
[INFO DRT-0028]   Complete via.
[INFO DRT-0028]   Complete met2.
[INFO DRT-0028]   Complete via2.
[INFO DRT-0028]   Complete met3.
[INFO DRT-0028]   Complete via3.
[INFO DRT-0028]   Complete met4.
[INFO DRT-0028]   Complete via4.
[INFO DRT-0028]   Complete met5.
[INFO DRT-0178] Init guide query.
[INFO DRT-0035]   Complete FR_MASTERSLICE (guide).
[INFO DRT-0035]   Complete licon (guide).
[INFO DRT-0035]   Complete li1 (guide).
[INFO DRT-0035]   Complete mcon (guide).
[INFO DRT-0035]   Complete met1 (guide).
[INFO DRT-0035]   Complete via (guide).
[INFO DRT-0035]   Complete met2 (guide).
[INFO DRT-0035]   Complete via2 (guide).
[INFO DRT-0035]   Complete met3 (guide).
[INFO DRT-0035]   Complete via3 (guide).
[INFO DRT-0035]   Complete met4 (guide).
[INFO DRT-0035]   Complete via4 (guide).
[INFO DRT-0035]   Complete met5 (guide).
[INFO DRT-0036] FR_MASTERSLICE guide region query size = 0.
[INFO DRT-0036] licon guide region query size = 0.
[INFO DRT-0036] li1 guide region query size = 41474.
[INFO DRT-0036] mcon guide region query size = 0.
[INFO DRT-0036] met1 guide region query size = 35072.
[INFO DRT-0036] via guide region query size = 0.
[INFO DRT-0036] met2 guide region query size = 19713.
[INFO DRT-0036] via2 guide region query size = 0.
[INFO DRT-0036] met3 guide region query size = 1862.
[INFO DRT-0036] via3 guide region query size = 0.
[INFO DRT-0036] met4 guide region query size = 605.
[INFO DRT-0036] via4 guide region query size = 0.
[INFO DRT-0036] met5 guide region query size = 15.
[INFO DRT-0179] Init gr pin query.
[INFO DRT-0245] skipped writing guide updates to database.
[INFO DRT-0185] Post process initialize RPin region query.
[INFO DRT-0181] Start track assignment.
[INFO DRT-0184] Done with 61792 vertical wires in 4 frboxes and 36949 horizontal wires in 4 frboxes.
[INFO DRT-0186] Done with 7502 vertical wires in 4 frboxes and 14503 horizontal wires in 4 frboxes.
[INFO DRT-0182] Complete track assignment.
[INFO DRT-0267] cpu time = 00:00:17, elapsed time = 00:00:06, memory = 587.61 (MB), peak = 586.39 (MB)
[INFO DRT-0187] Start routing data preparation.
[INFO DRT-0267] cpu time = 00:00:00, elapsed time = 00:00:00, memory = 587.61 (MB), peak = 586.39 (MB)
[INFO DRT-0194] Start detail routing.
[INFO DRT-0195] Start 0th optimization iteration.
    Completing 10% with 0 violations.
    elapsed time = 00:00:00, memory = 654.99 (MB).
    Completing 20% with 0 violations.
    elapsed time = 00:00:05, memory = 1008.00 (MB).
    Completing 30% with 2332 violations.
    elapsed time = 00:00:29, memory = 991.52 (MB).
    Completing 40% with 2332 violations.
    elapsed time = 00:00:29, memory = 1170.55 (MB).
    Completing 50% with 2332 violations.
    elapsed time = 00:01:03, memory = 1234.10 (MB).
    Completing 60% with 4725 violations.
    elapsed time = 00:01:03, memory = 1251.27 (MB).
    Completing 70% with 4725 violations.
    elapsed time = 00:01:13, memory = 1435.73 (MB).
    Completing 80% with 7078 violations.
    elapsed time = 00:01:31, memory = 1470.55 (MB).
    Completing 90% with 7078 violations.
    elapsed time = 00:01:32, memory = 1583.54 (MB).
    Completing 100% with 9695 violations.
    elapsed time = 00:02:08, memory = 1463.20 (MB).
[INFO DRT-0199]   Number of violations = 11959.
Viol/Layer         li1   mcon   met1    via   met2   met3   met4
Cut Spacing          0      6      0      0      0      0      0
Metal Spacing       45      0   1520      0    332     15      2
Min Hole             0      0      6      0      0      0      0
Recheck              3      0   1602      0    611     34     14
Short                0      0   6943      2    794     30      0
[INFO DRT-0267] cpu time = 00:17:45, elapsed time = 00:02:09, memory = 1619.82 (MB), peak = 1619.10 (MB)
Total wire length = 670445 um.
Total wire length on LAYER li1 = 0 um.
Total wire length on LAYER met1 = 310082 um.
Total wire length on LAYER met2 = 263748 um.
Total wire length on LAYER met3 = 66154 um.
Total wire length on LAYER met4 = 29851 um.
Total wire length on LAYER met5 = 609 um.
Total number of vias = 120853.
Up-via summary (total 120853):

-------------------------
 FR_MASTERSLICE         0
            li1     54333
           met1     61635
           met2      3757
           met3      1105
           met4        23
-------------------------
                   120853


[INFO DRT-0195] Start 1st optimization iteration.
    Completing 10% with 11959 violations.
    elapsed time = 00:00:00, memory = 1693.57 (MB).
    Completing 20% with 11959 violations.
    elapsed time = 00:00:01, memory = 1730.66 (MB).
    Completing 30% with 9995 violations.
    elapsed time = 00:00:35, memory = 1623.82 (MB).
    Completing 40% with 9995 violations.
    elapsed time = 00:00:35, memory = 1623.82 (MB).
    Completing 50% with 9995 violations.
    elapsed time = 00:00:46, memory = 1706.92 (MB).
    Completing 60% with 8741 violations.
    elapsed time = 00:01:09, memory = 1636.55 (MB).
    Completing 70% with 8741 violations.
    elapsed time = 00:01:09, memory = 1707.96 (MB).
    Completing 80% with 6965 violations.
    elapsed time = 00:01:36, memory = 1645.12 (MB).
    Completing 90% with 6965 violations.
    elapsed time = 00:01:36, memory = 1645.12 (MB).
    Completing 100% with 5579 violations.
    elapsed time = 00:02:02, memory = 1649.64 (MB).
[INFO DRT-0199]   Number of violations = 5579.
Viol/Layer        mcon   met1    via   met2   met3   met4
Cut Spacing          4      0      0      0      0      0
Metal Spacing        0    719      0    137      7      1
Short                0   4257      1    449      4      0
[INFO DRT-0267] cpu time = 00:17:49, elapsed time = 00:02:03, memory = 1652.76 (MB), peak = 1767.83 (MB)
Total wire length = 664790 um.
Total wire length on LAYER li1 = 0 um.
Total wire length on LAYER met1 = 306346 um.
Total wire length on LAYER met2 = 261822 um.
Total wire length on LAYER met3 = 66475 um.
Total wire length on LAYER met4 = 29564 um.
Total wire length on LAYER met5 = 582 um.
Total number of vias = 119846.
Up-via summary (total 119846):

-------------------------
 FR_MASTERSLICE         0
            li1     54321
           met1     60608
           met2      3810
           met3      1086
           met4        21
-------------------------
                   119846


[INFO DRT-0195] Start 2nd optimization iteration.
    Completing 10% with 5579 violations.
    elapsed time = 00:00:00, memory = 1652.76 (MB).
    Completing 20% with 5579 violations.
    elapsed time = 00:00:00, memory = 1791.93 (MB).
    Completing 30% with 5482 violations.
    elapsed time = 00:00:48, memory = 1655.48 (MB).
    Completing 40% with 5482 violations.
    elapsed time = 00:00:48, memory = 1655.48 (MB).
    Completing 50% with 5482 violations.
    elapsed time = 00:00:58, memory = 1731.39 (MB).
    Completing 60% with 5328 violations.
    elapsed time = 00:01:16, memory = 1655.48 (MB).
    Completing 70% with 5328 violations.
    elapsed time = 00:01:16, memory = 1730.61 (MB).
    Completing 80% with 5407 violations.
    elapsed time = 00:01:45, memory = 1655.48 (MB).
    Completing 90% with 5407 violations.
    elapsed time = 00:01:45, memory = 1655.48 (MB).
    Completing 100% with 5304 violations.
    elapsed time = 00:02:19, memory = 1655.92 (MB).
[INFO DRT-0199]   Number of violations = 5304.
Viol/Layer        mcon   met1    via   met2   met3   met4
Cut Spacing          4      0      0      0      0      0
Metal Spacing        0    646      0    140      8      0
Short                0   4113      1    379     12      1
[INFO DRT-0267] cpu time = 00:16:41, elapsed time = 00:02:19, memory = 1662.79 (MB), peak = 1793.90 (MB)
Total wire length = 663890 um.
Total wire length on LAYER li1 = 0 um.
Total wire length on LAYER met1 = 305415 um.
Total wire length on LAYER met2 = 261436 um.
Total wire length on LAYER met3 = 66699 um.
Total wire length on LAYER met4 = 29782 um.
Total wire length on LAYER met5 = 557 um.
Total number of vias = 119777.
Up-via summary (total 119777):

-------------------------
 FR_MASTERSLICE         0
            li1     54321
           met1     60523
           met2      3840
           met3      1074
           met4        19
-------------------------
                   119777


[INFO DRT-0195] Start 3rd optimization iteration.
    Completing 10% with 5304 violations.
    elapsed time = 00:00:00, memory = 1662.79 (MB).
    Completing 20% with 5304 violations.
    elapsed time = 00:00:02, memory = 1735.96 (MB).
    Completing 30% with 4199 violations.
    elapsed time = 00:00:33, memory = 1674.41 (MB).
    Completing 40% with 4199 violations.
    elapsed time = 00:00:33, memory = 1674.41 (MB).
    Completing 50% with 4199 violations.
    elapsed time = 00:01:16, memory = 1694.51 (MB).
    Completing 60% with 3363 violations.
    elapsed time = 00:01:16, memory = 1694.51 (MB).
    Completing 70% with 3363 violations.
    elapsed time = 00:01:20, memory = 1794.66 (MB).
    Completing 80% with 2451 violations.
    elapsed time = 00:01:56, memory = 1702.93 (MB).
    Completing 90% with 2451 violations.
    elapsed time = 00:01:56, memory = 1702.93 (MB).
    Completing 100% with 1139 violations.
    elapsed time = 00:02:59, memory = 1697.43 (MB).
[INFO DRT-0199]   Number of violations = 1139.
Viol/Layer        mcon   met1   met2   met3
Cut Spacing          1      0      0      0
Metal Spacing        0    271     89      5
Min Hole             0      1      0      0
Short                0    675     97      0
[INFO DRT-0267] cpu time = 00:14:31, elapsed time = 00:03:00, memory = 1697.43 (MB), peak = 1890.25 (MB)
Total wire length = 661751 um.
Total wire length on LAYER li1 = 0 um.
Total wire length on LAYER met1 = 291090 um.
Total wire length on LAYER met2 = 261030 um.
Total wire length on LAYER met3 = 78401 um.
Total wire length on LAYER met4 = 30701 um.
Total wire length on LAYER met5 = 529 um.
Total number of vias = 122102.
Up-via summary (total 122102):

-------------------------
 FR_MASTERSLICE         0
            li1     54321
           met1     60719
           met2      5845
           met3      1198
           met4        19
-------------------------
                   122102


[INFO DRT-0195] Start 4th optimization iteration.
    Completing 10% with 1139 violations.
    elapsed time = 00:00:00, memory = 1697.43 (MB).
    Completing 20% with 1139 violations.
    elapsed time = 00:00:00, memory = 1697.43 (MB).
    Completing 30% with 833 violations.
    elapsed time = 00:00:29, memory = 1697.43 (MB).
    Completing 40% with 833 violations.
    elapsed time = 00:00:29, memory = 1697.43 (MB).
    Completing 50% with 833 violations.
    elapsed time = 00:00:45, memory = 1697.43 (MB).
    Completing 60% with 676 violations.
    elapsed time = 00:00:45, memory = 1697.43 (MB).
    Completing 70% with 676 violations.
    elapsed time = 00:00:45, memory = 1697.43 (MB).
    Completing 80% with 461 violations.
    elapsed time = 00:00:53, memory = 1697.43 (MB).
    Completing 90% with 461 violations.
    elapsed time = 00:00:53, memory = 1697.43 (MB).
    Completing 100% with 334 violations.
    elapsed time = 00:01:14, memory = 1697.43 (MB).
[INFO DRT-0199]   Number of violations = 334.
Viol/Layer        met1   met2
Metal Spacing       78     19
Min Hole             1      0
Short              195     41
[INFO DRT-0267] cpu time = 00:03:48, elapsed time = 00:01:14, memory = 1697.43 (MB), peak = 1890.25 (MB)
Total wire length = 661633 um.
Total wire length on LAYER li1 = 0 um.
Total wire length on LAYER met1 = 290062 um.
Total wire length on LAYER met2 = 260852 um.
Total wire length on LAYER met3 = 79304 um.
Total wire length on LAYER met4 = 30909 um.
Total wire length on LAYER met5 = 504 um.
Total number of vias = 122235.
Up-via summary (total 122235):

-------------------------
 FR_MASTERSLICE         0
            li1     54321
           met1     60700
           met2      5983
           met3      1214
           met4        17
-------------------------
                   122235


[INFO DRT-0195] Start 5th optimization iteration.
    Completing 10% with 334 violations.
    elapsed time = 00:00:00, memory = 1697.43 (MB).
    Completing 20% with 334 violations.
    elapsed time = 00:00:00, memory = 1697.43 (MB).
    Completing 30% with 173 violations.
    elapsed time = 00:00:36, memory = 1704.93 (MB).
    Completing 40% with 173 violations.
    elapsed time = 00:00:36, memory = 1704.93 (MB).
    Completing 50% with 173 violations.
    elapsed time = 00:00:36, memory = 1704.93 (MB).
    Completing 60% with 160 violations.
    elapsed time = 00:00:40, memory = 1704.93 (MB).
    Completing 70% with 160 violations.
    elapsed time = 00:00:40, memory = 1704.93 (MB).
    Completing 80% with 152 violations.
    elapsed time = 00:00:41, memory = 1704.93 (MB).
    Completing 90% with 152 violations.
    elapsed time = 00:00:41, memory = 1704.93 (MB).
    Completing 100% with 108 violations.
    elapsed time = 00:00:50, memory = 1704.93 (MB).
[INFO DRT-0199]   Number of violations = 108.
Viol/Layer        mcon   met1   met2
Cut Spacing          1      0      0
Metal Spacing        0     32      5
Short                0     56     14
[INFO DRT-0267] cpu time = 00:01:44, elapsed time = 00:00:50, memory = 1704.93 (MB), peak = 1890.25 (MB)
Total wire length = 661616 um.
Total wire length on LAYER li1 = 0 um.
Total wire length on LAYER met1 = 289951 um.
Total wire length on LAYER met2 = 260786 um.
Total wire length on LAYER met3 = 79316 um.
Total wire length on LAYER met4 = 31057 um.
Total wire length on LAYER met5 = 504 um.
Total number of vias = 122270.
Up-via summary (total 122270):

-------------------------
 FR_MASTERSLICE         0
            li1     54321
           met1     60706
           met2      6004
           met3      1222
           met4        17
-------------------------
                   122270


[INFO DRT-0195] Start 6th optimization iteration.
    Completing 10% with 108 violations.
    elapsed time = 00:00:00, memory = 1704.93 (MB).
    Completing 20% with 108 violations.
    elapsed time = 00:00:00, memory = 1704.93 (MB).
    Completing 30% with 59 violations.
    elapsed time = 00:00:21, memory = 1707.16 (MB).
    Completing 40% with 59 violations.
    elapsed time = 00:00:21, memory = 1707.16 (MB).
    Completing 50% with 59 violations.
    elapsed time = 00:00:21, memory = 1707.16 (MB).
    Completing 60% with 46 violations.
    elapsed time = 00:00:58, memory = 1707.16 (MB).
    Completing 70% with 46 violations.
    elapsed time = 00:00:58, memory = 1707.16 (MB).
    Completing 80% with 42 violations.
    elapsed time = 00:00:59, memory = 1707.16 (MB).
    Completing 90% with 42 violations.
    elapsed time = 00:00:59, memory = 1707.16 (MB).
    Completing 100% with 42 violations.
    elapsed time = 00:01:08, memory = 1707.16 (MB).
[INFO DRT-0199]   Number of violations = 42.
Viol/Layer        met1   met2
Metal Spacing       13      5
Short               24      0
[INFO DRT-0267] cpu time = 00:01:40, elapsed time = 00:01:08, memory = 1707.16 (MB), peak = 1890.25 (MB)
Total wire length = 661610 um.
Total wire length on LAYER li1 = 0 um.
Total wire length on LAYER met1 = 289835 um.
Total wire length on LAYER met2 = 260753 um.
Total wire length on LAYER met3 = 79404 um.
Total wire length on LAYER met4 = 31112 um.
Total wire length on LAYER met5 = 504 um.
Total number of vias = 122288.
Up-via summary (total 122288):

-------------------------
 FR_MASTERSLICE         0
            li1     54321
           met1     60700
           met2      6016
           met3      1234
           met4        17
-------------------------
                   122288


[INFO DRT-0195] Start 7th optimization iteration.
    Completing 10% with 42 violations.
    elapsed time = 00:00:00, memory = 1707.16 (MB).
    Completing 20% with 42 violations.
    elapsed time = 00:00:00, memory = 1707.16 (MB).
    Completing 30% with 25 violations.
    elapsed time = 00:00:04, memory = 1707.16 (MB).
    Completing 40% with 25 violations.
    elapsed time = 00:00:04, memory = 1707.16 (MB).
    Completing 50% with 25 violations.
    elapsed time = 00:00:04, memory = 1707.16 (MB).
    Completing 60% with 9 violations.
    elapsed time = 00:00:05, memory = 1707.16 (MB).
    Completing 70% with 9 violations.
    elapsed time = 00:00:05, memory = 1707.16 (MB).
    Completing 80% with 9 violations.
    elapsed time = 00:00:05, memory = 1707.16 (MB).
    Completing 90% with 9 violations.
    elapsed time = 00:00:05, memory = 1707.16 (MB).
    Completing 100% with 0 violations.
    elapsed time = 00:00:08, memory = 1707.16 (MB).
[INFO DRT-0199]   Number of violations = 0.
[INFO DRT-0267] cpu time = 00:00:19, elapsed time = 00:00:08, memory = 1707.16 (MB), peak = 1890.25 (MB)
Total wire length = 661600 um.
Total wire length on LAYER li1 = 0 um.
Total wire length on LAYER met1 = 289818 um.
Total wire length on LAYER met2 = 260757 um.
Total wire length on LAYER met3 = 79404 um.
Total wire length on LAYER met4 = 31116 um.
Total wire length on LAYER met5 = 504 um.
Total number of vias = 122288.
Up-via summary (total 122288):

-------------------------
 FR_MASTERSLICE         0
            li1     54321
           met1     60710
           met2      6009
           met3      1231
           met4        17
-------------------------
                   122288


[INFO DRT-0198] Complete detail routing.
Total wire length = 661600 um.
Total wire length on LAYER li1 = 0 um.
Total wire length on LAYER met1 = 289818 um.
Total wire length on LAYER met2 = 260757 um.
Total wire length on LAYER met3 = 79404 um.
Total wire length on LAYER met4 = 31116 um.
Total wire length on LAYER met5 = 504 um.
Total number of vias = 122288.
Up-via summary (total 122288):

-------------------------
 FR_MASTERSLICE         0
            li1     54321
           met1     60710
           met2      6009
           met3      1231
           met4        17
-------------------------
                   122288


[INFO DRT-0267] cpu time = 01:14:22, elapsed time = 00:12:54, memory = 1707.16 (MB), peak = 1890.25 (MB)

[INFO DRT-0180] Post processing.
Setting global connections for newly added cells…
[INFO] Setting global connections...
Updating metrics…
Cell type report:                       Count       Area
  Macro                                     2  516115.00
  Fill cell                              1682    6313.56
  Tap cell                              10489   13123.84
  Antenna cell                          12451   31157.38
  Buffer                                    2      10.01
  Clock buffer                            244    3350.71
  Timing Repair Buffer                    258    2751.39
  Inverter                                116     563.04
  Clock inverter                          127    1797.97
  Sequential cell                        2794   56370.31
  Multi-Input combinational cell         7478   73170.18
  Total                                 35643  704723.39
Writing OpenROAD database to '/home/bala/git_stuff/summer_internship/syn/librelane/runs/full_flow/45-openroad-detailedrouting/mt_cpu.odb'…
Writing netlist to '/home/bala/git_stuff/summer_internship/syn/librelane/runs/full_flow/45-openroad-detailedrouting/mt_cpu.nl.v'…
Writing powered netlist to '/home/bala/git_stuff/summer_internship/syn/librelane/runs/full_flow/45-openroad-detailedrouting/mt_cpu.pnl.v'…
Writing layout to '/home/bala/git_stuff/summer_internship/syn/librelane/runs/full_flow/45-openroad-detailedrouting/mt_cpu.def'…
Writing timing constraints to '/home/bala/git_stuff/summer_internship/syn/librelane/runs/full_flow/45-openroad-detailedrouting/mt_cpu.sdc'…
