
===========================================================================
 report_power
============================================================================
======================= min_tt_025C_1v80 Corner ===================================

Group                    Internal    Switching      Leakage        Total
                            Power        Power        Power        Power (Watts)
------------------------------------------------------------------------
Sequential           3.903916e-03 4.205922e-05 9.407577e-08 3.946069e-03  42.3%
Combinational        3.871582e-04 9.365694e-04 7.311808e-08 1.323801e-03  14.2%
Clock                1.289066e-03 2.766565e-03 4.755095e-08 4.055679e-03  43.5%
Macro                0.000000e+00 0.000000e+00 0.000000e+00 0.000000e+00   0.0%
Pad                  0.000000e+00 0.000000e+00 0.000000e+00 0.000000e+00   0.0%
------------------------------------------------------------------------
Total                5.578702e-03 3.745337e-03 2.147612e-07 9.324254e-03 100.0%
                            59.8%        40.2%         0.0%

