
===========================================================================
 report_power
============================================================================
======================= max_ss_100C_1v60 Corner ===================================

Group                    Internal    Switching      Leakage        Total
                            Power        Power        Power        Power (Watts)
------------------------------------------------------------------------
Sequential           4.587051e-03 4.762322e-05 1.642976e-04 4.798972e-03  41.0%
Combinational        4.544298e-04 1.157708e-03 1.048733e-04 1.717011e-03  14.7%
Clock                1.523040e-03 3.655756e-03 1.650270e-05 5.195298e-03  44.4%
Macro                0.000000e+00 0.000000e+00 0.000000e+00 0.000000e+00   0.0%
Pad                  0.000000e+00 0.000000e+00 0.000000e+00 0.000000e+00   0.0%
------------------------------------------------------------------------
Total                6.565013e-03 4.861202e-03 2.856895e-04 1.171190e-02 100.0%
                            56.1%        41.5%         2.4%

