Using 16 threads…
Using a tile size of (500 µm)²…
Reading /home/bala/git_stuff/summer_internship/syn/librelane/runs/full_flow/58-magic-streamout/mt_cpu.magic.gds ..
Reading /home/bala/git_stuff/summer_internship/syn/librelane/runs/full_flow/59-klayout-streamout/mt_cpu.klayout.gds ..
--- Running XOR for layer 122/16 ---
"input" in: xor.drc:109
    Polygons (raw): 129138 (flat)  216 (hierarchical)
    Elapsed: 0.020s  Memory: 815.00M
"input" in: xor.drc:109
    Polygons (raw): 211362 (flat)  224 (hierarchical)
    Elapsed: 0.000s  Memory: 815.00M
"^" in: xor.drc:109
    Polygons (raw): 0 (flat)  0 (hierarchical)
    Elapsed: 2.660s  Memory: 1935.00M
XOR differences: 0
"output" in: xor.drc:86
    Polygons (raw): 0 (flat)  0 (hierarchical)
    Elapsed: 0.000s  Memory: 1871.00M
--- Running XOR for layer 235/4 ---
"input" in: xor.drc:109
    Polygons (raw): 3 (flat)  2 (hierarchical)
    Elapsed: 0.000s  Memory: 1871.00M
"input" in: xor.drc:109
    Polygons (raw): 3 (flat)  2 (hierarchical)
    Elapsed: 0.000s  Memory: 1871.00M
"^" in: xor.drc:109
    Polygons (raw): 396 (flat)  396 (hierarchical)
    Elapsed: 0.400s  Memory: 1967.00M
XOR differences: 396
"output" in: xor.drc:86
    Polygons (raw): 396 (flat)  396 (hierarchical)
    Elapsed: 0.000s  Memory: 1871.00M
--- Running XOR for layer 236/0 ---
"input" in: xor.drc:109
    Polygons (raw): 103931 (flat)  205 (hierarchical)
    Elapsed: 0.000s  Memory: 1871.00M
"input" in: xor.drc:109
    Polygons (raw): 172060 (flat)  212 (hierarchical)
    Elapsed: 0.010s  Memory: 1871.00M
"^" in: xor.drc:109
    Polygons (raw): 0 (flat)  0 (hierarchical)
    Elapsed: 2.870s  Memory: 1959.00M
XOR differences: 0
"output" in: xor.drc:86
    Polygons (raw): 0 (flat)  0 (hierarchical)
    Elapsed: 0.020s  Memory: 1871.00M
--- Running XOR for layer 64/16 ---
"input" in: xor.drc:109
    Polygons (raw): 129117 (flat)  215 (hierarchical)
    Elapsed: 0.000s  Memory: 1871.00M
"input" in: xor.drc:109
    Polygons (raw): 211341 (flat)  223 (hierarchical)
    Elapsed: 0.000s  Memory: 1871.00M
"^" in: xor.drc:109
    Polygons (raw): 0 (flat)  0 (hierarchical)
    Elapsed: 2.220s  Memory: 1967.00M
XOR differences: 0
"output" in: xor.drc:86
    Polygons (raw): 0 (flat)  0 (hierarchical)
    Elapsed: 0.000s  Memory: 1871.00M
--- Running XOR for layer 64/20 ---
"input" in: xor.drc:109
    Polygons (raw): 145011 (flat)  210 (hierarchical)
    Elapsed: 0.000s  Memory: 1871.00M
"input" in: xor.drc:109
    Polygons (raw): 243296 (flat)  217 (hierarchical)
    Elapsed: 0.000s  Memory: 1871.00M
"^" in: xor.drc:109
    Polygons (raw): 0 (flat)  0 (hierarchical)
    Elapsed: 4.490s  Memory: 1959.00M
XOR differences: 0
"output" in: xor.drc:86
    Polygons (raw): 0 (flat)  0 (hierarchical)
    Elapsed: 0.020s  Memory: 1871.00M
--- Running XOR for layer 64/5 ---
"input" in: xor.drc:109
    Polygons (raw): 0 (flat)  0 (hierarchical)
    Elapsed: 0.000s  Memory: 1871.00M
"input" in: xor.drc:109
    Polygons (raw): 0 (flat)  0 (hierarchical)
    Elapsed: 0.000s  Memory: 1871.00M
"^" in: xor.drc:109
    Polygons (raw): 0 (flat)  0 (hierarchical)
    Elapsed: 0.870s  Memory: 1959.00M
XOR differences: 0
"output" in: xor.drc:86
    Polygons (raw): 0 (flat)  0 (hierarchical)
    Elapsed: 0.000s  Memory: 1871.00M
--- Running XOR for layer 64/59 ---
"input" in: xor.drc:109
    Polygons (raw): 0 (flat)  0 (hierarchical)
    Elapsed: 0.010s  Memory: 1871.00M
"input" in: xor.drc:109
    Polygons (raw): 0 (flat)  0 (hierarchical)
    Elapsed: 0.000s  Memory: 1871.00M
"^" in: xor.drc:109
    Polygons (raw): 0 (flat)  0 (hierarchical)
    Elapsed: 1.650s  Memory: 1959.00M
XOR differences: 0
"output" in: xor.drc:86
    Polygons (raw): 0 (flat)  0 (hierarchical)
    Elapsed: 0.020s  Memory: 1871.00M
--- Running XOR for layer 65/20 ---
"input" in: xor.drc:109
    Polygons (raw): 267452 (flat)  592 (hierarchical)
    Elapsed: 0.000s  Memory: 1871.00M
"input" in: xor.drc:109
    Polygons (raw): 457745 (flat)  621 (hierarchical)
    Elapsed: 0.000s  Memory: 1871.00M
"^" in: xor.drc:109
    Polygons (raw): 0 (flat)  0 (hierarchical)
    Elapsed: 4.250s  Memory: 1951.00M
XOR differences: 0
"output" in: xor.drc:86
    Polygons (raw): 0 (flat)  0 (hierarchical)
    Elapsed: 0.020s  Memory: 1871.00M
--- Running XOR for layer 65/44 ---
"input" in: xor.drc:109
    Polygons (raw): 57514 (flat)  4 (hierarchical)
    Elapsed: 0.000s  Memory: 1871.00M
"input" in: xor.drc:109
    Polygons (raw): 115028 (flat)  4 (hierarchical)
    Elapsed: 0.000s  Memory: 1871.00M
"^" in: xor.drc:109
    Polygons (raw): 0 (flat)  0 (hierarchical)
    Elapsed: 1.530s  Memory: 1959.00M
XOR differences: 0
"output" in: xor.drc:86
    Polygons (raw): 0 (flat)  0 (hierarchical)
    Elapsed: 0.000s  Memory: 1871.00M
--- Running XOR for layer 66/15 ---
"input" in: xor.drc:109
    Polygons (raw): 136 (flat)  4 (hierarchical)
    Elapsed: 0.010s  Memory: 1871.00M
"input" in: xor.drc:109
    Polygons (raw): 272 (flat)  4 (hierarchical)
    Elapsed: 0.000s  Memory: 1871.00M
"^" in: xor.drc:109
    Polygons (raw): 0 (flat)  0 (hierarchical)
    Elapsed: 0.130s  Memory: 1959.00M
XOR differences: 0
"output" in: xor.drc:86
    Polygons (raw): 0 (flat)  0 (hierarchical)
    Elapsed: 0.000s  Memory: 1871.00M
--- Running XOR for layer 66/20 ---
"input" in: xor.drc:109
    Polygons (raw): 376440 (flat)  995 (hierarchical)
    Elapsed: 0.000s  Memory: 1871.00M
"input" in: xor.drc:109
    Polygons (raw): 667023 (flat)  1034 (hierarchical)
    Elapsed: 0.000s  Memory: 1871.00M
"^" in: xor.drc:109
    Polygons (raw): 0 (flat)  0 (hierarchical)
    Elapsed: 11.970s  Memory: 1943.00M
XOR differences: 0
"output" in: xor.drc:86
    Polygons (raw): 0 (flat)  0 (hierarchical)
    Elapsed: 0.020s  Memory: 1871.00M
--- Running XOR for layer 66/44 ---
"input" in: xor.drc:109
    Polygons (raw): 1715409 (flat)  6686 (hierarchical)
    Elapsed: 0.010s  Memory: 1871.00M
"input" in: xor.drc:109
    Polygons (raw): 3101733 (flat)  6884 (hierarchical)
    Elapsed: 0.000s  Memory: 1871.00M
"^" in: xor.drc:109
    Polygons (raw): 0 (flat)  0 (hierarchical)
    Elapsed: 22.460s  Memory: 1967.00M
XOR differences: 0
"output" in: xor.drc:86
    Polygons (raw): 0 (flat)  0 (hierarchical)
    Elapsed: 0.020s  Memory: 1871.00M
--- Running XOR for layer 67/16 ---
"input" in: xor.drc:109
    Polygons (raw): 416837 (flat)  1653 (hierarchical)
    Elapsed: 0.010s  Memory: 1871.00M
"input" in: xor.drc:109
    Polygons (raw): 791893 (flat)  1706 (hierarchical)
    Elapsed: 0.000s  Memory: 1871.00M
"^" in: xor.drc:109
    Polygons (raw): 0 (flat)  0 (hierarchical)
    Elapsed: 5.170s  Memory: 1951.00M
XOR differences: 0
"output" in: xor.drc:86
    Polygons (raw): 0 (flat)  0 (hierarchical)
    Elapsed: 0.020s  Memory: 1871.00M
--- Running XOR for layer 67/20 ---
"input" in: xor.drc:109
    Polygons (raw): 921835 (flat)  91295 (hierarchical)
    Elapsed: 0.000s  Memory: 1871.00M
"input" in: xor.drc:109
    Polygons (raw): 1468936 (flat)  37034 (hierarchical)
    Elapsed: 0.000s  Memory: 1871.00M
"^" in: xor.drc:109
    Polygons (raw): 0 (flat)  0 (hierarchical)
    Elapsed: 27.520s  Memory: 1951.00M
XOR differences: 0
"output" in: xor.drc:86
    Polygons (raw): 0 (flat)  0 (hierarchical)
    Elapsed: 0.020s  Memory: 1871.00M
--- Running XOR for layer 67/44 ---
"input" in: xor.drc:109
    Polygons (raw): 2206478 (flat)  93582 (hierarchical)
    Elapsed: 0.010s  Memory: 1871.00M
"input" in: xor.drc:109
    Polygons (raw): 3454036 (flat)  39406 (hierarchical)
    Elapsed: 0.000s  Memory: 1871.00M
"^" in: xor.drc:109
    Polygons (raw): 0 (flat)  0 (hierarchical)
    Elapsed: 26.030s  Memory: 1935.00M
XOR differences: 0
"output" in: xor.drc:86
    Polygons (raw): 0 (flat)  0 (hierarchical)
    Elapsed: 0.020s  Memory: 1871.00M
--- Running XOR for layer 67/5 ---
"input" in: xor.drc:109
    Polygons (raw): 0 (flat)  0 (hierarchical)
    Elapsed: 0.000s  Memory: 1871.00M
"input" in: xor.drc:109
    Polygons (raw): 0 (flat)  0 (hierarchical)
    Elapsed: 0.000s  Memory: 1871.00M
"^" in: xor.drc:109
    Polygons (raw): 0 (flat)  0 (hierarchical)
    Elapsed: 1.380s  Memory: 1951.00M
XOR differences: 0
"output" in: xor.drc:86
    Polygons (raw): 0 (flat)  0 (hierarchical)
    Elapsed: 0.000s  Memory: 1871.00M
--- Running XOR for layer 68/16 ---
"input" in: xor.drc:109
    Polygons (raw): 294243 (flat)  433 (hierarchical)
    Elapsed: 0.000s  Memory: 1871.00M
"input" in: xor.drc:109
    Polygons (raw): 494989 (flat)  449 (hierarchical)
    Elapsed: 0.000s  Memory: 1871.00M
"^" in: xor.drc:109
    Polygons (raw): 0 (flat)  0 (hierarchical)
    Elapsed: 5.470s  Memory: 1967.00M
XOR differences: 0
"output" in: xor.drc:86
    Polygons (raw): 0 (flat)  0 (hierarchical)
    Elapsed: 0.020s  Memory: 1871.00M
--- Running XOR for layer 68/20 ---
"input" in: xor.drc:109
    Polygons (raw): 849198 (flat)  385094 (hierarchical)
    Elapsed: 0.000s  Memory: 1871.00M
"input" in: xor.drc:109
    Polygons (raw): 1028573 (flat)  217296 (hierarchical)
    Elapsed: 0.000s  Memory: 1871.00M
"^" in: xor.drc:109
    Polygons (raw): 0 (flat)  0 (hierarchical)
    Elapsed: 13.600s  Memory: 1959.00M
XOR differences: 0
"output" in: xor.drc:86
    Polygons (raw): 0 (flat)  0 (hierarchical)
    Elapsed: 0.030s  Memory: 1871.00M
--- Running XOR for layer 68/44 ---
"input" in: xor.drc:109
    Polygons (raw): 129888 (flat)  101084 (hierarchical)
    Elapsed: 0.000s  Memory: 1871.00M
"input" in: xor.drc:109
    Polygons (raw): 129888 (flat)  28811 (hierarchical)
    Elapsed: 0.000s  Memory: 1871.00M
"^" in: xor.drc:109
    Polygons (raw): 0 (flat)  0 (hierarchical)
    Elapsed: 1.730s  Memory: 1935.00M
XOR differences: 0
"output" in: xor.drc:86
    Polygons (raw): 0 (flat)  0 (hierarchical)
    Elapsed: 0.000s  Memory: 1871.00M
--- Running XOR for layer 68/5 ---
"input" in: xor.drc:109
    Polygons (raw): 0 (flat)  0 (hierarchical)
    Elapsed: 0.000s  Memory: 1871.00M
"input" in: xor.drc:109
    Polygons (raw): 0 (flat)  0 (hierarchical)
    Elapsed: 0.000s  Memory: 1871.00M
"^" in: xor.drc:109
    Polygons (raw): 0 (flat)  0 (hierarchical)
    Elapsed: 1.160s  Memory: 1951.00M
XOR differences: 0
"output" in: xor.drc:86
    Polygons (raw): 0 (flat)  0 (hierarchical)
    Elapsed: 0.030s  Memory: 1871.00M
--- Running XOR for layer 69/16 ---
"input" in: xor.drc:109
    Polygons (raw): 195 (flat)  99 (hierarchical)
    Elapsed: 0.000s  Memory: 1871.00M
"input" in: xor.drc:109
    Polygons (raw): 195 (flat)  99 (hierarchical)
    Elapsed: 0.000s  Memory: 1871.00M
"^" in: xor.drc:109
    Polygons (raw): 0 (flat)  0 (hierarchical)
    Elapsed: 0.190s  Memory: 1951.00M
XOR differences: 0
"output" in: xor.drc:86
    Polygons (raw): 0 (flat)  0 (hierarchical)
    Elapsed: 0.000s  Memory: 1871.00M
--- Running XOR for layer 69/20 ---
"input" in: xor.drc:109
    Polygons (raw): 227378 (flat)  172295 (hierarchical)
    Elapsed: 0.000s  Memory: 1871.00M
"input" in: xor.drc:109
    Polygons (raw): 229357 (flat)  102932 (hierarchical)
    Elapsed: 0.000s  Memory: 1871.00M
"^" in: xor.drc:109
    Polygons (raw): 0 (flat)  0 (hierarchical)
    Elapsed: 4.770s  Memory: 1943.00M
XOR differences: 0
"output" in: xor.drc:86
    Polygons (raw): 0 (flat)  0 (hierarchical)
    Elapsed: 0.020s  Memory: 1871.00M
--- Running XOR for layer 69/44 ---
"input" in: xor.drc:109
    Polygons (raw): 30039 (flat)  22652 (hierarchical)
    Elapsed: 0.000s  Memory: 1871.00M
"input" in: xor.drc:109
    Polygons (raw): 30039 (flat)  7392 (hierarchical)
    Elapsed: 0.000s  Memory: 1871.00M
"^" in: xor.drc:109
    Polygons (raw): 0 (flat)  0 (hierarchical)
    Elapsed: 0.510s  Memory: 1967.00M
XOR differences: 0
"output" in: xor.drc:86
    Polygons (raw): 0 (flat)  0 (hierarchical)
    Elapsed: 0.000s  Memory: 1871.00M
--- Running XOR for layer 69/5 ---
"input" in: xor.drc:109
    Polygons (raw): 0 (flat)  0 (hierarchical)
    Elapsed: 0.000s  Memory: 1871.00M
"input" in: xor.drc:109
    Polygons (raw): 0 (flat)  0 (hierarchical)
    Elapsed: 0.000s  Memory: 1871.00M
"^" in: xor.drc:109
    Polygons (raw): 0 (flat)  0 (hierarchical)
    Elapsed: 0.280s  Memory: 1919.00M
XOR differences: 0
"output" in: xor.drc:86
    Polygons (raw): 0 (flat)  0 (hierarchical)
    Elapsed: 0.000s  Memory: 1871.00M
--- Running XOR for layer 70/16 ---
"input" in: xor.drc:109
    Polygons (raw): 106 (flat)  85 (hierarchical)
    Elapsed: 0.000s  Memory: 1871.00M
"input" in: xor.drc:109
    Polygons (raw): 106 (flat)  85 (hierarchical)
    Elapsed: 0.000s  Memory: 1871.00M
"^" in: xor.drc:109
    Polygons (raw): 0 (flat)  0 (hierarchical)
    Elapsed: 0.250s  Memory: 1935.00M
XOR differences: 0
"output" in: xor.drc:86
    Polygons (raw): 0 (flat)  0 (hierarchical)
    Elapsed: 0.000s  Memory: 1871.00M
--- Running XOR for layer 70/20 ---
"input" in: xor.drc:109
    Polygons (raw): 49833 (flat)  35317 (hierarchical)
    Elapsed: 0.000s  Memory: 1871.00M
"input" in: xor.drc:109
    Polygons (raw): 48212 (flat)  21833 (hierarchical)
    Elapsed: 0.000s  Memory: 1871.00M
"^" in: xor.drc:109
    Polygons (raw): 0 (flat)  0 (hierarchical)
    Elapsed: 0.940s  Memory: 1967.00M
XOR differences: 0
"output" in: xor.drc:86
    Polygons (raw): 0 (flat)  0 (hierarchical)
    Elapsed: 0.020s  Memory: 1871.00M
--- Running XOR for layer 70/44 ---
"input" in: xor.drc:109
    Polygons (raw): 15947 (flat)  13217 (hierarchical)
    Elapsed: 0.000s  Memory: 1871.00M
"input" in: xor.drc:109
    Polygons (raw): 15947 (flat)  2736 (hierarchical)
    Elapsed: 0.000s  Memory: 1871.00M
"^" in: xor.drc:109
    Polygons (raw): 0 (flat)  0 (hierarchical)
    Elapsed: 0.510s  Memory: 1967.00M
XOR differences: 0
"output" in: xor.drc:86
    Polygons (raw): 0 (flat)  0 (hierarchical)
    Elapsed: 0.010s  Memory: 1871.00M
--- Running XOR for layer 70/5 ---
"input" in: xor.drc:109
    Polygons (raw): 0 (flat)  0 (hierarchical)
    Elapsed: 0.000s  Memory: 1871.00M
"input" in: xor.drc:109
    Polygons (raw): 0 (flat)  0 (hierarchical)
    Elapsed: 0.000s  Memory: 1871.00M
"^" in: xor.drc:109
    Polygons (raw): 0 (flat)  0 (hierarchical)
    Elapsed: 0.530s  Memory: 1943.00M
XOR differences: 0
"output" in: xor.drc:86
    Polygons (raw): 0 (flat)  0 (hierarchical)
    Elapsed: 0.000s  Memory: 1871.00M
--- Running XOR for layer 71/16 ---
"input" in: xor.drc:109
    Polygons (raw): 42 (flat)  36 (hierarchical)
    Elapsed: 0.000s  Memory: 1871.00M
"input" in: xor.drc:109
    Polygons (raw): 42 (flat)  36 (hierarchical)
    Elapsed: 0.000s  Memory: 1871.00M
"^" in: xor.drc:109
    Polygons (raw): 0 (flat)  0 (hierarchical)
    Elapsed: 0.550s  Memory: 1935.00M
XOR differences: 0
"output" in: xor.drc:86
    Polygons (raw): 0 (flat)  0 (hierarchical)
    Elapsed: 0.000s  Memory: 1871.00M
--- Running XOR for layer 71/20 ---
"input" in: xor.drc:109
    Polygons (raw): 3040 (flat)  2535 (hierarchical)
    Elapsed: 0.000s  Memory: 1871.00M
"input" in: xor.drc:109
    Polygons (raw): 5485 (flat)  1288 (hierarchical)
    Elapsed: 0.000s  Memory: 1871.00M
"^" in: xor.drc:109
    Polygons (raw): 0 (flat)  0 (hierarchical)
    Elapsed: 0.820s  Memory: 1951.00M
XOR differences: 0
"output" in: xor.drc:86
    Polygons (raw): 0 (flat)  0 (hierarchical)
    Elapsed: 0.000s  Memory: 1871.00M
--- Running XOR for layer 71/44 ---
"input" in: xor.drc:109
    Polygons (raw): 152 (flat)  152 (hierarchical)
    Elapsed: 0.000s  Memory: 1871.00M
"input" in: xor.drc:109
    Polygons (raw): 152 (flat)  2 (hierarchical)
    Elapsed: 0.000s  Memory: 1871.00M
"^" in: xor.drc:109
    Polygons (raw): 0 (flat)  0 (hierarchical)
    Elapsed: 0.470s  Memory: 1967.00M
XOR differences: 0
"output" in: xor.drc:86
    Polygons (raw): 0 (flat)  0 (hierarchical)
    Elapsed: 0.000s  Memory: 1871.00M
--- Running XOR for layer 71/5 ---
"input" in: xor.drc:109
    Polygons (raw): 0 (flat)  0 (hierarchical)
    Elapsed: 0.000s  Memory: 1871.00M
"input" in: xor.drc:109
    Polygons (raw): 0 (flat)  0 (hierarchical)
    Elapsed: 0.000s  Memory: 1871.00M
"^" in: xor.drc:109
    Polygons (raw): 0 (flat)  0 (hierarchical)
    Elapsed: 0.190s  Memory: 1943.00M
XOR differences: 0
"output" in: xor.drc:86
    Polygons (raw): 0 (flat)  0 (hierarchical)
    Elapsed: 0.000s  Memory: 1871.00M
--- Running XOR for layer 72/16 ---
"input" in: xor.drc:109
    Polygons (raw): 16 (flat)  16 (hierarchical)
    Elapsed: 0.000s  Memory: 1871.00M
"input" in: xor.drc:109
    Polygons (raw): 16 (flat)  16 (hierarchical)
    Elapsed: 0.040s  Memory: 1871.00M
"^" in: xor.drc:109
    Polygons (raw): 0 (flat)  0 (hierarchical)
    Elapsed: 0.210s  Memory: 1935.00M
XOR differences: 0
"output" in: xor.drc:86
    Polygons (raw): 0 (flat)  0 (hierarchical)
    Elapsed: 0.000s  Memory: 1871.00M
--- Running XOR for layer 72/20 ---
"input" in: xor.drc:109
    Polygons (raw): 24 (flat)  24 (hierarchical)
    Elapsed: 0.000s  Memory: 1871.00M
"input" in: xor.drc:109
    Polygons (raw): 193 (flat)  43 (hierarchical)
    Elapsed: 0.000s  Memory: 1871.00M
"^" in: xor.drc:109
    Polygons (raw): 0 (flat)  0 (hierarchical)
    Elapsed: 0.440s  Memory: 1951.00M
XOR differences: 0
"output" in: xor.drc:86
    Polygons (raw): 0 (flat)  0 (hierarchical)
    Elapsed: 0.000s  Memory: 1871.00M
--- Running XOR for layer 72/5 ---
"input" in: xor.drc:109
    Polygons (raw): 0 (flat)  0 (hierarchical)
    Elapsed: 0.000s  Memory: 1871.00M
"input" in: xor.drc:109
    Polygons (raw): 0 (flat)  0 (hierarchical)
    Elapsed: 0.000s  Memory: 1871.00M
"^" in: xor.drc:109
    Polygons (raw): 0 (flat)  0 (hierarchical)
    Elapsed: 0.170s  Memory: 1943.00M
XOR differences: 0
"output" in: xor.drc:86
    Polygons (raw): 0 (flat)  0 (hierarchical)
    Elapsed: 0.000s  Memory: 1871.00M
--- Running XOR for layer 78/44 ---
"input" in: xor.drc:109
    Polygons (raw): 147049 (flat)  214 (hierarchical)
    Elapsed: 0.000s  Memory: 1871.00M
"input" in: xor.drc:109
    Polygons (raw): 247372 (flat)  221 (hierarchical)
    Elapsed: 0.000s  Memory: 1871.00M
"^" in: xor.drc:109
    Polygons (raw): 0 (flat)  0 (hierarchical)
    Elapsed: 3.780s  Memory: 1943.00M
XOR differences: 0
"output" in: xor.drc:86
    Polygons (raw): 0 (flat)  0 (hierarchical)
    Elapsed: 0.020s  Memory: 1871.00M
Warning: --- Skipping 81/14… ---
--- Running XOR for layer 81/23 ---
"input" in: xor.drc:109
    Polygons (raw): 15721 (flat)  2 (hierarchical)
    Elapsed: 0.010s  Memory: 1871.00M
"input" in: xor.drc:109
    Polygons (raw): 31442 (flat)  2 (hierarchical)
    Elapsed: 0.000s  Memory: 1871.00M
"^" in: xor.drc:109
    Polygons (raw): 0 (flat)  0 (hierarchical)
    Elapsed: 0.440s  Memory: 1943.00M
XOR differences: 0
"output" in: xor.drc:86
    Polygons (raw): 0 (flat)  0 (hierarchical)
    Elapsed: 0.000s  Memory: 1871.00M
--- Running XOR for layer 81/4 ---
"input" in: xor.drc:109
    Polygons (raw): 145011 (flat)  210 (hierarchical)
    Elapsed: 0.000s  Memory: 1871.00M
"input" in: xor.drc:109
    Polygons (raw): 243296 (flat)  217 (hierarchical)
    Elapsed: 0.000s  Memory: 1871.00M
"^" in: xor.drc:109
    Polygons (raw): 0 (flat)  0 (hierarchical)
    Elapsed: 4.160s  Memory: 1967.00M
XOR differences: 0
"output" in: xor.drc:86
    Polygons (raw): 0 (flat)  0 (hierarchical)
    Elapsed: 0.020s  Memory: 1871.00M
--- Running XOR for layer 83/44 ---
"input" in: xor.drc:109
    Polygons (raw): 0 (flat)  0 (hierarchical)
    Elapsed: 0.000s  Memory: 1871.00M
"input" in: xor.drc:109
    Polygons (raw): 0 (flat)  0 (hierarchical)
    Elapsed: 0.000s  Memory: 1871.00M
"^" in: xor.drc:109
    Polygons (raw): 0 (flat)  0 (hierarchical)
    Elapsed: 2.000s  Memory: 1951.00M
XOR differences: 0
"output" in: xor.drc:86
    Polygons (raw): 0 (flat)  0 (hierarchical)
    Elapsed: 0.010s  Memory: 1871.00M
--- Running XOR for layer 93/44 ---
"input" in: xor.drc:109
    Polygons (raw): 173768 (flat)  212 (hierarchical)
    Elapsed: 0.000s  Memory: 1871.00M
"input" in: xor.drc:109
    Polygons (raw): 300810 (flat)  219 (hierarchical)
    Elapsed: 0.000s  Memory: 1871.00M
"^" in: xor.drc:109
    Polygons (raw): 0 (flat)  0 (hierarchical)
    Elapsed: 5.340s  Memory: 1959.00M
XOR differences: 0
"output" in: xor.drc:86
    Polygons (raw): 0 (flat)  0 (hierarchical)
    Elapsed: 0.020s  Memory: 1871.00M
--- Running XOR for layer 94/20 ---
"input" in: xor.drc:109
    Polygons (raw): 173768 (flat)  212 (hierarchical)
    Elapsed: 0.000s  Memory: 1871.00M
"input" in: xor.drc:109
    Polygons (raw): 300810 (flat)  219 (hierarchical)
    Elapsed: 0.000s  Memory: 1871.00M
"^" in: xor.drc:109
    Polygons (raw): 0 (flat)  0 (hierarchical)
    Elapsed: 4.980s  Memory: 1959.00M
XOR differences: 0
"output" in: xor.drc:86
    Polygons (raw): 0 (flat)  0 (hierarchical)
    Elapsed: 0.020s  Memory: 1871.00M
--- Running XOR for layer 95/20 ---
"input" in: xor.drc:109
    Polygons (raw): 88617 (flat)  223 (hierarchical)
    Elapsed: 0.000s  Memory: 1871.00M
"input" in: xor.drc:109
    Polygons (raw): 141149 (flat)  230 (hierarchical)
    Elapsed: 0.000s  Memory: 1871.00M
"^" in: xor.drc:109
    Polygons (raw): 0 (flat)  0 (hierarchical)
    Elapsed: 2.720s  Memory: 1951.00M
XOR differences: 0
"output" in: xor.drc:86
    Polygons (raw): 0 (flat)  0 (hierarchical)
    Elapsed: 0.020s  Memory: 1871.00M
---
Total XOR differences: 396
Writing report database: /home/bala/git_stuff/summer_internship/syn/librelane/runs/full_flow/62-klayout-xor/xor.xml ..
Total elapsed: 175.770s  Memory: 1871.00M
/home/bala/git_stuff/summer_internship/syn/librelane/runs/full_flow/58-magic-streamout/mt_cpu.magic.gds
/home/bala/git_stuff/summer_internship/syn/librelane/runs/full_flow/59-klayout-streamout/mt_cpu.klayout.gds
%OL_METRIC_I design__xor_difference__count 396
