174. Printing statistics.

=== mt_cpu ===

   Number of wires:              12584
   Number of wire bits:          15828
   Number of public wires:         135
   Number of public wire bits:    3237
   Number of ports:                  5
   Number of port bits:             67
   Number of memories:               0
   Number of memory bits:            0
   Number of processes:              0
   Number of cells:              15593
     $_ANDNOT_                    2006
     $_AND_                         92
     $_MUX_                       8683
     $_NAND_                       190
     $_NOR_                        208
     $_NOT_                        378
     $_ORNOT_                      172
     $_OR_                         753
     $_XNOR_                       100
     $_XOR_                        207
     sky130_fd_sc_hd__dfxtp_2     2802
     sram_128x32                     2

   Area for cell type $_NOT_ is unknown!
   Area for cell type $_AND_ is unknown!
   Area for cell type $_NAND_ is unknown!
   Area for cell type $_OR_ is unknown!
   Area for cell type $_NOR_ is unknown!
   Area for cell type $_XOR_ is unknown!
   Area for cell type $_XNOR_ is unknown!
   Area for cell type $_ANDNOT_ is unknown!
   Area for cell type $_ORNOT_ is unknown!
   Area for cell type $_MUX_ is unknown!
   Area for cell type \sram_128x32 is unknown!

   Chip area for module '\mt_cpu': 59599.660800
     of which used for sequential elements: 59599.660800 (100.00%)

