Reading OpenROAD database at '/home/bala/git_stuff/summer_internship/syn/librelane/runs/full_flow/20-openroad-generatepdn/mt_cpu.odb'…
Reading library file at '/home/bala/OpenRAM/ciel/sky130/versions/0fe599b2afb6708d281543108caf8310912f54af/sky130A/libs.ref/sky130_fd_sc_hd/lib/sky130_fd_sc_hd__tt_025C_1v80.lib'…
Reading library file at '/home/bala/git_stuff/summer_internship/syn/RAM128_1RW1R/lib/nom_tt_025C_1v80/RAM128_1RW1R__nom_tt_025C_1v80.lib'…
Reading macro library file at '/home/bala/git_stuff/summer_internship/syn/RAM128_1RW1R/lib/nom_tt_025C_1v80/RAM128_1RW1R__nom_tt_025C_1v80.lib'…
[WARNING STA-1140] /home/bala/git_stuff/summer_internship/syn/RAM128_1RW1R/lib/nom_tt_025C_1v80/RAM128_1RW1R__nom_tt_025C_1v80.lib line 1, library RAM128_1RW1R already exists.
Reading design constraints file at '/home/bala/git_stuff/summer_internship/syn/librelane/cons.sdc'…
[INFO] No information on clock propagation in input SDC file-- propagating all clocks.
+ global_placement -density 0.610877 -skip_io -pad_right 0 -pad_left 0 -init_wirelength_coef 0.05
[INFO GPL-0002] DBU: 1000
[INFO GPL-0003] SiteSize: (  0.460  2.720 ) um
[INFO GPL-0004] CoreBBox: (  5.520 10.880 ) ( 1146.780 1150.560 ) um
[INFO GPL-0006] NumInstances:             23393
[INFO GPL-0007] NumPlaceInstances:        10390
[INFO GPL-0008] NumFixedInstances:        12173
[INFO GPL-0009] NumDummyInstances:          830
[INFO GPL-0010] NumNets:                  10521
[INFO GPL-0011] NumPins:                  41080
[INFO GPL-0012] DieBBox:  (  0.000  0.000 ) ( 1152.405 1163.125 ) um
[INFO GPL-0013] CoreBBox: (  5.520 10.880 ) ( 1146.780 1150.560 ) um
[INFO GPL-0016] CoreArea:            1300671.197 um^2
[INFO GPL-0017] NonPlaceInstsArea:   579652.182 um^2
[INFO GPL-0018] PlaceInstsArea:      135244.710 um^2
[INFO GPL-0019] Util:                    18.757 %
[INFO GPL-0020] StdInstsArea:        135244.710 um^2
[INFO GPL-0021] MacroInstsArea:           0.000 um^2
[INFO GPL-0031] FillerInit:NumGCells:     33958
[INFO GPL-0032] FillerInit:NumGNets:      10521
[INFO GPL-0033] FillerInit:NumGPins:      41080
[INFO GPL-0023] TargetDensity:            0.611
[INFO GPL-0024] AvrgPlaceInstArea:       13.017 um^2
[INFO GPL-0025] IdealBinArea:            21.308 um^2
[INFO GPL-0026] IdealBinCnt:              61040
[INFO GPL-0027] TotalBinArea:        1300671.197 um^2
[INFO GPL-0028] BinCnt:       128    128
[INFO GPL-0029] BinSize: (  8.917  8.904 )
[INFO GPL-0030] NumBins: 16384
[NesterovSolve] Iter:    1 overflow: 0.998 HPWL: 151997525
[NesterovSolve] Iter:   10 overflow: 0.992 HPWL: 171700664
[NesterovSolve] Iter:   20 overflow: 0.991 HPWL: 177332273
[NesterovSolve] Iter:   30 overflow: 0.991 HPWL: 177159232
[NesterovSolve] Iter:   40 overflow: 0.992 HPWL: 175654402
[NesterovSolve] Iter:   50 overflow: 0.992 HPWL: 175129977
[NesterovSolve] Iter:   60 overflow: 0.992 HPWL: 174114049
[NesterovSolve] Iter:   70 overflow: 0.992 HPWL: 171888422
[NesterovSolve] Iter:   80 overflow: 0.992 HPWL: 169209048
[NesterovSolve] Iter:   90 overflow: 0.992 HPWL: 167272204
[NesterovSolve] Iter:  100 overflow: 0.992 HPWL: 166663357
[NesterovSolve] Iter:  110 overflow: 0.992 HPWL: 166778012
[NesterovSolve] Iter:  120 overflow: 0.992 HPWL: 167693107
[NesterovSolve] Iter:  130 overflow: 0.992 HPWL: 170062869
[NesterovSolve] Iter:  140 overflow: 0.991 HPWL: 174419125
[NesterovSolve] Iter:  150 overflow: 0.991 HPWL: 181421336
[NesterovSolve] Iter:  160 overflow: 0.991 HPWL: 192302113
[NesterovSolve] Iter:  170 overflow: 0.990 HPWL: 206689263
[NesterovSolve] Iter:  180 overflow: 0.980 HPWL: 221760265
[NesterovSolve] Iter:  190 overflow: 0.942 HPWL: 238384077
[NesterovSolve] Iter:  200 overflow: 0.892 HPWL: 261215902
[NesterovSolve] Iter:  210 overflow: 0.854 HPWL: 275986432
[NesterovSolve] Iter:  220 overflow: 0.825 HPWL: 293634164
[NesterovSolve] Iter:  230 overflow: 0.794 HPWL: 303772349
[NesterovSolve] Iter:  240 overflow: 0.756 HPWL: 316952786
[NesterovSolve] Iter:  250 overflow: 0.723 HPWL: 327043258
[NesterovSolve] Iter:  260 overflow: 0.682 HPWL: 348890281
[NesterovSolve] Iter:  270 overflow: 0.626 HPWL: 369983968
[NesterovSolve] Iter:  280 overflow: 0.568 HPWL: 377688229
[NesterovSolve] Iter:  290 overflow: 0.504 HPWL: 386291746
[NesterovSolve] Iter:  300 overflow: 0.460 HPWL: 382775841
[NesterovSolve] Iter:  310 overflow: 0.399 HPWL: 386666741
[NesterovSolve] Iter:  320 overflow: 0.352 HPWL: 380438993
[NesterovSolve] Iter:  330 overflow: 0.315 HPWL: 381852748
[NesterovSolve] Iter:  340 overflow: 0.281 HPWL: 379055341
[NesterovSolve] Iter:  350 overflow: 0.247 HPWL: 373794248
[NesterovSolve] Iter:  360 overflow: 0.216 HPWL: 371793032
[NesterovSolve] Iter:  370 overflow: 0.188 HPWL: 370947324
[NesterovSolve] Iter:  380 overflow: 0.162 HPWL: 366453307
[NesterovSolve] Iter:  390 overflow: 0.142 HPWL: 365732988
[NesterovSolve] Iter:  400 overflow: 0.124 HPWL: 366263170
[NesterovSolve] Iter:  410 overflow: 0.106 HPWL: 365518211
[NesterovSolve] Finished with Overflow: 0.098584
[INFO] Setting RC values…
Setting global connections for newly added cells…
[INFO] Setting global connections...
Updating metrics…
Cell type report:                       Count       Area
  Macro                                     2  516115.00
  Fill cell                              1682    6313.56
  Tap cell                              10489   13123.84
  Buffer                                    2      10.01
  Inverter                                116     435.42
  Sequential cell                        2794   59429.50
  Multi-Input combinational cell         7478   75369.79
  Total                                 22563  670797.10
Writing OpenROAD database to '/home/bala/git_stuff/summer_internship/syn/librelane/runs/full_flow/23-openroad-globalplacementskipio/mt_cpu.odb'…
Writing netlist to '/home/bala/git_stuff/summer_internship/syn/librelane/runs/full_flow/23-openroad-globalplacementskipio/mt_cpu.nl.v'…
Writing powered netlist to '/home/bala/git_stuff/summer_internship/syn/librelane/runs/full_flow/23-openroad-globalplacementskipio/mt_cpu.pnl.v'…
Writing layout to '/home/bala/git_stuff/summer_internship/syn/librelane/runs/full_flow/23-openroad-globalplacementskipio/mt_cpu.def'…
Writing timing constraints to '/home/bala/git_stuff/summer_internship/syn/librelane/runs/full_flow/23-openroad-globalplacementskipio/mt_cpu.sdc'…
