
===========================================================================
report_checks -unconstrained
===========================================================================
======================= nom_tt_025C_1v80 Corner ===================================

Startpoint: _16822_ (rising edge-triggered flip-flop clocked by clk)
Endpoint: _17010_ (rising edge-triggered flip-flop clocked by clk)
Path Group: clk
Path Type: max

Fanout         Cap        Slew       Delay        Time   Description
---------------------------------------------------------------------------------------------
                                  0.000000    0.000000   clock clk (rise edge)
                                  0.000000    0.000000   clock source latency
     4    0.345651    0.000000    0.000000    0.000000 ^ clk (in)
                                                         clk (net)
                      0.220842    0.110421    0.110421 ^ clkbuf_regs_0_clk/A (sky130_fd_sc_hd__clkbuf_16)
     1    0.008312    0.034712    0.172086    0.282507 ^ clkbuf_regs_0_clk/X (sky130_fd_sc_hd__clkbuf_16)
                                                         delaynet_0_clk (net)
                      0.034713    0.000249    0.282756 ^ delaybuf_0_clk/A (sky130_fd_sc_hd__clkbuf_16)
     1    0.008598    0.032134    0.110763    0.393519 ^ delaybuf_0_clk/X (sky130_fd_sc_hd__clkbuf_16)
                                                         delaynet_1_clk (net)
                      0.032135    0.000196    0.393715 ^ delaybuf_1_clk/A (sky130_fd_sc_hd__clkbuf_16)
     1    0.008481    0.032037    0.109700    0.503415 ^ delaybuf_1_clk/X (sky130_fd_sc_hd__clkbuf_16)
                                                         delaynet_2_clk (net)
                      0.032037    0.000264    0.503679 ^ delaybuf_2_clk/A (sky130_fd_sc_hd__clkbuf_16)
     1    0.009762    0.033139    0.110896    0.614575 ^ delaybuf_2_clk/X (sky130_fd_sc_hd__clkbuf_16)
                                                         delaynet_3_clk (net)
                      0.033140    0.000260    0.614834 ^ delaybuf_3_clk/A (sky130_fd_sc_hd__clkbuf_16)
     1    0.009365    0.032800    0.110905    0.725740 ^ delaybuf_3_clk/X (sky130_fd_sc_hd__clkbuf_16)
                                                         delaynet_4_clk (net)
                      0.032800    0.000310    0.726049 ^ delaybuf_4_clk/A (sky130_fd_sc_hd__clkbuf_16)
     3    0.047054    0.066038    0.140399    0.866448 ^ delaybuf_4_clk/X (sky130_fd_sc_hd__clkbuf_16)
                                                         clk_regs (net)
                      0.067395    0.007350    0.873798 ^ clkbuf_0_clk_regs/A (sky130_fd_sc_hd__clkbuf_16)
     9    0.082334    0.099613    0.178366    1.052164 ^ clkbuf_0_clk_regs/X (sky130_fd_sc_hd__clkbuf_16)
                                                         clknet_0_clk_regs (net)
                      0.100387    0.007007    1.059171 ^ clkbuf_2_3_0_clk_regs/A (sky130_fd_sc_hd__clkbuf_8)
     9    0.110311    0.194689    0.256858    1.316029 ^ clkbuf_2_3_0_clk_regs/X (sky130_fd_sc_hd__clkbuf_8)
                                                         clknet_2_3_0_clk_regs (net)
                      0.195107    0.007369    1.323398 ^ clkbuf_4_13_0_clk_regs/A (sky130_fd_sc_hd__clkbuf_8)
    29    0.187826    0.321929    0.377019    1.700418 ^ clkbuf_4_13_0_clk_regs/X (sky130_fd_sc_hd__clkbuf_8)
                                                         clknet_4_13_0_clk_regs (net)
                      0.321970    0.003065    1.703482 ^ clkbuf_leaf_181_clk_regs/A (sky130_fd_sc_hd__clkbuf_8)
    13    0.060847    0.116967    0.268130    1.971612 ^ clkbuf_leaf_181_clk_regs/X (sky130_fd_sc_hd__clkbuf_8)
                                                         clknet_leaf_181_clk_regs (net)
                      0.116997    0.001805    1.973418 ^ _16822_/CLK (sky130_fd_sc_hd__dfxtp_4)
    45    0.227449    0.634026    0.770943    2.744361 ^ _16822_/Q (sky130_fd_sc_hd__dfxtp_4)
                                                         decode_stage.rf.rf1_index1[6] (net)
                      0.634306    0.011320    2.755681 ^ max_cap226/A (sky130_fd_sc_hd__buf_12)
    43    0.262910    0.300162    0.354644    3.110325 ^ max_cap226/X (sky130_fd_sc_hd__buf_12)
                                                         net226 (net)
                      0.312235    0.047374    3.157699 ^ _07505_/A (sky130_fd_sc_hd__clkinv_16)
    51    0.203372    0.168550    0.205926    3.363625 v _07505_/Y (sky130_fd_sc_hd__clkinv_16)
                                                         _04783_ (net)
                      0.169685    0.010626    3.374251 v _09184_/S1 (sky130_fd_sc_hd__mux4_2)
    11    0.041742    0.176781    0.469921    3.844172 v _09184_/X (sky130_fd_sc_hd__mux4_2)
                                                         _05671_ (net)
                      0.176795    0.001676    3.845849 v _09251_/A (sky130_fd_sc_hd__nor2_2)
     3    0.024922    0.282717    0.308038    4.153886 ^ _09251_/Y (sky130_fd_sc_hd__nor2_2)
                                                         _05736_ (net)
                      0.282719    0.000638    4.154524 ^ _09379_/D_N (sky130_fd_sc_hd__or4b_2)
     4    0.017036    0.150490    0.699008    4.853532 v _09379_/X (sky130_fd_sc_hd__or4b_2)
                                                         _05860_ (net)
                      0.150490    0.000725    4.854257 v _09498_/A (sky130_fd_sc_hd__or3_2)
     4    0.015999    0.116983    0.568306    5.422563 v _09498_/X (sky130_fd_sc_hd__or3_2)
                                                         _05975_ (net)
                      0.117038    0.000494    5.423057 v _09615_/A (sky130_fd_sc_hd__or3_4)
     4    0.028646    0.101270    0.463964    5.887022 v _09615_/X (sky130_fd_sc_hd__or3_4)
                                                         _06087_ (net)
                      0.101274    0.000765    5.887786 v _09725_/A (sky130_fd_sc_hd__or3_2)
     4    0.020138    0.127484    0.566513    6.454299 v _09725_/X (sky130_fd_sc_hd__or3_2)
                                                         _06193_ (net)
                      0.127488    0.000859    6.455158 v _09832_/A (sky130_fd_sc_hd__or3_2)
     4    0.017680    0.121141    0.566439    7.021598 v _09832_/X (sky130_fd_sc_hd__or3_2)
                                                         _06296_ (net)
                      0.121146    0.000835    7.022433 v _09933_/A (sky130_fd_sc_hd__or3_2)
     4    0.015241    0.115298    0.555815    7.578249 v _09933_/X (sky130_fd_sc_hd__or3_2)
                                                         _06393_ (net)
                      0.115298    0.000561    7.578810 v _10038_/A (sky130_fd_sc_hd__or3_2)
     4    0.022599    0.134452    0.579351    8.158160 v _10038_/X (sky130_fd_sc_hd__or3_2)
                                                         _06494_ (net)
                      0.134474    0.001732    8.159892 v _10210_/A_N (sky130_fd_sc_hd__and3b_2)
     3    0.031680    0.171987    0.370608    8.530501 ^ _10210_/X (sky130_fd_sc_hd__and3b_2)
                                                         _06659_ (net)
                      0.171993    0.001242    8.531743 ^ _10417_/C (sky130_fd_sc_hd__and4bb_4)
     5    0.045444    0.178212    0.363940    8.895682 ^ _10417_/X (sky130_fd_sc_hd__and4bb_4)
                                                         _06858_ (net)
                      0.178236    0.002059    8.897741 ^ _10599_/A (sky130_fd_sc_hd__and3_2)
     4    0.032830    0.177716    0.315869    9.213611 ^ _10599_/X (sky130_fd_sc_hd__and3_2)
                                                         _07034_ (net)
                      0.177731    0.001721    9.215332 ^ _10690_/C_N (sky130_fd_sc_hd__or3b_4)
     7    0.041146    0.124718    0.485071    9.700402 v _10690_/X (sky130_fd_sc_hd__or3b_4)
                                                         _07120_ (net)
                      0.124733    0.001402    9.701804 v _10760_/A (sky130_fd_sc_hd__xnor2_4)
     8    0.027239    0.098993    0.209258    9.911061 v _10760_/Y (sky130_fd_sc_hd__xnor2_4)
                                                         _07186_ (net)
                      0.099047    0.001015    9.912077 v _13971_/A1 (sky130_fd_sc_hd__a221o_1)
     1    0.004151    0.059191    0.335638   10.247715 v _13971_/X (sky130_fd_sc_hd__a221o_1)
                                                         _01913_ (net)
                      0.059191    0.000144   10.247859 v _17010_/D (sky130_fd_sc_hd__dfxtp_1)
                                             10.247859   data arrival time

                                 24.000000   24.000000   clock clk (rise edge)
                                  0.000000   24.000000   clock source latency
     4    0.345651    0.000000    0.000000   24.000000 ^ clk (in)
                                                         clk (net)
                      0.220842    0.110422   24.110420 ^ clkbuf_regs_0_clk/A (sky130_fd_sc_hd__clkbuf_16)
     1    0.008312    0.034712    0.172085   24.282505 ^ clkbuf_regs_0_clk/X (sky130_fd_sc_hd__clkbuf_16)
                                                         delaynet_0_clk (net)
                      0.034713    0.000250   24.282757 ^ delaybuf_0_clk/A (sky130_fd_sc_hd__clkbuf_16)
     1    0.008598    0.032134    0.110761   24.393517 ^ delaybuf_0_clk/X (sky130_fd_sc_hd__clkbuf_16)
                                                         delaynet_1_clk (net)
                      0.032135    0.000197   24.393715 ^ delaybuf_1_clk/A (sky130_fd_sc_hd__clkbuf_16)
     1    0.008481    0.032037    0.109701   24.503414 ^ delaybuf_1_clk/X (sky130_fd_sc_hd__clkbuf_16)
                                                         delaynet_2_clk (net)
                      0.032037    0.000263   24.503677 ^ delaybuf_2_clk/A (sky130_fd_sc_hd__clkbuf_16)
     1    0.009762    0.033139    0.110896   24.614574 ^ delaybuf_2_clk/X (sky130_fd_sc_hd__clkbuf_16)
                                                         delaynet_3_clk (net)
                      0.033140    0.000259   24.614834 ^ delaybuf_3_clk/A (sky130_fd_sc_hd__clkbuf_16)
     1    0.009365    0.032800    0.110905   24.725739 ^ delaybuf_3_clk/X (sky130_fd_sc_hd__clkbuf_16)
                                                         delaynet_4_clk (net)
                      0.032800    0.000309   24.726048 ^ delaybuf_4_clk/A (sky130_fd_sc_hd__clkbuf_16)
     3    0.047054    0.066038    0.140400   24.866447 ^ delaybuf_4_clk/X (sky130_fd_sc_hd__clkbuf_16)
                                                         clk_regs (net)
                      0.067395    0.007349   24.873796 ^ clkbuf_0_clk_regs/A (sky130_fd_sc_hd__clkbuf_16)
     9    0.082334    0.099613    0.178368   25.052164 ^ clkbuf_0_clk_regs/X (sky130_fd_sc_hd__clkbuf_16)
                                                         clknet_0_clk_regs (net)
                      0.100387    0.007006   25.059170 ^ clkbuf_2_3_0_clk_regs/A (sky130_fd_sc_hd__clkbuf_8)
     9    0.110311    0.194689    0.256859   25.316029 ^ clkbuf_2_3_0_clk_regs/X (sky130_fd_sc_hd__clkbuf_8)
                                                         clknet_2_3_0_clk_regs (net)
                      0.194982    0.006207   25.322235 ^ clkbuf_4_14_0_clk_regs/A (sky130_fd_sc_hd__clkbuf_8)
    21    0.142903    0.247175    0.327129   25.649364 ^ clkbuf_4_14_0_clk_regs/X (sky130_fd_sc_hd__clkbuf_8)
                                                         clknet_4_14_0_clk_regs (net)
                      0.247383    0.005922   25.655287 ^ clkbuf_leaf_160_clk_regs/A (sky130_fd_sc_hd__clkbuf_8)
     9    0.044581    0.090708    0.230008   25.885294 ^ clkbuf_leaf_160_clk_regs/X (sky130_fd_sc_hd__clkbuf_8)
                                                         clknet_leaf_160_clk_regs (net)
                      0.090713    0.000806   25.886101 ^ _17010_/CLK (sky130_fd_sc_hd__dfxtp_1)
                                  0.000000   25.886101   clock reconvergence pessimism
                                 -0.106067   25.780035   library setup time
                                             25.780035   data required time
---------------------------------------------------------------------------------------------
                                             25.780035   data required time
                                            -10.247859   data arrival time
---------------------------------------------------------------------------------------------
                                             15.532177   slack (MET)




===========================================================================
report_checks --slack_max -0.01
============================================================================
======================= nom_tt_025C_1v80 Corner ===================================

No paths found.


===========================================================================
 report_check_types -max_slew -max_cap -max_fanout -violators
============================================================================
======================= nom_tt_025C_1v80 Corner ===================================

max slew

Pin                                        Limit        Slew       Slack
------------------------------------------------------------------------
decode_stage.rf.tgrp_rf1/BLOCK[0].RAM32.SLICE_16[0].RAM16.Do0_REG.OUTREG_BYTE[3].Do_FF[5]/D    1.500000    1.529539   -0.029539 (VIOLATED)
decode_stage.rf.tgrp_rf2/BLOCK[0].RAM32.SLICE_16[0].RAM16.Do0_REG.OUTREG_BYTE[3].Do_FF[5]/D    1.500000    1.529539   -0.029539 (VIOLATED)
decode_stage.rf.tgrp_rf1/BLOCK[0].RAM32.SLICE_16[0].RAM16.Do0_REG.OUTREG_BYTE[3].DIODE[5]/DIODE    1.500000    1.529538   -0.029538 (VIOLATED)
decode_stage.rf.tgrp_rf2/BLOCK[0].RAM32.SLICE_16[0].RAM16.Do0_REG.OUTREG_BYTE[3].DIODE[5]/DIODE    1.500000    1.529538   -0.029538 (VIOLATED)
decode_stage.rf.tgrp_rf1/BLOCK[0].RAM32.SLICE_16[0].RAM16.BYTE[3].FLOATBUF0[29].__cell__/Z    1.515489    1.535391   -0.019902 (VIOLATED)
decode_stage.rf.tgrp_rf2/BLOCK[0].RAM32.SLICE_16[0].RAM16.BYTE[3].FLOATBUF0[29].__cell__/Z    1.515489    1.535391   -0.019902 (VIOLATED)
decode_stage.rf.tgrp_rf1/BLOCK[0].RAM32.SLICE_16[0].RAM16.SLICE[0].RAM8.WORD[1].W.BYTE[3].B.BIT[5].OBUF0/Z    1.515489    1.530464   -0.014975 (VIOLATED)
decode_stage.rf.tgrp_rf2/BLOCK[0].RAM32.SLICE_16[0].RAM16.SLICE[0].RAM8.WORD[1].W.BYTE[3].B.BIT[5].OBUF0/Z    1.515489    1.530464   -0.014975 (VIOLATED)
decode_stage.rf.tgrp_rf1/BLOCK[0].RAM32.SLICE_16[0].RAM16.SLICE[0].RAM8.WORD[0].W.BYTE[3].B.BIT[5].OBUF0/Z    1.515489    1.530401   -0.014912 (VIOLATED)
decode_stage.rf.tgrp_rf2/BLOCK[0].RAM32.SLICE_16[0].RAM16.SLICE[0].RAM8.WORD[0].W.BYTE[3].B.BIT[5].OBUF0/Z    1.515489    1.530401   -0.014912 (VIOLATED)
decode_stage.rf.tgrp_rf1/BLOCK[0].RAM32.SLICE_16[0].RAM16.SLICE[0].RAM8.WORD[3].W.BYTE[3].B.BIT[5].OBUF0/Z    1.515489    1.530263   -0.014774 (VIOLATED)
decode_stage.rf.tgrp_rf2/BLOCK[0].RAM32.SLICE_16[0].RAM16.SLICE[0].RAM8.WORD[3].W.BYTE[3].B.BIT[5].OBUF0/Z    1.515489    1.530263   -0.014774 (VIOLATED)
decode_stage.rf.tgrp_rf1/BLOCK[0].RAM32.SLICE_16[0].RAM16.SLICE[0].RAM8.WORD[2].W.BYTE[3].B.BIT[5].OBUF0/Z    1.515489    1.530243   -0.014754 (VIOLATED)
decode_stage.rf.tgrp_rf2/BLOCK[0].RAM32.SLICE_16[0].RAM16.SLICE[0].RAM8.WORD[2].W.BYTE[3].B.BIT[5].OBUF0/Z    1.515489    1.530243   -0.014754 (VIOLATED)
decode_stage.rf.tgrp_rf1/BLOCK[0].RAM32.SLICE_16[0].RAM16.SLICE[0].RAM8.WORD[5].W.BYTE[3].B.BIT[5].OBUF0/Z    1.515489    1.530147   -0.014658 (VIOLATED)
decode_stage.rf.tgrp_rf2/BLOCK[0].RAM32.SLICE_16[0].RAM16.SLICE[0].RAM8.WORD[5].W.BYTE[3].B.BIT[5].OBUF0/Z    1.515489    1.530147   -0.014658 (VIOLATED)
decode_stage.rf.tgrp_rf1/BLOCK[0].RAM32.SLICE_16[0].RAM16.SLICE[0].RAM8.WORD[4].W.BYTE[3].B.BIT[5].OBUF0/Z    1.515489    1.530119   -0.014630 (VIOLATED)
decode_stage.rf.tgrp_rf2/BLOCK[0].RAM32.SLICE_16[0].RAM16.SLICE[0].RAM8.WORD[4].W.BYTE[3].B.BIT[5].OBUF0/Z    1.515489    1.530119   -0.014630 (VIOLATED)
decode_stage.rf.tgrp_rf1/BLOCK[0].RAM32.SLICE_16[0].RAM16.SLICE[0].RAM8.WORD[6].W.BYTE[3].B.BIT[5].OBUF0/Z    1.515489    1.529757   -0.014268 (VIOLATED)
decode_stage.rf.tgrp_rf2/BLOCK[0].RAM32.SLICE_16[0].RAM16.SLICE[0].RAM8.WORD[6].W.BYTE[3].B.BIT[5].OBUF0/Z    1.515489    1.529757   -0.014268 (VIOLATED)
decode_stage.rf.tgrp_rf1/BLOCK[0].RAM32.SLICE_16[0].RAM16.SLICE[1].RAM8.WORD[0].W.BYTE[3].B.BIT[5].OBUF0/Z    1.515489    1.529694   -0.014205 (VIOLATED)
decode_stage.rf.tgrp_rf2/BLOCK[0].RAM32.SLICE_16[0].RAM16.SLICE[1].RAM8.WORD[0].W.BYTE[3].B.BIT[5].OBUF0/Z    1.515489    1.529694   -0.014205 (VIOLATED)
decode_stage.rf.tgrp_rf1/BLOCK[0].RAM32.SLICE_16[0].RAM16.SLICE[0].RAM8.WORD[7].W.BYTE[3].B.BIT[5].OBUF0/Z    1.515489    1.529634   -0.014145 (VIOLATED)
decode_stage.rf.tgrp_rf2/BLOCK[0].RAM32.SLICE_16[0].RAM16.SLICE[0].RAM8.WORD[7].W.BYTE[3].B.BIT[5].OBUF0/Z    1.515489    1.529634   -0.014145 (VIOLATED)
decode_stage.rf.tgrp_rf1/BLOCK[0].RAM32.SLICE_16[0].RAM16.SLICE[1].RAM8.WORD[1].W.BYTE[3].B.BIT[5].OBUF0/Z    1.515489    1.529576   -0.014087 (VIOLATED)
decode_stage.rf.tgrp_rf2/BLOCK[0].RAM32.SLICE_16[0].RAM16.SLICE[1].RAM8.WORD[1].W.BYTE[3].B.BIT[5].OBUF0/Z    1.515489    1.529576   -0.014087 (VIOLATED)
decode_stage.rf.tgrp_rf1/BLOCK[0].RAM32.SLICE_16[0].RAM16.SLICE[1].RAM8.WORD[4].W.BYTE[3].B.BIT[5].OBUF0/Z    1.515489    1.529534   -0.014045 (VIOLATED)
decode_stage.rf.tgrp_rf2/BLOCK[0].RAM32.SLICE_16[0].RAM16.SLICE[1].RAM8.WORD[4].W.BYTE[3].B.BIT[5].OBUF0/Z    1.515489    1.529534   -0.014045 (VIOLATED)
decode_stage.rf.tgrp_rf1/BLOCK[0].RAM32.SLICE_16[0].RAM16.SLICE[1].RAM8.WORD[2].W.BYTE[3].B.BIT[5].OBUF0/Z    1.515489    1.529530   -0.014041 (VIOLATED)
decode_stage.rf.tgrp_rf2/BLOCK[0].RAM32.SLICE_16[0].RAM16.SLICE[1].RAM8.WORD[2].W.BYTE[3].B.BIT[5].OBUF0/Z    1.515489    1.529530   -0.014041 (VIOLATED)
decode_stage.rf.tgrp_rf1/BLOCK[0].RAM32.SLICE_16[0].RAM16.SLICE[1].RAM8.WORD[3].W.BYTE[3].B.BIT[5].OBUF0/Z    1.515489    1.529525   -0.014036 (VIOLATED)
decode_stage.rf.tgrp_rf2/BLOCK[0].RAM32.SLICE_16[0].RAM16.SLICE[1].RAM8.WORD[3].W.BYTE[3].B.BIT[5].OBUF0/Z    1.515489    1.529525   -0.014036 (VIOLATED)
decode_stage.rf.tgrp_rf1/BLOCK[0].RAM32.SLICE_16[0].RAM16.SLICE[1].RAM8.WORD[5].W.BYTE[3].B.BIT[5].OBUF0/Z    1.515489    1.529454   -0.013965 (VIOLATED)
decode_stage.rf.tgrp_rf2/BLOCK[0].RAM32.SLICE_16[0].RAM16.SLICE[1].RAM8.WORD[5].W.BYTE[3].B.BIT[5].OBUF0/Z    1.515489    1.529454   -0.013965 (VIOLATED)
decode_stage.rf.tgrp_rf1/BLOCK[0].RAM32.SLICE_16[0].RAM16.SLICE[1].RAM8.WORD[7].W.BYTE[3].B.BIT[5].OBUF0/Z    1.515489    1.529423   -0.013934 (VIOLATED)
decode_stage.rf.tgrp_rf2/BLOCK[0].RAM32.SLICE_16[0].RAM16.SLICE[1].RAM8.WORD[7].W.BYTE[3].B.BIT[5].OBUF0/Z    1.515489    1.529423   -0.013934 (VIOLATED)
decode_stage.rf.tgrp_rf1/BLOCK[0].RAM32.SLICE_16[0].RAM16.SLICE[1].RAM8.WORD[6].W.BYTE[3].B.BIT[5].OBUF0/Z    1.515489    1.529353   -0.013864 (VIOLATED)
decode_stage.rf.tgrp_rf2/BLOCK[0].RAM32.SLICE_16[0].RAM16.SLICE[1].RAM8.WORD[6].W.BYTE[3].B.BIT[5].OBUF0/Z    1.515489    1.529353   -0.013864 (VIOLATED)

max capacitance

Pin                                        Limit         Cap       Slack
------------------------------------------------------------------------
decode_stage.rf.tgrp_rf1/BLOCK[0].RAM32.SLICE_16[0].RAM16.BYTE[3].FLOATBUF0[29].__cell__/Z    0.125437    0.130085   -0.004648 (VIOLATED)
decode_stage.rf.tgrp_rf1/BLOCK[0].RAM32.SLICE_16[0].RAM16.SLICE[0].RAM8.WORD[0].W.BYTE[3].B.BIT[5].OBUF0/Z    0.125437    0.130085   -0.004648 (VIOLATED)
decode_stage.rf.tgrp_rf1/BLOCK[0].RAM32.SLICE_16[0].RAM16.SLICE[0].RAM8.WORD[1].W.BYTE[3].B.BIT[5].OBUF0/Z    0.125437    0.130085   -0.004648 (VIOLATED)
decode_stage.rf.tgrp_rf1/BLOCK[0].RAM32.SLICE_16[0].RAM16.SLICE[0].RAM8.WORD[2].W.BYTE[3].B.BIT[5].OBUF0/Z    0.125437    0.130085   -0.004648 (VIOLATED)
decode_stage.rf.tgrp_rf1/BLOCK[0].RAM32.SLICE_16[0].RAM16.SLICE[0].RAM8.WORD[3].W.BYTE[3].B.BIT[5].OBUF0/Z    0.125437    0.130085   -0.004648 (VIOLATED)
decode_stage.rf.tgrp_rf1/BLOCK[0].RAM32.SLICE_16[0].RAM16.SLICE[0].RAM8.WORD[4].W.BYTE[3].B.BIT[5].OBUF0/Z    0.125437    0.130085   -0.004648 (VIOLATED)
decode_stage.rf.tgrp_rf1/BLOCK[0].RAM32.SLICE_16[0].RAM16.SLICE[0].RAM8.WORD[5].W.BYTE[3].B.BIT[5].OBUF0/Z    0.125437    0.130085   -0.004648 (VIOLATED)
decode_stage.rf.tgrp_rf1/BLOCK[0].RAM32.SLICE_16[0].RAM16.SLICE[0].RAM8.WORD[6].W.BYTE[3].B.BIT[5].OBUF0/Z    0.125437    0.130085   -0.004648 (VIOLATED)
decode_stage.rf.tgrp_rf1/BLOCK[0].RAM32.SLICE_16[0].RAM16.SLICE[0].RAM8.WORD[7].W.BYTE[3].B.BIT[5].OBUF0/Z    0.125437    0.130085   -0.004648 (VIOLATED)
decode_stage.rf.tgrp_rf1/BLOCK[0].RAM32.SLICE_16[0].RAM16.SLICE[1].RAM8.WORD[0].W.BYTE[3].B.BIT[5].OBUF0/Z    0.125437    0.130085   -0.004648 (VIOLATED)
decode_stage.rf.tgrp_rf1/BLOCK[0].RAM32.SLICE_16[0].RAM16.SLICE[1].RAM8.WORD[1].W.BYTE[3].B.BIT[5].OBUF0/Z    0.125437    0.130085   -0.004648 (VIOLATED)
decode_stage.rf.tgrp_rf1/BLOCK[0].RAM32.SLICE_16[0].RAM16.SLICE[1].RAM8.WORD[2].W.BYTE[3].B.BIT[5].OBUF0/Z    0.125437    0.130085   -0.004648 (VIOLATED)
decode_stage.rf.tgrp_rf1/BLOCK[0].RAM32.SLICE_16[0].RAM16.SLICE[1].RAM8.WORD[3].W.BYTE[3].B.BIT[5].OBUF0/Z    0.125437    0.130085   -0.004648 (VIOLATED)
decode_stage.rf.tgrp_rf1/BLOCK[0].RAM32.SLICE_16[0].RAM16.SLICE[1].RAM8.WORD[4].W.BYTE[3].B.BIT[5].OBUF0/Z    0.125437    0.130085   -0.004648 (VIOLATED)
decode_stage.rf.tgrp_rf1/BLOCK[0].RAM32.SLICE_16[0].RAM16.SLICE[1].RAM8.WORD[5].W.BYTE[3].B.BIT[5].OBUF0/Z    0.125437    0.130085   -0.004648 (VIOLATED)
decode_stage.rf.tgrp_rf1/BLOCK[0].RAM32.SLICE_16[0].RAM16.SLICE[1].RAM8.WORD[6].W.BYTE[3].B.BIT[5].OBUF0/Z    0.125437    0.130085   -0.004648 (VIOLATED)
decode_stage.rf.tgrp_rf1/BLOCK[0].RAM32.SLICE_16[0].RAM16.SLICE[1].RAM8.WORD[7].W.BYTE[3].B.BIT[5].OBUF0/Z    0.125437    0.130085   -0.004648 (VIOLATED)
decode_stage.rf.tgrp_rf2/BLOCK[0].RAM32.SLICE_16[0].RAM16.BYTE[3].FLOATBUF0[29].__cell__/Z    0.125437    0.130085   -0.004648 (VIOLATED)
decode_stage.rf.tgrp_rf2/BLOCK[0].RAM32.SLICE_16[0].RAM16.SLICE[0].RAM8.WORD[0].W.BYTE[3].B.BIT[5].OBUF0/Z    0.125437    0.130085   -0.004648 (VIOLATED)
decode_stage.rf.tgrp_rf2/BLOCK[0].RAM32.SLICE_16[0].RAM16.SLICE[0].RAM8.WORD[1].W.BYTE[3].B.BIT[5].OBUF0/Z    0.125437    0.130085   -0.004648 (VIOLATED)
decode_stage.rf.tgrp_rf2/BLOCK[0].RAM32.SLICE_16[0].RAM16.SLICE[0].RAM8.WORD[2].W.BYTE[3].B.BIT[5].OBUF0/Z    0.125437    0.130085   -0.004648 (VIOLATED)
decode_stage.rf.tgrp_rf2/BLOCK[0].RAM32.SLICE_16[0].RAM16.SLICE[0].RAM8.WORD[3].W.BYTE[3].B.BIT[5].OBUF0/Z    0.125437    0.130085   -0.004648 (VIOLATED)
decode_stage.rf.tgrp_rf2/BLOCK[0].RAM32.SLICE_16[0].RAM16.SLICE[0].RAM8.WORD[4].W.BYTE[3].B.BIT[5].OBUF0/Z    0.125437    0.130085   -0.004648 (VIOLATED)
decode_stage.rf.tgrp_rf2/BLOCK[0].RAM32.SLICE_16[0].RAM16.SLICE[0].RAM8.WORD[5].W.BYTE[3].B.BIT[5].OBUF0/Z    0.125437    0.130085   -0.004648 (VIOLATED)
decode_stage.rf.tgrp_rf2/BLOCK[0].RAM32.SLICE_16[0].RAM16.SLICE[0].RAM8.WORD[6].W.BYTE[3].B.BIT[5].OBUF0/Z    0.125437    0.130085   -0.004648 (VIOLATED)
decode_stage.rf.tgrp_rf2/BLOCK[0].RAM32.SLICE_16[0].RAM16.SLICE[0].RAM8.WORD[7].W.BYTE[3].B.BIT[5].OBUF0/Z    0.125437    0.130085   -0.004648 (VIOLATED)
decode_stage.rf.tgrp_rf2/BLOCK[0].RAM32.SLICE_16[0].RAM16.SLICE[1].RAM8.WORD[0].W.BYTE[3].B.BIT[5].OBUF0/Z    0.125437    0.130085   -0.004648 (VIOLATED)
decode_stage.rf.tgrp_rf2/BLOCK[0].RAM32.SLICE_16[0].RAM16.SLICE[1].RAM8.WORD[1].W.BYTE[3].B.BIT[5].OBUF0/Z    0.125437    0.130085   -0.004648 (VIOLATED)
decode_stage.rf.tgrp_rf2/BLOCK[0].RAM32.SLICE_16[0].RAM16.SLICE[1].RAM8.WORD[2].W.BYTE[3].B.BIT[5].OBUF0/Z    0.125437    0.130085   -0.004648 (VIOLATED)
decode_stage.rf.tgrp_rf2/BLOCK[0].RAM32.SLICE_16[0].RAM16.SLICE[1].RAM8.WORD[3].W.BYTE[3].B.BIT[5].OBUF0/Z    0.125437    0.130085   -0.004648 (VIOLATED)
decode_stage.rf.tgrp_rf2/BLOCK[0].RAM32.SLICE_16[0].RAM16.SLICE[1].RAM8.WORD[4].W.BYTE[3].B.BIT[5].OBUF0/Z    0.125437    0.130085   -0.004648 (VIOLATED)
decode_stage.rf.tgrp_rf2/BLOCK[0].RAM32.SLICE_16[0].RAM16.SLICE[1].RAM8.WORD[5].W.BYTE[3].B.BIT[5].OBUF0/Z    0.125437    0.130085   -0.004648 (VIOLATED)
decode_stage.rf.tgrp_rf2/BLOCK[0].RAM32.SLICE_16[0].RAM16.SLICE[1].RAM8.WORD[6].W.BYTE[3].B.BIT[5].OBUF0/Z    0.125437    0.130085   -0.004648 (VIOLATED)
decode_stage.rf.tgrp_rf2/BLOCK[0].RAM32.SLICE_16[0].RAM16.SLICE[1].RAM8.WORD[7].W.BYTE[3].B.BIT[5].OBUF0/Z    0.125437    0.130085   -0.004648 (VIOLATED)
decode_stage.rf.tgrp_rf1/BLOCK[3].RAM32.SLICE_16[1].RAM16.SLICE[0].RAM8.WORD[1].W.BYTE[2].B.BIT[2].OBUF0/Z    0.125437    0.126676   -0.001239 (VIOLATED)
decode_stage.rf.tgrp_rf1/BLOCK[3].RAM32.SLICE_16[1].RAM16.SLICE[0].RAM8.WORD[7].W.BYTE[2].B.BIT[2].OBUF0/Z    0.125437    0.126676   -0.001239 (VIOLATED)
decode_stage.rf.tgrp_rf1/BLOCK[3].RAM32.SLICE_16[1].RAM16.SLICE[1].RAM8.WORD[6].W.BYTE[2].B.BIT[2].OBUF0/Z    0.125437    0.126676   -0.001239 (VIOLATED)
decode_stage.rf.tgrp_rf1/BLOCK[3].RAM32.SLICE_16[1].RAM16.SLICE[1].RAM8.WORD[7].W.BYTE[2].B.BIT[2].OBUF0/Z    0.125437    0.126676   -0.001239 (VIOLATED)
decode_stage.rf.tgrp_rf2/BLOCK[3].RAM32.SLICE_16[1].RAM16.SLICE[0].RAM8.WORD[1].W.BYTE[2].B.BIT[2].OBUF0/Z    0.125437    0.126676   -0.001239 (VIOLATED)
decode_stage.rf.tgrp_rf2/BLOCK[3].RAM32.SLICE_16[1].RAM16.SLICE[0].RAM8.WORD[7].W.BYTE[2].B.BIT[2].OBUF0/Z    0.125437    0.126676   -0.001239 (VIOLATED)
decode_stage.rf.tgrp_rf2/BLOCK[3].RAM32.SLICE_16[1].RAM16.SLICE[1].RAM8.WORD[6].W.BYTE[2].B.BIT[2].OBUF0/Z    0.125437    0.126676   -0.001239 (VIOLATED)
decode_stage.rf.tgrp_rf2/BLOCK[3].RAM32.SLICE_16[1].RAM16.SLICE[1].RAM8.WORD[7].W.BYTE[2].B.BIT[2].OBUF0/Z    0.125437    0.126676   -0.001239 (VIOLATED)
decode_stage.rf.tgrp_rf1/BLOCK[3].RAM32.SLICE_16[1].RAM16.BYTE[2].FLOATBUF0[18].__cell__/Z    0.125437    0.126676   -0.001239 (VIOLATED)
decode_stage.rf.tgrp_rf1/BLOCK[3].RAM32.SLICE_16[1].RAM16.SLICE[0].RAM8.WORD[0].W.BYTE[2].B.BIT[2].OBUF0/Z    0.125437    0.126676   -0.001239 (VIOLATED)
decode_stage.rf.tgrp_rf1/BLOCK[3].RAM32.SLICE_16[1].RAM16.SLICE[0].RAM8.WORD[2].W.BYTE[2].B.BIT[2].OBUF0/Z    0.125437    0.126676   -0.001239 (VIOLATED)
decode_stage.rf.tgrp_rf1/BLOCK[3].RAM32.SLICE_16[1].RAM16.SLICE[0].RAM8.WORD[3].W.BYTE[2].B.BIT[2].OBUF0/Z    0.125437    0.126676   -0.001239 (VIOLATED)
decode_stage.rf.tgrp_rf1/BLOCK[3].RAM32.SLICE_16[1].RAM16.SLICE[0].RAM8.WORD[4].W.BYTE[2].B.BIT[2].OBUF0/Z    0.125437    0.126676   -0.001239 (VIOLATED)
decode_stage.rf.tgrp_rf1/BLOCK[3].RAM32.SLICE_16[1].RAM16.SLICE[0].RAM8.WORD[5].W.BYTE[2].B.BIT[2].OBUF0/Z    0.125437    0.126676   -0.001239 (VIOLATED)
decode_stage.rf.tgrp_rf1/BLOCK[3].RAM32.SLICE_16[1].RAM16.SLICE[0].RAM8.WORD[6].W.BYTE[2].B.BIT[2].OBUF0/Z    0.125437    0.126676   -0.001239 (VIOLATED)
decode_stage.rf.tgrp_rf1/BLOCK[3].RAM32.SLICE_16[1].RAM16.SLICE[1].RAM8.WORD[0].W.BYTE[2].B.BIT[2].OBUF0/Z    0.125437    0.126676   -0.001239 (VIOLATED)
decode_stage.rf.tgrp_rf1/BLOCK[3].RAM32.SLICE_16[1].RAM16.SLICE[1].RAM8.WORD[1].W.BYTE[2].B.BIT[2].OBUF0/Z    0.125437    0.126676   -0.001239 (VIOLATED)
decode_stage.rf.tgrp_rf1/BLOCK[3].RAM32.SLICE_16[1].RAM16.SLICE[1].RAM8.WORD[2].W.BYTE[2].B.BIT[2].OBUF0/Z    0.125437    0.126676   -0.001239 (VIOLATED)
decode_stage.rf.tgrp_rf1/BLOCK[3].RAM32.SLICE_16[1].RAM16.SLICE[1].RAM8.WORD[3].W.BYTE[2].B.BIT[2].OBUF0/Z    0.125437    0.126676   -0.001239 (VIOLATED)
decode_stage.rf.tgrp_rf1/BLOCK[3].RAM32.SLICE_16[1].RAM16.SLICE[1].RAM8.WORD[4].W.BYTE[2].B.BIT[2].OBUF0/Z    0.125437    0.126676   -0.001239 (VIOLATED)
decode_stage.rf.tgrp_rf1/BLOCK[3].RAM32.SLICE_16[1].RAM16.SLICE[1].RAM8.WORD[5].W.BYTE[2].B.BIT[2].OBUF0/Z    0.125437    0.126676   -0.001239 (VIOLATED)
decode_stage.rf.tgrp_rf2/BLOCK[3].RAM32.SLICE_16[1].RAM16.BYTE[2].FLOATBUF0[18].__cell__/Z    0.125437    0.126676   -0.001239 (VIOLATED)
decode_stage.rf.tgrp_rf2/BLOCK[3].RAM32.SLICE_16[1].RAM16.SLICE[0].RAM8.WORD[0].W.BYTE[2].B.BIT[2].OBUF0/Z    0.125437    0.126676   -0.001239 (VIOLATED)
decode_stage.rf.tgrp_rf2/BLOCK[3].RAM32.SLICE_16[1].RAM16.SLICE[0].RAM8.WORD[2].W.BYTE[2].B.BIT[2].OBUF0/Z    0.125437    0.126676   -0.001239 (VIOLATED)
decode_stage.rf.tgrp_rf2/BLOCK[3].RAM32.SLICE_16[1].RAM16.SLICE[0].RAM8.WORD[3].W.BYTE[2].B.BIT[2].OBUF0/Z    0.125437    0.126676   -0.001239 (VIOLATED)
decode_stage.rf.tgrp_rf2/BLOCK[3].RAM32.SLICE_16[1].RAM16.SLICE[0].RAM8.WORD[4].W.BYTE[2].B.BIT[2].OBUF0/Z    0.125437    0.126676   -0.001239 (VIOLATED)
decode_stage.rf.tgrp_rf2/BLOCK[3].RAM32.SLICE_16[1].RAM16.SLICE[0].RAM8.WORD[5].W.BYTE[2].B.BIT[2].OBUF0/Z    0.125437    0.126676   -0.001239 (VIOLATED)
decode_stage.rf.tgrp_rf2/BLOCK[3].RAM32.SLICE_16[1].RAM16.SLICE[0].RAM8.WORD[6].W.BYTE[2].B.BIT[2].OBUF0/Z    0.125437    0.126676   -0.001239 (VIOLATED)
decode_stage.rf.tgrp_rf2/BLOCK[3].RAM32.SLICE_16[1].RAM16.SLICE[1].RAM8.WORD[0].W.BYTE[2].B.BIT[2].OBUF0/Z    0.125437    0.126676   -0.001239 (VIOLATED)
decode_stage.rf.tgrp_rf2/BLOCK[3].RAM32.SLICE_16[1].RAM16.SLICE[1].RAM8.WORD[1].W.BYTE[2].B.BIT[2].OBUF0/Z    0.125437    0.126676   -0.001239 (VIOLATED)
decode_stage.rf.tgrp_rf2/BLOCK[3].RAM32.SLICE_16[1].RAM16.SLICE[1].RAM8.WORD[2].W.BYTE[2].B.BIT[2].OBUF0/Z    0.125437    0.126676   -0.001239 (VIOLATED)
decode_stage.rf.tgrp_rf2/BLOCK[3].RAM32.SLICE_16[1].RAM16.SLICE[1].RAM8.WORD[3].W.BYTE[2].B.BIT[2].OBUF0/Z    0.125437    0.126676   -0.001239 (VIOLATED)
decode_stage.rf.tgrp_rf2/BLOCK[3].RAM32.SLICE_16[1].RAM16.SLICE[1].RAM8.WORD[4].W.BYTE[2].B.BIT[2].OBUF0/Z    0.125437    0.126676   -0.001239 (VIOLATED)
decode_stage.rf.tgrp_rf2/BLOCK[3].RAM32.SLICE_16[1].RAM16.SLICE[1].RAM8.WORD[5].W.BYTE[2].B.BIT[2].OBUF0/Z    0.125437    0.126676   -0.001239 (VIOLATED)
decode_stage.rf.tgrp_rf1/BLOCK[3].RAM32.SLICE_16[1].RAM16.BYTE[3].FLOATBUF0[28].__cell__/Z    0.125437    0.126439   -0.001002 (VIOLATED)
decode_stage.rf.tgrp_rf1/BLOCK[3].RAM32.SLICE_16[1].RAM16.SLICE[0].RAM8.WORD[0].W.BYTE[3].B.BIT[4].OBUF0/Z    0.125437    0.126439   -0.001002 (VIOLATED)
decode_stage.rf.tgrp_rf1/BLOCK[3].RAM32.SLICE_16[1].RAM16.SLICE[0].RAM8.WORD[1].W.BYTE[3].B.BIT[4].OBUF0/Z    0.125437    0.126439   -0.001002 (VIOLATED)
decode_stage.rf.tgrp_rf1/BLOCK[3].RAM32.SLICE_16[1].RAM16.SLICE[0].RAM8.WORD[2].W.BYTE[3].B.BIT[4].OBUF0/Z    0.125437    0.126439   -0.001002 (VIOLATED)
decode_stage.rf.tgrp_rf1/BLOCK[3].RAM32.SLICE_16[1].RAM16.SLICE[0].RAM8.WORD[3].W.BYTE[3].B.BIT[4].OBUF0/Z    0.125437    0.126439   -0.001002 (VIOLATED)
decode_stage.rf.tgrp_rf1/BLOCK[3].RAM32.SLICE_16[1].RAM16.SLICE[0].RAM8.WORD[4].W.BYTE[3].B.BIT[4].OBUF0/Z    0.125437    0.126439   -0.001002 (VIOLATED)
decode_stage.rf.tgrp_rf1/BLOCK[3].RAM32.SLICE_16[1].RAM16.SLICE[0].RAM8.WORD[5].W.BYTE[3].B.BIT[4].OBUF0/Z    0.125437    0.126439   -0.001002 (VIOLATED)
decode_stage.rf.tgrp_rf1/BLOCK[3].RAM32.SLICE_16[1].RAM16.SLICE[0].RAM8.WORD[6].W.BYTE[3].B.BIT[4].OBUF0/Z    0.125437    0.126439   -0.001002 (VIOLATED)
decode_stage.rf.tgrp_rf1/BLOCK[3].RAM32.SLICE_16[1].RAM16.SLICE[0].RAM8.WORD[7].W.BYTE[3].B.BIT[4].OBUF0/Z    0.125437    0.126439   -0.001002 (VIOLATED)
decode_stage.rf.tgrp_rf1/BLOCK[3].RAM32.SLICE_16[1].RAM16.SLICE[1].RAM8.WORD[0].W.BYTE[3].B.BIT[4].OBUF0/Z    0.125437    0.126439   -0.001002 (VIOLATED)
decode_stage.rf.tgrp_rf1/BLOCK[3].RAM32.SLICE_16[1].RAM16.SLICE[1].RAM8.WORD[1].W.BYTE[3].B.BIT[4].OBUF0/Z    0.125437    0.126439   -0.001002 (VIOLATED)
decode_stage.rf.tgrp_rf1/BLOCK[3].RAM32.SLICE_16[1].RAM16.SLICE[1].RAM8.WORD[2].W.BYTE[3].B.BIT[4].OBUF0/Z    0.125437    0.126439   -0.001002 (VIOLATED)
decode_stage.rf.tgrp_rf1/BLOCK[3].RAM32.SLICE_16[1].RAM16.SLICE[1].RAM8.WORD[3].W.BYTE[3].B.BIT[4].OBUF0/Z    0.125437    0.126439   -0.001002 (VIOLATED)
decode_stage.rf.tgrp_rf1/BLOCK[3].RAM32.SLICE_16[1].RAM16.SLICE[1].RAM8.WORD[4].W.BYTE[3].B.BIT[4].OBUF0/Z    0.125437    0.126439   -0.001002 (VIOLATED)
decode_stage.rf.tgrp_rf1/BLOCK[3].RAM32.SLICE_16[1].RAM16.SLICE[1].RAM8.WORD[5].W.BYTE[3].B.BIT[4].OBUF0/Z    0.125437    0.126439   -0.001002 (VIOLATED)
decode_stage.rf.tgrp_rf1/BLOCK[3].RAM32.SLICE_16[1].RAM16.SLICE[1].RAM8.WORD[6].W.BYTE[3].B.BIT[4].OBUF0/Z    0.125437    0.126439   -0.001002 (VIOLATED)
decode_stage.rf.tgrp_rf1/BLOCK[3].RAM32.SLICE_16[1].RAM16.SLICE[1].RAM8.WORD[7].W.BYTE[3].B.BIT[4].OBUF0/Z    0.125437    0.126439   -0.001002 (VIOLATED)
decode_stage.rf.tgrp_rf2/BLOCK[3].RAM32.SLICE_16[1].RAM16.BYTE[3].FLOATBUF0[28].__cell__/Z    0.125437    0.126439   -0.001002 (VIOLATED)
decode_stage.rf.tgrp_rf2/BLOCK[3].RAM32.SLICE_16[1].RAM16.SLICE[0].RAM8.WORD[0].W.BYTE[3].B.BIT[4].OBUF0/Z    0.125437    0.126439   -0.001002 (VIOLATED)
decode_stage.rf.tgrp_rf2/BLOCK[3].RAM32.SLICE_16[1].RAM16.SLICE[0].RAM8.WORD[1].W.BYTE[3].B.BIT[4].OBUF0/Z    0.125437    0.126439   -0.001002 (VIOLATED)
decode_stage.rf.tgrp_rf2/BLOCK[3].RAM32.SLICE_16[1].RAM16.SLICE[0].RAM8.WORD[2].W.BYTE[3].B.BIT[4].OBUF0/Z    0.125437    0.126439   -0.001002 (VIOLATED)
decode_stage.rf.tgrp_rf2/BLOCK[3].RAM32.SLICE_16[1].RAM16.SLICE[0].RAM8.WORD[3].W.BYTE[3].B.BIT[4].OBUF0/Z    0.125437    0.126439   -0.001002 (VIOLATED)
decode_stage.rf.tgrp_rf2/BLOCK[3].RAM32.SLICE_16[1].RAM16.SLICE[0].RAM8.WORD[4].W.BYTE[3].B.BIT[4].OBUF0/Z    0.125437    0.126439   -0.001002 (VIOLATED)
decode_stage.rf.tgrp_rf2/BLOCK[3].RAM32.SLICE_16[1].RAM16.SLICE[0].RAM8.WORD[5].W.BYTE[3].B.BIT[4].OBUF0/Z    0.125437    0.126439   -0.001002 (VIOLATED)
decode_stage.rf.tgrp_rf2/BLOCK[3].RAM32.SLICE_16[1].RAM16.SLICE[0].RAM8.WORD[6].W.BYTE[3].B.BIT[4].OBUF0/Z    0.125437    0.126439   -0.001002 (VIOLATED)
decode_stage.rf.tgrp_rf2/BLOCK[3].RAM32.SLICE_16[1].RAM16.SLICE[0].RAM8.WORD[7].W.BYTE[3].B.BIT[4].OBUF0/Z    0.125437    0.126439   -0.001002 (VIOLATED)
decode_stage.rf.tgrp_rf2/BLOCK[3].RAM32.SLICE_16[1].RAM16.SLICE[1].RAM8.WORD[0].W.BYTE[3].B.BIT[4].OBUF0/Z    0.125437    0.126439   -0.001002 (VIOLATED)
decode_stage.rf.tgrp_rf2/BLOCK[3].RAM32.SLICE_16[1].RAM16.SLICE[1].RAM8.WORD[1].W.BYTE[3].B.BIT[4].OBUF0/Z    0.125437    0.126439   -0.001002 (VIOLATED)
decode_stage.rf.tgrp_rf2/BLOCK[3].RAM32.SLICE_16[1].RAM16.SLICE[1].RAM8.WORD[2].W.BYTE[3].B.BIT[4].OBUF0/Z    0.125437    0.126439   -0.001002 (VIOLATED)
decode_stage.rf.tgrp_rf2/BLOCK[3].RAM32.SLICE_16[1].RAM16.SLICE[1].RAM8.WORD[3].W.BYTE[3].B.BIT[4].OBUF0/Z    0.125437    0.126439   -0.001002 (VIOLATED)
decode_stage.rf.tgrp_rf2/BLOCK[3].RAM32.SLICE_16[1].RAM16.SLICE[1].RAM8.WORD[4].W.BYTE[3].B.BIT[4].OBUF0/Z    0.125437    0.126439   -0.001002 (VIOLATED)
decode_stage.rf.tgrp_rf2/BLOCK[3].RAM32.SLICE_16[1].RAM16.SLICE[1].RAM8.WORD[5].W.BYTE[3].B.BIT[4].OBUF0/Z    0.125437    0.126439   -0.001002 (VIOLATED)
decode_stage.rf.tgrp_rf2/BLOCK[3].RAM32.SLICE_16[1].RAM16.SLICE[1].RAM8.WORD[6].W.BYTE[3].B.BIT[4].OBUF0/Z    0.125437    0.126439   -0.001002 (VIOLATED)
decode_stage.rf.tgrp_rf2/BLOCK[3].RAM32.SLICE_16[1].RAM16.SLICE[1].RAM8.WORD[7].W.BYTE[3].B.BIT[4].OBUF0/Z    0.125437    0.126439   -0.001002 (VIOLATED)



===========================================================================
report_parasitic_annotation -report_unannotated
============================================================================
Found 274 unannotated drivers.
 clkload0/X
 clkload1/Y
 clkload10/Y
 clkload100/Y
 clkload101/Y
 clkload102/Y
 clkload103/X
 clkload104/Y
 clkload105/X
 clkload106/Y
 clkload107/X
 clkload108/X
 clkload109/X
 clkload11/Y
 clkload110/Y
 clkload111/X
 clkload112/X
 clkload113/X
 clkload114/X
 clkload115/X
 clkload116/X
 clkload117/X
 clkload118/Y
 clkload119/Y
 clkload12/Y
 clkload120/Y
 clkload121/Y
 clkload122/X
 clkload123/Y
 clkload124/Y
 clkload125/Y
 clkload126/Y
 clkload127/Y
 clkload128/Y
 clkload129/X
 clkload13/Y
 clkload130/Y
 clkload131/Y
 clkload132/Y
 clkload133/Y
 clkload134/Y
 clkload135/Y
 clkload136/Y
 clkload137/Y
 clkload138/Y
 clkload139/Y
 clkload14/Y
 clkload140/Y
 clkload141/Y
 clkload142/Y
 clkload143/Y
 clkload144/X
 clkload145/Y
 clkload146/Y
 clkload147/Y
 clkload148/Y
 clkload149/X
 clkload15/Y
 clkload150/Y
 clkload151/Y
 clkload152/Y
 clkload153/Y
 clkload154/Y
 clkload155/Y
 clkload156/Y
 clkload157/Y
 clkload16/Y
 clkload17/Y
 clkload18/Y
 clkload19/X
 clkload2/Y
 clkload20/X
 clkload21/Y
 clkload22/Y
 clkload23/Y
 clkload24/Y
 clkload25/Y
 clkload26/Y
 clkload27/Y
 clkload28/Y
 clkload29/Y
 clkload3/X
 clkload30/Y
 clkload31/X
 clkload32/X
 clkload33/Y
 clkload34/Y
 clkload35/Y
 clkload36/Y
 clkload37/Y
 clkload38/Y
 clkload39/Y
 clkload4/Y
 clkload40/Y
 clkload41/Y
 clkload42/Y
 clkload43/Y
 clkload44/Y
 clkload45/Y
 clkload46/Y
 clkload47/Y
 clkload48/Y
 clkload49/Y
 clkload5/Y
 clkload50/X
 clkload51/Y
 clkload52/Y
 clkload53/X
 clkload54/Y
 clkload55/Y
 clkload56/X
 clkload57/Y
 clkload58/Y
 clkload59/Y
 clkload6/Y
 clkload60/Y
 clkload61/Y
 clkload62/Y
 clkload63/X
 clkload64/X
 clkload65/Y
 clkload66/Y
 clkload67/Y
 clkload68/Y
 clkload69/Y
 clkload7/Y
 clkload70/Y
 clkload71/Y
 clkload72/Y
 clkload73/Y
 clkload74/Y
 clkload75/Y
 clkload76/Y
 clkload77/Y
 clkload78/Y
 clkload79/Y
 clkload8/X
 clkload80/Y
 clkload81/Y
 clkload82/Y
 clkload83/X
 clkload84/X
 clkload85/Y
 clkload86/Y
 clkload87/Y
 clkload88/Y
 clkload89/Y
 clkload9/X
 clkload90/Y
 clkload91/Y
 clkload92/Y
 clkload93/Y
 clkload94/Y
 clkload95/Y
 clkload96/Y
 clkload97/Y
 clkload98/Y
 clkload99/Y
 decode_stage.rf.tgrp_rf1/BLOCK\[0\].RAM32.A1BUF\[0\].__cell__/X
 decode_stage.rf.tgrp_rf1/BLOCK\[0\].RAM32.A1BUF\[1\].__cell__/X
 decode_stage.rf.tgrp_rf1/BLOCK\[0\].RAM32.A1BUF\[2\].__cell__/X
 decode_stage.rf.tgrp_rf1/BLOCK\[0\].RAM32.A1BUF\[3\].__cell__/X
 decode_stage.rf.tgrp_rf1/BLOCK\[0\].RAM32.DEC1.AND0/X
 decode_stage.rf.tgrp_rf1/BLOCK\[0\].RAM32.DEC1.AND1/X
 decode_stage.rf.tgrp_rf1/BLOCK\[0\].RAM32.SLICE_16\[0\].RAM16.TIE0\[0\].__cell__/HI
 decode_stage.rf.tgrp_rf1/BLOCK\[0\].RAM32.SLICE_16\[0\].RAM16.TIE0\[1\].__cell__/HI
 decode_stage.rf.tgrp_rf1/BLOCK\[0\].RAM32.SLICE_16\[0\].RAM16.TIE0\[2\].__cell__/HI
 decode_stage.rf.tgrp_rf1/BLOCK\[0\].RAM32.SLICE_16\[0\].RAM16.TIE0\[3\].__cell__/HI
 decode_stage.rf.tgrp_rf1/BLOCK\[0\].RAM32.SLICE_16\[1\].RAM16.TIE0\[0\].__cell__/HI
 decode_stage.rf.tgrp_rf1/BLOCK\[0\].RAM32.SLICE_16\[1\].RAM16.TIE0\[1\].__cell__/HI
 decode_stage.rf.tgrp_rf1/BLOCK\[0\].RAM32.SLICE_16\[1\].RAM16.TIE0\[2\].__cell__/HI
 decode_stage.rf.tgrp_rf1/BLOCK\[0\].RAM32.SLICE_16\[1\].RAM16.TIE0\[3\].__cell__/HI
 decode_stage.rf.tgrp_rf1/BLOCK\[1\].RAM32.A1BUF\[0\].__cell__/X
 decode_stage.rf.tgrp_rf1/BLOCK\[1\].RAM32.A1BUF\[1\].__cell__/X
 decode_stage.rf.tgrp_rf1/BLOCK\[1\].RAM32.A1BUF\[2\].__cell__/X
 decode_stage.rf.tgrp_rf1/BLOCK\[1\].RAM32.A1BUF\[3\].__cell__/X
 decode_stage.rf.tgrp_rf1/BLOCK\[1\].RAM32.DEC1.AND0/X
 decode_stage.rf.tgrp_rf1/BLOCK\[1\].RAM32.DEC1.AND1/X
 decode_stage.rf.tgrp_rf1/BLOCK\[1\].RAM32.SLICE_16\[0\].RAM16.TIE0\[0\].__cell__/HI
 decode_stage.rf.tgrp_rf1/BLOCK\[1\].RAM32.SLICE_16\[0\].RAM16.TIE0\[1\].__cell__/HI
 decode_stage.rf.tgrp_rf1/BLOCK\[1\].RAM32.SLICE_16\[0\].RAM16.TIE0\[2\].__cell__/HI
 decode_stage.rf.tgrp_rf1/BLOCK\[1\].RAM32.SLICE_16\[0\].RAM16.TIE0\[3\].__cell__/HI
 decode_stage.rf.tgrp_rf1/BLOCK\[1\].RAM32.SLICE_16\[1\].RAM16.TIE0\[0\].__cell__/HI
 decode_stage.rf.tgrp_rf1/BLOCK\[1\].RAM32.SLICE_16\[1\].RAM16.TIE0\[1\].__cell__/HI
 decode_stage.rf.tgrp_rf1/BLOCK\[1\].RAM32.SLICE_16\[1\].RAM16.TIE0\[2\].__cell__/HI
 decode_stage.rf.tgrp_rf1/BLOCK\[1\].RAM32.SLICE_16\[1\].RAM16.TIE0\[3\].__cell__/HI
 decode_stage.rf.tgrp_rf1/BLOCK\[2\].RAM32.A1BUF\[0\].__cell__/X
 decode_stage.rf.tgrp_rf1/BLOCK\[2\].RAM32.A1BUF\[1\].__cell__/X
 decode_stage.rf.tgrp_rf1/BLOCK\[2\].RAM32.A1BUF\[2\].__cell__/X
 decode_stage.rf.tgrp_rf1/BLOCK\[2\].RAM32.A1BUF\[3\].__cell__/X
 decode_stage.rf.tgrp_rf1/BLOCK\[2\].RAM32.DEC1.AND0/X
 decode_stage.rf.tgrp_rf1/BLOCK\[2\].RAM32.DEC1.AND1/X
 decode_stage.rf.tgrp_rf1/BLOCK\[2\].RAM32.SLICE_16\[0\].RAM16.TIE0\[0\].__cell__/HI
 decode_stage.rf.tgrp_rf1/BLOCK\[2\].RAM32.SLICE_16\[0\].RAM16.TIE0\[1\].__cell__/HI
 decode_stage.rf.tgrp_rf1/BLOCK\[2\].RAM32.SLICE_16\[0\].RAM16.TIE0\[2\].__cell__/HI
 decode_stage.rf.tgrp_rf1/BLOCK\[2\].RAM32.SLICE_16\[0\].RAM16.TIE0\[3\].__cell__/HI
 decode_stage.rf.tgrp_rf1/BLOCK\[2\].RAM32.SLICE_16\[1\].RAM16.TIE0\[0\].__cell__/HI
 decode_stage.rf.tgrp_rf1/BLOCK\[2\].RAM32.SLICE_16\[1\].RAM16.TIE0\[1\].__cell__/HI
 decode_stage.rf.tgrp_rf1/BLOCK\[2\].RAM32.SLICE_16\[1\].RAM16.TIE0\[2\].__cell__/HI
 decode_stage.rf.tgrp_rf1/BLOCK\[2\].RAM32.SLICE_16\[1\].RAM16.TIE0\[3\].__cell__/HI
 decode_stage.rf.tgrp_rf1/BLOCK\[3\].RAM32.A1BUF\[0\].__cell__/X
 decode_stage.rf.tgrp_rf1/BLOCK\[3\].RAM32.A1BUF\[1\].__cell__/X
 decode_stage.rf.tgrp_rf1/BLOCK\[3\].RAM32.A1BUF\[2\].__cell__/X
 decode_stage.rf.tgrp_rf1/BLOCK\[3\].RAM32.A1BUF\[3\].__cell__/X
 decode_stage.rf.tgrp_rf1/BLOCK\[3\].RAM32.DEC1.AND0/X
 decode_stage.rf.tgrp_rf1/BLOCK\[3\].RAM32.DEC1.AND1/X
 decode_stage.rf.tgrp_rf1/BLOCK\[3\].RAM32.SLICE_16\[0\].RAM16.TIE0\[0\].__cell__/HI
 decode_stage.rf.tgrp_rf1/BLOCK\[3\].RAM32.SLICE_16\[0\].RAM16.TIE0\[1\].__cell__/HI
 decode_stage.rf.tgrp_rf1/BLOCK\[3\].RAM32.SLICE_16\[0\].RAM16.TIE0\[2\].__cell__/HI
 decode_stage.rf.tgrp_rf1/BLOCK\[3\].RAM32.SLICE_16\[0\].RAM16.TIE0\[3\].__cell__/HI
 decode_stage.rf.tgrp_rf1/BLOCK\[3\].RAM32.SLICE_16\[1\].RAM16.TIE0\[0\].__cell__/HI
 decode_stage.rf.tgrp_rf1/BLOCK\[3\].RAM32.SLICE_16\[1\].RAM16.TIE0\[1\].__cell__/HI
 decode_stage.rf.tgrp_rf1/BLOCK\[3\].RAM32.SLICE_16\[1\].RAM16.TIE0\[2\].__cell__/HI
 decode_stage.rf.tgrp_rf1/BLOCK\[3\].RAM32.SLICE_16\[1\].RAM16.TIE0\[3\].__cell__/HI
 decode_stage.rf.tgrp_rf1/TIE_ZERO_zero_/HI
 decode_stage.rf.tgrp_rf1_259/LO
 decode_stage.rf.tgrp_rf2/BLOCK\[0\].RAM32.A1BUF\[0\].__cell__/X
 decode_stage.rf.tgrp_rf2/BLOCK\[0\].RAM32.A1BUF\[1\].__cell__/X
 decode_stage.rf.tgrp_rf2/BLOCK\[0\].RAM32.A1BUF\[2\].__cell__/X
 decode_stage.rf.tgrp_rf2/BLOCK\[0\].RAM32.A1BUF\[3\].__cell__/X
 decode_stage.rf.tgrp_rf2/BLOCK\[0\].RAM32.DEC1.AND0/X
 decode_stage.rf.tgrp_rf2/BLOCK\[0\].RAM32.DEC1.AND1/X
 decode_stage.rf.tgrp_rf2/BLOCK\[0\].RAM32.SLICE_16\[0\].RAM16.TIE0\[0\].__cell__/HI
 decode_stage.rf.tgrp_rf2/BLOCK\[0\].RAM32.SLICE_16\[0\].RAM16.TIE0\[1\].__cell__/HI
 decode_stage.rf.tgrp_rf2/BLOCK\[0\].RAM32.SLICE_16\[0\].RAM16.TIE0\[2\].__cell__/HI
 decode_stage.rf.tgrp_rf2/BLOCK\[0\].RAM32.SLICE_16\[0\].RAM16.TIE0\[3\].__cell__/HI
 decode_stage.rf.tgrp_rf2/BLOCK\[0\].RAM32.SLICE_16\[1\].RAM16.TIE0\[0\].__cell__/HI
 decode_stage.rf.tgrp_rf2/BLOCK\[0\].RAM32.SLICE_16\[1\].RAM16.TIE0\[1\].__cell__/HI
 decode_stage.rf.tgrp_rf2/BLOCK\[0\].RAM32.SLICE_16\[1\].RAM16.TIE0\[2\].__cell__/HI
 decode_stage.rf.tgrp_rf2/BLOCK\[0\].RAM32.SLICE_16\[1\].RAM16.TIE0\[3\].__cell__/HI
 decode_stage.rf.tgrp_rf2/BLOCK\[1\].RAM32.A1BUF\[0\].__cell__/X
 decode_stage.rf.tgrp_rf2/BLOCK\[1\].RAM32.A1BUF\[1\].__cell__/X
 decode_stage.rf.tgrp_rf2/BLOCK\[1\].RAM32.A1BUF\[2\].__cell__/X
 decode_stage.rf.tgrp_rf2/BLOCK\[1\].RAM32.A1BUF\[3\].__cell__/X
 decode_stage.rf.tgrp_rf2/BLOCK\[1\].RAM32.DEC1.AND0/X
 decode_stage.rf.tgrp_rf2/BLOCK\[1\].RAM32.DEC1.AND1/X
 decode_stage.rf.tgrp_rf2/BLOCK\[1\].RAM32.SLICE_16\[0\].RAM16.TIE0\[0\].__cell__/HI
 decode_stage.rf.tgrp_rf2/BLOCK\[1\].RAM32.SLICE_16\[0\].RAM16.TIE0\[1\].__cell__/HI
 decode_stage.rf.tgrp_rf2/BLOCK\[1\].RAM32.SLICE_16\[0\].RAM16.TIE0\[2\].__cell__/HI
 decode_stage.rf.tgrp_rf2/BLOCK\[1\].RAM32.SLICE_16\[0\].RAM16.TIE0\[3\].__cell__/HI
 decode_stage.rf.tgrp_rf2/BLOCK\[1\].RAM32.SLICE_16\[1\].RAM16.TIE0\[0\].__cell__/HI
 decode_stage.rf.tgrp_rf2/BLOCK\[1\].RAM32.SLICE_16\[1\].RAM16.TIE0\[1\].__cell__/HI
 decode_stage.rf.tgrp_rf2/BLOCK\[1\].RAM32.SLICE_16\[1\].RAM16.TIE0\[2\].__cell__/HI
 decode_stage.rf.tgrp_rf2/BLOCK\[1\].RAM32.SLICE_16\[1\].RAM16.TIE0\[3\].__cell__/HI
 decode_stage.rf.tgrp_rf2/BLOCK\[2\].RAM32.A1BUF\[0\].__cell__/X
 decode_stage.rf.tgrp_rf2/BLOCK\[2\].RAM32.A1BUF\[1\].__cell__/X
 decode_stage.rf.tgrp_rf2/BLOCK\[2\].RAM32.A1BUF\[2\].__cell__/X
 decode_stage.rf.tgrp_rf2/BLOCK\[2\].RAM32.A1BUF\[3\].__cell__/X
 decode_stage.rf.tgrp_rf2/BLOCK\[2\].RAM32.DEC1.AND0/X
 decode_stage.rf.tgrp_rf2/BLOCK\[2\].RAM32.DEC1.AND1/X
 decode_stage.rf.tgrp_rf2/BLOCK\[2\].RAM32.SLICE_16\[0\].RAM16.TIE0\[0\].__cell__/HI
 decode_stage.rf.tgrp_rf2/BLOCK\[2\].RAM32.SLICE_16\[0\].RAM16.TIE0\[1\].__cell__/HI
 decode_stage.rf.tgrp_rf2/BLOCK\[2\].RAM32.SLICE_16\[0\].RAM16.TIE0\[2\].__cell__/HI
 decode_stage.rf.tgrp_rf2/BLOCK\[2\].RAM32.SLICE_16\[0\].RAM16.TIE0\[3\].__cell__/HI
 decode_stage.rf.tgrp_rf2/BLOCK\[2\].RAM32.SLICE_16\[1\].RAM16.TIE0\[0\].__cell__/HI
 decode_stage.rf.tgrp_rf2/BLOCK\[2\].RAM32.SLICE_16\[1\].RAM16.TIE0\[1\].__cell__/HI
 decode_stage.rf.tgrp_rf2/BLOCK\[2\].RAM32.SLICE_16\[1\].RAM16.TIE0\[2\].__cell__/HI
 decode_stage.rf.tgrp_rf2/BLOCK\[2\].RAM32.SLICE_16\[1\].RAM16.TIE0\[3\].__cell__/HI
 decode_stage.rf.tgrp_rf2/BLOCK\[3\].RAM32.A1BUF\[0\].__cell__/X
 decode_stage.rf.tgrp_rf2/BLOCK\[3\].RAM32.A1BUF\[1\].__cell__/X
 decode_stage.rf.tgrp_rf2/BLOCK\[3\].RAM32.A1BUF\[2\].__cell__/X
 decode_stage.rf.tgrp_rf2/BLOCK\[3\].RAM32.A1BUF\[3\].__cell__/X
 decode_stage.rf.tgrp_rf2/BLOCK\[3\].RAM32.DEC1.AND0/X
 decode_stage.rf.tgrp_rf2/BLOCK\[3\].RAM32.DEC1.AND1/X
 decode_stage.rf.tgrp_rf2/BLOCK\[3\].RAM32.SLICE_16\[0\].RAM16.TIE0\[0\].__cell__/HI
 decode_stage.rf.tgrp_rf2/BLOCK\[3\].RAM32.SLICE_16\[0\].RAM16.TIE0\[1\].__cell__/HI
 decode_stage.rf.tgrp_rf2/BLOCK\[3\].RAM32.SLICE_16\[0\].RAM16.TIE0\[2\].__cell__/HI
 decode_stage.rf.tgrp_rf2/BLOCK\[3\].RAM32.SLICE_16\[0\].RAM16.TIE0\[3\].__cell__/HI
 decode_stage.rf.tgrp_rf2/BLOCK\[3\].RAM32.SLICE_16\[1\].RAM16.TIE0\[0\].__cell__/HI
 decode_stage.rf.tgrp_rf2/BLOCK\[3\].RAM32.SLICE_16\[1\].RAM16.TIE0\[1\].__cell__/HI
 decode_stage.rf.tgrp_rf2/BLOCK\[3\].RAM32.SLICE_16\[1\].RAM16.TIE0\[2\].__cell__/HI
 decode_stage.rf.tgrp_rf2/BLOCK\[3\].RAM32.SLICE_16\[1\].RAM16.TIE0\[3\].__cell__/HI
 decode_stage.rf.tgrp_rf2/TIE_ZERO_zero_/HI
 decode_stage.rf.tgrp_rf2_260/LO
Found 0 partially unannotated drivers.

===========================================================================
max slew violation count 38
max fanout violation count 0
max cap violation count 102
============================================================================

===========================================================================
check_setup -verbose -unconstrained_endpoints -multiple_clock -no_clock -no_input_delay -loops -generated_clocks
===========================================================================
Warning: There are 2 input ports missing set_input_delay.
  rst
  swap_tgrp
Warning: There are 65 unconstrained endpoints.
  pcw[0]
  pcw[10]
  pcw[11]
  pcw[12]
  pcw[13]
  pcw[14]
  pcw[15]
  pcw[16]
  pcw[17]
  pcw[18]
  pcw[19]
  pcw[1]
  pcw[20]
  pcw[21]
  pcw[22]
  pcw[23]
  pcw[24]
  pcw[25]
  pcw[26]
  pcw[27]
  pcw[28]
  pcw[29]
  pcw[2]
  pcw[30]
  pcw[31]
  pcw[3]
  pcw[4]
  pcw[5]
  pcw[6]
  pcw[7]
  pcw[8]
  pcw[9]
  result[0]
  result[10]
  result[11]
  result[12]
  result[13]
  result[14]
  result[15]
  result[16]
  result[17]
  result[18]
  result[19]
  result[1]
  result[20]
  result[21]
  result[22]
  result[23]
  result[24]
  result[25]
  result[26]
  result[27]
  result[28]
  result[29]
  result[2]
  result[30]
  result[31]
  result[3]
  result[4]
  result[5]
  result[6]
  result[7]
  result[8]
  result[9]
  _16770_/D
