[WARNING ORD-0039] .openroad ignored with -python
Unannotated report:
['report_parasitic_annotation -report_unannotated\n',
 '============================================================================\n',
 'Found 274 unannotated drivers.\n',
 ' clkload0/X\n',
 ' clkload1/Y\n',
 ' clkload10/Y\n',
 ' clkload100/Y\n',
 ' clkload101/Y\n',
 ' clkload102/Y\n',
 ' clkload103/X\n',
 ' clkload104/Y\n',
 ' clkload105/X\n',
 ' clkload106/Y\n',
 ' clkload107/X\n',
 ' clkload108/X\n',
 ' clkload109/X\n',
 ' clkload11/Y\n',
 ' clkload110/Y\n',
 ' clkload111/X\n',
 ' clkload112/X\n',
 ' clkload113/X\n',
 ' clkload114/X\n',
 ' clkload115/X\n',
 ' clkload116/X\n',
 ' clkload117/X\n',
 ' clkload118/Y\n',
 ' clkload119/Y\n',
 ' clkload12/Y\n',
 ' clkload120/Y\n',
 ' clkload121/Y\n',
 ' clkload122/X\n',
 ' clkload123/Y\n',
 ' clkload124/Y\n',
 ' clkload125/Y\n',
 ' clkload126/Y\n',
 ' clkload127/Y\n',
 ' clkload128/Y\n',
 ' clkload129/X\n',
 ' clkload13/Y\n',
 ' clkload130/Y\n',
 ' clkload131/Y\n',
 ' clkload132/Y\n',
 ' clkload133/Y\n',
 ' clkload134/Y\n',
 ' clkload135/Y\n',
 ' clkload136/Y\n',
 ' clkload137/Y\n',
 ' clkload138/Y\n',
 ' clkload139/Y\n',
 ' clkload14/Y\n',
 ' clkload140/Y\n',
 ' clkload141/Y\n',
 ' clkload142/Y\n',
 ' clkload143/Y\n',
 ' clkload144/X\n',
 ' clkload145/Y\n',
 ' clkload146/Y\n',
 ' clkload147/Y\n',
 ' clkload148/Y\n',
 ' clkload149/X\n',
 ' clkload15/Y\n',
 ' clkload150/Y\n',
 ' clkload151/Y\n',
 ' clkload152/Y\n',
 ' clkload153/Y\n',
 ' clkload154/Y\n',
 ' clkload155/Y\n',
 ' clkload156/Y\n',
 ' clkload157/Y\n',
 ' clkload16/Y\n',
 ' clkload17/Y\n',
 ' clkload18/Y\n',
 ' clkload19/X\n',
 ' clkload2/Y\n',
 ' clkload20/X\n',
 ' clkload21/Y\n',
 ' clkload22/Y\n',
 ' clkload23/Y\n',
 ' clkload24/Y\n',
 ' clkload25/Y\n',
 ' clkload26/Y\n',
 ' clkload27/Y\n',
 ' clkload28/Y\n',
 ' clkload29/Y\n',
 ' clkload3/X\n',
 ' clkload30/Y\n',
 ' clkload31/X\n',
 ' clkload32/X\n',
 ' clkload33/Y\n',
 ' clkload34/Y\n',
 ' clkload35/Y\n',
 ' clkload36/Y\n',
 ' clkload37/Y\n',
 ' clkload38/Y\n',
 ' clkload39/Y\n',
 ' clkload4/Y\n',
 ' clkload40/Y\n',
 ' clkload41/Y\n',
 ' clkload42/Y\n',
 ' clkload43/Y\n',
 ' clkload44/Y\n',
 ' clkload45/Y\n',
 ' clkload46/Y\n',
 ' clkload47/Y\n',
 ' clkload48/Y\n',
 ' clkload49/Y\n',
 ' clkload5/Y\n',
 ' clkload50/X\n',
 ' clkload51/Y\n',
 ' clkload52/Y\n',
 ' clkload53/X\n',
 ' clkload54/Y\n',
 ' clkload55/Y\n',
 ' clkload56/X\n',
 ' clkload57/Y\n',
 ' clkload58/Y\n',
 ' clkload59/Y\n',
 ' clkload6/Y\n',
 ' clkload60/Y\n',
 ' clkload61/Y\n',
 ' clkload62/Y\n',
 ' clkload63/X\n',
 ' clkload64/X\n',
 ' clkload65/Y\n',
 ' clkload66/Y\n',
 ' clkload67/Y\n',
 ' clkload68/Y\n',
 ' clkload69/Y\n',
 ' clkload7/Y\n',
 ' clkload70/Y\n',
 ' clkload71/Y\n',
 ' clkload72/Y\n',
 ' clkload73/Y\n',
 ' clkload74/Y\n',
 ' clkload75/Y\n',
 ' clkload76/Y\n',
 ' clkload77/Y\n',
 ' clkload78/Y\n',
 ' clkload79/Y\n',
 ' clkload8/X\n',
 ' clkload80/Y\n',
 ' clkload81/Y\n',
 ' clkload82/Y\n',
 ' clkload83/X\n',
 ' clkload84/X\n',
 ' clkload85/Y\n',
 ' clkload86/Y\n',
 ' clkload87/Y\n',
 ' clkload88/Y\n',
 ' clkload89/Y\n',
 ' clkload9/X\n',
 ' clkload90/Y\n',
 ' clkload91/Y\n',
 ' clkload92/Y\n',
 ' clkload93/Y\n',
 ' clkload94/Y\n',
 ' clkload95/Y\n',
 ' clkload96/Y\n',
 ' clkload97/Y\n',
 ' clkload98/Y\n',
 ' clkload99/Y\n',
 ' decode_stage.rf.tgrp_rf1/BLOCK\\[0\\].RAM32.A1BUF\\[0\\].__cell__/X\n',
 ' decode_stage.rf.tgrp_rf1/BLOCK\\[0\\].RAM32.A1BUF\\[1\\].__cell__/X\n',
 ' decode_stage.rf.tgrp_rf1/BLOCK\\[0\\].RAM32.A1BUF\\[2\\].__cell__/X\n',
 ' decode_stage.rf.tgrp_rf1/BLOCK\\[0\\].RAM32.A1BUF\\[3\\].__cell__/X\n',
 ' decode_stage.rf.tgrp_rf1/BLOCK\\[0\\].RAM32.DEC1.AND0/X\n',
 ' decode_stage.rf.tgrp_rf1/BLOCK\\[0\\].RAM32.DEC1.AND1/X\n',
 ' '
 'decode_stage.rf.tgrp_rf1/BLOCK\\[0\\].RAM32.SLICE_16\\[0\\].RAM16.TIE0\\[0\\].__cell__/HI\n',
 ' '
 'decode_stage.rf.tgrp_rf1/BLOCK\\[0\\].RAM32.SLICE_16\\[0\\].RAM16.TIE0\\[1\\].__cell__/HI\n',
 ' '
 'decode_stage.rf.tgrp_rf1/BLOCK\\[0\\].RAM32.SLICE_16\\[0\\].RAM16.TIE0\\[2\\].__cell__/HI\n',
 ' '
 'decode_stage.rf.tgrp_rf1/BLOCK\\[0\\].RAM32.SLICE_16\\[0\\].RAM16.TIE0\\[3\\].__cell__/HI\n',
 ' '
 'decode_stage.rf.tgrp_rf1/BLOCK\\[0\\].RAM32.SLICE_16\\[1\\].RAM16.TIE0\\[0\\].__cell__/HI\n',
 ' '
 'decode_stage.rf.tgrp_rf1/BLOCK\\[0\\].RAM32.SLICE_16\\[1\\].RAM16.TIE0\\[1\\].__cell__/HI\n',
 ' '
 'decode_stage.rf.tgrp_rf1/BLOCK\\[0\\].RAM32.SLICE_16\\[1\\].RAM16.TIE0\\[2\\].__cell__/HI\n',
 ' '
 'decode_stage.rf.tgrp_rf1/BLOCK\\[0\\].RAM32.SLICE_16\\[1\\].RAM16.TIE0\\[3\\].__cell__/HI\n',
 ' decode_stage.rf.tgrp_rf1/BLOCK\\[1\\].RAM32.A1BUF\\[0\\].__cell__/X\n',
 ' decode_stage.rf.tgrp_rf1/BLOCK\\[1\\].RAM32.A1BUF\\[1\\].__cell__/X\n',
 ' decode_stage.rf.tgrp_rf1/BLOCK\\[1\\].RAM32.A1BUF\\[2\\].__cell__/X\n',
 ' decode_stage.rf.tgrp_rf1/BLOCK\\[1\\].RAM32.A1BUF\\[3\\].__cell__/X\n',
 ' decode_stage.rf.tgrp_rf1/BLOCK\\[1\\].RAM32.DEC1.AND0/X\n',
 ' decode_stage.rf.tgrp_rf1/BLOCK\\[1\\].RAM32.DEC1.AND1/X\n',
 ' '
 'decode_stage.rf.tgrp_rf1/BLOCK\\[1\\].RAM32.SLICE_16\\[0\\].RAM16.TIE0\\[0\\].__cell__/HI\n',
 ' '
 'decode_stage.rf.tgrp_rf1/BLOCK\\[1\\].RAM32.SLICE_16\\[0\\].RAM16.TIE0\\[1\\].__cell__/HI\n',
 ' '
 'decode_stage.rf.tgrp_rf1/BLOCK\\[1\\].RAM32.SLICE_16\\[0\\].RAM16.TIE0\\[2\\].__cell__/HI\n',
 ' '
 'decode_stage.rf.tgrp_rf1/BLOCK\\[1\\].RAM32.SLICE_16\\[0\\].RAM16.TIE0\\[3\\].__cell__/HI\n',
 ' '
 'decode_stage.rf.tgrp_rf1/BLOCK\\[1\\].RAM32.SLICE_16\\[1\\].RAM16.TIE0\\[0\\].__cell__/HI\n',
 ' '
 'decode_stage.rf.tgrp_rf1/BLOCK\\[1\\].RAM32.SLICE_16\\[1\\].RAM16.TIE0\\[1\\].__cell__/HI\n',
 ' '
 'decode_stage.rf.tgrp_rf1/BLOCK\\[1\\].RAM32.SLICE_16\\[1\\].RAM16.TIE0\\[2\\].__cell__/HI\n',
 ' '
 'decode_stage.rf.tgrp_rf1/BLOCK\\[1\\].RAM32.SLICE_16\\[1\\].RAM16.TIE0\\[3\\].__cell__/HI\n',
 ' decode_stage.rf.tgrp_rf1/BLOCK\\[2\\].RAM32.A1BUF\\[0\\].__cell__/X\n',
 ' decode_stage.rf.tgrp_rf1/BLOCK\\[2\\].RAM32.A1BUF\\[1\\].__cell__/X\n',
 ' decode_stage.rf.tgrp_rf1/BLOCK\\[2\\].RAM32.A1BUF\\[2\\].__cell__/X\n',
 ' decode_stage.rf.tgrp_rf1/BLOCK\\[2\\].RAM32.A1BUF\\[3\\].__cell__/X\n',
 ' decode_stage.rf.tgrp_rf1/BLOCK\\[2\\].RAM32.DEC1.AND0/X\n',
 ' decode_stage.rf.tgrp_rf1/BLOCK\\[2\\].RAM32.DEC1.AND1/X\n',
 ' '
 'decode_stage.rf.tgrp_rf1/BLOCK\\[2\\].RAM32.SLICE_16\\[0\\].RAM16.TIE0\\[0\\].__cell__/HI\n',
 ' '
 'decode_stage.rf.tgrp_rf1/BLOCK\\[2\\].RAM32.SLICE_16\\[0\\].RAM16.TIE0\\[1\\].__cell__/HI\n',
 ' '
 'decode_stage.rf.tgrp_rf1/BLOCK\\[2\\].RAM32.SLICE_16\\[0\\].RAM16.TIE0\\[2\\].__cell__/HI\n',
 ' '
 'decode_stage.rf.tgrp_rf1/BLOCK\\[2\\].RAM32.SLICE_16\\[0\\].RAM16.TIE0\\[3\\].__cell__/HI\n',
 ' '
 'decode_stage.rf.tgrp_rf1/BLOCK\\[2\\].RAM32.SLICE_16\\[1\\].RAM16.TIE0\\[0\\].__cell__/HI\n',
 ' '
 'decode_stage.rf.tgrp_rf1/BLOCK\\[2\\].RAM32.SLICE_16\\[1\\].RAM16.TIE0\\[1\\].__cell__/HI\n',
 ' '
 'decode_stage.rf.tgrp_rf1/BLOCK\\[2\\].RAM32.SLICE_16\\[1\\].RAM16.TIE0\\[2\\].__cell__/HI\n',
 ' '
 'decode_stage.rf.tgrp_rf1/BLOCK\\[2\\].RAM32.SLICE_16\\[1\\].RAM16.TIE0\\[3\\].__cell__/HI\n',
 ' decode_stage.rf.tgrp_rf1/BLOCK\\[3\\].RAM32.A1BUF\\[0\\].__cell__/X\n',
 ' decode_stage.rf.tgrp_rf1/BLOCK\\[3\\].RAM32.A1BUF\\[1\\].__cell__/X\n',
 ' decode_stage.rf.tgrp_rf1/BLOCK\\[3\\].RAM32.A1BUF\\[2\\].__cell__/X\n',
 ' decode_stage.rf.tgrp_rf1/BLOCK\\[3\\].RAM32.A1BUF\\[3\\].__cell__/X\n',
 ' decode_stage.rf.tgrp_rf1/BLOCK\\[3\\].RAM32.DEC1.AND0/X\n',
 ' decode_stage.rf.tgrp_rf1/BLOCK\\[3\\].RAM32.DEC1.AND1/X\n',
 ' '
 'decode_stage.rf.tgrp_rf1/BLOCK\\[3\\].RAM32.SLICE_16\\[0\\].RAM16.TIE0\\[0\\].__cell__/HI\n',
 ' '
 'decode_stage.rf.tgrp_rf1/BLOCK\\[3\\].RAM32.SLICE_16\\[0\\].RAM16.TIE0\\[1\\].__cell__/HI\n',
 ' '
 'decode_stage.rf.tgrp_rf1/BLOCK\\[3\\].RAM32.SLICE_16\\[0\\].RAM16.TIE0\\[2\\].__cell__/HI\n',
 ' '
 'decode_stage.rf.tgrp_rf1/BLOCK\\[3\\].RAM32.SLICE_16\\[0\\].RAM16.TIE0\\[3\\].__cell__/HI\n',
 ' '
 'decode_stage.rf.tgrp_rf1/BLOCK\\[3\\].RAM32.SLICE_16\\[1\\].RAM16.TIE0\\[0\\].__cell__/HI\n',
 ' '
 'decode_stage.rf.tgrp_rf1/BLOCK\\[3\\].RAM32.SLICE_16\\[1\\].RAM16.TIE0\\[1\\].__cell__/HI\n',
 ' '
 'decode_stage.rf.tgrp_rf1/BLOCK\\[3\\].RAM32.SLICE_16\\[1\\].RAM16.TIE0\\[2\\].__cell__/HI\n',
 ' '
 'decode_stage.rf.tgrp_rf1/BLOCK\\[3\\].RAM32.SLICE_16\\[1\\].RAM16.TIE0\\[3\\].__cell__/HI\n',
 ' decode_stage.rf.tgrp_rf1/TIE_ZERO_zero_/HI\n',
 ' decode_stage.rf.tgrp_rf1_259/LO\n',
 ' decode_stage.rf.tgrp_rf2/BLOCK\\[0\\].RAM32.A1BUF\\[0\\].__cell__/X\n',
 ' decode_stage.rf.tgrp_rf2/BLOCK\\[0\\].RAM32.A1BUF\\[1\\].__cell__/X\n',
 ' decode_stage.rf.tgrp_rf2/BLOCK\\[0\\].RAM32.A1BUF\\[2\\].__cell__/X\n',
 ' decode_stage.rf.tgrp_rf2/BLOCK\\[0\\].RAM32.A1BUF\\[3\\].__cell__/X\n',
 ' decode_stage.rf.tgrp_rf2/BLOCK\\[0\\].RAM32.DEC1.AND0/X\n',
 ' decode_stage.rf.tgrp_rf2/BLOCK\\[0\\].RAM32.DEC1.AND1/X\n',
 ' '
 'decode_stage.rf.tgrp_rf2/BLOCK\\[0\\].RAM32.SLICE_16\\[0\\].RAM16.TIE0\\[0\\].__cell__/HI\n',
 ' '
 'decode_stage.rf.tgrp_rf2/BLOCK\\[0\\].RAM32.SLICE_16\\[0\\].RAM16.TIE0\\[1\\].__cell__/HI\n',
 ' '
 'decode_stage.rf.tgrp_rf2/BLOCK\\[0\\].RAM32.SLICE_16\\[0\\].RAM16.TIE0\\[2\\].__cell__/HI\n',
 ' '
 'decode_stage.rf.tgrp_rf2/BLOCK\\[0\\].RAM32.SLICE_16\\[0\\].RAM16.TIE0\\[3\\].__cell__/HI\n',
 ' '
 'decode_stage.rf.tgrp_rf2/BLOCK\\[0\\].RAM32.SLICE_16\\[1\\].RAM16.TIE0\\[0\\].__cell__/HI\n',
 ' '
 'decode_stage.rf.tgrp_rf2/BLOCK\\[0\\].RAM32.SLICE_16\\[1\\].RAM16.TIE0\\[1\\].__cell__/HI\n',
 ' '
 'decode_stage.rf.tgrp_rf2/BLOCK\\[0\\].RAM32.SLICE_16\\[1\\].RAM16.TIE0\\[2\\].__cell__/HI\n',
 ' '
 'decode_stage.rf.tgrp_rf2/BLOCK\\[0\\].RAM32.SLICE_16\\[1\\].RAM16.TIE0\\[3\\].__cell__/HI\n',
 ' decode_stage.rf.tgrp_rf2/BLOCK\\[1\\].RAM32.A1BUF\\[0\\].__cell__/X\n',
 ' decode_stage.rf.tgrp_rf2/BLOCK\\[1\\].RAM32.A1BUF\\[1\\].__cell__/X\n',
 ' decode_stage.rf.tgrp_rf2/BLOCK\\[1\\].RAM32.A1BUF\\[2\\].__cell__/X\n',
 ' decode_stage.rf.tgrp_rf2/BLOCK\\[1\\].RAM32.A1BUF\\[3\\].__cell__/X\n',
 ' decode_stage.rf.tgrp_rf2/BLOCK\\[1\\].RAM32.DEC1.AND0/X\n',
 ' decode_stage.rf.tgrp_rf2/BLOCK\\[1\\].RAM32.DEC1.AND1/X\n',
 ' '
 'decode_stage.rf.tgrp_rf2/BLOCK\\[1\\].RAM32.SLICE_16\\[0\\].RAM16.TIE0\\[0\\].__cell__/HI\n',
 ' '
 'decode_stage.rf.tgrp_rf2/BLOCK\\[1\\].RAM32.SLICE_16\\[0\\].RAM16.TIE0\\[1\\].__cell__/HI\n',
 ' '
 'decode_stage.rf.tgrp_rf2/BLOCK\\[1\\].RAM32.SLICE_16\\[0\\].RAM16.TIE0\\[2\\].__cell__/HI\n',
 ' '
 'decode_stage.rf.tgrp_rf2/BLOCK\\[1\\].RAM32.SLICE_16\\[0\\].RAM16.TIE0\\[3\\].__cell__/HI\n',
 ' '
 'decode_stage.rf.tgrp_rf2/BLOCK\\[1\\].RAM32.SLICE_16\\[1\\].RAM16.TIE0\\[0\\].__cell__/HI\n',
 ' '
 'decode_stage.rf.tgrp_rf2/BLOCK\\[1\\].RAM32.SLICE_16\\[1\\].RAM16.TIE0\\[1\\].__cell__/HI\n',
 ' '
 'decode_stage.rf.tgrp_rf2/BLOCK\\[1\\].RAM32.SLICE_16\\[1\\].RAM16.TIE0\\[2\\].__cell__/HI\n',
 ' '
 'decode_stage.rf.tgrp_rf2/BLOCK\\[1\\].RAM32.SLICE_16\\[1\\].RAM16.TIE0\\[3\\].__cell__/HI\n',
 ' decode_stage.rf.tgrp_rf2/BLOCK\\[2\\].RAM32.A1BUF\\[0\\].__cell__/X\n',
 ' decode_stage.rf.tgrp_rf2/BLOCK\\[2\\].RAM32.A1BUF\\[1\\].__cell__/X\n',
 ' decode_stage.rf.tgrp_rf2/BLOCK\\[2\\].RAM32.A1BUF\\[2\\].__cell__/X\n',
 ' decode_stage.rf.tgrp_rf2/BLOCK\\[2\\].RAM32.A1BUF\\[3\\].__cell__/X\n',
 ' decode_stage.rf.tgrp_rf2/BLOCK\\[2\\].RAM32.DEC1.AND0/X\n',
 ' decode_stage.rf.tgrp_rf2/BLOCK\\[2\\].RAM32.DEC1.AND1/X\n',
 ' '
 'decode_stage.rf.tgrp_rf2/BLOCK\\[2\\].RAM32.SLICE_16\\[0\\].RAM16.TIE0\\[0\\].__cell__/HI\n',
 ' '
 'decode_stage.rf.tgrp_rf2/BLOCK\\[2\\].RAM32.SLICE_16\\[0\\].RAM16.TIE0\\[1\\].__cell__/HI\n',
 ' '
 'decode_stage.rf.tgrp_rf2/BLOCK\\[2\\].RAM32.SLICE_16\\[0\\].RAM16.TIE0\\[2\\].__cell__/HI\n',
 ' '
 'decode_stage.rf.tgrp_rf2/BLOCK\\[2\\].RAM32.SLICE_16\\[0\\].RAM16.TIE0\\[3\\].__cell__/HI\n',
 ' '
 'decode_stage.rf.tgrp_rf2/BLOCK\\[2\\].RAM32.SLICE_16\\[1\\].RAM16.TIE0\\[0\\].__cell__/HI\n',
 ' '
 'decode_stage.rf.tgrp_rf2/BLOCK\\[2\\].RAM32.SLICE_16\\[1\\].RAM16.TIE0\\[1\\].__cell__/HI\n',
 ' '
 'decode_stage.rf.tgrp_rf2/BLOCK\\[2\\].RAM32.SLICE_16\\[1\\].RAM16.TIE0\\[2\\].__cell__/HI\n',
 ' '
 'decode_stage.rf.tgrp_rf2/BLOCK\\[2\\].RAM32.SLICE_16\\[1\\].RAM16.TIE0\\[3\\].__cell__/HI\n',
 ' decode_stage.rf.tgrp_rf2/BLOCK\\[3\\].RAM32.A1BUF\\[0\\].__cell__/X\n',
 ' decode_stage.rf.tgrp_rf2/BLOCK\\[3\\].RAM32.A1BUF\\[1\\].__cell__/X\n',
 ' decode_stage.rf.tgrp_rf2/BLOCK\\[3\\].RAM32.A1BUF\\[2\\].__cell__/X\n',
 ' decode_stage.rf.tgrp_rf2/BLOCK\\[3\\].RAM32.A1BUF\\[3\\].__cell__/X\n',
 ' decode_stage.rf.tgrp_rf2/BLOCK\\[3\\].RAM32.DEC1.AND0/X\n',
 ' decode_stage.rf.tgrp_rf2/BLOCK\\[3\\].RAM32.DEC1.AND1/X\n',
 ' '
 'decode_stage.rf.tgrp_rf2/BLOCK\\[3\\].RAM32.SLICE_16\\[0\\].RAM16.TIE0\\[0\\].__cell__/HI\n',
 ' '
 'decode_stage.rf.tgrp_rf2/BLOCK\\[3\\].RAM32.SLICE_16\\[0\\].RAM16.TIE0\\[1\\].__cell__/HI\n',
 ' '
 'decode_stage.rf.tgrp_rf2/BLOCK\\[3\\].RAM32.SLICE_16\\[0\\].RAM16.TIE0\\[2\\].__cell__/HI\n',
 ' '
 'decode_stage.rf.tgrp_rf2/BLOCK\\[3\\].RAM32.SLICE_16\\[0\\].RAM16.TIE0\\[3\\].__cell__/HI\n',
 ' '
 'decode_stage.rf.tgrp_rf2/BLOCK\\[3\\].RAM32.SLICE_16\\[1\\].RAM16.TIE0\\[0\\].__cell__/HI\n',
 ' '
 'decode_stage.rf.tgrp_rf2/BLOCK\\[3\\].RAM32.SLICE_16\\[1\\].RAM16.TIE0\\[1\\].__cell__/HI\n',
 ' '
 'decode_stage.rf.tgrp_rf2/BLOCK\\[3\\].RAM32.SLICE_16\\[1\\].RAM16.TIE0\\[2\\].__cell__/HI\n',
 ' '
 'decode_stage.rf.tgrp_rf2/BLOCK\\[3\\].RAM32.SLICE_16\\[1\\].RAM16.TIE0\\[3\\].__cell__/HI\n',
 ' decode_stage.rf.tgrp_rf2/TIE_ZERO_zero_/HI\n',
 ' decode_stage.rf.tgrp_rf2_260/LO\n',
 'Found 0 partially unannotated drivers.\n',
 '\n']
Reported nets:
['clkload0/X',
 'clkload1/Y',
 'clkload10/Y',
 'clkload100/Y',
 'clkload101/Y',
 'clkload102/Y',
 'clkload103/X',
 'clkload104/Y',
 'clkload105/X',
 'clkload106/Y',
 'clkload107/X',
 'clkload108/X',
 'clkload109/X',
 'clkload11/Y',
 'clkload110/Y',
 'clkload111/X',
 'clkload112/X',
 'clkload113/X',
 'clkload114/X',
 'clkload115/X',
 'clkload116/X',
 'clkload117/X',
 'clkload118/Y',
 'clkload119/Y',
 'clkload12/Y',
 'clkload120/Y',
 'clkload121/Y',
 'clkload122/X',
 'clkload123/Y',
 'clkload124/Y',
 'clkload125/Y',
 'clkload126/Y',
 'clkload127/Y',
 'clkload128/Y',
 'clkload129/X',
 'clkload13/Y',
 'clkload130/Y',
 'clkload131/Y',
 'clkload132/Y',
 'clkload133/Y',
 'clkload134/Y',
 'clkload135/Y',
 'clkload136/Y',
 'clkload137/Y',
 'clkload138/Y',
 'clkload139/Y',
 'clkload14/Y',
 'clkload140/Y',
 'clkload141/Y',
 'clkload142/Y',
 'clkload143/Y',
 'clkload144/X',
 'clkload145/Y',
 'clkload146/Y',
 'clkload147/Y',
 'clkload148/Y',
 'clkload149/X',
 'clkload15/Y',
 'clkload150/Y',
 'clkload151/Y',
 'clkload152/Y',
 'clkload153/Y',
 'clkload154/Y',
 'clkload155/Y',
 'clkload156/Y',
 'clkload157/Y',
 'clkload16/Y',
 'clkload17/Y',
 'clkload18/Y',
 'clkload19/X',
 'clkload2/Y',
 'clkload20/X',
 'clkload21/Y',
 'clkload22/Y',
 'clkload23/Y',
 'clkload24/Y',
 'clkload25/Y',
 'clkload26/Y',
 'clkload27/Y',
 'clkload28/Y',
 'clkload29/Y',
 'clkload3/X',
 'clkload30/Y',
 'clkload31/X',
 'clkload32/X',
 'clkload33/Y',
 'clkload34/Y',
 'clkload35/Y',
 'clkload36/Y',
 'clkload37/Y',
 'clkload38/Y',
 'clkload39/Y',
 'clkload4/Y',
 'clkload40/Y',
 'clkload41/Y',
 'clkload42/Y',
 'clkload43/Y',
 'clkload44/Y',
 'clkload45/Y',
 'clkload46/Y',
 'clkload47/Y',
 'clkload48/Y',
 'clkload49/Y',
 'clkload5/Y',
 'clkload50/X',
 'clkload51/Y',
 'clkload52/Y',
 'clkload53/X',
 'clkload54/Y',
 'clkload55/Y',
 'clkload56/X',
 'clkload57/Y',
 'clkload58/Y',
 'clkload59/Y',
 'clkload6/Y',
 'clkload60/Y',
 'clkload61/Y',
 'clkload62/Y',
 'clkload63/X',
 'clkload64/X',
 'clkload65/Y',
 'clkload66/Y',
 'clkload67/Y',
 'clkload68/Y',
 'clkload69/Y',
 'clkload7/Y',
 'clkload70/Y',
 'clkload71/Y',
 'clkload72/Y',
 'clkload73/Y',
 'clkload74/Y',
 'clkload75/Y',
 'clkload76/Y',
 'clkload77/Y',
 'clkload78/Y',
 'clkload79/Y',
 'clkload8/X',
 'clkload80/Y',
 'clkload81/Y',
 'clkload82/Y',
 'clkload83/X',
 'clkload84/X',
 'clkload85/Y',
 'clkload86/Y',
 'clkload87/Y',
 'clkload88/Y',
 'clkload89/Y',
 'clkload9/X',
 'clkload90/Y',
 'clkload91/Y',
 'clkload92/Y',
 'clkload93/Y',
 'clkload94/Y',
 'clkload95/Y',
 'clkload96/Y',
 'clkload97/Y',
 'clkload98/Y',
 'clkload99/Y',
 'decode_stage.rf.tgrp_rf1/BLOCK\\[0\\].RAM32.A1BUF\\[0\\].__cell__/X',
 'decode_stage.rf.tgrp_rf1/BLOCK\\[0\\].RAM32.A1BUF\\[1\\].__cell__/X',
 'decode_stage.rf.tgrp_rf1/BLOCK\\[0\\].RAM32.A1BUF\\[2\\].__cell__/X',
 'decode_stage.rf.tgrp_rf1/BLOCK\\[0\\].RAM32.A1BUF\\[3\\].__cell__/X',
 'decode_stage.rf.tgrp_rf1/BLOCK\\[0\\].RAM32.DEC1.AND0/X',
 'decode_stage.rf.tgrp_rf1/BLOCK\\[0\\].RAM32.DEC1.AND1/X',
 'decode_stage.rf.tgrp_rf1/BLOCK\\[0\\].RAM32.SLICE_16\\[0\\].RAM16.TIE0\\[0\\].__cell__/HI',
 'decode_stage.rf.tgrp_rf1/BLOCK\\[0\\].RAM32.SLICE_16\\[0\\].RAM16.TIE0\\[1\\].__cell__/HI',
 'decode_stage.rf.tgrp_rf1/BLOCK\\[0\\].RAM32.SLICE_16\\[0\\].RAM16.TIE0\\[2\\].__cell__/HI',
 'decode_stage.rf.tgrp_rf1/BLOCK\\[0\\].RAM32.SLICE_16\\[0\\].RAM16.TIE0\\[3\\].__cell__/HI',
 'decode_stage.rf.tgrp_rf1/BLOCK\\[0\\].RAM32.SLICE_16\\[1\\].RAM16.TIE0\\[0\\].__cell__/HI',
 'decode_stage.rf.tgrp_rf1/BLOCK\\[0\\].RAM32.SLICE_16\\[1\\].RAM16.TIE0\\[1\\].__cell__/HI',
 'decode_stage.rf.tgrp_rf1/BLOCK\\[0\\].RAM32.SLICE_16\\[1\\].RAM16.TIE0\\[2\\].__cell__/HI',
 'decode_stage.rf.tgrp_rf1/BLOCK\\[0\\].RAM32.SLICE_16\\[1\\].RAM16.TIE0\\[3\\].__cell__/HI',
 'decode_stage.rf.tgrp_rf1/BLOCK\\[1\\].RAM32.A1BUF\\[0\\].__cell__/X',
 'decode_stage.rf.tgrp_rf1/BLOCK\\[1\\].RAM32.A1BUF\\[1\\].__cell__/X',
 'decode_stage.rf.tgrp_rf1/BLOCK\\[1\\].RAM32.A1BUF\\[2\\].__cell__/X',
 'decode_stage.rf.tgrp_rf1/BLOCK\\[1\\].RAM32.A1BUF\\[3\\].__cell__/X',
 'decode_stage.rf.tgrp_rf1/BLOCK\\[1\\].RAM32.DEC1.AND0/X',
 'decode_stage.rf.tgrp_rf1/BLOCK\\[1\\].RAM32.DEC1.AND1/X',
 'decode_stage.rf.tgrp_rf1/BLOCK\\[1\\].RAM32.SLICE_16\\[0\\].RAM16.TIE0\\[0\\].__cell__/HI',
 'decode_stage.rf.tgrp_rf1/BLOCK\\[1\\].RAM32.SLICE_16\\[0\\].RAM16.TIE0\\[1\\].__cell__/HI',
 'decode_stage.rf.tgrp_rf1/BLOCK\\[1\\].RAM32.SLICE_16\\[0\\].RAM16.TIE0\\[2\\].__cell__/HI',
 'decode_stage.rf.tgrp_rf1/BLOCK\\[1\\].RAM32.SLICE_16\\[0\\].RAM16.TIE0\\[3\\].__cell__/HI',
 'decode_stage.rf.tgrp_rf1/BLOCK\\[1\\].RAM32.SLICE_16\\[1\\].RAM16.TIE0\\[0\\].__cell__/HI',
 'decode_stage.rf.tgrp_rf1/BLOCK\\[1\\].RAM32.SLICE_16\\[1\\].RAM16.TIE0\\[1\\].__cell__/HI',
 'decode_stage.rf.tgrp_rf1/BLOCK\\[1\\].RAM32.SLICE_16\\[1\\].RAM16.TIE0\\[2\\].__cell__/HI',
 'decode_stage.rf.tgrp_rf1/BLOCK\\[1\\].RAM32.SLICE_16\\[1\\].RAM16.TIE0\\[3\\].__cell__/HI',
 'decode_stage.rf.tgrp_rf1/BLOCK\\[2\\].RAM32.A1BUF\\[0\\].__cell__/X',
 'decode_stage.rf.tgrp_rf1/BLOCK\\[2\\].RAM32.A1BUF\\[1\\].__cell__/X',
 'decode_stage.rf.tgrp_rf1/BLOCK\\[2\\].RAM32.A1BUF\\[2\\].__cell__/X',
 'decode_stage.rf.tgrp_rf1/BLOCK\\[2\\].RAM32.A1BUF\\[3\\].__cell__/X',
 'decode_stage.rf.tgrp_rf1/BLOCK\\[2\\].RAM32.DEC1.AND0/X',
 'decode_stage.rf.tgrp_rf1/BLOCK\\[2\\].RAM32.DEC1.AND1/X',
 'decode_stage.rf.tgrp_rf1/BLOCK\\[2\\].RAM32.SLICE_16\\[0\\].RAM16.TIE0\\[0\\].__cell__/HI',
 'decode_stage.rf.tgrp_rf1/BLOCK\\[2\\].RAM32.SLICE_16\\[0\\].RAM16.TIE0\\[1\\].__cell__/HI',
 'decode_stage.rf.tgrp_rf1/BLOCK\\[2\\].RAM32.SLICE_16\\[0\\].RAM16.TIE0\\[2\\].__cell__/HI',
 'decode_stage.rf.tgrp_rf1/BLOCK\\[2\\].RAM32.SLICE_16\\[0\\].RAM16.TIE0\\[3\\].__cell__/HI',
 'decode_stage.rf.tgrp_rf1/BLOCK\\[2\\].RAM32.SLICE_16\\[1\\].RAM16.TIE0\\[0\\].__cell__/HI',
 'decode_stage.rf.tgrp_rf1/BLOCK\\[2\\].RAM32.SLICE_16\\[1\\].RAM16.TIE0\\[1\\].__cell__/HI',
 'decode_stage.rf.tgrp_rf1/BLOCK\\[2\\].RAM32.SLICE_16\\[1\\].RAM16.TIE0\\[2\\].__cell__/HI',
 'decode_stage.rf.tgrp_rf1/BLOCK\\[2\\].RAM32.SLICE_16\\[1\\].RAM16.TIE0\\[3\\].__cell__/HI',
 'decode_stage.rf.tgrp_rf1/BLOCK\\[3\\].RAM32.A1BUF\\[0\\].__cell__/X',
 'decode_stage.rf.tgrp_rf1/BLOCK\\[3\\].RAM32.A1BUF\\[1\\].__cell__/X',
 'decode_stage.rf.tgrp_rf1/BLOCK\\[3\\].RAM32.A1BUF\\[2\\].__cell__/X',
 'decode_stage.rf.tgrp_rf1/BLOCK\\[3\\].RAM32.A1BUF\\[3\\].__cell__/X',
 'decode_stage.rf.tgrp_rf1/BLOCK\\[3\\].RAM32.DEC1.AND0/X',
 'decode_stage.rf.tgrp_rf1/BLOCK\\[3\\].RAM32.DEC1.AND1/X',
 'decode_stage.rf.tgrp_rf1/BLOCK\\[3\\].RAM32.SLICE_16\\[0\\].RAM16.TIE0\\[0\\].__cell__/HI',
 'decode_stage.rf.tgrp_rf1/BLOCK\\[3\\].RAM32.SLICE_16\\[0\\].RAM16.TIE0\\[1\\].__cell__/HI',
 'decode_stage.rf.tgrp_rf1/BLOCK\\[3\\].RAM32.SLICE_16\\[0\\].RAM16.TIE0\\[2\\].__cell__/HI',
 'decode_stage.rf.tgrp_rf1/BLOCK\\[3\\].RAM32.SLICE_16\\[0\\].RAM16.TIE0\\[3\\].__cell__/HI',
 'decode_stage.rf.tgrp_rf1/BLOCK\\[3\\].RAM32.SLICE_16\\[1\\].RAM16.TIE0\\[0\\].__cell__/HI',
 'decode_stage.rf.tgrp_rf1/BLOCK\\[3\\].RAM32.SLICE_16\\[1\\].RAM16.TIE0\\[1\\].__cell__/HI',
 'decode_stage.rf.tgrp_rf1/BLOCK\\[3\\].RAM32.SLICE_16\\[1\\].RAM16.TIE0\\[2\\].__cell__/HI',
 'decode_stage.rf.tgrp_rf1/BLOCK\\[3\\].RAM32.SLICE_16\\[1\\].RAM16.TIE0\\[3\\].__cell__/HI',
 'decode_stage.rf.tgrp_rf1/TIE_ZERO_zero_/HI',
 'decode_stage.rf.tgrp_rf1_259/LO',
 'decode_stage.rf.tgrp_rf2/BLOCK\\[0\\].RAM32.A1BUF\\[0\\].__cell__/X',
 'decode_stage.rf.tgrp_rf2/BLOCK\\[0\\].RAM32.A1BUF\\[1\\].__cell__/X',
 'decode_stage.rf.tgrp_rf2/BLOCK\\[0\\].RAM32.A1BUF\\[2\\].__cell__/X',
 'decode_stage.rf.tgrp_rf2/BLOCK\\[0\\].RAM32.A1BUF\\[3\\].__cell__/X',
 'decode_stage.rf.tgrp_rf2/BLOCK\\[0\\].RAM32.DEC1.AND0/X',
 'decode_stage.rf.tgrp_rf2/BLOCK\\[0\\].RAM32.DEC1.AND1/X',
 'decode_stage.rf.tgrp_rf2/BLOCK\\[0\\].RAM32.SLICE_16\\[0\\].RAM16.TIE0\\[0\\].__cell__/HI',
 'decode_stage.rf.tgrp_rf2/BLOCK\\[0\\].RAM32.SLICE_16\\[0\\].RAM16.TIE0\\[1\\].__cell__/HI',
 'decode_stage.rf.tgrp_rf2/BLOCK\\[0\\].RAM32.SLICE_16\\[0\\].RAM16.TIE0\\[2\\].__cell__/HI',
 'decode_stage.rf.tgrp_rf2/BLOCK\\[0\\].RAM32.SLICE_16\\[0\\].RAM16.TIE0\\[3\\].__cell__/HI',
 'decode_stage.rf.tgrp_rf2/BLOCK\\[0\\].RAM32.SLICE_16\\[1\\].RAM16.TIE0\\[0\\].__cell__/HI',
 'decode_stage.rf.tgrp_rf2/BLOCK\\[0\\].RAM32.SLICE_16\\[1\\].RAM16.TIE0\\[1\\].__cell__/HI',
 'decode_stage.rf.tgrp_rf2/BLOCK\\[0\\].RAM32.SLICE_16\\[1\\].RAM16.TIE0\\[2\\].__cell__/HI',
 'decode_stage.rf.tgrp_rf2/BLOCK\\[0\\].RAM32.SLICE_16\\[1\\].RAM16.TIE0\\[3\\].__cell__/HI',
 'decode_stage.rf.tgrp_rf2/BLOCK\\[1\\].RAM32.A1BUF\\[0\\].__cell__/X',
 'decode_stage.rf.tgrp_rf2/BLOCK\\[1\\].RAM32.A1BUF\\[1\\].__cell__/X',
 'decode_stage.rf.tgrp_rf2/BLOCK\\[1\\].RAM32.A1BUF\\[2\\].__cell__/X',
 'decode_stage.rf.tgrp_rf2/BLOCK\\[1\\].RAM32.A1BUF\\[3\\].__cell__/X',
 'decode_stage.rf.tgrp_rf2/BLOCK\\[1\\].RAM32.DEC1.AND0/X',
 'decode_stage.rf.tgrp_rf2/BLOCK\\[1\\].RAM32.DEC1.AND1/X',
 'decode_stage.rf.tgrp_rf2/BLOCK\\[1\\].RAM32.SLICE_16\\[0\\].RAM16.TIE0\\[0\\].__cell__/HI',
 'decode_stage.rf.tgrp_rf2/BLOCK\\[1\\].RAM32.SLICE_16\\[0\\].RAM16.TIE0\\[1\\].__cell__/HI',
 'decode_stage.rf.tgrp_rf2/BLOCK\\[1\\].RAM32.SLICE_16\\[0\\].RAM16.TIE0\\[2\\].__cell__/HI',
 'decode_stage.rf.tgrp_rf2/BLOCK\\[1\\].RAM32.SLICE_16\\[0\\].RAM16.TIE0\\[3\\].__cell__/HI',
 'decode_stage.rf.tgrp_rf2/BLOCK\\[1\\].RAM32.SLICE_16\\[1\\].RAM16.TIE0\\[0\\].__cell__/HI',
 'decode_stage.rf.tgrp_rf2/BLOCK\\[1\\].RAM32.SLICE_16\\[1\\].RAM16.TIE0\\[1\\].__cell__/HI',
 'decode_stage.rf.tgrp_rf2/BLOCK\\[1\\].RAM32.SLICE_16\\[1\\].RAM16.TIE0\\[2\\].__cell__/HI',
 'decode_stage.rf.tgrp_rf2/BLOCK\\[1\\].RAM32.SLICE_16\\[1\\].RAM16.TIE0\\[3\\].__cell__/HI',
 'decode_stage.rf.tgrp_rf2/BLOCK\\[2\\].RAM32.A1BUF\\[0\\].__cell__/X',
 'decode_stage.rf.tgrp_rf2/BLOCK\\[2\\].RAM32.A1BUF\\[1\\].__cell__/X',
 'decode_stage.rf.tgrp_rf2/BLOCK\\[2\\].RAM32.A1BUF\\[2\\].__cell__/X',
 'decode_stage.rf.tgrp_rf2/BLOCK\\[2\\].RAM32.A1BUF\\[3\\].__cell__/X',
 'decode_stage.rf.tgrp_rf2/BLOCK\\[2\\].RAM32.DEC1.AND0/X',
 'decode_stage.rf.tgrp_rf2/BLOCK\\[2\\].RAM32.DEC1.AND1/X',
 'decode_stage.rf.tgrp_rf2/BLOCK\\[2\\].RAM32.SLICE_16\\[0\\].RAM16.TIE0\\[0\\].__cell__/HI',
 'decode_stage.rf.tgrp_rf2/BLOCK\\[2\\].RAM32.SLICE_16\\[0\\].RAM16.TIE0\\[1\\].__cell__/HI',
 'decode_stage.rf.tgrp_rf2/BLOCK\\[2\\].RAM32.SLICE_16\\[0\\].RAM16.TIE0\\[2\\].__cell__/HI',
 'decode_stage.rf.tgrp_rf2/BLOCK\\[2\\].RAM32.SLICE_16\\[0\\].RAM16.TIE0\\[3\\].__cell__/HI',
 'decode_stage.rf.tgrp_rf2/BLOCK\\[2\\].RAM32.SLICE_16\\[1\\].RAM16.TIE0\\[0\\].__cell__/HI',
 'decode_stage.rf.tgrp_rf2/BLOCK\\[2\\].RAM32.SLICE_16\\[1\\].RAM16.TIE0\\[1\\].__cell__/HI',
 'decode_stage.rf.tgrp_rf2/BLOCK\\[2\\].RAM32.SLICE_16\\[1\\].RAM16.TIE0\\[2\\].__cell__/HI',
 'decode_stage.rf.tgrp_rf2/BLOCK\\[2\\].RAM32.SLICE_16\\[1\\].RAM16.TIE0\\[3\\].__cell__/HI',
 'decode_stage.rf.tgrp_rf2/BLOCK\\[3\\].RAM32.A1BUF\\[0\\].__cell__/X',
 'decode_stage.rf.tgrp_rf2/BLOCK\\[3\\].RAM32.A1BUF\\[1\\].__cell__/X',
 'decode_stage.rf.tgrp_rf2/BLOCK\\[3\\].RAM32.A1BUF\\[2\\].__cell__/X',
 'decode_stage.rf.tgrp_rf2/BLOCK\\[3\\].RAM32.A1BUF\\[3\\].__cell__/X',
 'decode_stage.rf.tgrp_rf2/BLOCK\\[3\\].RAM32.DEC1.AND0/X',
 'decode_stage.rf.tgrp_rf2/BLOCK\\[3\\].RAM32.DEC1.AND1/X',
 'decode_stage.rf.tgrp_rf2/BLOCK\\[3\\].RAM32.SLICE_16\\[0\\].RAM16.TIE0\\[0\\].__cell__/HI',
 'decode_stage.rf.tgrp_rf2/BLOCK\\[3\\].RAM32.SLICE_16\\[0\\].RAM16.TIE0\\[1\\].__cell__/HI',
 'decode_stage.rf.tgrp_rf2/BLOCK\\[3\\].RAM32.SLICE_16\\[0\\].RAM16.TIE0\\[2\\].__cell__/HI',
 'decode_stage.rf.tgrp_rf2/BLOCK\\[3\\].RAM32.SLICE_16\\[0\\].RAM16.TIE0\\[3\\].__cell__/HI',
 'decode_stage.rf.tgrp_rf2/BLOCK\\[3\\].RAM32.SLICE_16\\[1\\].RAM16.TIE0\\[0\\].__cell__/HI',
 'decode_stage.rf.tgrp_rf2/BLOCK\\[3\\].RAM32.SLICE_16\\[1\\].RAM16.TIE0\\[1\\].__cell__/HI',
 'decode_stage.rf.tgrp_rf2/BLOCK\\[3\\].RAM32.SLICE_16\\[1\\].RAM16.TIE0\\[2\\].__cell__/HI',
 'decode_stage.rf.tgrp_rf2/BLOCK\\[3\\].RAM32.SLICE_16\\[1\\].RAM16.TIE0\\[3\\].__cell__/HI',
 'decode_stage.rf.tgrp_rf2/TIE_ZERO_zero_/HI',
 'decode_stage.rf.tgrp_rf2_260/LO']
Filtered nets:
[]
done
