┏━━━━━━━━━━━━━━━━━━━━━━┳━━━━━━━━━━┳━━━━━━━━━━┳━━━━━━━━━━┳━━━━━━━━━━┳━━━━━━━━━━━┳━━━━━━━━━━┳━━━━━━━━━━━┳━━━━━━━━━━┳━━━━━━━━━━━┳━━━━━━━━━━┳━━━━━━━━━━━┳━━━━━━━━━━┓
┃                      ┃ Hold     ┃ Reg to   ┃          ┃          ┃ of which  ┃ Setup    ┃           ┃          ┃           ┃ of which ┃           ┃          ┃
┃                      ┃ Worst    ┃ Reg      ┃          ┃ Hold Vio ┃ reg to    ┃ Worst    ┃ Reg to    ┃ Setup    ┃ Setup Vio ┃ reg to   ┃ Max Cap   ┃ Max Slew ┃
┃ Corner/Group         ┃ Slack    ┃ Paths    ┃ Hold TNS ┃ Count    ┃ reg       ┃ Slack    ┃ Reg Paths ┃ TNS      ┃ Count     ┃ reg      ┃ Violatio… ┃ Violati… ┃
┡━━━━━━━━━━━━━━━━━━━━━━╇━━━━━━━━━━╇━━━━━━━━━━╇━━━━━━━━━━╇━━━━━━━━━━╇━━━━━━━━━━━╇━━━━━━━━━━╇━━━━━━━━━━━╇━━━━━━━━━━╇━━━━━━━━━━━╇━━━━━━━━━━╇━━━━━━━━━━━╇━━━━━━━━━━┩
│ Overall              │ 0.2590   │ 0.2590   │ 0.0000   │ 0        │ 0         │ 0.1852   │ 0.1852    │ 0.0000   │ 0         │ 0        │ 48        │ 5291     │
│ nom_tt_025C_1v80     │ 0.4076   │ 0.4076   │ 0.0000   │ 0        │ 0         │ 16.0310  │ 16.0310   │ 0.0000   │ 0         │ 0        │ 25        │ 4011     │
│ nom_ss_100C_1v60     │ 0.7920   │ 0.7920   │ 0.0000   │ 0        │ 0         │ 0.1852   │ 0.1852    │ 0.0000   │ 0         │ 0        │ 48        │ 5291     │
│ nom_ff_n40C_1v95     │ 0.2590   │ 0.2590   │ 0.0000   │ 0        │ 0         │ 21.6131  │ 21.6131   │ 0.0000   │ 0         │ 0        │ 20        │ 3529     │
└──────────────────────┴──────────┴──────────┴──────────┴──────────┴───────────┴──────────┴───────────┴──────────┴───────────┴──────────┴───────────┴──────────┘
